[2025-04-04T14:26:31.793+0000] {processor.py:157} INFO - Started process (PID=14354) to work on /home/vscode/.local/lib/python3.10/site-packages/airflow/example_dags/plugins/workday.py
[2025-04-04T14:26:31.793+0000] {processor.py:826} INFO - Processing file /home/vscode/.local/lib/python3.10/site-packages/airflow/example_dags/plugins/workday.py for tasks to queue
[2025-04-04T14:26:31.794+0000] {logging_mixin.py:150} INFO - [2025-04-04T14:26:31.794+0000] {dagbag.py:541} INFO - Filling up the DagBag from /home/vscode/.local/lib/python3.10/site-packages/airflow/example_dags/plugins/workday.py
[2025-04-04T14:26:31.797+0000] {logging_mixin.py:150} INFO - [2025-04-04T14:26:31.796+0000] {workday.py:36} WARNING - Could not import pandas. Holidays will not be considered.
[2025-04-04T14:26:31.797+0000] {processor.py:838} WARNING - No viable dags retrieved from /home/vscode/.local/lib/python3.10/site-packages/airflow/example_dags/plugins/workday.py
[2025-04-04T14:26:31.806+0000] {processor.py:179} INFO - Processing /home/vscode/.local/lib/python3.10/site-packages/airflow/example_dags/plugins/workday.py took 0.015 seconds
[2025-04-04T14:27:20.840+0000] {processor.py:157} INFO - Started process (PID=14706) to work on /home/vscode/.local/lib/python3.10/site-packages/airflow/example_dags/plugins/workday.py
[2025-04-04T14:27:20.841+0000] {processor.py:826} INFO - Processing file /home/vscode/.local/lib/python3.10/site-packages/airflow/example_dags/plugins/workday.py for tasks to queue
[2025-04-04T14:27:20.842+0000] {logging_mixin.py:150} INFO - [2025-04-04T14:27:20.842+0000] {dagbag.py:541} INFO - Filling up the DagBag from /home/vscode/.local/lib/python3.10/site-packages/airflow/example_dags/plugins/workday.py
[2025-04-04T14:27:20.844+0000] {logging_mixin.py:150} INFO - [2025-04-04T14:27:20.844+0000] {workday.py:36} WARNING - Could not import pandas. Holidays will not be considered.
[2025-04-04T14:27:20.845+0000] {processor.py:838} WARNING - No viable dags retrieved from /home/vscode/.local/lib/python3.10/site-packages/airflow/example_dags/plugins/workday.py
[2025-04-04T14:27:20.853+0000] {processor.py:179} INFO - Processing /home/vscode/.local/lib/python3.10/site-packages/airflow/example_dags/plugins/workday.py took 0.015 seconds
[2025-04-04T14:27:52.667+0000] {processor.py:157} INFO - Started process (PID=14941) to work on /home/vscode/.local/lib/python3.10/site-packages/airflow/example_dags/plugins/workday.py
[2025-04-04T14:27:52.668+0000] {processor.py:826} INFO - Processing file /home/vscode/.local/lib/python3.10/site-packages/airflow/example_dags/plugins/workday.py for tasks to queue
[2025-04-04T14:27:52.668+0000] {logging_mixin.py:150} INFO - [2025-04-04T14:27:52.668+0000] {dagbag.py:541} INFO - Filling up the DagBag from /home/vscode/.local/lib/python3.10/site-packages/airflow/example_dags/plugins/workday.py
[2025-04-04T14:27:52.671+0000] {logging_mixin.py:150} INFO - [2025-04-04T14:27:52.671+0000] {workday.py:36} WARNING - Could not import pandas. Holidays will not be considered.
[2025-04-04T14:27:52.671+0000] {processor.py:838} WARNING - No viable dags retrieved from /home/vscode/.local/lib/python3.10/site-packages/airflow/example_dags/plugins/workday.py
[2025-04-04T14:27:52.679+0000] {processor.py:179} INFO - Processing /home/vscode/.local/lib/python3.10/site-packages/airflow/example_dags/plugins/workday.py took 0.014 seconds
[2025-04-04T14:28:23.075+0000] {processor.py:157} INFO - Started process (PID=15200) to work on /home/vscode/.local/lib/python3.10/site-packages/airflow/example_dags/plugins/workday.py
[2025-04-04T14:28:23.075+0000] {processor.py:826} INFO - Processing file /home/vscode/.local/lib/python3.10/site-packages/airflow/example_dags/plugins/workday.py for tasks to queue
[2025-04-04T14:28:23.076+0000] {logging_mixin.py:150} INFO - [2025-04-04T14:28:23.076+0000] {dagbag.py:541} INFO - Filling up the DagBag from /home/vscode/.local/lib/python3.10/site-packages/airflow/example_dags/plugins/workday.py
[2025-04-04T14:28:23.079+0000] {logging_mixin.py:150} INFO - [2025-04-04T14:28:23.079+0000] {workday.py:36} WARNING - Could not import pandas. Holidays will not be considered.
[2025-04-04T14:28:23.079+0000] {processor.py:838} WARNING - No viable dags retrieved from /home/vscode/.local/lib/python3.10/site-packages/airflow/example_dags/plugins/workday.py
[2025-04-04T14:28:23.087+0000] {processor.py:179} INFO - Processing /home/vscode/.local/lib/python3.10/site-packages/airflow/example_dags/plugins/workday.py took 0.015 seconds
[2025-04-04T14:29:06.273+0000] {processor.py:157} INFO - Started process (PID=15511) to work on /home/vscode/.local/lib/python3.10/site-packages/airflow/example_dags/plugins/workday.py
[2025-04-04T14:29:06.274+0000] {processor.py:826} INFO - Processing file /home/vscode/.local/lib/python3.10/site-packages/airflow/example_dags/plugins/workday.py for tasks to queue
[2025-04-04T14:29:06.275+0000] {logging_mixin.py:150} INFO - [2025-04-04T14:29:06.275+0000] {dagbag.py:541} INFO - Filling up the DagBag from /home/vscode/.local/lib/python3.10/site-packages/airflow/example_dags/plugins/workday.py
[2025-04-04T14:29:06.277+0000] {logging_mixin.py:150} INFO - [2025-04-04T14:29:06.277+0000] {workday.py:36} WARNING - Could not import pandas. Holidays will not be considered.
[2025-04-04T14:29:06.278+0000] {processor.py:838} WARNING - No viable dags retrieved from /home/vscode/.local/lib/python3.10/site-packages/airflow/example_dags/plugins/workday.py
[2025-04-04T14:29:06.286+0000] {processor.py:179} INFO - Processing /home/vscode/.local/lib/python3.10/site-packages/airflow/example_dags/plugins/workday.py took 0.015 seconds
[2025-04-04T14:29:52.471+0000] {processor.py:157} INFO - Started process (PID=15883) to work on /home/vscode/.local/lib/python3.10/site-packages/airflow/example_dags/plugins/workday.py
[2025-04-04T14:29:52.472+0000] {processor.py:826} INFO - Processing file /home/vscode/.local/lib/python3.10/site-packages/airflow/example_dags/plugins/workday.py for tasks to queue
[2025-04-04T14:29:52.473+0000] {logging_mixin.py:150} INFO - [2025-04-04T14:29:52.473+0000] {dagbag.py:541} INFO - Filling up the DagBag from /home/vscode/.local/lib/python3.10/site-packages/airflow/example_dags/plugins/workday.py
[2025-04-04T14:29:52.475+0000] {logging_mixin.py:150} INFO - [2025-04-04T14:29:52.475+0000] {workday.py:36} WARNING - Could not import pandas. Holidays will not be considered.
[2025-04-04T14:29:52.476+0000] {processor.py:838} WARNING - No viable dags retrieved from /home/vscode/.local/lib/python3.10/site-packages/airflow/example_dags/plugins/workday.py
[2025-04-04T14:29:52.483+0000] {processor.py:179} INFO - Processing /home/vscode/.local/lib/python3.10/site-packages/airflow/example_dags/plugins/workday.py took 0.015 seconds
[2025-04-04T14:30:25.882+0000] {processor.py:157} INFO - Started process (PID=16121) to work on /home/vscode/.local/lib/python3.10/site-packages/airflow/example_dags/plugins/workday.py
[2025-04-04T14:30:25.883+0000] {processor.py:826} INFO - Processing file /home/vscode/.local/lib/python3.10/site-packages/airflow/example_dags/plugins/workday.py for tasks to queue
[2025-04-04T14:30:25.884+0000] {logging_mixin.py:150} INFO - [2025-04-04T14:30:25.883+0000] {dagbag.py:541} INFO - Filling up the DagBag from /home/vscode/.local/lib/python3.10/site-packages/airflow/example_dags/plugins/workday.py
[2025-04-04T14:30:25.886+0000] {logging_mixin.py:150} INFO - [2025-04-04T14:30:25.886+0000] {workday.py:36} WARNING - Could not import pandas. Holidays will not be considered.
[2025-04-04T14:30:25.886+0000] {processor.py:838} WARNING - No viable dags retrieved from /home/vscode/.local/lib/python3.10/site-packages/airflow/example_dags/plugins/workday.py
[2025-04-04T14:30:25.894+0000] {processor.py:179} INFO - Processing /home/vscode/.local/lib/python3.10/site-packages/airflow/example_dags/plugins/workday.py took 0.015 seconds
[2025-04-04T14:46:34.481+0000] {processor.py:157} INFO - Started process (PID=22345) to work on /home/vscode/.local/lib/python3.10/site-packages/airflow/example_dags/plugins/workday.py
[2025-04-04T14:46:34.482+0000] {processor.py:826} INFO - Processing file /home/vscode/.local/lib/python3.10/site-packages/airflow/example_dags/plugins/workday.py for tasks to queue
[2025-04-04T14:46:34.482+0000] {logging_mixin.py:150} INFO - [2025-04-04T14:46:34.482+0000] {dagbag.py:541} INFO - Filling up the DagBag from /home/vscode/.local/lib/python3.10/site-packages/airflow/example_dags/plugins/workday.py
[2025-04-04T14:46:34.485+0000] {logging_mixin.py:150} INFO - [2025-04-04T14:46:34.484+0000] {workday.py:36} WARNING - Could not import pandas. Holidays will not be considered.
[2025-04-04T14:46:34.485+0000] {processor.py:838} WARNING - No viable dags retrieved from /home/vscode/.local/lib/python3.10/site-packages/airflow/example_dags/plugins/workday.py
[2025-04-04T14:46:34.492+0000] {processor.py:179} INFO - Processing /home/vscode/.local/lib/python3.10/site-packages/airflow/example_dags/plugins/workday.py took 0.013 seconds
[2025-04-04T14:47:18.995+0000] {processor.py:157} INFO - Started process (PID=22684) to work on /home/vscode/.local/lib/python3.10/site-packages/airflow/example_dags/plugins/workday.py
[2025-04-04T14:47:18.996+0000] {processor.py:826} INFO - Processing file /home/vscode/.local/lib/python3.10/site-packages/airflow/example_dags/plugins/workday.py for tasks to queue
[2025-04-04T14:47:18.997+0000] {logging_mixin.py:150} INFO - [2025-04-04T14:47:18.997+0000] {dagbag.py:541} INFO - Filling up the DagBag from /home/vscode/.local/lib/python3.10/site-packages/airflow/example_dags/plugins/workday.py
[2025-04-04T14:47:18.999+0000] {logging_mixin.py:150} INFO - [2025-04-04T14:47:18.999+0000] {workday.py:36} WARNING - Could not import pandas. Holidays will not be considered.
[2025-04-04T14:47:19.000+0000] {processor.py:838} WARNING - No viable dags retrieved from /home/vscode/.local/lib/python3.10/site-packages/airflow/example_dags/plugins/workday.py
[2025-04-04T14:47:19.007+0000] {processor.py:179} INFO - Processing /home/vscode/.local/lib/python3.10/site-packages/airflow/example_dags/plugins/workday.py took 0.014 seconds
[2025-04-04T14:47:50.238+0000] {processor.py:157} INFO - Started process (PID=23028) to work on /home/vscode/.local/lib/python3.10/site-packages/airflow/example_dags/plugins/workday.py
[2025-04-04T14:47:50.238+0000] {processor.py:826} INFO - Processing file /home/vscode/.local/lib/python3.10/site-packages/airflow/example_dags/plugins/workday.py for tasks to queue
[2025-04-04T14:47:50.239+0000] {logging_mixin.py:150} INFO - [2025-04-04T14:47:50.239+0000] {dagbag.py:541} INFO - Filling up the DagBag from /home/vscode/.local/lib/python3.10/site-packages/airflow/example_dags/plugins/workday.py
[2025-04-04T14:47:50.241+0000] {logging_mixin.py:150} INFO - [2025-04-04T14:47:50.241+0000] {workday.py:36} WARNING - Could not import pandas. Holidays will not be considered.
[2025-04-04T14:47:50.242+0000] {processor.py:838} WARNING - No viable dags retrieved from /home/vscode/.local/lib/python3.10/site-packages/airflow/example_dags/plugins/workday.py
[2025-04-04T14:47:50.249+0000] {processor.py:179} INFO - Processing /home/vscode/.local/lib/python3.10/site-packages/airflow/example_dags/plugins/workday.py took 0.014 seconds
[2025-04-04T14:48:20.420+0000] {processor.py:157} INFO - Started process (PID=23301) to work on /home/vscode/.local/lib/python3.10/site-packages/airflow/example_dags/plugins/workday.py
[2025-04-04T14:48:20.420+0000] {processor.py:826} INFO - Processing file /home/vscode/.local/lib/python3.10/site-packages/airflow/example_dags/plugins/workday.py for tasks to queue
[2025-04-04T14:48:20.421+0000] {logging_mixin.py:150} INFO - [2025-04-04T14:48:20.421+0000] {dagbag.py:541} INFO - Filling up the DagBag from /home/vscode/.local/lib/python3.10/site-packages/airflow/example_dags/plugins/workday.py
[2025-04-04T14:48:20.423+0000] {logging_mixin.py:150} INFO - [2025-04-04T14:48:20.423+0000] {workday.py:36} WARNING - Could not import pandas. Holidays will not be considered.
[2025-04-04T14:48:20.424+0000] {processor.py:838} WARNING - No viable dags retrieved from /home/vscode/.local/lib/python3.10/site-packages/airflow/example_dags/plugins/workday.py
[2025-04-04T14:48:20.431+0000] {processor.py:179} INFO - Processing /home/vscode/.local/lib/python3.10/site-packages/airflow/example_dags/plugins/workday.py took 0.014 seconds
[2025-04-04T14:49:05.829+0000] {processor.py:157} INFO - Started process (PID=23637) to work on /home/vscode/.local/lib/python3.10/site-packages/airflow/example_dags/plugins/workday.py
[2025-04-04T14:49:05.830+0000] {processor.py:826} INFO - Processing file /home/vscode/.local/lib/python3.10/site-packages/airflow/example_dags/plugins/workday.py for tasks to queue
[2025-04-04T14:49:05.831+0000] {logging_mixin.py:150} INFO - [2025-04-04T14:49:05.830+0000] {dagbag.py:541} INFO - Filling up the DagBag from /home/vscode/.local/lib/python3.10/site-packages/airflow/example_dags/plugins/workday.py
[2025-04-04T14:49:05.833+0000] {logging_mixin.py:150} INFO - [2025-04-04T14:49:05.833+0000] {workday.py:36} WARNING - Could not import pandas. Holidays will not be considered.
[2025-04-04T14:49:05.833+0000] {processor.py:838} WARNING - No viable dags retrieved from /home/vscode/.local/lib/python3.10/site-packages/airflow/example_dags/plugins/workday.py
[2025-04-04T14:49:05.842+0000] {processor.py:179} INFO - Processing /home/vscode/.local/lib/python3.10/site-packages/airflow/example_dags/plugins/workday.py took 0.015 seconds
[2025-04-04T14:49:36.787+0000] {processor.py:157} INFO - Started process (PID=23869) to work on /home/vscode/.local/lib/python3.10/site-packages/airflow/example_dags/plugins/workday.py
[2025-04-04T14:49:36.787+0000] {processor.py:826} INFO - Processing file /home/vscode/.local/lib/python3.10/site-packages/airflow/example_dags/plugins/workday.py for tasks to queue
[2025-04-04T14:49:36.788+0000] {logging_mixin.py:150} INFO - [2025-04-04T14:49:36.788+0000] {dagbag.py:541} INFO - Filling up the DagBag from /home/vscode/.local/lib/python3.10/site-packages/airflow/example_dags/plugins/workday.py
[2025-04-04T14:49:36.790+0000] {logging_mixin.py:150} INFO - [2025-04-04T14:49:36.790+0000] {workday.py:36} WARNING - Could not import pandas. Holidays will not be considered.
[2025-04-04T14:49:36.791+0000] {processor.py:838} WARNING - No viable dags retrieved from /home/vscode/.local/lib/python3.10/site-packages/airflow/example_dags/plugins/workday.py
[2025-04-04T14:49:36.798+0000] {processor.py:179} INFO - Processing /home/vscode/.local/lib/python3.10/site-packages/airflow/example_dags/plugins/workday.py took 0.014 seconds
[2025-04-04T14:50:20.572+0000] {processor.py:157} INFO - Started process (PID=24209) to work on /home/vscode/.local/lib/python3.10/site-packages/airflow/example_dags/plugins/workday.py
[2025-04-04T14:50:20.573+0000] {processor.py:826} INFO - Processing file /home/vscode/.local/lib/python3.10/site-packages/airflow/example_dags/plugins/workday.py for tasks to queue
[2025-04-04T14:50:20.574+0000] {logging_mixin.py:150} INFO - [2025-04-04T14:50:20.574+0000] {dagbag.py:541} INFO - Filling up the DagBag from /home/vscode/.local/lib/python3.10/site-packages/airflow/example_dags/plugins/workday.py
[2025-04-04T14:50:20.576+0000] {logging_mixin.py:150} INFO - [2025-04-04T14:50:20.576+0000] {workday.py:36} WARNING - Could not import pandas. Holidays will not be considered.
[2025-04-04T14:50:20.576+0000] {processor.py:838} WARNING - No viable dags retrieved from /home/vscode/.local/lib/python3.10/site-packages/airflow/example_dags/plugins/workday.py
[2025-04-04T14:50:20.586+0000] {processor.py:179} INFO - Processing /home/vscode/.local/lib/python3.10/site-packages/airflow/example_dags/plugins/workday.py took 0.016 seconds
[2025-04-04T14:50:51.109+0000] {processor.py:157} INFO - Started process (PID=24432) to work on /home/vscode/.local/lib/python3.10/site-packages/airflow/example_dags/plugins/workday.py
[2025-04-04T14:50:51.110+0000] {processor.py:826} INFO - Processing file /home/vscode/.local/lib/python3.10/site-packages/airflow/example_dags/plugins/workday.py for tasks to queue
[2025-04-04T14:50:51.110+0000] {logging_mixin.py:150} INFO - [2025-04-04T14:50:51.110+0000] {dagbag.py:541} INFO - Filling up the DagBag from /home/vscode/.local/lib/python3.10/site-packages/airflow/example_dags/plugins/workday.py
[2025-04-04T14:50:51.113+0000] {logging_mixin.py:150} INFO - [2025-04-04T14:50:51.113+0000] {workday.py:36} WARNING - Could not import pandas. Holidays will not be considered.
[2025-04-04T14:50:51.113+0000] {processor.py:838} WARNING - No viable dags retrieved from /home/vscode/.local/lib/python3.10/site-packages/airflow/example_dags/plugins/workday.py
[2025-04-04T14:50:51.121+0000] {processor.py:179} INFO - Processing /home/vscode/.local/lib/python3.10/site-packages/airflow/example_dags/plugins/workday.py took 0.014 seconds
[2025-04-04T14:51:34.482+0000] {processor.py:157} INFO - Started process (PID=24748) to work on /home/vscode/.local/lib/python3.10/site-packages/airflow/example_dags/plugins/workday.py
[2025-04-04T14:51:34.482+0000] {processor.py:826} INFO - Processing file /home/vscode/.local/lib/python3.10/site-packages/airflow/example_dags/plugins/workday.py for tasks to queue
[2025-04-04T14:51:34.483+0000] {logging_mixin.py:150} INFO - [2025-04-04T14:51:34.483+0000] {dagbag.py:541} INFO - Filling up the DagBag from /home/vscode/.local/lib/python3.10/site-packages/airflow/example_dags/plugins/workday.py
[2025-04-04T14:51:34.485+0000] {logging_mixin.py:150} INFO - [2025-04-04T14:51:34.485+0000] {workday.py:36} WARNING - Could not import pandas. Holidays will not be considered.
[2025-04-04T14:51:34.486+0000] {processor.py:838} WARNING - No viable dags retrieved from /home/vscode/.local/lib/python3.10/site-packages/airflow/example_dags/plugins/workday.py
[2025-04-04T14:51:34.493+0000] {processor.py:179} INFO - Processing /home/vscode/.local/lib/python3.10/site-packages/airflow/example_dags/plugins/workday.py took 0.014 seconds
[2025-04-04T14:52:17.155+0000] {processor.py:157} INFO - Started process (PID=25027) to work on /home/vscode/.local/lib/python3.10/site-packages/airflow/example_dags/plugins/workday.py
[2025-04-04T14:52:17.156+0000] {processor.py:826} INFO - Processing file /home/vscode/.local/lib/python3.10/site-packages/airflow/example_dags/plugins/workday.py for tasks to queue
[2025-04-04T14:52:17.157+0000] {logging_mixin.py:150} INFO - [2025-04-04T14:52:17.156+0000] {dagbag.py:541} INFO - Filling up the DagBag from /home/vscode/.local/lib/python3.10/site-packages/airflow/example_dags/plugins/workday.py
[2025-04-04T14:52:17.159+0000] {logging_mixin.py:150} INFO - [2025-04-04T14:52:17.159+0000] {workday.py:36} WARNING - Could not import pandas. Holidays will not be considered.
[2025-04-04T14:52:17.159+0000] {processor.py:838} WARNING - No viable dags retrieved from /home/vscode/.local/lib/python3.10/site-packages/airflow/example_dags/plugins/workday.py
[2025-04-04T14:52:17.167+0000] {processor.py:179} INFO - Processing /home/vscode/.local/lib/python3.10/site-packages/airflow/example_dags/plugins/workday.py took 0.015 seconds
[2025-04-04T14:52:52.564+0000] {processor.py:157} INFO - Started process (PID=25276) to work on /home/vscode/.local/lib/python3.10/site-packages/airflow/example_dags/plugins/workday.py
[2025-04-04T14:52:52.564+0000] {processor.py:826} INFO - Processing file /home/vscode/.local/lib/python3.10/site-packages/airflow/example_dags/plugins/workday.py for tasks to queue
[2025-04-04T14:52:52.565+0000] {logging_mixin.py:150} INFO - [2025-04-04T14:52:52.565+0000] {dagbag.py:541} INFO - Filling up the DagBag from /home/vscode/.local/lib/python3.10/site-packages/airflow/example_dags/plugins/workday.py
[2025-04-04T14:52:52.567+0000] {logging_mixin.py:150} INFO - [2025-04-04T14:52:52.567+0000] {workday.py:36} WARNING - Could not import pandas. Holidays will not be considered.
[2025-04-04T14:52:52.568+0000] {processor.py:838} WARNING - No viable dags retrieved from /home/vscode/.local/lib/python3.10/site-packages/airflow/example_dags/plugins/workday.py
[2025-04-04T14:52:52.575+0000] {processor.py:179} INFO - Processing /home/vscode/.local/lib/python3.10/site-packages/airflow/example_dags/plugins/workday.py took 0.014 seconds
[2025-04-04T14:53:37.946+0000] {processor.py:157} INFO - Started process (PID=25570) to work on /home/vscode/.local/lib/python3.10/site-packages/airflow/example_dags/plugins/workday.py
[2025-04-04T14:53:37.947+0000] {processor.py:826} INFO - Processing file /home/vscode/.local/lib/python3.10/site-packages/airflow/example_dags/plugins/workday.py for tasks to queue
[2025-04-04T14:53:37.947+0000] {logging_mixin.py:150} INFO - [2025-04-04T14:53:37.947+0000] {dagbag.py:541} INFO - Filling up the DagBag from /home/vscode/.local/lib/python3.10/site-packages/airflow/example_dags/plugins/workday.py
[2025-04-04T14:53:37.950+0000] {logging_mixin.py:150} INFO - [2025-04-04T14:53:37.950+0000] {workday.py:36} WARNING - Could not import pandas. Holidays will not be considered.
[2025-04-04T14:53:37.950+0000] {processor.py:838} WARNING - No viable dags retrieved from /home/vscode/.local/lib/python3.10/site-packages/airflow/example_dags/plugins/workday.py
[2025-04-04T14:53:37.958+0000] {processor.py:179} INFO - Processing /home/vscode/.local/lib/python3.10/site-packages/airflow/example_dags/plugins/workday.py took 0.014 seconds
[2025-04-04T14:54:21.476+0000] {processor.py:157} INFO - Started process (PID=25866) to work on /home/vscode/.local/lib/python3.10/site-packages/airflow/example_dags/plugins/workday.py
[2025-04-04T14:54:21.477+0000] {processor.py:826} INFO - Processing file /home/vscode/.local/lib/python3.10/site-packages/airflow/example_dags/plugins/workday.py for tasks to queue
[2025-04-04T14:54:21.478+0000] {logging_mixin.py:150} INFO - [2025-04-04T14:54:21.477+0000] {dagbag.py:541} INFO - Filling up the DagBag from /home/vscode/.local/lib/python3.10/site-packages/airflow/example_dags/plugins/workday.py
[2025-04-04T14:54:21.480+0000] {logging_mixin.py:150} INFO - [2025-04-04T14:54:21.480+0000] {workday.py:36} WARNING - Could not import pandas. Holidays will not be considered.
[2025-04-04T14:54:21.480+0000] {processor.py:838} WARNING - No viable dags retrieved from /home/vscode/.local/lib/python3.10/site-packages/airflow/example_dags/plugins/workday.py
[2025-04-04T14:54:21.488+0000] {processor.py:179} INFO - Processing /home/vscode/.local/lib/python3.10/site-packages/airflow/example_dags/plugins/workday.py took 0.014 seconds
