[2025-04-04T15:20:58.588+0000] {taskinstance.py:1103} INFO - Dependencies all met for dep_context=non-requeueable deps ti=<TaskInstance: one_task_dag.one_task manual__2025-04-04T15:20:56.681230+00:00 [queued]>
[2025-04-04T15:20:58.595+0000] {taskinstance.py:1103} INFO - Dependencies all met for dep_context=requeueable deps ti=<TaskInstance: one_task_dag.one_task manual__2025-04-04T15:20:56.681230+00:00 [queued]>
[2025-04-04T15:20:58.595+0000] {taskinstance.py:1308} INFO - Starting attempt 1 of 1
[2025-04-04T15:20:58.609+0000] {taskinstance.py:1327} INFO - Executing <Task(BashOperator): one_task> on 2025-04-04 15:20:56.681230+00:00
[2025-04-04T15:20:58.613+0000] {standard_task_runner.py:57} INFO - Started process 36365 to run task
[2025-04-04T15:20:58.618+0000] {standard_task_runner.py:84} INFO - Running: ['airflow', 'tasks', 'run', 'one_task_dag', 'one_task', 'manual__2025-04-04T15:20:56.681230+00:00', '--job-id', '7', '--raw', '--subdir', 'DAGS_FOLDER/one_task_dag.py', '--cfg-path', '/tmp/tmpj9jcx8h_']
[2025-04-04T15:20:58.618+0000] {standard_task_runner.py:85} INFO - Job 7: Subtask one_task
[2025-04-04T15:20:58.651+0000] {task_command.py:410} INFO - Running <TaskInstance: one_task_dag.one_task manual__2025-04-04T15:20:56.681230+00:00 [running]> on host codespaces-9d0692
[2025-04-04T15:20:58.686+0000] {taskinstance.py:1545} INFO - Exporting env vars: AIRFLOW_CTX_DAG_OWNER='Vinoo' AIRFLOW_CTX_DAG_ID='one_task_dag' AIRFLOW_CTX_TASK_ID='one_task' AIRFLOW_CTX_EXECUTION_DATE='2025-04-04T15:20:56.681230+00:00' AIRFLOW_CTX_TRY_NUMBER='1' AIRFLOW_CTX_DAG_RUN_ID='manual__2025-04-04T15:20:56.681230+00:00'
[2025-04-04T15:20:58.687+0000] {subprocess.py:63} INFO - Tmp dir root location: /tmp
[2025-04-04T15:20:58.688+0000] {subprocess.py:75} INFO - Running command: ['/usr/bin/bash', '-c', 'echo "hello, linkedin learning!" > /workspaces/hands-on-introduction-data-engineering-4395021/lab']
[2025-04-04T15:20:58.693+0000] {subprocess.py:86} INFO - Output:
[2025-04-04T15:20:58.694+0000] {subprocess.py:93} INFO - /usr/bin/bash: line 1: /workspaces/hands-on-introduction-data-engineering-4395021/lab: Is a directory
[2025-04-04T15:20:58.695+0000] {subprocess.py:97} INFO - Command exited with return code 1
[2025-04-04T15:20:58.701+0000] {taskinstance.py:1824} ERROR - Task failed with exception
Traceback (most recent call last):
  File "/home/vscode/.local/lib/python3.10/site-packages/airflow/operators/bash.py", line 210, in execute
    raise AirflowException(
airflow.exceptions.AirflowException: Bash command failed. The command returned a non-zero exit code 1.
[2025-04-04T15:20:58.704+0000] {taskinstance.py:1345} INFO - Marking task as FAILED. dag_id=one_task_dag, task_id=one_task, execution_date=20250404T152056, start_date=20250404T152058, end_date=20250404T152058
[2025-04-04T15:20:58.712+0000] {standard_task_runner.py:104} ERROR - Failed to execute job 7 for task one_task (Bash command failed. The command returned a non-zero exit code 1.; 36365)
[2025-04-04T15:20:58.748+0000] {local_task_job_runner.py:225} INFO - Task exited with return code 1
[2025-04-04T15:20:58.756+0000] {taskinstance.py:2653} INFO - 0 downstream tasks scheduled from follow-on schedule check
