[2025-04-04T14:26:52.364+0000] {processor.py:157} INFO - Started process (PID=14509) to work on /home/vscode/.local/lib/python3.10/site-packages/airflow/example_dags/example_task_group_decorator.py
[2025-04-04T14:26:52.365+0000] {processor.py:826} INFO - Processing file /home/vscode/.local/lib/python3.10/site-packages/airflow/example_dags/example_task_group_decorator.py for tasks to queue
[2025-04-04T14:26:52.366+0000] {logging_mixin.py:150} INFO - [2025-04-04T14:26:52.366+0000] {dagbag.py:541} INFO - Filling up the DagBag from /home/vscode/.local/lib/python3.10/site-packages/airflow/example_dags/example_task_group_decorator.py
[2025-04-04T14:26:52.377+0000] {processor.py:836} INFO - DAG(s) dict_keys(['example_task_group_decorator']) retrieved from /home/vscode/.local/lib/python3.10/site-packages/airflow/example_dags/example_task_group_decorator.py
[2025-04-04T14:26:52.459+0000] {logging_mixin.py:150} INFO - [2025-04-04T14:26:52.459+0000] {manager.py:504} INFO - Created Permission View: can delete on DAG:example_task_group_decorator
[2025-04-04T14:26:52.469+0000] {logging_mixin.py:150} INFO - [2025-04-04T14:26:52.469+0000] {manager.py:504} INFO - Created Permission View: can read on DAG:example_task_group_decorator
[2025-04-04T14:26:52.476+0000] {logging_mixin.py:150} INFO - [2025-04-04T14:26:52.476+0000] {manager.py:504} INFO - Created Permission View: can edit on DAG:example_task_group_decorator
[2025-04-04T14:26:52.494+0000] {logging_mixin.py:150} INFO - [2025-04-04T14:26:52.493+0000] {dag.py:2742} INFO - Sync 1 DAGs
[2025-04-04T14:26:52.508+0000] {logging_mixin.py:150} INFO - [2025-04-04T14:26:52.507+0000] {dag.py:2763} INFO - Creating ORM DAG for example_task_group_decorator
[2025-04-04T14:26:52.517+0000] {logging_mixin.py:150} INFO - [2025-04-04T14:26:52.517+0000] {dag.py:3504} INFO - Setting next_dagrun for example_task_group_decorator to 2025-04-03T14:26:52.517317+00:00, run_after=2025-04-04T14:26:52.517317+00:00
[2025-04-04T14:26:52.532+0000] {processor.py:179} INFO - Processing /home/vscode/.local/lib/python3.10/site-packages/airflow/example_dags/example_task_group_decorator.py took 0.170 seconds
[2025-04-04T14:27:38.984+0000] {processor.py:157} INFO - Started process (PID=14837) to work on /home/vscode/.local/lib/python3.10/site-packages/airflow/example_dags/example_task_group_decorator.py
[2025-04-04T14:27:38.985+0000] {processor.py:826} INFO - Processing file /home/vscode/.local/lib/python3.10/site-packages/airflow/example_dags/example_task_group_decorator.py for tasks to queue
[2025-04-04T14:27:38.986+0000] {logging_mixin.py:150} INFO - [2025-04-04T14:27:38.985+0000] {dagbag.py:541} INFO - Filling up the DagBag from /home/vscode/.local/lib/python3.10/site-packages/airflow/example_dags/example_task_group_decorator.py
[2025-04-04T14:27:38.998+0000] {processor.py:836} INFO - DAG(s) dict_keys(['example_task_group_decorator']) retrieved from /home/vscode/.local/lib/python3.10/site-packages/airflow/example_dags/example_task_group_decorator.py
[2025-04-04T14:27:39.012+0000] {logging_mixin.py:150} INFO - [2025-04-04T14:27:39.012+0000] {dag.py:2742} INFO - Sync 1 DAGs
[2025-04-04T14:27:39.027+0000] {logging_mixin.py:150} INFO - [2025-04-04T14:27:39.027+0000] {dag.py:3504} INFO - Setting next_dagrun for example_task_group_decorator to 2025-04-03T14:27:39.027011+00:00, run_after=2025-04-04T14:27:39.027011+00:00
[2025-04-04T14:27:39.042+0000] {processor.py:179} INFO - Processing /home/vscode/.local/lib/python3.10/site-packages/airflow/example_dags/example_task_group_decorator.py took 0.061 seconds
[2025-04-04T14:28:25.208+0000] {processor.py:157} INFO - Started process (PID=15220) to work on /home/vscode/.local/lib/python3.10/site-packages/airflow/example_dags/example_task_group_decorator.py
[2025-04-04T14:28:25.208+0000] {processor.py:826} INFO - Processing file /home/vscode/.local/lib/python3.10/site-packages/airflow/example_dags/example_task_group_decorator.py for tasks to queue
[2025-04-04T14:28:25.209+0000] {logging_mixin.py:150} INFO - [2025-04-04T14:28:25.209+0000] {dagbag.py:541} INFO - Filling up the DagBag from /home/vscode/.local/lib/python3.10/site-packages/airflow/example_dags/example_task_group_decorator.py
[2025-04-04T14:28:25.221+0000] {processor.py:836} INFO - DAG(s) dict_keys(['example_task_group_decorator']) retrieved from /home/vscode/.local/lib/python3.10/site-packages/airflow/example_dags/example_task_group_decorator.py
[2025-04-04T14:28:25.236+0000] {logging_mixin.py:150} INFO - [2025-04-04T14:28:25.236+0000] {dag.py:2742} INFO - Sync 1 DAGs
[2025-04-04T14:28:25.250+0000] {logging_mixin.py:150} INFO - [2025-04-04T14:28:25.250+0000] {dag.py:3504} INFO - Setting next_dagrun for example_task_group_decorator to 2025-04-03T14:28:25.250378+00:00, run_after=2025-04-04T14:28:25.250378+00:00
[2025-04-04T14:28:25.266+0000] {processor.py:179} INFO - Processing /home/vscode/.local/lib/python3.10/site-packages/airflow/example_dags/example_task_group_decorator.py took 0.061 seconds
[2025-04-04T14:29:08.553+0000] {processor.py:157} INFO - Started process (PID=15532) to work on /home/vscode/.local/lib/python3.10/site-packages/airflow/example_dags/example_task_group_decorator.py
[2025-04-04T14:29:08.554+0000] {processor.py:826} INFO - Processing file /home/vscode/.local/lib/python3.10/site-packages/airflow/example_dags/example_task_group_decorator.py for tasks to queue
[2025-04-04T14:29:08.555+0000] {logging_mixin.py:150} INFO - [2025-04-04T14:29:08.554+0000] {dagbag.py:541} INFO - Filling up the DagBag from /home/vscode/.local/lib/python3.10/site-packages/airflow/example_dags/example_task_group_decorator.py
[2025-04-04T14:29:08.566+0000] {processor.py:836} INFO - DAG(s) dict_keys(['example_task_group_decorator']) retrieved from /home/vscode/.local/lib/python3.10/site-packages/airflow/example_dags/example_task_group_decorator.py
[2025-04-04T14:29:08.581+0000] {logging_mixin.py:150} INFO - [2025-04-04T14:29:08.581+0000] {dag.py:2742} INFO - Sync 1 DAGs
[2025-04-04T14:29:08.595+0000] {logging_mixin.py:150} INFO - [2025-04-04T14:29:08.595+0000] {dag.py:3504} INFO - Setting next_dagrun for example_task_group_decorator to 2025-04-03T14:29:08.595626+00:00, run_after=2025-04-04T14:29:08.595626+00:00
[2025-04-04T14:29:08.611+0000] {processor.py:179} INFO - Processing /home/vscode/.local/lib/python3.10/site-packages/airflow/example_dags/example_task_group_decorator.py took 0.061 seconds
[2025-04-04T14:29:55.469+0000] {processor.py:157} INFO - Started process (PID=15895) to work on /home/vscode/.local/lib/python3.10/site-packages/airflow/example_dags/example_task_group_decorator.py
[2025-04-04T14:29:55.469+0000] {processor.py:826} INFO - Processing file /home/vscode/.local/lib/python3.10/site-packages/airflow/example_dags/example_task_group_decorator.py for tasks to queue
[2025-04-04T14:29:55.470+0000] {logging_mixin.py:150} INFO - [2025-04-04T14:29:55.470+0000] {dagbag.py:541} INFO - Filling up the DagBag from /home/vscode/.local/lib/python3.10/site-packages/airflow/example_dags/example_task_group_decorator.py
[2025-04-04T14:29:55.482+0000] {processor.py:836} INFO - DAG(s) dict_keys(['example_task_group_decorator']) retrieved from /home/vscode/.local/lib/python3.10/site-packages/airflow/example_dags/example_task_group_decorator.py
[2025-04-04T14:29:55.497+0000] {logging_mixin.py:150} INFO - [2025-04-04T14:29:55.497+0000] {dag.py:2742} INFO - Sync 1 DAGs
[2025-04-04T14:29:55.511+0000] {logging_mixin.py:150} INFO - [2025-04-04T14:29:55.511+0000] {dag.py:3504} INFO - Setting next_dagrun for example_task_group_decorator to 2025-04-03T14:29:55.511223+00:00, run_after=2025-04-04T14:29:55.511223+00:00
[2025-04-04T14:29:55.525+0000] {processor.py:179} INFO - Processing /home/vscode/.local/lib/python3.10/site-packages/airflow/example_dags/example_task_group_decorator.py took 0.059 seconds
[2025-04-04T14:30:38.682+0000] {processor.py:157} INFO - Started process (PID=16320) to work on /home/vscode/.local/lib/python3.10/site-packages/airflow/example_dags/example_task_group_decorator.py
[2025-04-04T14:30:38.683+0000] {processor.py:826} INFO - Processing file /home/vscode/.local/lib/python3.10/site-packages/airflow/example_dags/example_task_group_decorator.py for tasks to queue
[2025-04-04T14:30:38.684+0000] {logging_mixin.py:150} INFO - [2025-04-04T14:30:38.683+0000] {dagbag.py:541} INFO - Filling up the DagBag from /home/vscode/.local/lib/python3.10/site-packages/airflow/example_dags/example_task_group_decorator.py
[2025-04-04T14:30:38.695+0000] {processor.py:836} INFO - DAG(s) dict_keys(['example_task_group_decorator']) retrieved from /home/vscode/.local/lib/python3.10/site-packages/airflow/example_dags/example_task_group_decorator.py
[2025-04-04T14:30:38.711+0000] {logging_mixin.py:150} INFO - [2025-04-04T14:30:38.710+0000] {dag.py:2742} INFO - Sync 1 DAGs
[2025-04-04T14:30:38.725+0000] {logging_mixin.py:150} INFO - [2025-04-04T14:30:38.725+0000] {dag.py:3504} INFO - Setting next_dagrun for example_task_group_decorator to 2025-04-03T14:30:38.725435+00:00, run_after=2025-04-04T14:30:38.725435+00:00
[2025-04-04T14:30:38.741+0000] {processor.py:179} INFO - Processing /home/vscode/.local/lib/python3.10/site-packages/airflow/example_dags/example_task_group_decorator.py took 0.062 seconds
[2025-04-04T14:46:52.007+0000] {processor.py:157} INFO - Started process (PID=22498) to work on /home/vscode/.local/lib/python3.10/site-packages/airflow/example_dags/example_task_group_decorator.py
[2025-04-04T14:46:52.008+0000] {processor.py:826} INFO - Processing file /home/vscode/.local/lib/python3.10/site-packages/airflow/example_dags/example_task_group_decorator.py for tasks to queue
[2025-04-04T14:46:52.009+0000] {logging_mixin.py:150} INFO - [2025-04-04T14:46:52.009+0000] {dagbag.py:541} INFO - Filling up the DagBag from /home/vscode/.local/lib/python3.10/site-packages/airflow/example_dags/example_task_group_decorator.py
[2025-04-04T14:46:52.021+0000] {processor.py:836} INFO - DAG(s) dict_keys(['example_task_group_decorator']) retrieved from /home/vscode/.local/lib/python3.10/site-packages/airflow/example_dags/example_task_group_decorator.py
[2025-04-04T14:46:52.038+0000] {logging_mixin.py:150} INFO - [2025-04-04T14:46:52.037+0000] {dag.py:2742} INFO - Sync 1 DAGs
[2025-04-04T14:46:52.052+0000] {logging_mixin.py:150} INFO - [2025-04-04T14:46:52.052+0000] {dag.py:3504} INFO - Setting next_dagrun for example_task_group_decorator to 2025-04-03T14:46:52.052467+00:00, run_after=2025-04-04T14:46:52.052467+00:00
[2025-04-04T14:46:52.067+0000] {processor.py:179} INFO - Processing /home/vscode/.local/lib/python3.10/site-packages/airflow/example_dags/example_task_group_decorator.py took 0.062 seconds
[2025-04-04T14:47:37.277+0000] {processor.py:157} INFO - Started process (PID=22917) to work on /home/vscode/.local/lib/python3.10/site-packages/airflow/example_dags/example_task_group_decorator.py
[2025-04-04T14:47:37.278+0000] {processor.py:826} INFO - Processing file /home/vscode/.local/lib/python3.10/site-packages/airflow/example_dags/example_task_group_decorator.py for tasks to queue
[2025-04-04T14:47:37.279+0000] {logging_mixin.py:150} INFO - [2025-04-04T14:47:37.279+0000] {dagbag.py:541} INFO - Filling up the DagBag from /home/vscode/.local/lib/python3.10/site-packages/airflow/example_dags/example_task_group_decorator.py
[2025-04-04T14:47:37.290+0000] {processor.py:836} INFO - DAG(s) dict_keys(['example_task_group_decorator']) retrieved from /home/vscode/.local/lib/python3.10/site-packages/airflow/example_dags/example_task_group_decorator.py
[2025-04-04T14:47:37.309+0000] {logging_mixin.py:150} INFO - [2025-04-04T14:47:37.309+0000] {dag.py:2742} INFO - Sync 1 DAGs
[2025-04-04T14:47:37.323+0000] {logging_mixin.py:150} INFO - [2025-04-04T14:47:37.323+0000] {dag.py:3504} INFO - Setting next_dagrun for example_task_group_decorator to 2025-04-03T14:47:37.323414+00:00, run_after=2025-04-04T14:47:37.323414+00:00
[2025-04-04T14:47:37.340+0000] {processor.py:179} INFO - Processing /home/vscode/.local/lib/python3.10/site-packages/airflow/example_dags/example_task_group_decorator.py took 0.065 seconds
[2025-04-04T14:48:22.434+0000] {processor.py:157} INFO - Started process (PID=23315) to work on /home/vscode/.local/lib/python3.10/site-packages/airflow/example_dags/example_task_group_decorator.py
[2025-04-04T14:48:22.435+0000] {processor.py:826} INFO - Processing file /home/vscode/.local/lib/python3.10/site-packages/airflow/example_dags/example_task_group_decorator.py for tasks to queue
[2025-04-04T14:48:22.435+0000] {logging_mixin.py:150} INFO - [2025-04-04T14:48:22.435+0000] {dagbag.py:541} INFO - Filling up the DagBag from /home/vscode/.local/lib/python3.10/site-packages/airflow/example_dags/example_task_group_decorator.py
[2025-04-04T14:48:22.447+0000] {processor.py:836} INFO - DAG(s) dict_keys(['example_task_group_decorator']) retrieved from /home/vscode/.local/lib/python3.10/site-packages/airflow/example_dags/example_task_group_decorator.py
[2025-04-04T14:48:22.462+0000] {logging_mixin.py:150} INFO - [2025-04-04T14:48:22.462+0000] {dag.py:2742} INFO - Sync 1 DAGs
[2025-04-04T14:48:22.476+0000] {logging_mixin.py:150} INFO - [2025-04-04T14:48:22.476+0000] {dag.py:3504} INFO - Setting next_dagrun for example_task_group_decorator to 2025-04-03T14:48:22.476429+00:00, run_after=2025-04-04T14:48:22.476429+00:00
[2025-04-04T14:48:22.491+0000] {processor.py:179} INFO - Processing /home/vscode/.local/lib/python3.10/site-packages/airflow/example_dags/example_task_group_decorator.py took 0.060 seconds
[2025-04-04T14:49:08.650+0000] {processor.py:157} INFO - Started process (PID=23665) to work on /home/vscode/.local/lib/python3.10/site-packages/airflow/example_dags/example_task_group_decorator.py
[2025-04-04T14:49:08.651+0000] {processor.py:826} INFO - Processing file /home/vscode/.local/lib/python3.10/site-packages/airflow/example_dags/example_task_group_decorator.py for tasks to queue
[2025-04-04T14:49:08.652+0000] {logging_mixin.py:150} INFO - [2025-04-04T14:49:08.652+0000] {dagbag.py:541} INFO - Filling up the DagBag from /home/vscode/.local/lib/python3.10/site-packages/airflow/example_dags/example_task_group_decorator.py
[2025-04-04T14:49:08.664+0000] {processor.py:836} INFO - DAG(s) dict_keys(['example_task_group_decorator']) retrieved from /home/vscode/.local/lib/python3.10/site-packages/airflow/example_dags/example_task_group_decorator.py
[2025-04-04T14:49:08.679+0000] {logging_mixin.py:150} INFO - [2025-04-04T14:49:08.678+0000] {dag.py:2742} INFO - Sync 1 DAGs
[2025-04-04T14:49:08.693+0000] {logging_mixin.py:150} INFO - [2025-04-04T14:49:08.693+0000] {dag.py:3504} INFO - Setting next_dagrun for example_task_group_decorator to 2025-04-03T14:49:08.692924+00:00, run_after=2025-04-04T14:49:08.692924+00:00
[2025-04-04T14:49:08.709+0000] {processor.py:179} INFO - Processing /home/vscode/.local/lib/python3.10/site-packages/airflow/example_dags/example_task_group_decorator.py took 0.061 seconds
[2025-04-04T14:49:52.378+0000] {processor.py:157} INFO - Started process (PID=23977) to work on /home/vscode/.local/lib/python3.10/site-packages/airflow/example_dags/example_task_group_decorator.py
[2025-04-04T14:49:52.379+0000] {processor.py:826} INFO - Processing file /home/vscode/.local/lib/python3.10/site-packages/airflow/example_dags/example_task_group_decorator.py for tasks to queue
[2025-04-04T14:49:52.380+0000] {logging_mixin.py:150} INFO - [2025-04-04T14:49:52.380+0000] {dagbag.py:541} INFO - Filling up the DagBag from /home/vscode/.local/lib/python3.10/site-packages/airflow/example_dags/example_task_group_decorator.py
[2025-04-04T14:49:52.391+0000] {processor.py:836} INFO - DAG(s) dict_keys(['example_task_group_decorator']) retrieved from /home/vscode/.local/lib/python3.10/site-packages/airflow/example_dags/example_task_group_decorator.py
[2025-04-04T14:49:52.405+0000] {logging_mixin.py:150} INFO - [2025-04-04T14:49:52.405+0000] {dag.py:2742} INFO - Sync 1 DAGs
[2025-04-04T14:49:52.426+0000] {logging_mixin.py:150} INFO - [2025-04-04T14:49:52.426+0000] {dag.py:3504} INFO - Setting next_dagrun for example_task_group_decorator to 2025-04-03T14:49:52.426210+00:00, run_after=2025-04-04T14:49:52.426210+00:00
[2025-04-04T14:49:52.467+0000] {processor.py:179} INFO - Processing /home/vscode/.local/lib/python3.10/site-packages/airflow/example_dags/example_task_group_decorator.py took 0.091 seconds
[2025-04-04T14:50:38.717+0000] {processor.py:157} INFO - Started process (PID=24340) to work on /home/vscode/.local/lib/python3.10/site-packages/airflow/example_dags/example_task_group_decorator.py
[2025-04-04T14:50:38.720+0000] {processor.py:826} INFO - Processing file /home/vscode/.local/lib/python3.10/site-packages/airflow/example_dags/example_task_group_decorator.py for tasks to queue
[2025-04-04T14:50:38.721+0000] {logging_mixin.py:150} INFO - [2025-04-04T14:50:38.721+0000] {dagbag.py:541} INFO - Filling up the DagBag from /home/vscode/.local/lib/python3.10/site-packages/airflow/example_dags/example_task_group_decorator.py
[2025-04-04T14:50:38.741+0000] {processor.py:836} INFO - DAG(s) dict_keys(['example_task_group_decorator']) retrieved from /home/vscode/.local/lib/python3.10/site-packages/airflow/example_dags/example_task_group_decorator.py
[2025-04-04T14:50:38.767+0000] {logging_mixin.py:150} INFO - [2025-04-04T14:50:38.766+0000] {dag.py:2742} INFO - Sync 1 DAGs
[2025-04-04T14:50:38.782+0000] {logging_mixin.py:150} INFO - [2025-04-04T14:50:38.782+0000] {dag.py:3504} INFO - Setting next_dagrun for example_task_group_decorator to 2025-04-03T14:50:38.781933+00:00, run_after=2025-04-04T14:50:38.781933+00:00
[2025-04-04T14:50:38.796+0000] {processor.py:179} INFO - Processing /home/vscode/.local/lib/python3.10/site-packages/airflow/example_dags/example_task_group_decorator.py took 0.083 seconds
[2025-04-04T14:51:21.980+0000] {processor.py:157} INFO - Started process (PID=24662) to work on /home/vscode/.local/lib/python3.10/site-packages/airflow/example_dags/example_task_group_decorator.py
[2025-04-04T14:51:21.981+0000] {processor.py:826} INFO - Processing file /home/vscode/.local/lib/python3.10/site-packages/airflow/example_dags/example_task_group_decorator.py for tasks to queue
[2025-04-04T14:51:21.981+0000] {logging_mixin.py:150} INFO - [2025-04-04T14:51:21.981+0000] {dagbag.py:541} INFO - Filling up the DagBag from /home/vscode/.local/lib/python3.10/site-packages/airflow/example_dags/example_task_group_decorator.py
[2025-04-04T14:51:21.993+0000] {processor.py:836} INFO - DAG(s) dict_keys(['example_task_group_decorator']) retrieved from /home/vscode/.local/lib/python3.10/site-packages/airflow/example_dags/example_task_group_decorator.py
[2025-04-04T14:51:22.008+0000] {logging_mixin.py:150} INFO - [2025-04-04T14:51:22.008+0000] {dag.py:2742} INFO - Sync 1 DAGs
[2025-04-04T14:51:22.023+0000] {logging_mixin.py:150} INFO - [2025-04-04T14:51:22.022+0000] {dag.py:3504} INFO - Setting next_dagrun for example_task_group_decorator to 2025-04-03T14:51:22.022760+00:00, run_after=2025-04-04T14:51:22.022760+00:00
[2025-04-04T14:51:22.038+0000] {processor.py:179} INFO - Processing /home/vscode/.local/lib/python3.10/site-packages/airflow/example_dags/example_task_group_decorator.py took 0.060 seconds
[2025-04-04T14:52:05.737+0000] {processor.py:157} INFO - Started process (PID=24956) to work on /home/vscode/.local/lib/python3.10/site-packages/airflow/example_dags/example_task_group_decorator.py
[2025-04-04T14:52:05.738+0000] {processor.py:826} INFO - Processing file /home/vscode/.local/lib/python3.10/site-packages/airflow/example_dags/example_task_group_decorator.py for tasks to queue
[2025-04-04T14:52:05.739+0000] {logging_mixin.py:150} INFO - [2025-04-04T14:52:05.738+0000] {dagbag.py:541} INFO - Filling up the DagBag from /home/vscode/.local/lib/python3.10/site-packages/airflow/example_dags/example_task_group_decorator.py
[2025-04-04T14:52:05.750+0000] {processor.py:836} INFO - DAG(s) dict_keys(['example_task_group_decorator']) retrieved from /home/vscode/.local/lib/python3.10/site-packages/airflow/example_dags/example_task_group_decorator.py
[2025-04-04T14:52:05.765+0000] {logging_mixin.py:150} INFO - [2025-04-04T14:52:05.765+0000] {dag.py:2742} INFO - Sync 1 DAGs
[2025-04-04T14:52:05.779+0000] {logging_mixin.py:150} INFO - [2025-04-04T14:52:05.779+0000] {dag.py:3504} INFO - Setting next_dagrun for example_task_group_decorator to 2025-04-03T14:52:05.779319+00:00, run_after=2025-04-04T14:52:05.779319+00:00
[2025-04-04T14:52:05.794+0000] {processor.py:179} INFO - Processing /home/vscode/.local/lib/python3.10/site-packages/airflow/example_dags/example_task_group_decorator.py took 0.059 seconds
[2025-04-04T14:52:45.721+0000] {processor.py:157} INFO - Started process (PID=25226) to work on /home/vscode/.local/lib/python3.10/site-packages/airflow/example_dags/example_task_group_decorator.py
[2025-04-04T14:52:45.721+0000] {processor.py:826} INFO - Processing file /home/vscode/.local/lib/python3.10/site-packages/airflow/example_dags/example_task_group_decorator.py for tasks to queue
[2025-04-04T14:52:45.722+0000] {logging_mixin.py:150} INFO - [2025-04-04T14:52:45.722+0000] {dagbag.py:541} INFO - Filling up the DagBag from /home/vscode/.local/lib/python3.10/site-packages/airflow/example_dags/example_task_group_decorator.py
[2025-04-04T14:52:45.734+0000] {processor.py:836} INFO - DAG(s) dict_keys(['example_task_group_decorator']) retrieved from /home/vscode/.local/lib/python3.10/site-packages/airflow/example_dags/example_task_group_decorator.py
[2025-04-04T14:52:45.748+0000] {logging_mixin.py:150} INFO - [2025-04-04T14:52:45.748+0000] {dag.py:2742} INFO - Sync 1 DAGs
[2025-04-04T14:52:45.762+0000] {logging_mixin.py:150} INFO - [2025-04-04T14:52:45.762+0000] {dag.py:3504} INFO - Setting next_dagrun for example_task_group_decorator to 2025-04-03T14:52:45.762059+00:00, run_after=2025-04-04T14:52:45.762059+00:00
[2025-04-04T14:52:45.777+0000] {processor.py:179} INFO - Processing /home/vscode/.local/lib/python3.10/site-packages/airflow/example_dags/example_task_group_decorator.py took 0.059 seconds
[2025-04-04T14:53:29.072+0000] {processor.py:157} INFO - Started process (PID=25516) to work on /home/vscode/.local/lib/python3.10/site-packages/airflow/example_dags/example_task_group_decorator.py
[2025-04-04T14:53:29.073+0000] {processor.py:826} INFO - Processing file /home/vscode/.local/lib/python3.10/site-packages/airflow/example_dags/example_task_group_decorator.py for tasks to queue
[2025-04-04T14:53:29.074+0000] {logging_mixin.py:150} INFO - [2025-04-04T14:53:29.073+0000] {dagbag.py:541} INFO - Filling up the DagBag from /home/vscode/.local/lib/python3.10/site-packages/airflow/example_dags/example_task_group_decorator.py
[2025-04-04T14:53:29.086+0000] {processor.py:836} INFO - DAG(s) dict_keys(['example_task_group_decorator']) retrieved from /home/vscode/.local/lib/python3.10/site-packages/airflow/example_dags/example_task_group_decorator.py
[2025-04-04T14:53:29.101+0000] {logging_mixin.py:150} INFO - [2025-04-04T14:53:29.101+0000] {dag.py:2742} INFO - Sync 1 DAGs
[2025-04-04T14:53:29.115+0000] {logging_mixin.py:150} INFO - [2025-04-04T14:53:29.115+0000] {dag.py:3504} INFO - Setting next_dagrun for example_task_group_decorator to 2025-04-03T14:53:29.115454+00:00, run_after=2025-04-04T14:53:29.115454+00:00
[2025-04-04T14:53:29.130+0000] {processor.py:179} INFO - Processing /home/vscode/.local/lib/python3.10/site-packages/airflow/example_dags/example_task_group_decorator.py took 0.060 seconds
[2025-04-04T14:54:11.896+0000] {processor.py:157} INFO - Started process (PID=25809) to work on /home/vscode/.local/lib/python3.10/site-packages/airflow/example_dags/example_task_group_decorator.py
[2025-04-04T14:54:11.897+0000] {processor.py:826} INFO - Processing file /home/vscode/.local/lib/python3.10/site-packages/airflow/example_dags/example_task_group_decorator.py for tasks to queue
[2025-04-04T14:54:11.897+0000] {logging_mixin.py:150} INFO - [2025-04-04T14:54:11.897+0000] {dagbag.py:541} INFO - Filling up the DagBag from /home/vscode/.local/lib/python3.10/site-packages/airflow/example_dags/example_task_group_decorator.py
[2025-04-04T14:54:11.909+0000] {processor.py:836} INFO - DAG(s) dict_keys(['example_task_group_decorator']) retrieved from /home/vscode/.local/lib/python3.10/site-packages/airflow/example_dags/example_task_group_decorator.py
[2025-04-04T14:54:11.923+0000] {logging_mixin.py:150} INFO - [2025-04-04T14:54:11.923+0000] {dag.py:2742} INFO - Sync 1 DAGs
[2025-04-04T14:54:11.937+0000] {logging_mixin.py:150} INFO - [2025-04-04T14:54:11.937+0000] {dag.py:3504} INFO - Setting next_dagrun for example_task_group_decorator to 2025-04-03T14:54:11.936983+00:00, run_after=2025-04-04T14:54:11.936983+00:00
[2025-04-04T14:54:11.952+0000] {processor.py:179} INFO - Processing /home/vscode/.local/lib/python3.10/site-packages/airflow/example_dags/example_task_group_decorator.py took 0.059 seconds
