[2025-04-04T14:27:09.227+0000] {processor.py:157} INFO - Started process (PID=14624) to work on /home/vscode/.local/lib/python3.10/site-packages/airflow/example_dags/example_dynamic_task_mapping_with_no_taskflow_operators.py
[2025-04-04T14:27:09.228+0000] {processor.py:826} INFO - Processing file /home/vscode/.local/lib/python3.10/site-packages/airflow/example_dags/example_dynamic_task_mapping_with_no_taskflow_operators.py for tasks to queue
[2025-04-04T14:27:09.229+0000] {logging_mixin.py:150} INFO - [2025-04-04T14:27:09.228+0000] {dagbag.py:541} INFO - Filling up the DagBag from /home/vscode/.local/lib/python3.10/site-packages/airflow/example_dags/example_dynamic_task_mapping_with_no_taskflow_operators.py
[2025-04-04T14:27:09.237+0000] {processor.py:836} INFO - DAG(s) dict_keys(['example_dynamic_task_mapping_with_no_taskflow_operators']) retrieved from /home/vscode/.local/lib/python3.10/site-packages/airflow/example_dags/example_dynamic_task_mapping_with_no_taskflow_operators.py
[2025-04-04T14:27:09.313+0000] {logging_mixin.py:150} INFO - [2025-04-04T14:27:09.313+0000] {manager.py:504} INFO - Created Permission View: can delete on DAG:example_dynamic_task_mapping_with_no_taskflow_operators
[2025-04-04T14:27:09.321+0000] {logging_mixin.py:150} INFO - [2025-04-04T14:27:09.320+0000] {manager.py:504} INFO - Created Permission View: can read on DAG:example_dynamic_task_mapping_with_no_taskflow_operators
[2025-04-04T14:27:09.326+0000] {logging_mixin.py:150} INFO - [2025-04-04T14:27:09.326+0000] {manager.py:504} INFO - Created Permission View: can edit on DAG:example_dynamic_task_mapping_with_no_taskflow_operators
[2025-04-04T14:27:09.333+0000] {logging_mixin.py:150} INFO - [2025-04-04T14:27:09.333+0000] {dag.py:2742} INFO - Sync 1 DAGs
[2025-04-04T14:27:09.340+0000] {logging_mixin.py:150} INFO - [2025-04-04T14:27:09.340+0000] {dag.py:2763} INFO - Creating ORM DAG for example_dynamic_task_mapping_with_no_taskflow_operators
[2025-04-04T14:27:09.347+0000] {logging_mixin.py:150} INFO - [2025-04-04T14:27:09.347+0000] {dag.py:3504} INFO - Setting next_dagrun for example_dynamic_task_mapping_with_no_taskflow_operators to 2025-04-03T14:27:09.346825+00:00, run_after=2025-04-04T14:27:09.346825+00:00
[2025-04-04T14:27:09.360+0000] {processor.py:179} INFO - Processing /home/vscode/.local/lib/python3.10/site-packages/airflow/example_dags/example_dynamic_task_mapping_with_no_taskflow_operators.py took 0.136 seconds
[2025-04-04T14:27:57.809+0000] {processor.py:157} INFO - Started process (PID=14997) to work on /home/vscode/.local/lib/python3.10/site-packages/airflow/example_dags/example_dynamic_task_mapping_with_no_taskflow_operators.py
[2025-04-04T14:27:57.810+0000] {processor.py:826} INFO - Processing file /home/vscode/.local/lib/python3.10/site-packages/airflow/example_dags/example_dynamic_task_mapping_with_no_taskflow_operators.py for tasks to queue
[2025-04-04T14:27:57.811+0000] {logging_mixin.py:150} INFO - [2025-04-04T14:27:57.811+0000] {dagbag.py:541} INFO - Filling up the DagBag from /home/vscode/.local/lib/python3.10/site-packages/airflow/example_dags/example_dynamic_task_mapping_with_no_taskflow_operators.py
[2025-04-04T14:27:57.820+0000] {processor.py:836} INFO - DAG(s) dict_keys(['example_dynamic_task_mapping_with_no_taskflow_operators']) retrieved from /home/vscode/.local/lib/python3.10/site-packages/airflow/example_dags/example_dynamic_task_mapping_with_no_taskflow_operators.py
[2025-04-04T14:27:57.837+0000] {logging_mixin.py:150} INFO - [2025-04-04T14:27:57.837+0000] {dag.py:2742} INFO - Sync 1 DAGs
[2025-04-04T14:27:57.860+0000] {logging_mixin.py:150} INFO - [2025-04-04T14:27:57.859+0000] {dag.py:3504} INFO - Setting next_dagrun for example_dynamic_task_mapping_with_no_taskflow_operators to 2025-04-03T14:27:57.859735+00:00, run_after=2025-04-04T14:27:57.859735+00:00
[2025-04-04T14:27:57.875+0000] {processor.py:179} INFO - Processing /home/vscode/.local/lib/python3.10/site-packages/airflow/example_dags/example_dynamic_task_mapping_with_no_taskflow_operators.py took 0.070 seconds
[2025-04-04T14:28:41.769+0000] {processor.py:157} INFO - Started process (PID=15345) to work on /home/vscode/.local/lib/python3.10/site-packages/airflow/example_dags/example_dynamic_task_mapping_with_no_taskflow_operators.py
[2025-04-04T14:28:41.770+0000] {processor.py:826} INFO - Processing file /home/vscode/.local/lib/python3.10/site-packages/airflow/example_dags/example_dynamic_task_mapping_with_no_taskflow_operators.py for tasks to queue
[2025-04-04T14:28:41.771+0000] {logging_mixin.py:150} INFO - [2025-04-04T14:28:41.770+0000] {dagbag.py:541} INFO - Filling up the DagBag from /home/vscode/.local/lib/python3.10/site-packages/airflow/example_dags/example_dynamic_task_mapping_with_no_taskflow_operators.py
[2025-04-04T14:28:41.777+0000] {processor.py:836} INFO - DAG(s) dict_keys(['example_dynamic_task_mapping_with_no_taskflow_operators']) retrieved from /home/vscode/.local/lib/python3.10/site-packages/airflow/example_dags/example_dynamic_task_mapping_with_no_taskflow_operators.py
[2025-04-04T14:28:41.788+0000] {logging_mixin.py:150} INFO - [2025-04-04T14:28:41.788+0000] {dag.py:2742} INFO - Sync 1 DAGs
[2025-04-04T14:28:41.803+0000] {logging_mixin.py:150} INFO - [2025-04-04T14:28:41.802+0000] {dag.py:3504} INFO - Setting next_dagrun for example_dynamic_task_mapping_with_no_taskflow_operators to 2025-04-03T14:28:41.802715+00:00, run_after=2025-04-04T14:28:41.802715+00:00
[2025-04-04T14:28:41.818+0000] {processor.py:179} INFO - Processing /home/vscode/.local/lib/python3.10/site-packages/airflow/example_dags/example_dynamic_task_mapping_with_no_taskflow_operators.py took 0.051 seconds
[2025-04-04T14:29:26.802+0000] {processor.py:157} INFO - Started process (PID=15656) to work on /home/vscode/.local/lib/python3.10/site-packages/airflow/example_dags/example_dynamic_task_mapping_with_no_taskflow_operators.py
[2025-04-04T14:29:26.803+0000] {processor.py:826} INFO - Processing file /home/vscode/.local/lib/python3.10/site-packages/airflow/example_dags/example_dynamic_task_mapping_with_no_taskflow_operators.py for tasks to queue
[2025-04-04T14:29:26.804+0000] {logging_mixin.py:150} INFO - [2025-04-04T14:29:26.804+0000] {dagbag.py:541} INFO - Filling up the DagBag from /home/vscode/.local/lib/python3.10/site-packages/airflow/example_dags/example_dynamic_task_mapping_with_no_taskflow_operators.py
[2025-04-04T14:29:26.813+0000] {processor.py:836} INFO - DAG(s) dict_keys(['example_dynamic_task_mapping_with_no_taskflow_operators']) retrieved from /home/vscode/.local/lib/python3.10/site-packages/airflow/example_dags/example_dynamic_task_mapping_with_no_taskflow_operators.py
[2025-04-04T14:29:26.826+0000] {logging_mixin.py:150} INFO - [2025-04-04T14:29:26.825+0000] {dag.py:2742} INFO - Sync 1 DAGs
[2025-04-04T14:29:26.840+0000] {logging_mixin.py:150} INFO - [2025-04-04T14:29:26.840+0000] {dag.py:3504} INFO - Setting next_dagrun for example_dynamic_task_mapping_with_no_taskflow_operators to 2025-04-03T14:29:26.840558+00:00, run_after=2025-04-04T14:29:26.840558+00:00
[2025-04-04T14:29:26.855+0000] {processor.py:179} INFO - Processing /home/vscode/.local/lib/python3.10/site-packages/airflow/example_dags/example_dynamic_task_mapping_with_no_taskflow_operators.py took 0.056 seconds
[2025-04-04T14:30:15.747+0000] {processor.py:157} INFO - Started process (PID=16032) to work on /home/vscode/.local/lib/python3.10/site-packages/airflow/example_dags/example_dynamic_task_mapping_with_no_taskflow_operators.py
[2025-04-04T14:30:15.748+0000] {processor.py:826} INFO - Processing file /home/vscode/.local/lib/python3.10/site-packages/airflow/example_dags/example_dynamic_task_mapping_with_no_taskflow_operators.py for tasks to queue
[2025-04-04T14:30:15.749+0000] {logging_mixin.py:150} INFO - [2025-04-04T14:30:15.748+0000] {dagbag.py:541} INFO - Filling up the DagBag from /home/vscode/.local/lib/python3.10/site-packages/airflow/example_dags/example_dynamic_task_mapping_with_no_taskflow_operators.py
[2025-04-04T14:30:15.755+0000] {processor.py:836} INFO - DAG(s) dict_keys(['example_dynamic_task_mapping_with_no_taskflow_operators']) retrieved from /home/vscode/.local/lib/python3.10/site-packages/airflow/example_dags/example_dynamic_task_mapping_with_no_taskflow_operators.py
[2025-04-04T14:30:15.767+0000] {logging_mixin.py:150} INFO - [2025-04-04T14:30:15.767+0000] {dag.py:2742} INFO - Sync 1 DAGs
[2025-04-04T14:30:15.781+0000] {logging_mixin.py:150} INFO - [2025-04-04T14:30:15.781+0000] {dag.py:3504} INFO - Setting next_dagrun for example_dynamic_task_mapping_with_no_taskflow_operators to 2025-04-03T14:30:15.781667+00:00, run_after=2025-04-04T14:30:15.781667+00:00
[2025-04-04T14:30:15.797+0000] {processor.py:179} INFO - Processing /home/vscode/.local/lib/python3.10/site-packages/airflow/example_dags/example_dynamic_task_mapping_with_no_taskflow_operators.py took 0.052 seconds
[2025-04-04T14:47:07.581+0000] {processor.py:157} INFO - Started process (PID=22610) to work on /home/vscode/.local/lib/python3.10/site-packages/airflow/example_dags/example_dynamic_task_mapping_with_no_taskflow_operators.py
[2025-04-04T14:47:07.582+0000] {processor.py:826} INFO - Processing file /home/vscode/.local/lib/python3.10/site-packages/airflow/example_dags/example_dynamic_task_mapping_with_no_taskflow_operators.py for tasks to queue
[2025-04-04T14:47:07.583+0000] {logging_mixin.py:150} INFO - [2025-04-04T14:47:07.582+0000] {dagbag.py:541} INFO - Filling up the DagBag from /home/vscode/.local/lib/python3.10/site-packages/airflow/example_dags/example_dynamic_task_mapping_with_no_taskflow_operators.py
[2025-04-04T14:47:07.588+0000] {processor.py:836} INFO - DAG(s) dict_keys(['example_dynamic_task_mapping_with_no_taskflow_operators']) retrieved from /home/vscode/.local/lib/python3.10/site-packages/airflow/example_dags/example_dynamic_task_mapping_with_no_taskflow_operators.py
[2025-04-04T14:47:07.601+0000] {logging_mixin.py:150} INFO - [2025-04-04T14:47:07.601+0000] {dag.py:2742} INFO - Sync 1 DAGs
[2025-04-04T14:47:07.615+0000] {logging_mixin.py:150} INFO - [2025-04-04T14:47:07.614+0000] {dag.py:3504} INFO - Setting next_dagrun for example_dynamic_task_mapping_with_no_taskflow_operators to 2025-04-03T14:47:07.614726+00:00, run_after=2025-04-04T14:47:07.614726+00:00
[2025-04-04T14:47:07.629+0000] {processor.py:179} INFO - Processing /home/vscode/.local/lib/python3.10/site-packages/airflow/example_dags/example_dynamic_task_mapping_with_no_taskflow_operators.py took 0.051 seconds
[2025-04-04T14:47:54.967+0000] {processor.py:157} INFO - Started process (PID=23097) to work on /home/vscode/.local/lib/python3.10/site-packages/airflow/example_dags/example_dynamic_task_mapping_with_no_taskflow_operators.py
[2025-04-04T14:47:54.968+0000] {processor.py:826} INFO - Processing file /home/vscode/.local/lib/python3.10/site-packages/airflow/example_dags/example_dynamic_task_mapping_with_no_taskflow_operators.py for tasks to queue
[2025-04-04T14:47:54.969+0000] {logging_mixin.py:150} INFO - [2025-04-04T14:47:54.969+0000] {dagbag.py:541} INFO - Filling up the DagBag from /home/vscode/.local/lib/python3.10/site-packages/airflow/example_dags/example_dynamic_task_mapping_with_no_taskflow_operators.py
[2025-04-04T14:47:54.975+0000] {processor.py:836} INFO - DAG(s) dict_keys(['example_dynamic_task_mapping_with_no_taskflow_operators']) retrieved from /home/vscode/.local/lib/python3.10/site-packages/airflow/example_dags/example_dynamic_task_mapping_with_no_taskflow_operators.py
[2025-04-04T14:47:54.987+0000] {logging_mixin.py:150} INFO - [2025-04-04T14:47:54.987+0000] {dag.py:2742} INFO - Sync 1 DAGs
[2025-04-04T14:47:55.001+0000] {logging_mixin.py:150} INFO - [2025-04-04T14:47:55.001+0000] {dag.py:3504} INFO - Setting next_dagrun for example_dynamic_task_mapping_with_no_taskflow_operators to 2025-04-03T14:47:55.001246+00:00, run_after=2025-04-04T14:47:55.001246+00:00
[2025-04-04T14:47:55.016+0000] {processor.py:179} INFO - Processing /home/vscode/.local/lib/python3.10/site-packages/airflow/example_dags/example_dynamic_task_mapping_with_no_taskflow_operators.py took 0.052 seconds
[2025-04-04T14:48:38.999+0000] {processor.py:157} INFO - Started process (PID=23438) to work on /home/vscode/.local/lib/python3.10/site-packages/airflow/example_dags/example_dynamic_task_mapping_with_no_taskflow_operators.py
[2025-04-04T14:48:39.000+0000] {processor.py:826} INFO - Processing file /home/vscode/.local/lib/python3.10/site-packages/airflow/example_dags/example_dynamic_task_mapping_with_no_taskflow_operators.py for tasks to queue
[2025-04-04T14:48:39.001+0000] {logging_mixin.py:150} INFO - [2025-04-04T14:48:39.001+0000] {dagbag.py:541} INFO - Filling up the DagBag from /home/vscode/.local/lib/python3.10/site-packages/airflow/example_dags/example_dynamic_task_mapping_with_no_taskflow_operators.py
[2025-04-04T14:48:39.007+0000] {processor.py:836} INFO - DAG(s) dict_keys(['example_dynamic_task_mapping_with_no_taskflow_operators']) retrieved from /home/vscode/.local/lib/python3.10/site-packages/airflow/example_dags/example_dynamic_task_mapping_with_no_taskflow_operators.py
[2025-04-04T14:48:39.019+0000] {logging_mixin.py:150} INFO - [2025-04-04T14:48:39.019+0000] {dag.py:2742} INFO - Sync 1 DAGs
[2025-04-04T14:48:39.037+0000] {logging_mixin.py:150} INFO - [2025-04-04T14:48:39.037+0000] {dag.py:3504} INFO - Setting next_dagrun for example_dynamic_task_mapping_with_no_taskflow_operators to 2025-04-03T14:48:39.037380+00:00, run_after=2025-04-04T14:48:39.037380+00:00
[2025-04-04T14:48:39.058+0000] {processor.py:179} INFO - Processing /home/vscode/.local/lib/python3.10/site-packages/airflow/example_dags/example_dynamic_task_mapping_with_no_taskflow_operators.py took 0.061 seconds
[2025-04-04T14:49:27.786+0000] {processor.py:157} INFO - Started process (PID=23797) to work on /home/vscode/.local/lib/python3.10/site-packages/airflow/example_dags/example_dynamic_task_mapping_with_no_taskflow_operators.py
[2025-04-04T14:49:27.787+0000] {processor.py:826} INFO - Processing file /home/vscode/.local/lib/python3.10/site-packages/airflow/example_dags/example_dynamic_task_mapping_with_no_taskflow_operators.py for tasks to queue
[2025-04-04T14:49:27.788+0000] {logging_mixin.py:150} INFO - [2025-04-04T14:49:27.787+0000] {dagbag.py:541} INFO - Filling up the DagBag from /home/vscode/.local/lib/python3.10/site-packages/airflow/example_dags/example_dynamic_task_mapping_with_no_taskflow_operators.py
[2025-04-04T14:49:27.793+0000] {processor.py:836} INFO - DAG(s) dict_keys(['example_dynamic_task_mapping_with_no_taskflow_operators']) retrieved from /home/vscode/.local/lib/python3.10/site-packages/airflow/example_dags/example_dynamic_task_mapping_with_no_taskflow_operators.py
[2025-04-04T14:49:27.805+0000] {logging_mixin.py:150} INFO - [2025-04-04T14:49:27.805+0000] {dag.py:2742} INFO - Sync 1 DAGs
[2025-04-04T14:49:27.819+0000] {logging_mixin.py:150} INFO - [2025-04-04T14:49:27.819+0000] {dag.py:3504} INFO - Setting next_dagrun for example_dynamic_task_mapping_with_no_taskflow_operators to 2025-04-03T14:49:27.819558+00:00, run_after=2025-04-04T14:49:27.819558+00:00
[2025-04-04T14:49:27.834+0000] {processor.py:179} INFO - Processing /home/vscode/.local/lib/python3.10/site-packages/airflow/example_dags/example_dynamic_task_mapping_with_no_taskflow_operators.py took 0.051 seconds
[2025-04-04T14:50:11.435+0000] {processor.py:157} INFO - Started process (PID=24145) to work on /home/vscode/.local/lib/python3.10/site-packages/airflow/example_dags/example_dynamic_task_mapping_with_no_taskflow_operators.py
[2025-04-04T14:50:11.436+0000] {processor.py:826} INFO - Processing file /home/vscode/.local/lib/python3.10/site-packages/airflow/example_dags/example_dynamic_task_mapping_with_no_taskflow_operators.py for tasks to queue
[2025-04-04T14:50:11.437+0000] {logging_mixin.py:150} INFO - [2025-04-04T14:50:11.436+0000] {dagbag.py:541} INFO - Filling up the DagBag from /home/vscode/.local/lib/python3.10/site-packages/airflow/example_dags/example_dynamic_task_mapping_with_no_taskflow_operators.py
[2025-04-04T14:50:11.445+0000] {processor.py:836} INFO - DAG(s) dict_keys(['example_dynamic_task_mapping_with_no_taskflow_operators']) retrieved from /home/vscode/.local/lib/python3.10/site-packages/airflow/example_dags/example_dynamic_task_mapping_with_no_taskflow_operators.py
[2025-04-04T14:50:11.458+0000] {logging_mixin.py:150} INFO - [2025-04-04T14:50:11.458+0000] {dag.py:2742} INFO - Sync 1 DAGs
[2025-04-04T14:50:11.472+0000] {logging_mixin.py:150} INFO - [2025-04-04T14:50:11.472+0000] {dag.py:3504} INFO - Setting next_dagrun for example_dynamic_task_mapping_with_no_taskflow_operators to 2025-04-03T14:50:11.472571+00:00, run_after=2025-04-04T14:50:11.472571+00:00
[2025-04-04T14:50:11.488+0000] {processor.py:179} INFO - Processing /home/vscode/.local/lib/python3.10/site-packages/airflow/example_dags/example_dynamic_task_mapping_with_no_taskflow_operators.py took 0.057 seconds
[2025-04-04T14:50:56.251+0000] {processor.py:157} INFO - Started process (PID=24471) to work on /home/vscode/.local/lib/python3.10/site-packages/airflow/example_dags/example_dynamic_task_mapping_with_no_taskflow_operators.py
[2025-04-04T14:50:56.252+0000] {processor.py:826} INFO - Processing file /home/vscode/.local/lib/python3.10/site-packages/airflow/example_dags/example_dynamic_task_mapping_with_no_taskflow_operators.py for tasks to queue
[2025-04-04T14:50:56.253+0000] {logging_mixin.py:150} INFO - [2025-04-04T14:50:56.252+0000] {dagbag.py:541} INFO - Filling up the DagBag from /home/vscode/.local/lib/python3.10/site-packages/airflow/example_dags/example_dynamic_task_mapping_with_no_taskflow_operators.py
[2025-04-04T14:50:56.259+0000] {processor.py:836} INFO - DAG(s) dict_keys(['example_dynamic_task_mapping_with_no_taskflow_operators']) retrieved from /home/vscode/.local/lib/python3.10/site-packages/airflow/example_dags/example_dynamic_task_mapping_with_no_taskflow_operators.py
[2025-04-04T14:50:56.271+0000] {logging_mixin.py:150} INFO - [2025-04-04T14:50:56.271+0000] {dag.py:2742} INFO - Sync 1 DAGs
[2025-04-04T14:50:56.285+0000] {logging_mixin.py:150} INFO - [2025-04-04T14:50:56.285+0000] {dag.py:3504} INFO - Setting next_dagrun for example_dynamic_task_mapping_with_no_taskflow_operators to 2025-04-03T14:50:56.284913+00:00, run_after=2025-04-04T14:50:56.284913+00:00
[2025-04-04T14:50:56.299+0000] {processor.py:179} INFO - Processing /home/vscode/.local/lib/python3.10/site-packages/airflow/example_dags/example_dynamic_task_mapping_with_no_taskflow_operators.py took 0.051 seconds
[2025-04-04T14:51:40.607+0000] {processor.py:157} INFO - Started process (PID=24797) to work on /home/vscode/.local/lib/python3.10/site-packages/airflow/example_dags/example_dynamic_task_mapping_with_no_taskflow_operators.py
[2025-04-04T14:51:40.608+0000] {processor.py:826} INFO - Processing file /home/vscode/.local/lib/python3.10/site-packages/airflow/example_dags/example_dynamic_task_mapping_with_no_taskflow_operators.py for tasks to queue
[2025-04-04T14:51:40.608+0000] {logging_mixin.py:150} INFO - [2025-04-04T14:51:40.608+0000] {dagbag.py:541} INFO - Filling up the DagBag from /home/vscode/.local/lib/python3.10/site-packages/airflow/example_dags/example_dynamic_task_mapping_with_no_taskflow_operators.py
[2025-04-04T14:51:40.614+0000] {processor.py:836} INFO - DAG(s) dict_keys(['example_dynamic_task_mapping_with_no_taskflow_operators']) retrieved from /home/vscode/.local/lib/python3.10/site-packages/airflow/example_dags/example_dynamic_task_mapping_with_no_taskflow_operators.py
[2025-04-04T14:51:40.626+0000] {logging_mixin.py:150} INFO - [2025-04-04T14:51:40.626+0000] {dag.py:2742} INFO - Sync 1 DAGs
[2025-04-04T14:51:40.640+0000] {logging_mixin.py:150} INFO - [2025-04-04T14:51:40.640+0000] {dag.py:3504} INFO - Setting next_dagrun for example_dynamic_task_mapping_with_no_taskflow_operators to 2025-04-03T14:51:40.640260+00:00, run_after=2025-04-04T14:51:40.640260+00:00
[2025-04-04T14:51:40.655+0000] {processor.py:179} INFO - Processing /home/vscode/.local/lib/python3.10/site-packages/airflow/example_dags/example_dynamic_task_mapping_with_no_taskflow_operators.py took 0.051 seconds
[2025-04-04T14:52:23.440+0000] {processor.py:157} INFO - Started process (PID=25083) to work on /home/vscode/.local/lib/python3.10/site-packages/airflow/example_dags/example_dynamic_task_mapping_with_no_taskflow_operators.py
[2025-04-04T14:52:23.440+0000] {processor.py:826} INFO - Processing file /home/vscode/.local/lib/python3.10/site-packages/airflow/example_dags/example_dynamic_task_mapping_with_no_taskflow_operators.py for tasks to queue
[2025-04-04T14:52:23.441+0000] {logging_mixin.py:150} INFO - [2025-04-04T14:52:23.441+0000] {dagbag.py:541} INFO - Filling up the DagBag from /home/vscode/.local/lib/python3.10/site-packages/airflow/example_dags/example_dynamic_task_mapping_with_no_taskflow_operators.py
[2025-04-04T14:52:23.447+0000] {processor.py:836} INFO - DAG(s) dict_keys(['example_dynamic_task_mapping_with_no_taskflow_operators']) retrieved from /home/vscode/.local/lib/python3.10/site-packages/airflow/example_dags/example_dynamic_task_mapping_with_no_taskflow_operators.py
[2025-04-04T14:52:23.459+0000] {logging_mixin.py:150} INFO - [2025-04-04T14:52:23.459+0000] {dag.py:2742} INFO - Sync 1 DAGs
[2025-04-04T14:52:23.473+0000] {logging_mixin.py:150} INFO - [2025-04-04T14:52:23.473+0000] {dag.py:3504} INFO - Setting next_dagrun for example_dynamic_task_mapping_with_no_taskflow_operators to 2025-04-03T14:52:23.473349+00:00, run_after=2025-04-04T14:52:23.473349+00:00
[2025-04-04T14:52:23.490+0000] {processor.py:179} INFO - Processing /home/vscode/.local/lib/python3.10/site-packages/airflow/example_dags/example_dynamic_task_mapping_with_no_taskflow_operators.py took 0.053 seconds
[2025-04-04T14:53:14.788+0000] {processor.py:157} INFO - Started process (PID=25422) to work on /home/vscode/.local/lib/python3.10/site-packages/airflow/example_dags/example_dynamic_task_mapping_with_no_taskflow_operators.py
[2025-04-04T14:53:14.789+0000] {processor.py:826} INFO - Processing file /home/vscode/.local/lib/python3.10/site-packages/airflow/example_dags/example_dynamic_task_mapping_with_no_taskflow_operators.py for tasks to queue
[2025-04-04T14:53:14.790+0000] {logging_mixin.py:150} INFO - [2025-04-04T14:53:14.790+0000] {dagbag.py:541} INFO - Filling up the DagBag from /home/vscode/.local/lib/python3.10/site-packages/airflow/example_dags/example_dynamic_task_mapping_with_no_taskflow_operators.py
[2025-04-04T14:53:14.796+0000] {processor.py:836} INFO - DAG(s) dict_keys(['example_dynamic_task_mapping_with_no_taskflow_operators']) retrieved from /home/vscode/.local/lib/python3.10/site-packages/airflow/example_dags/example_dynamic_task_mapping_with_no_taskflow_operators.py
[2025-04-04T14:53:14.808+0000] {logging_mixin.py:150} INFO - [2025-04-04T14:53:14.808+0000] {dag.py:2742} INFO - Sync 1 DAGs
[2025-04-04T14:53:14.822+0000] {logging_mixin.py:150} INFO - [2025-04-04T14:53:14.822+0000] {dag.py:3504} INFO - Setting next_dagrun for example_dynamic_task_mapping_with_no_taskflow_operators to 2025-04-03T14:53:14.822509+00:00, run_after=2025-04-04T14:53:14.822509+00:00
[2025-04-04T14:53:14.837+0000] {processor.py:179} INFO - Processing /home/vscode/.local/lib/python3.10/site-packages/airflow/example_dags/example_dynamic_task_mapping_with_no_taskflow_operators.py took 0.051 seconds
[2025-04-04T14:54:01.208+0000] {processor.py:157} INFO - Started process (PID=25732) to work on /home/vscode/.local/lib/python3.10/site-packages/airflow/example_dags/example_dynamic_task_mapping_with_no_taskflow_operators.py
[2025-04-04T14:54:01.209+0000] {processor.py:826} INFO - Processing file /home/vscode/.local/lib/python3.10/site-packages/airflow/example_dags/example_dynamic_task_mapping_with_no_taskflow_operators.py for tasks to queue
[2025-04-04T14:54:01.210+0000] {logging_mixin.py:150} INFO - [2025-04-04T14:54:01.210+0000] {dagbag.py:541} INFO - Filling up the DagBag from /home/vscode/.local/lib/python3.10/site-packages/airflow/example_dags/example_dynamic_task_mapping_with_no_taskflow_operators.py
[2025-04-04T14:54:01.217+0000] {processor.py:836} INFO - DAG(s) dict_keys(['example_dynamic_task_mapping_with_no_taskflow_operators']) retrieved from /home/vscode/.local/lib/python3.10/site-packages/airflow/example_dags/example_dynamic_task_mapping_with_no_taskflow_operators.py
[2025-04-04T14:54:01.233+0000] {logging_mixin.py:150} INFO - [2025-04-04T14:54:01.233+0000] {dag.py:2742} INFO - Sync 1 DAGs
[2025-04-04T14:54:01.255+0000] {logging_mixin.py:150} INFO - [2025-04-04T14:54:01.255+0000] {dag.py:3504} INFO - Setting next_dagrun for example_dynamic_task_mapping_with_no_taskflow_operators to 2025-04-03T14:54:01.254869+00:00, run_after=2025-04-04T14:54:01.254869+00:00
[2025-04-04T14:54:01.270+0000] {processor.py:179} INFO - Processing /home/vscode/.local/lib/python3.10/site-packages/airflow/example_dags/example_dynamic_task_mapping_with_no_taskflow_operators.py took 0.064 seconds
[2025-04-04T14:54:45.019+0000] {processor.py:157} INFO - Started process (PID=26107) to work on /home/vscode/.local/lib/python3.10/site-packages/airflow/example_dags/example_dynamic_task_mapping_with_no_taskflow_operators.py
[2025-04-04T14:54:45.020+0000] {processor.py:826} INFO - Processing file /home/vscode/.local/lib/python3.10/site-packages/airflow/example_dags/example_dynamic_task_mapping_with_no_taskflow_operators.py for tasks to queue
[2025-04-04T14:54:45.020+0000] {logging_mixin.py:150} INFO - [2025-04-04T14:54:45.020+0000] {dagbag.py:541} INFO - Filling up the DagBag from /home/vscode/.local/lib/python3.10/site-packages/airflow/example_dags/example_dynamic_task_mapping_with_no_taskflow_operators.py
[2025-04-04T14:54:45.026+0000] {processor.py:836} INFO - DAG(s) dict_keys(['example_dynamic_task_mapping_with_no_taskflow_operators']) retrieved from /home/vscode/.local/lib/python3.10/site-packages/airflow/example_dags/example_dynamic_task_mapping_with_no_taskflow_operators.py
[2025-04-04T14:54:45.038+0000] {logging_mixin.py:150} INFO - [2025-04-04T14:54:45.038+0000] {dag.py:2742} INFO - Sync 1 DAGs
[2025-04-04T14:54:45.053+0000] {logging_mixin.py:150} INFO - [2025-04-04T14:54:45.053+0000] {dag.py:3504} INFO - Setting next_dagrun for example_dynamic_task_mapping_with_no_taskflow_operators to 2025-04-03T14:54:45.052901+00:00, run_after=2025-04-04T14:54:45.052901+00:00
[2025-04-04T14:54:45.067+0000] {processor.py:179} INFO - Processing /home/vscode/.local/lib/python3.10/site-packages/airflow/example_dags/example_dynamic_task_mapping_with_no_taskflow_operators.py took 0.051 seconds
