[2025-04-04T14:27:19.606+0000] {processor.py:157} INFO - Started process (PID=14698) to work on /home/vscode/.local/lib/python3.10/site-packages/airflow/example_dags/example_branch_operator.py
[2025-04-04T14:27:19.606+0000] {processor.py:826} INFO - Processing file /home/vscode/.local/lib/python3.10/site-packages/airflow/example_dags/example_branch_operator.py for tasks to queue
[2025-04-04T14:27:19.607+0000] {logging_mixin.py:150} INFO - [2025-04-04T14:27:19.607+0000] {dagbag.py:541} INFO - Filling up the DagBag from /home/vscode/.local/lib/python3.10/site-packages/airflow/example_dags/example_branch_operator.py
[2025-04-04T14:27:19.616+0000] {processor.py:836} INFO - DAG(s) dict_keys(['example_branch_operator']) retrieved from /home/vscode/.local/lib/python3.10/site-packages/airflow/example_dags/example_branch_operator.py
[2025-04-04T14:27:19.689+0000] {logging_mixin.py:150} INFO - [2025-04-04T14:27:19.689+0000] {manager.py:504} INFO - Created Permission View: can delete on DAG:example_branch_operator
[2025-04-04T14:27:19.697+0000] {logging_mixin.py:150} INFO - [2025-04-04T14:27:19.697+0000] {manager.py:504} INFO - Created Permission View: can read on DAG:example_branch_operator
[2025-04-04T14:27:19.703+0000] {logging_mixin.py:150} INFO - [2025-04-04T14:27:19.703+0000] {manager.py:504} INFO - Created Permission View: can edit on DAG:example_branch_operator
[2025-04-04T14:27:19.710+0000] {logging_mixin.py:150} INFO - [2025-04-04T14:27:19.710+0000] {dag.py:2742} INFO - Sync 1 DAGs
[2025-04-04T14:27:19.717+0000] {logging_mixin.py:150} INFO - [2025-04-04T14:27:19.717+0000] {dag.py:2763} INFO - Creating ORM DAG for example_branch_operator
[2025-04-04T14:27:19.724+0000] {logging_mixin.py:150} INFO - [2025-04-04T14:27:19.724+0000] {dag.py:3504} INFO - Setting next_dagrun for example_branch_operator to 2025-04-03T00:00:00+00:00, run_after=2025-04-04T00:00:00+00:00
[2025-04-04T14:27:19.746+0000] {processor.py:179} INFO - Processing /home/vscode/.local/lib/python3.10/site-packages/airflow/example_dags/example_branch_operator.py took 0.143 seconds
[2025-04-04T14:28:07.055+0000] {processor.py:157} INFO - Started process (PID=15078) to work on /home/vscode/.local/lib/python3.10/site-packages/airflow/example_dags/example_branch_operator.py
[2025-04-04T14:28:07.056+0000] {processor.py:826} INFO - Processing file /home/vscode/.local/lib/python3.10/site-packages/airflow/example_dags/example_branch_operator.py for tasks to queue
[2025-04-04T14:28:07.057+0000] {logging_mixin.py:150} INFO - [2025-04-04T14:28:07.057+0000] {dagbag.py:541} INFO - Filling up the DagBag from /home/vscode/.local/lib/python3.10/site-packages/airflow/example_dags/example_branch_operator.py
[2025-04-04T14:28:07.065+0000] {processor.py:836} INFO - DAG(s) dict_keys(['example_branch_operator']) retrieved from /home/vscode/.local/lib/python3.10/site-packages/airflow/example_dags/example_branch_operator.py
[2025-04-04T14:28:07.080+0000] {logging_mixin.py:150} INFO - [2025-04-04T14:28:07.080+0000] {dag.py:2742} INFO - Sync 1 DAGs
[2025-04-04T14:28:07.096+0000] {logging_mixin.py:150} INFO - [2025-04-04T14:28:07.096+0000] {dag.py:3504} INFO - Setting next_dagrun for example_branch_operator to 2025-04-03T00:00:00+00:00, run_after=2025-04-04T00:00:00+00:00
[2025-04-04T14:28:07.112+0000] {processor.py:179} INFO - Processing /home/vscode/.local/lib/python3.10/site-packages/airflow/example_dags/example_branch_operator.py took 0.059 seconds
[2025-04-04T14:28:51.995+0000] {processor.py:157} INFO - Started process (PID=15421) to work on /home/vscode/.local/lib/python3.10/site-packages/airflow/example_dags/example_branch_operator.py
[2025-04-04T14:28:51.996+0000] {processor.py:826} INFO - Processing file /home/vscode/.local/lib/python3.10/site-packages/airflow/example_dags/example_branch_operator.py for tasks to queue
[2025-04-04T14:28:51.997+0000] {logging_mixin.py:150} INFO - [2025-04-04T14:28:51.996+0000] {dagbag.py:541} INFO - Filling up the DagBag from /home/vscode/.local/lib/python3.10/site-packages/airflow/example_dags/example_branch_operator.py
[2025-04-04T14:28:52.004+0000] {processor.py:836} INFO - DAG(s) dict_keys(['example_branch_operator']) retrieved from /home/vscode/.local/lib/python3.10/site-packages/airflow/example_dags/example_branch_operator.py
[2025-04-04T14:28:52.020+0000] {logging_mixin.py:150} INFO - [2025-04-04T14:28:52.020+0000] {dag.py:2742} INFO - Sync 1 DAGs
[2025-04-04T14:28:52.036+0000] {logging_mixin.py:150} INFO - [2025-04-04T14:28:52.036+0000] {dag.py:3504} INFO - Setting next_dagrun for example_branch_operator to 2025-04-03T00:00:00+00:00, run_after=2025-04-04T00:00:00+00:00
[2025-04-04T14:28:52.051+0000] {processor.py:179} INFO - Processing /home/vscode/.local/lib/python3.10/site-packages/airflow/example_dags/example_branch_operator.py took 0.059 seconds
[2025-04-04T14:29:51.869+0000] {processor.py:157} INFO - Started process (PID=15876) to work on /home/vscode/.local/lib/python3.10/site-packages/airflow/example_dags/example_branch_operator.py
[2025-04-04T14:29:51.870+0000] {processor.py:826} INFO - Processing file /home/vscode/.local/lib/python3.10/site-packages/airflow/example_dags/example_branch_operator.py for tasks to queue
[2025-04-04T14:29:51.871+0000] {logging_mixin.py:150} INFO - [2025-04-04T14:29:51.870+0000] {dagbag.py:541} INFO - Filling up the DagBag from /home/vscode/.local/lib/python3.10/site-packages/airflow/example_dags/example_branch_operator.py
[2025-04-04T14:29:51.878+0000] {processor.py:836} INFO - DAG(s) dict_keys(['example_branch_operator']) retrieved from /home/vscode/.local/lib/python3.10/site-packages/airflow/example_dags/example_branch_operator.py
[2025-04-04T14:29:51.893+0000] {logging_mixin.py:150} INFO - [2025-04-04T14:29:51.893+0000] {dag.py:2742} INFO - Sync 1 DAGs
[2025-04-04T14:29:51.908+0000] {logging_mixin.py:150} INFO - [2025-04-04T14:29:51.907+0000] {dag.py:3504} INFO - Setting next_dagrun for example_branch_operator to 2025-04-03T00:00:00+00:00, run_after=2025-04-04T00:00:00+00:00
[2025-04-04T14:29:51.922+0000] {processor.py:179} INFO - Processing /home/vscode/.local/lib/python3.10/site-packages/airflow/example_dags/example_branch_operator.py took 0.056 seconds
[2025-04-04T14:30:39.827+0000] {processor.py:157} INFO - Started process (PID=16335) to work on /home/vscode/.local/lib/python3.10/site-packages/airflow/example_dags/example_branch_operator.py
[2025-04-04T14:30:39.828+0000] {processor.py:826} INFO - Processing file /home/vscode/.local/lib/python3.10/site-packages/airflow/example_dags/example_branch_operator.py for tasks to queue
[2025-04-04T14:30:39.829+0000] {logging_mixin.py:150} INFO - [2025-04-04T14:30:39.829+0000] {dagbag.py:541} INFO - Filling up the DagBag from /home/vscode/.local/lib/python3.10/site-packages/airflow/example_dags/example_branch_operator.py
[2025-04-04T14:30:39.842+0000] {processor.py:836} INFO - DAG(s) dict_keys(['example_branch_operator']) retrieved from /home/vscode/.local/lib/python3.10/site-packages/airflow/example_dags/example_branch_operator.py
[2025-04-04T14:30:39.865+0000] {logging_mixin.py:150} INFO - [2025-04-04T14:30:39.864+0000] {dag.py:2742} INFO - Sync 1 DAGs
[2025-04-04T14:30:39.891+0000] {logging_mixin.py:150} INFO - [2025-04-04T14:30:39.891+0000] {dag.py:3504} INFO - Setting next_dagrun for example_branch_operator to 2025-04-03T00:00:00+00:00, run_after=2025-04-04T00:00:00+00:00
[2025-04-04T14:30:39.907+0000] {processor.py:179} INFO - Processing /home/vscode/.local/lib/python3.10/site-packages/airflow/example_dags/example_branch_operator.py took 0.084 seconds
[2025-04-04T14:47:17.858+0000] {processor.py:157} INFO - Started process (PID=22682) to work on /home/vscode/.local/lib/python3.10/site-packages/airflow/example_dags/example_branch_operator.py
[2025-04-04T14:47:17.859+0000] {processor.py:826} INFO - Processing file /home/vscode/.local/lib/python3.10/site-packages/airflow/example_dags/example_branch_operator.py for tasks to queue
[2025-04-04T14:47:17.859+0000] {logging_mixin.py:150} INFO - [2025-04-04T14:47:17.859+0000] {dagbag.py:541} INFO - Filling up the DagBag from /home/vscode/.local/lib/python3.10/site-packages/airflow/example_dags/example_branch_operator.py
[2025-04-04T14:47:17.868+0000] {processor.py:836} INFO - DAG(s) dict_keys(['example_branch_operator']) retrieved from /home/vscode/.local/lib/python3.10/site-packages/airflow/example_dags/example_branch_operator.py
[2025-04-04T14:47:17.883+0000] {logging_mixin.py:150} INFO - [2025-04-04T14:47:17.883+0000] {dag.py:2742} INFO - Sync 1 DAGs
[2025-04-04T14:47:17.898+0000] {logging_mixin.py:150} INFO - [2025-04-04T14:47:17.898+0000] {dag.py:3504} INFO - Setting next_dagrun for example_branch_operator to 2025-04-03T00:00:00+00:00, run_after=2025-04-04T00:00:00+00:00
[2025-04-04T14:47:17.914+0000] {processor.py:179} INFO - Processing /home/vscode/.local/lib/python3.10/site-packages/airflow/example_dags/example_branch_operator.py took 0.058 seconds
[2025-04-04T14:48:05.283+0000] {processor.py:157} INFO - Started process (PID=23185) to work on /home/vscode/.local/lib/python3.10/site-packages/airflow/example_dags/example_branch_operator.py
[2025-04-04T14:48:05.283+0000] {processor.py:826} INFO - Processing file /home/vscode/.local/lib/python3.10/site-packages/airflow/example_dags/example_branch_operator.py for tasks to queue
[2025-04-04T14:48:05.284+0000] {logging_mixin.py:150} INFO - [2025-04-04T14:48:05.284+0000] {dagbag.py:541} INFO - Filling up the DagBag from /home/vscode/.local/lib/python3.10/site-packages/airflow/example_dags/example_branch_operator.py
[2025-04-04T14:48:05.291+0000] {processor.py:836} INFO - DAG(s) dict_keys(['example_branch_operator']) retrieved from /home/vscode/.local/lib/python3.10/site-packages/airflow/example_dags/example_branch_operator.py
[2025-04-04T14:48:05.306+0000] {logging_mixin.py:150} INFO - [2025-04-04T14:48:05.306+0000] {dag.py:2742} INFO - Sync 1 DAGs
[2025-04-04T14:48:05.321+0000] {logging_mixin.py:150} INFO - [2025-04-04T14:48:05.321+0000] {dag.py:3504} INFO - Setting next_dagrun for example_branch_operator to 2025-04-03T00:00:00+00:00, run_after=2025-04-04T00:00:00+00:00
[2025-04-04T14:48:05.335+0000] {processor.py:179} INFO - Processing /home/vscode/.local/lib/python3.10/site-packages/airflow/example_dags/example_branch_operator.py took 0.055 seconds
[2025-04-04T14:48:49.282+0000] {processor.py:157} INFO - Started process (PID=23521) to work on /home/vscode/.local/lib/python3.10/site-packages/airflow/example_dags/example_branch_operator.py
[2025-04-04T14:48:49.282+0000] {processor.py:826} INFO - Processing file /home/vscode/.local/lib/python3.10/site-packages/airflow/example_dags/example_branch_operator.py for tasks to queue
[2025-04-04T14:48:49.283+0000] {logging_mixin.py:150} INFO - [2025-04-04T14:48:49.283+0000] {dagbag.py:541} INFO - Filling up the DagBag from /home/vscode/.local/lib/python3.10/site-packages/airflow/example_dags/example_branch_operator.py
[2025-04-04T14:48:49.290+0000] {processor.py:836} INFO - DAG(s) dict_keys(['example_branch_operator']) retrieved from /home/vscode/.local/lib/python3.10/site-packages/airflow/example_dags/example_branch_operator.py
[2025-04-04T14:48:49.305+0000] {logging_mixin.py:150} INFO - [2025-04-04T14:48:49.305+0000] {dag.py:2742} INFO - Sync 1 DAGs
[2025-04-04T14:48:49.320+0000] {logging_mixin.py:150} INFO - [2025-04-04T14:48:49.320+0000] {dag.py:3504} INFO - Setting next_dagrun for example_branch_operator to 2025-04-03T00:00:00+00:00, run_after=2025-04-04T00:00:00+00:00
[2025-04-04T14:48:49.335+0000] {processor.py:179} INFO - Processing /home/vscode/.local/lib/python3.10/site-packages/airflow/example_dags/example_branch_operator.py took 0.056 seconds
[2025-04-04T14:49:36.107+0000] {processor.py:157} INFO - Started process (PID=23864) to work on /home/vscode/.local/lib/python3.10/site-packages/airflow/example_dags/example_branch_operator.py
[2025-04-04T14:49:36.108+0000] {processor.py:826} INFO - Processing file /home/vscode/.local/lib/python3.10/site-packages/airflow/example_dags/example_branch_operator.py for tasks to queue
[2025-04-04T14:49:36.109+0000] {logging_mixin.py:150} INFO - [2025-04-04T14:49:36.108+0000] {dagbag.py:541} INFO - Filling up the DagBag from /home/vscode/.local/lib/python3.10/site-packages/airflow/example_dags/example_branch_operator.py
[2025-04-04T14:49:36.126+0000] {processor.py:836} INFO - DAG(s) dict_keys(['example_branch_operator']) retrieved from /home/vscode/.local/lib/python3.10/site-packages/airflow/example_dags/example_branch_operator.py
[2025-04-04T14:49:36.152+0000] {logging_mixin.py:150} INFO - [2025-04-04T14:49:36.151+0000] {dag.py:2742} INFO - Sync 1 DAGs
[2025-04-04T14:49:36.168+0000] {logging_mixin.py:150} INFO - [2025-04-04T14:49:36.168+0000] {dag.py:3504} INFO - Setting next_dagrun for example_branch_operator to 2025-04-03T00:00:00+00:00, run_after=2025-04-04T00:00:00+00:00
[2025-04-04T14:49:36.182+0000] {processor.py:179} INFO - Processing /home/vscode/.local/lib/python3.10/site-packages/airflow/example_dags/example_branch_operator.py took 0.078 seconds
[2025-04-04T14:50:35.730+0000] {processor.py:157} INFO - Started process (PID=24323) to work on /home/vscode/.local/lib/python3.10/site-packages/airflow/example_dags/example_branch_operator.py
[2025-04-04T14:50:35.731+0000] {processor.py:826} INFO - Processing file /home/vscode/.local/lib/python3.10/site-packages/airflow/example_dags/example_branch_operator.py for tasks to queue
[2025-04-04T14:50:35.731+0000] {logging_mixin.py:150} INFO - [2025-04-04T14:50:35.731+0000] {dagbag.py:541} INFO - Filling up the DagBag from /home/vscode/.local/lib/python3.10/site-packages/airflow/example_dags/example_branch_operator.py
[2025-04-04T14:50:35.739+0000] {processor.py:836} INFO - DAG(s) dict_keys(['example_branch_operator']) retrieved from /home/vscode/.local/lib/python3.10/site-packages/airflow/example_dags/example_branch_operator.py
[2025-04-04T14:50:35.754+0000] {logging_mixin.py:150} INFO - [2025-04-04T14:50:35.754+0000] {dag.py:2742} INFO - Sync 1 DAGs
[2025-04-04T14:50:35.769+0000] {logging_mixin.py:150} INFO - [2025-04-04T14:50:35.769+0000] {dag.py:3504} INFO - Setting next_dagrun for example_branch_operator to 2025-04-03T00:00:00+00:00, run_after=2025-04-04T00:00:00+00:00
[2025-04-04T14:50:35.784+0000] {processor.py:179} INFO - Processing /home/vscode/.local/lib/python3.10/site-packages/airflow/example_dags/example_branch_operator.py took 0.057 seconds
[2025-04-04T14:51:33.673+0000] {processor.py:157} INFO - Started process (PID=24740) to work on /home/vscode/.local/lib/python3.10/site-packages/airflow/example_dags/example_branch_operator.py
[2025-04-04T14:51:33.673+0000] {processor.py:826} INFO - Processing file /home/vscode/.local/lib/python3.10/site-packages/airflow/example_dags/example_branch_operator.py for tasks to queue
[2025-04-04T14:51:33.674+0000] {logging_mixin.py:150} INFO - [2025-04-04T14:51:33.674+0000] {dagbag.py:541} INFO - Filling up the DagBag from /home/vscode/.local/lib/python3.10/site-packages/airflow/example_dags/example_branch_operator.py
[2025-04-04T14:51:33.681+0000] {processor.py:836} INFO - DAG(s) dict_keys(['example_branch_operator']) retrieved from /home/vscode/.local/lib/python3.10/site-packages/airflow/example_dags/example_branch_operator.py
[2025-04-04T14:51:33.696+0000] {logging_mixin.py:150} INFO - [2025-04-04T14:51:33.696+0000] {dag.py:2742} INFO - Sync 1 DAGs
[2025-04-04T14:51:33.711+0000] {logging_mixin.py:150} INFO - [2025-04-04T14:51:33.710+0000] {dag.py:3504} INFO - Setting next_dagrun for example_branch_operator to 2025-04-03T00:00:00+00:00, run_after=2025-04-04T00:00:00+00:00
[2025-04-04T14:51:33.725+0000] {processor.py:179} INFO - Processing /home/vscode/.local/lib/python3.10/site-packages/airflow/example_dags/example_branch_operator.py took 0.055 seconds
[2025-04-04T14:52:28.877+0000] {processor.py:157} INFO - Started process (PID=25112) to work on /home/vscode/.local/lib/python3.10/site-packages/airflow/example_dags/example_branch_operator.py
[2025-04-04T14:52:28.878+0000] {processor.py:826} INFO - Processing file /home/vscode/.local/lib/python3.10/site-packages/airflow/example_dags/example_branch_operator.py for tasks to queue
[2025-04-04T14:52:28.878+0000] {logging_mixin.py:150} INFO - [2025-04-04T14:52:28.878+0000] {dagbag.py:541} INFO - Filling up the DagBag from /home/vscode/.local/lib/python3.10/site-packages/airflow/example_dags/example_branch_operator.py
[2025-04-04T14:52:28.886+0000] {processor.py:836} INFO - DAG(s) dict_keys(['example_branch_operator']) retrieved from /home/vscode/.local/lib/python3.10/site-packages/airflow/example_dags/example_branch_operator.py
[2025-04-04T14:52:28.901+0000] {logging_mixin.py:150} INFO - [2025-04-04T14:52:28.901+0000] {dag.py:2742} INFO - Sync 1 DAGs
[2025-04-04T14:52:28.916+0000] {logging_mixin.py:150} INFO - [2025-04-04T14:52:28.916+0000] {dag.py:3504} INFO - Setting next_dagrun for example_branch_operator to 2025-04-03T00:00:00+00:00, run_after=2025-04-04T00:00:00+00:00
[2025-04-04T14:52:28.931+0000] {processor.py:179} INFO - Processing /home/vscode/.local/lib/python3.10/site-packages/airflow/example_dags/example_branch_operator.py took 0.056 seconds
[2025-04-04T14:53:20.530+0000] {processor.py:157} INFO - Started process (PID=25464) to work on /home/vscode/.local/lib/python3.10/site-packages/airflow/example_dags/example_branch_operator.py
[2025-04-04T14:53:20.531+0000] {processor.py:826} INFO - Processing file /home/vscode/.local/lib/python3.10/site-packages/airflow/example_dags/example_branch_operator.py for tasks to queue
[2025-04-04T14:53:20.532+0000] {logging_mixin.py:150} INFO - [2025-04-04T14:53:20.531+0000] {dagbag.py:541} INFO - Filling up the DagBag from /home/vscode/.local/lib/python3.10/site-packages/airflow/example_dags/example_branch_operator.py
[2025-04-04T14:53:20.539+0000] {processor.py:836} INFO - DAG(s) dict_keys(['example_branch_operator']) retrieved from /home/vscode/.local/lib/python3.10/site-packages/airflow/example_dags/example_branch_operator.py
[2025-04-04T14:53:20.553+0000] {logging_mixin.py:150} INFO - [2025-04-04T14:53:20.553+0000] {dag.py:2742} INFO - Sync 1 DAGs
[2025-04-04T14:53:20.569+0000] {logging_mixin.py:150} INFO - [2025-04-04T14:53:20.568+0000] {dag.py:3504} INFO - Setting next_dagrun for example_branch_operator to 2025-04-03T00:00:00+00:00, run_after=2025-04-04T00:00:00+00:00
[2025-04-04T14:53:20.584+0000] {processor.py:179} INFO - Processing /home/vscode/.local/lib/python3.10/site-packages/airflow/example_dags/example_branch_operator.py took 0.056 seconds
[2025-04-04T14:54:06.757+0000] {processor.py:157} INFO - Started process (PID=25768) to work on /home/vscode/.local/lib/python3.10/site-packages/airflow/example_dags/example_branch_operator.py
[2025-04-04T14:54:06.758+0000] {processor.py:826} INFO - Processing file /home/vscode/.local/lib/python3.10/site-packages/airflow/example_dags/example_branch_operator.py for tasks to queue
[2025-04-04T14:54:06.759+0000] {logging_mixin.py:150} INFO - [2025-04-04T14:54:06.759+0000] {dagbag.py:541} INFO - Filling up the DagBag from /home/vscode/.local/lib/python3.10/site-packages/airflow/example_dags/example_branch_operator.py
[2025-04-04T14:54:06.766+0000] {processor.py:836} INFO - DAG(s) dict_keys(['example_branch_operator']) retrieved from /home/vscode/.local/lib/python3.10/site-packages/airflow/example_dags/example_branch_operator.py
[2025-04-04T14:54:06.781+0000] {logging_mixin.py:150} INFO - [2025-04-04T14:54:06.781+0000] {dag.py:2742} INFO - Sync 1 DAGs
[2025-04-04T14:54:06.796+0000] {logging_mixin.py:150} INFO - [2025-04-04T14:54:06.795+0000] {dag.py:3504} INFO - Setting next_dagrun for example_branch_operator to 2025-04-03T00:00:00+00:00, run_after=2025-04-04T00:00:00+00:00
[2025-04-04T14:54:06.810+0000] {processor.py:179} INFO - Processing /home/vscode/.local/lib/python3.10/site-packages/airflow/example_dags/example_branch_operator.py took 0.056 seconds
