[2025-04-04T14:27:11.792+0000] {processor.py:157} INFO - Started process (PID=14646) to work on /home/vscode/.local/lib/python3.10/site-packages/airflow/example_dags/example_dag_decorator.py
[2025-04-04T14:27:11.792+0000] {processor.py:826} INFO - Processing file /home/vscode/.local/lib/python3.10/site-packages/airflow/example_dags/example_dag_decorator.py for tasks to queue
[2025-04-04T14:27:11.793+0000] {logging_mixin.py:150} INFO - [2025-04-04T14:27:11.793+0000] {dagbag.py:541} INFO - Filling up the DagBag from /home/vscode/.local/lib/python3.10/site-packages/airflow/example_dags/example_dag_decorator.py
[2025-04-04T14:27:11.803+0000] {processor.py:836} INFO - DAG(s) dict_keys(['example_dag_decorator']) retrieved from /home/vscode/.local/lib/python3.10/site-packages/airflow/example_dags/example_dag_decorator.py
[2025-04-04T14:27:11.877+0000] {logging_mixin.py:150} INFO - [2025-04-04T14:27:11.877+0000] {manager.py:504} INFO - Created Permission View: can delete on DAG:example_dag_decorator
[2025-04-04T14:27:11.884+0000] {logging_mixin.py:150} INFO - [2025-04-04T14:27:11.884+0000] {manager.py:504} INFO - Created Permission View: can read on DAG:example_dag_decorator
[2025-04-04T14:27:11.890+0000] {logging_mixin.py:150} INFO - [2025-04-04T14:27:11.890+0000] {manager.py:504} INFO - Created Permission View: can edit on DAG:example_dag_decorator
[2025-04-04T14:27:11.897+0000] {logging_mixin.py:150} INFO - [2025-04-04T14:27:11.897+0000] {dag.py:2742} INFO - Sync 1 DAGs
[2025-04-04T14:27:11.904+0000] {logging_mixin.py:150} INFO - [2025-04-04T14:27:11.903+0000] {dag.py:2763} INFO - Creating ORM DAG for example_dag_decorator
[2025-04-04T14:27:11.909+0000] {logging_mixin.py:150} INFO - [2025-04-04T14:27:11.909+0000] {dag.py:3504} INFO - Setting next_dagrun for example_dag_decorator to None, run_after=None
[2025-04-04T14:27:11.925+0000] {processor.py:179} INFO - Processing /home/vscode/.local/lib/python3.10/site-packages/airflow/example_dags/example_dag_decorator.py took 0.135 seconds
[2025-04-04T14:27:59.541+0000] {processor.py:157} INFO - Started process (PID=15020) to work on /home/vscode/.local/lib/python3.10/site-packages/airflow/example_dags/example_dag_decorator.py
[2025-04-04T14:27:59.541+0000] {processor.py:826} INFO - Processing file /home/vscode/.local/lib/python3.10/site-packages/airflow/example_dags/example_dag_decorator.py for tasks to queue
[2025-04-04T14:27:59.542+0000] {logging_mixin.py:150} INFO - [2025-04-04T14:27:59.542+0000] {dagbag.py:541} INFO - Filling up the DagBag from /home/vscode/.local/lib/python3.10/site-packages/airflow/example_dags/example_dag_decorator.py
[2025-04-04T14:27:59.553+0000] {processor.py:836} INFO - DAG(s) dict_keys(['example_dag_decorator']) retrieved from /home/vscode/.local/lib/python3.10/site-packages/airflow/example_dags/example_dag_decorator.py
[2025-04-04T14:27:59.624+0000] {logging_mixin.py:150} INFO - [2025-04-04T14:27:59.624+0000] {dag.py:2742} INFO - Sync 1 DAGs
[2025-04-04T14:27:59.639+0000] {logging_mixin.py:150} INFO - [2025-04-04T14:27:59.639+0000] {dag.py:3504} INFO - Setting next_dagrun for example_dag_decorator to None, run_after=None
[2025-04-04T14:27:59.654+0000] {processor.py:179} INFO - Processing /home/vscode/.local/lib/python3.10/site-packages/airflow/example_dags/example_dag_decorator.py took 0.116 seconds
[2025-04-04T14:28:43.343+0000] {processor.py:157} INFO - Started process (PID=15354) to work on /home/vscode/.local/lib/python3.10/site-packages/airflow/example_dags/example_dag_decorator.py
[2025-04-04T14:28:43.344+0000] {processor.py:826} INFO - Processing file /home/vscode/.local/lib/python3.10/site-packages/airflow/example_dags/example_dag_decorator.py for tasks to queue
[2025-04-04T14:28:43.345+0000] {logging_mixin.py:150} INFO - [2025-04-04T14:28:43.344+0000] {dagbag.py:541} INFO - Filling up the DagBag from /home/vscode/.local/lib/python3.10/site-packages/airflow/example_dags/example_dag_decorator.py
[2025-04-04T14:28:43.354+0000] {processor.py:836} INFO - DAG(s) dict_keys(['example_dag_decorator']) retrieved from /home/vscode/.local/lib/python3.10/site-packages/airflow/example_dags/example_dag_decorator.py
[2025-04-04T14:28:43.425+0000] {logging_mixin.py:150} INFO - [2025-04-04T14:28:43.425+0000] {dag.py:2742} INFO - Sync 1 DAGs
[2025-04-04T14:28:43.437+0000] {logging_mixin.py:150} INFO - [2025-04-04T14:28:43.437+0000] {dag.py:3504} INFO - Setting next_dagrun for example_dag_decorator to None, run_after=None
[2025-04-04T14:28:43.453+0000] {processor.py:179} INFO - Processing /home/vscode/.local/lib/python3.10/site-packages/airflow/example_dags/example_dag_decorator.py took 0.113 seconds
[2025-04-04T14:29:29.074+0000] {processor.py:157} INFO - Started process (PID=15666) to work on /home/vscode/.local/lib/python3.10/site-packages/airflow/example_dags/example_dag_decorator.py
[2025-04-04T14:29:29.075+0000] {processor.py:826} INFO - Processing file /home/vscode/.local/lib/python3.10/site-packages/airflow/example_dags/example_dag_decorator.py for tasks to queue
[2025-04-04T14:29:29.076+0000] {logging_mixin.py:150} INFO - [2025-04-04T14:29:29.076+0000] {dagbag.py:541} INFO - Filling up the DagBag from /home/vscode/.local/lib/python3.10/site-packages/airflow/example_dags/example_dag_decorator.py
[2025-04-04T14:29:29.086+0000] {processor.py:836} INFO - DAG(s) dict_keys(['example_dag_decorator']) retrieved from /home/vscode/.local/lib/python3.10/site-packages/airflow/example_dags/example_dag_decorator.py
[2025-04-04T14:29:29.159+0000] {logging_mixin.py:150} INFO - [2025-04-04T14:29:29.159+0000] {dag.py:2742} INFO - Sync 1 DAGs
[2025-04-04T14:29:29.171+0000] {logging_mixin.py:150} INFO - [2025-04-04T14:29:29.171+0000] {dag.py:3504} INFO - Setting next_dagrun for example_dag_decorator to None, run_after=None
[2025-04-04T14:29:29.186+0000] {processor.py:179} INFO - Processing /home/vscode/.local/lib/python3.10/site-packages/airflow/example_dags/example_dag_decorator.py took 0.115 seconds
[2025-04-04T14:30:18.012+0000] {processor.py:157} INFO - Started process (PID=16042) to work on /home/vscode/.local/lib/python3.10/site-packages/airflow/example_dags/example_dag_decorator.py
[2025-04-04T14:30:18.013+0000] {processor.py:826} INFO - Processing file /home/vscode/.local/lib/python3.10/site-packages/airflow/example_dags/example_dag_decorator.py for tasks to queue
[2025-04-04T14:30:18.014+0000] {logging_mixin.py:150} INFO - [2025-04-04T14:30:18.014+0000] {dagbag.py:541} INFO - Filling up the DagBag from /home/vscode/.local/lib/python3.10/site-packages/airflow/example_dags/example_dag_decorator.py
[2025-04-04T14:30:18.024+0000] {processor.py:836} INFO - DAG(s) dict_keys(['example_dag_decorator']) retrieved from /home/vscode/.local/lib/python3.10/site-packages/airflow/example_dags/example_dag_decorator.py
[2025-04-04T14:30:18.096+0000] {logging_mixin.py:150} INFO - [2025-04-04T14:30:18.096+0000] {dag.py:2742} INFO - Sync 1 DAGs
[2025-04-04T14:30:18.109+0000] {logging_mixin.py:150} INFO - [2025-04-04T14:30:18.109+0000] {dag.py:3504} INFO - Setting next_dagrun for example_dag_decorator to None, run_after=None
[2025-04-04T14:30:18.123+0000] {processor.py:179} INFO - Processing /home/vscode/.local/lib/python3.10/site-packages/airflow/example_dags/example_dag_decorator.py took 0.114 seconds
[2025-04-04T14:47:09.845+0000] {processor.py:157} INFO - Started process (PID=22626) to work on /home/vscode/.local/lib/python3.10/site-packages/airflow/example_dags/example_dag_decorator.py
[2025-04-04T14:47:09.846+0000] {processor.py:826} INFO - Processing file /home/vscode/.local/lib/python3.10/site-packages/airflow/example_dags/example_dag_decorator.py for tasks to queue
[2025-04-04T14:47:09.846+0000] {logging_mixin.py:150} INFO - [2025-04-04T14:47:09.846+0000] {dagbag.py:541} INFO - Filling up the DagBag from /home/vscode/.local/lib/python3.10/site-packages/airflow/example_dags/example_dag_decorator.py
[2025-04-04T14:47:09.856+0000] {processor.py:836} INFO - DAG(s) dict_keys(['example_dag_decorator']) retrieved from /home/vscode/.local/lib/python3.10/site-packages/airflow/example_dags/example_dag_decorator.py
[2025-04-04T14:47:09.926+0000] {logging_mixin.py:150} INFO - [2025-04-04T14:47:09.926+0000] {dag.py:2742} INFO - Sync 1 DAGs
[2025-04-04T14:47:09.938+0000] {logging_mixin.py:150} INFO - [2025-04-04T14:47:09.938+0000] {dag.py:3504} INFO - Setting next_dagrun for example_dag_decorator to None, run_after=None
[2025-04-04T14:47:09.952+0000] {processor.py:179} INFO - Processing /home/vscode/.local/lib/python3.10/site-packages/airflow/example_dags/example_dag_decorator.py took 0.110 seconds
[2025-04-04T14:47:56.641+0000] {processor.py:157} INFO - Started process (PID=23111) to work on /home/vscode/.local/lib/python3.10/site-packages/airflow/example_dags/example_dag_decorator.py
[2025-04-04T14:47:56.642+0000] {processor.py:826} INFO - Processing file /home/vscode/.local/lib/python3.10/site-packages/airflow/example_dags/example_dag_decorator.py for tasks to queue
[2025-04-04T14:47:56.643+0000] {logging_mixin.py:150} INFO - [2025-04-04T14:47:56.643+0000] {dagbag.py:541} INFO - Filling up the DagBag from /home/vscode/.local/lib/python3.10/site-packages/airflow/example_dags/example_dag_decorator.py
[2025-04-04T14:47:56.652+0000] {processor.py:836} INFO - DAG(s) dict_keys(['example_dag_decorator']) retrieved from /home/vscode/.local/lib/python3.10/site-packages/airflow/example_dags/example_dag_decorator.py
[2025-04-04T14:47:56.725+0000] {logging_mixin.py:150} INFO - [2025-04-04T14:47:56.725+0000] {dag.py:2742} INFO - Sync 1 DAGs
[2025-04-04T14:47:56.738+0000] {logging_mixin.py:150} INFO - [2025-04-04T14:47:56.738+0000] {dag.py:3504} INFO - Setting next_dagrun for example_dag_decorator to None, run_after=None
[2025-04-04T14:47:56.753+0000] {processor.py:179} INFO - Processing /home/vscode/.local/lib/python3.10/site-packages/airflow/example_dags/example_dag_decorator.py took 0.114 seconds
[2025-04-04T14:48:41.264+0000] {processor.py:157} INFO - Started process (PID=23461) to work on /home/vscode/.local/lib/python3.10/site-packages/airflow/example_dags/example_dag_decorator.py
[2025-04-04T14:48:41.264+0000] {processor.py:826} INFO - Processing file /home/vscode/.local/lib/python3.10/site-packages/airflow/example_dags/example_dag_decorator.py for tasks to queue
[2025-04-04T14:48:41.265+0000] {logging_mixin.py:150} INFO - [2025-04-04T14:48:41.265+0000] {dagbag.py:541} INFO - Filling up the DagBag from /home/vscode/.local/lib/python3.10/site-packages/airflow/example_dags/example_dag_decorator.py
[2025-04-04T14:48:41.275+0000] {processor.py:836} INFO - DAG(s) dict_keys(['example_dag_decorator']) retrieved from /home/vscode/.local/lib/python3.10/site-packages/airflow/example_dags/example_dag_decorator.py
[2025-04-04T14:48:41.353+0000] {logging_mixin.py:150} INFO - [2025-04-04T14:48:41.353+0000] {dag.py:2742} INFO - Sync 1 DAGs
[2025-04-04T14:48:41.372+0000] {logging_mixin.py:150} INFO - [2025-04-04T14:48:41.371+0000] {dag.py:3504} INFO - Setting next_dagrun for example_dag_decorator to None, run_after=None
[2025-04-04T14:48:41.398+0000] {processor.py:179} INFO - Processing /home/vscode/.local/lib/python3.10/site-packages/airflow/example_dags/example_dag_decorator.py took 0.137 seconds
[2025-04-04T14:49:29.073+0000] {processor.py:157} INFO - Started process (PID=23812) to work on /home/vscode/.local/lib/python3.10/site-packages/airflow/example_dags/example_dag_decorator.py
[2025-04-04T14:49:29.074+0000] {processor.py:826} INFO - Processing file /home/vscode/.local/lib/python3.10/site-packages/airflow/example_dags/example_dag_decorator.py for tasks to queue
[2025-04-04T14:49:29.074+0000] {logging_mixin.py:150} INFO - [2025-04-04T14:49:29.074+0000] {dagbag.py:541} INFO - Filling up the DagBag from /home/vscode/.local/lib/python3.10/site-packages/airflow/example_dags/example_dag_decorator.py
[2025-04-04T14:49:29.085+0000] {processor.py:836} INFO - DAG(s) dict_keys(['example_dag_decorator']) retrieved from /home/vscode/.local/lib/python3.10/site-packages/airflow/example_dags/example_dag_decorator.py
[2025-04-04T14:49:29.159+0000] {logging_mixin.py:150} INFO - [2025-04-04T14:49:29.159+0000] {dag.py:2742} INFO - Sync 1 DAGs
[2025-04-04T14:49:29.172+0000] {logging_mixin.py:150} INFO - [2025-04-04T14:49:29.172+0000] {dag.py:3504} INFO - Setting next_dagrun for example_dag_decorator to None, run_after=None
[2025-04-04T14:49:29.186+0000] {processor.py:179} INFO - Processing /home/vscode/.local/lib/python3.10/site-packages/airflow/example_dags/example_dag_decorator.py took 0.116 seconds
[2025-04-04T14:50:13.698+0000] {processor.py:157} INFO - Started process (PID=24165) to work on /home/vscode/.local/lib/python3.10/site-packages/airflow/example_dags/example_dag_decorator.py
[2025-04-04T14:50:13.699+0000] {processor.py:826} INFO - Processing file /home/vscode/.local/lib/python3.10/site-packages/airflow/example_dags/example_dag_decorator.py for tasks to queue
[2025-04-04T14:50:13.700+0000] {logging_mixin.py:150} INFO - [2025-04-04T14:50:13.700+0000] {dagbag.py:541} INFO - Filling up the DagBag from /home/vscode/.local/lib/python3.10/site-packages/airflow/example_dags/example_dag_decorator.py
[2025-04-04T14:50:13.710+0000] {processor.py:836} INFO - DAG(s) dict_keys(['example_dag_decorator']) retrieved from /home/vscode/.local/lib/python3.10/site-packages/airflow/example_dags/example_dag_decorator.py
[2025-04-04T14:50:13.792+0000] {logging_mixin.py:150} INFO - [2025-04-04T14:50:13.792+0000] {dag.py:2742} INFO - Sync 1 DAGs
[2025-04-04T14:50:13.804+0000] {logging_mixin.py:150} INFO - [2025-04-04T14:50:13.804+0000] {dag.py:3504} INFO - Setting next_dagrun for example_dag_decorator to None, run_after=None
[2025-04-04T14:50:13.821+0000] {processor.py:179} INFO - Processing /home/vscode/.local/lib/python3.10/site-packages/airflow/example_dags/example_dag_decorator.py took 0.125 seconds
[2025-04-04T14:50:57.698+0000] {processor.py:157} INFO - Started process (PID=24484) to work on /home/vscode/.local/lib/python3.10/site-packages/airflow/example_dags/example_dag_decorator.py
[2025-04-04T14:50:57.699+0000] {processor.py:826} INFO - Processing file /home/vscode/.local/lib/python3.10/site-packages/airflow/example_dags/example_dag_decorator.py for tasks to queue
[2025-04-04T14:50:57.699+0000] {logging_mixin.py:150} INFO - [2025-04-04T14:50:57.699+0000] {dagbag.py:541} INFO - Filling up the DagBag from /home/vscode/.local/lib/python3.10/site-packages/airflow/example_dags/example_dag_decorator.py
[2025-04-04T14:50:57.710+0000] {processor.py:836} INFO - DAG(s) dict_keys(['example_dag_decorator']) retrieved from /home/vscode/.local/lib/python3.10/site-packages/airflow/example_dags/example_dag_decorator.py
[2025-04-04T14:50:57.798+0000] {logging_mixin.py:150} INFO - [2025-04-04T14:50:57.798+0000] {dag.py:2742} INFO - Sync 1 DAGs
[2025-04-04T14:50:57.810+0000] {logging_mixin.py:150} INFO - [2025-04-04T14:50:57.810+0000] {dag.py:3504} INFO - Setting next_dagrun for example_dag_decorator to None, run_after=None
[2025-04-04T14:50:57.825+0000] {processor.py:179} INFO - Processing /home/vscode/.local/lib/python3.10/site-packages/airflow/example_dags/example_dag_decorator.py took 0.130 seconds
[2025-04-04T14:51:42.810+0000] {processor.py:157} INFO - Started process (PID=24807) to work on /home/vscode/.local/lib/python3.10/site-packages/airflow/example_dags/example_dag_decorator.py
[2025-04-04T14:51:42.811+0000] {processor.py:826} INFO - Processing file /home/vscode/.local/lib/python3.10/site-packages/airflow/example_dags/example_dag_decorator.py for tasks to queue
[2025-04-04T14:51:42.812+0000] {logging_mixin.py:150} INFO - [2025-04-04T14:51:42.811+0000] {dagbag.py:541} INFO - Filling up the DagBag from /home/vscode/.local/lib/python3.10/site-packages/airflow/example_dags/example_dag_decorator.py
[2025-04-04T14:51:42.822+0000] {processor.py:836} INFO - DAG(s) dict_keys(['example_dag_decorator']) retrieved from /home/vscode/.local/lib/python3.10/site-packages/airflow/example_dags/example_dag_decorator.py
[2025-04-04T14:51:42.893+0000] {logging_mixin.py:150} INFO - [2025-04-04T14:51:42.893+0000] {dag.py:2742} INFO - Sync 1 DAGs
[2025-04-04T14:51:42.906+0000] {logging_mixin.py:150} INFO - [2025-04-04T14:51:42.906+0000] {dag.py:3504} INFO - Setting next_dagrun for example_dag_decorator to None, run_after=None
[2025-04-04T14:51:42.921+0000] {processor.py:179} INFO - Processing /home/vscode/.local/lib/python3.10/site-packages/airflow/example_dags/example_dag_decorator.py took 0.114 seconds
[2025-04-04T14:52:25.158+0000] {processor.py:157} INFO - Started process (PID=25086) to work on /home/vscode/.local/lib/python3.10/site-packages/airflow/example_dags/example_dag_decorator.py
[2025-04-04T14:52:25.159+0000] {processor.py:826} INFO - Processing file /home/vscode/.local/lib/python3.10/site-packages/airflow/example_dags/example_dag_decorator.py for tasks to queue
[2025-04-04T14:52:25.159+0000] {logging_mixin.py:150} INFO - [2025-04-04T14:52:25.159+0000] {dagbag.py:541} INFO - Filling up the DagBag from /home/vscode/.local/lib/python3.10/site-packages/airflow/example_dags/example_dag_decorator.py
[2025-04-04T14:52:25.169+0000] {processor.py:836} INFO - DAG(s) dict_keys(['example_dag_decorator']) retrieved from /home/vscode/.local/lib/python3.10/site-packages/airflow/example_dags/example_dag_decorator.py
[2025-04-04T14:52:25.239+0000] {logging_mixin.py:150} INFO - [2025-04-04T14:52:25.239+0000] {dag.py:2742} INFO - Sync 1 DAGs
[2025-04-04T14:52:25.251+0000] {logging_mixin.py:150} INFO - [2025-04-04T14:52:25.251+0000] {dag.py:3504} INFO - Setting next_dagrun for example_dag_decorator to None, run_after=None
[2025-04-04T14:52:25.266+0000] {processor.py:179} INFO - Processing /home/vscode/.local/lib/python3.10/site-packages/airflow/example_dags/example_dag_decorator.py took 0.111 seconds
[2025-04-04T14:53:16.530+0000] {processor.py:157} INFO - Started process (PID=25432) to work on /home/vscode/.local/lib/python3.10/site-packages/airflow/example_dags/example_dag_decorator.py
[2025-04-04T14:53:16.531+0000] {processor.py:826} INFO - Processing file /home/vscode/.local/lib/python3.10/site-packages/airflow/example_dags/example_dag_decorator.py for tasks to queue
[2025-04-04T14:53:16.532+0000] {logging_mixin.py:150} INFO - [2025-04-04T14:53:16.532+0000] {dagbag.py:541} INFO - Filling up the DagBag from /home/vscode/.local/lib/python3.10/site-packages/airflow/example_dags/example_dag_decorator.py
[2025-04-04T14:53:16.542+0000] {processor.py:836} INFO - DAG(s) dict_keys(['example_dag_decorator']) retrieved from /home/vscode/.local/lib/python3.10/site-packages/airflow/example_dags/example_dag_decorator.py
[2025-04-04T14:53:16.612+0000] {logging_mixin.py:150} INFO - [2025-04-04T14:53:16.612+0000] {dag.py:2742} INFO - Sync 1 DAGs
[2025-04-04T14:53:16.625+0000] {logging_mixin.py:150} INFO - [2025-04-04T14:53:16.625+0000] {dag.py:3504} INFO - Setting next_dagrun for example_dag_decorator to None, run_after=None
[2025-04-04T14:53:16.639+0000] {processor.py:179} INFO - Processing /home/vscode/.local/lib/python3.10/site-packages/airflow/example_dags/example_dag_decorator.py took 0.111 seconds
[2025-04-04T14:54:02.758+0000] {processor.py:157} INFO - Started process (PID=25742) to work on /home/vscode/.local/lib/python3.10/site-packages/airflow/example_dags/example_dag_decorator.py
[2025-04-04T14:54:02.759+0000] {processor.py:826} INFO - Processing file /home/vscode/.local/lib/python3.10/site-packages/airflow/example_dags/example_dag_decorator.py for tasks to queue
[2025-04-04T14:54:02.760+0000] {logging_mixin.py:150} INFO - [2025-04-04T14:54:02.760+0000] {dagbag.py:541} INFO - Filling up the DagBag from /home/vscode/.local/lib/python3.10/site-packages/airflow/example_dags/example_dag_decorator.py
[2025-04-04T14:54:02.770+0000] {processor.py:836} INFO - DAG(s) dict_keys(['example_dag_decorator']) retrieved from /home/vscode/.local/lib/python3.10/site-packages/airflow/example_dags/example_dag_decorator.py
[2025-04-04T14:54:02.841+0000] {logging_mixin.py:150} INFO - [2025-04-04T14:54:02.840+0000] {dag.py:2742} INFO - Sync 1 DAGs
[2025-04-04T14:54:02.853+0000] {logging_mixin.py:150} INFO - [2025-04-04T14:54:02.852+0000] {dag.py:3504} INFO - Setting next_dagrun for example_dag_decorator to None, run_after=None
[2025-04-04T14:54:02.867+0000] {processor.py:179} INFO - Processing /home/vscode/.local/lib/python3.10/site-packages/airflow/example_dags/example_dag_decorator.py took 0.112 seconds
