[2025-04-04T14:27:17.197+0000] {processor.py:157} INFO - Started process (PID=14675) to work on /home/vscode/.local/lib/python3.10/site-packages/airflow/example_dags/example_branch_day_of_week_operator.py
[2025-04-04T14:27:17.198+0000] {processor.py:826} INFO - Processing file /home/vscode/.local/lib/python3.10/site-packages/airflow/example_dags/example_branch_day_of_week_operator.py for tasks to queue
[2025-04-04T14:27:17.199+0000] {logging_mixin.py:150} INFO - [2025-04-04T14:27:17.199+0000] {dagbag.py:541} INFO - Filling up the DagBag from /home/vscode/.local/lib/python3.10/site-packages/airflow/example_dags/example_branch_day_of_week_operator.py
[2025-04-04T14:27:17.206+0000] {processor.py:836} INFO - DAG(s) dict_keys(['example_weekday_branch_operator']) retrieved from /home/vscode/.local/lib/python3.10/site-packages/airflow/example_dags/example_branch_day_of_week_operator.py
[2025-04-04T14:27:17.278+0000] {logging_mixin.py:150} INFO - [2025-04-04T14:27:17.278+0000] {manager.py:504} INFO - Created Permission View: can delete on DAG:example_weekday_branch_operator
[2025-04-04T14:27:17.286+0000] {logging_mixin.py:150} INFO - [2025-04-04T14:27:17.286+0000] {manager.py:504} INFO - Created Permission View: can read on DAG:example_weekday_branch_operator
[2025-04-04T14:27:17.292+0000] {logging_mixin.py:150} INFO - [2025-04-04T14:27:17.291+0000] {manager.py:504} INFO - Created Permission View: can edit on DAG:example_weekday_branch_operator
[2025-04-04T14:27:17.299+0000] {logging_mixin.py:150} INFO - [2025-04-04T14:27:17.299+0000] {dag.py:2742} INFO - Sync 1 DAGs
[2025-04-04T14:27:17.306+0000] {logging_mixin.py:150} INFO - [2025-04-04T14:27:17.305+0000] {dag.py:2763} INFO - Creating ORM DAG for example_weekday_branch_operator
[2025-04-04T14:27:17.313+0000] {logging_mixin.py:150} INFO - [2025-04-04T14:27:17.313+0000] {dag.py:3504} INFO - Setting next_dagrun for example_weekday_branch_operator to 2025-04-03T00:00:00+00:00, run_after=2025-04-04T00:00:00+00:00
[2025-04-04T14:27:17.328+0000] {processor.py:179} INFO - Processing /home/vscode/.local/lib/python3.10/site-packages/airflow/example_dags/example_branch_day_of_week_operator.py took 0.133 seconds
[2025-04-04T14:28:04.780+0000] {processor.py:157} INFO - Started process (PID=15068) to work on /home/vscode/.local/lib/python3.10/site-packages/airflow/example_dags/example_branch_day_of_week_operator.py
[2025-04-04T14:28:04.781+0000] {processor.py:826} INFO - Processing file /home/vscode/.local/lib/python3.10/site-packages/airflow/example_dags/example_branch_day_of_week_operator.py for tasks to queue
[2025-04-04T14:28:04.782+0000] {logging_mixin.py:150} INFO - [2025-04-04T14:28:04.782+0000] {dagbag.py:541} INFO - Filling up the DagBag from /home/vscode/.local/lib/python3.10/site-packages/airflow/example_dags/example_branch_day_of_week_operator.py
[2025-04-04T14:28:04.789+0000] {processor.py:836} INFO - DAG(s) dict_keys(['example_weekday_branch_operator']) retrieved from /home/vscode/.local/lib/python3.10/site-packages/airflow/example_dags/example_branch_day_of_week_operator.py
[2025-04-04T14:28:04.803+0000] {logging_mixin.py:150} INFO - [2025-04-04T14:28:04.803+0000] {dag.py:2742} INFO - Sync 1 DAGs
[2025-04-04T14:28:04.819+0000] {logging_mixin.py:150} INFO - [2025-04-04T14:28:04.819+0000] {dag.py:3504} INFO - Setting next_dagrun for example_weekday_branch_operator to 2025-04-03T00:00:00+00:00, run_after=2025-04-04T00:00:00+00:00
[2025-04-04T14:28:04.833+0000] {processor.py:179} INFO - Processing /home/vscode/.local/lib/python3.10/site-packages/airflow/example_dags/example_branch_day_of_week_operator.py took 0.056 seconds
[2025-04-04T14:28:50.255+0000] {processor.py:157} INFO - Started process (PID=15399) to work on /home/vscode/.local/lib/python3.10/site-packages/airflow/example_dags/example_branch_day_of_week_operator.py
[2025-04-04T14:28:50.255+0000] {processor.py:826} INFO - Processing file /home/vscode/.local/lib/python3.10/site-packages/airflow/example_dags/example_branch_day_of_week_operator.py for tasks to queue
[2025-04-04T14:28:50.256+0000] {logging_mixin.py:150} INFO - [2025-04-04T14:28:50.256+0000] {dagbag.py:541} INFO - Filling up the DagBag from /home/vscode/.local/lib/python3.10/site-packages/airflow/example_dags/example_branch_day_of_week_operator.py
[2025-04-04T14:28:50.262+0000] {processor.py:836} INFO - DAG(s) dict_keys(['example_weekday_branch_operator']) retrieved from /home/vscode/.local/lib/python3.10/site-packages/airflow/example_dags/example_branch_day_of_week_operator.py
[2025-04-04T14:28:50.276+0000] {logging_mixin.py:150} INFO - [2025-04-04T14:28:50.276+0000] {dag.py:2742} INFO - Sync 1 DAGs
[2025-04-04T14:28:50.292+0000] {logging_mixin.py:150} INFO - [2025-04-04T14:28:50.291+0000] {dag.py:3504} INFO - Setting next_dagrun for example_weekday_branch_operator to 2025-04-03T00:00:00+00:00, run_after=2025-04-04T00:00:00+00:00
[2025-04-04T14:28:50.306+0000] {processor.py:179} INFO - Processing /home/vscode/.local/lib/python3.10/site-packages/airflow/example_dags/example_branch_day_of_week_operator.py took 0.054 seconds
[2025-04-04T14:29:34.062+0000] {processor.py:157} INFO - Started process (PID=15711) to work on /home/vscode/.local/lib/python3.10/site-packages/airflow/example_dags/example_branch_day_of_week_operator.py
[2025-04-04T14:29:34.063+0000] {processor.py:826} INFO - Processing file /home/vscode/.local/lib/python3.10/site-packages/airflow/example_dags/example_branch_day_of_week_operator.py for tasks to queue
[2025-04-04T14:29:34.064+0000] {logging_mixin.py:150} INFO - [2025-04-04T14:29:34.064+0000] {dagbag.py:541} INFO - Filling up the DagBag from /home/vscode/.local/lib/python3.10/site-packages/airflow/example_dags/example_branch_day_of_week_operator.py
[2025-04-04T14:29:34.070+0000] {processor.py:836} INFO - DAG(s) dict_keys(['example_weekday_branch_operator']) retrieved from /home/vscode/.local/lib/python3.10/site-packages/airflow/example_dags/example_branch_day_of_week_operator.py
[2025-04-04T14:29:34.084+0000] {logging_mixin.py:150} INFO - [2025-04-04T14:29:34.084+0000] {dag.py:2742} INFO - Sync 1 DAGs
[2025-04-04T14:29:34.100+0000] {logging_mixin.py:150} INFO - [2025-04-04T14:29:34.099+0000] {dag.py:3504} INFO - Setting next_dagrun for example_weekday_branch_operator to 2025-04-03T00:00:00+00:00, run_after=2025-04-04T00:00:00+00:00
[2025-04-04T14:29:34.114+0000] {processor.py:179} INFO - Processing /home/vscode/.local/lib/python3.10/site-packages/airflow/example_dags/example_branch_day_of_week_operator.py took 0.055 seconds
[2025-04-04T14:30:24.397+0000] {processor.py:157} INFO - Started process (PID=16099) to work on /home/vscode/.local/lib/python3.10/site-packages/airflow/example_dags/example_branch_day_of_week_operator.py
[2025-04-04T14:30:24.398+0000] {processor.py:826} INFO - Processing file /home/vscode/.local/lib/python3.10/site-packages/airflow/example_dags/example_branch_day_of_week_operator.py for tasks to queue
[2025-04-04T14:30:24.399+0000] {logging_mixin.py:150} INFO - [2025-04-04T14:30:24.399+0000] {dagbag.py:541} INFO - Filling up the DagBag from /home/vscode/.local/lib/python3.10/site-packages/airflow/example_dags/example_branch_day_of_week_operator.py
[2025-04-04T14:30:24.405+0000] {processor.py:836} INFO - DAG(s) dict_keys(['example_weekday_branch_operator']) retrieved from /home/vscode/.local/lib/python3.10/site-packages/airflow/example_dags/example_branch_day_of_week_operator.py
[2025-04-04T14:30:24.420+0000] {logging_mixin.py:150} INFO - [2025-04-04T14:30:24.420+0000] {dag.py:2742} INFO - Sync 1 DAGs
[2025-04-04T14:30:24.436+0000] {logging_mixin.py:150} INFO - [2025-04-04T14:30:24.436+0000] {dag.py:3504} INFO - Setting next_dagrun for example_weekday_branch_operator to 2025-04-03T00:00:00+00:00, run_after=2025-04-04T00:00:00+00:00
[2025-04-04T14:30:24.453+0000] {processor.py:179} INFO - Processing /home/vscode/.local/lib/python3.10/site-packages/airflow/example_dags/example_branch_day_of_week_operator.py took 0.058 seconds
[2025-04-04T14:47:15.586+0000] {processor.py:157} INFO - Started process (PID=22666) to work on /home/vscode/.local/lib/python3.10/site-packages/airflow/example_dags/example_branch_day_of_week_operator.py
[2025-04-04T14:47:15.587+0000] {processor.py:826} INFO - Processing file /home/vscode/.local/lib/python3.10/site-packages/airflow/example_dags/example_branch_day_of_week_operator.py for tasks to queue
[2025-04-04T14:47:15.587+0000] {logging_mixin.py:150} INFO - [2025-04-04T14:47:15.587+0000] {dagbag.py:541} INFO - Filling up the DagBag from /home/vscode/.local/lib/python3.10/site-packages/airflow/example_dags/example_branch_day_of_week_operator.py
[2025-04-04T14:47:15.595+0000] {processor.py:836} INFO - DAG(s) dict_keys(['example_weekday_branch_operator']) retrieved from /home/vscode/.local/lib/python3.10/site-packages/airflow/example_dags/example_branch_day_of_week_operator.py
[2025-04-04T14:47:15.608+0000] {logging_mixin.py:150} INFO - [2025-04-04T14:47:15.608+0000] {dag.py:2742} INFO - Sync 1 DAGs
[2025-04-04T14:47:15.622+0000] {logging_mixin.py:150} INFO - [2025-04-04T14:47:15.622+0000] {dag.py:3504} INFO - Setting next_dagrun for example_weekday_branch_operator to 2025-04-03T00:00:00+00:00, run_after=2025-04-04T00:00:00+00:00
[2025-04-04T14:47:15.637+0000] {processor.py:179} INFO - Processing /home/vscode/.local/lib/python3.10/site-packages/airflow/example_dags/example_branch_day_of_week_operator.py took 0.053 seconds
[2025-04-04T14:48:03.019+0000] {processor.py:157} INFO - Started process (PID=23168) to work on /home/vscode/.local/lib/python3.10/site-packages/airflow/example_dags/example_branch_day_of_week_operator.py
[2025-04-04T14:48:03.020+0000] {processor.py:826} INFO - Processing file /home/vscode/.local/lib/python3.10/site-packages/airflow/example_dags/example_branch_day_of_week_operator.py for tasks to queue
[2025-04-04T14:48:03.021+0000] {logging_mixin.py:150} INFO - [2025-04-04T14:48:03.021+0000] {dagbag.py:541} INFO - Filling up the DagBag from /home/vscode/.local/lib/python3.10/site-packages/airflow/example_dags/example_branch_day_of_week_operator.py
[2025-04-04T14:48:03.029+0000] {processor.py:836} INFO - DAG(s) dict_keys(['example_weekday_branch_operator']) retrieved from /home/vscode/.local/lib/python3.10/site-packages/airflow/example_dags/example_branch_day_of_week_operator.py
[2025-04-04T14:48:03.050+0000] {logging_mixin.py:150} INFO - [2025-04-04T14:48:03.050+0000] {dag.py:2742} INFO - Sync 1 DAGs
[2025-04-04T14:48:03.076+0000] {logging_mixin.py:150} INFO - [2025-04-04T14:48:03.076+0000] {dag.py:3504} INFO - Setting next_dagrun for example_weekday_branch_operator to 2025-04-03T00:00:00+00:00, run_after=2025-04-04T00:00:00+00:00
[2025-04-04T14:48:03.098+0000] {processor.py:179} INFO - Processing /home/vscode/.local/lib/python3.10/site-packages/airflow/example_dags/example_branch_day_of_week_operator.py took 0.081 seconds
[2025-04-04T14:48:47.250+0000] {processor.py:157} INFO - Started process (PID=23505) to work on /home/vscode/.local/lib/python3.10/site-packages/airflow/example_dags/example_branch_day_of_week_operator.py
[2025-04-04T14:48:47.250+0000] {processor.py:826} INFO - Processing file /home/vscode/.local/lib/python3.10/site-packages/airflow/example_dags/example_branch_day_of_week_operator.py for tasks to queue
[2025-04-04T14:48:47.251+0000] {logging_mixin.py:150} INFO - [2025-04-04T14:48:47.251+0000] {dagbag.py:541} INFO - Filling up the DagBag from /home/vscode/.local/lib/python3.10/site-packages/airflow/example_dags/example_branch_day_of_week_operator.py
[2025-04-04T14:48:47.257+0000] {processor.py:836} INFO - DAG(s) dict_keys(['example_weekday_branch_operator']) retrieved from /home/vscode/.local/lib/python3.10/site-packages/airflow/example_dags/example_branch_day_of_week_operator.py
[2025-04-04T14:48:47.276+0000] {logging_mixin.py:150} INFO - [2025-04-04T14:48:47.275+0000] {dag.py:2742} INFO - Sync 1 DAGs
[2025-04-04T14:48:47.291+0000] {logging_mixin.py:150} INFO - [2025-04-04T14:48:47.290+0000] {dag.py:3504} INFO - Setting next_dagrun for example_weekday_branch_operator to 2025-04-03T00:00:00+00:00, run_after=2025-04-04T00:00:00+00:00
[2025-04-04T14:48:47.306+0000] {processor.py:179} INFO - Processing /home/vscode/.local/lib/python3.10/site-packages/airflow/example_dags/example_branch_day_of_week_operator.py took 0.059 seconds
[2025-04-04T14:49:34.590+0000] {processor.py:157} INFO - Started process (PID=23852) to work on /home/vscode/.local/lib/python3.10/site-packages/airflow/example_dags/example_branch_day_of_week_operator.py
[2025-04-04T14:49:34.590+0000] {processor.py:826} INFO - Processing file /home/vscode/.local/lib/python3.10/site-packages/airflow/example_dags/example_branch_day_of_week_operator.py for tasks to queue
[2025-04-04T14:49:34.591+0000] {logging_mixin.py:150} INFO - [2025-04-04T14:49:34.591+0000] {dagbag.py:541} INFO - Filling up the DagBag from /home/vscode/.local/lib/python3.10/site-packages/airflow/example_dags/example_branch_day_of_week_operator.py
[2025-04-04T14:49:34.598+0000] {processor.py:836} INFO - DAG(s) dict_keys(['example_weekday_branch_operator']) retrieved from /home/vscode/.local/lib/python3.10/site-packages/airflow/example_dags/example_branch_day_of_week_operator.py
[2025-04-04T14:49:34.612+0000] {logging_mixin.py:150} INFO - [2025-04-04T14:49:34.611+0000] {dag.py:2742} INFO - Sync 1 DAGs
[2025-04-04T14:49:34.627+0000] {logging_mixin.py:150} INFO - [2025-04-04T14:49:34.626+0000] {dag.py:3504} INFO - Setting next_dagrun for example_weekday_branch_operator to 2025-04-03T00:00:00+00:00, run_after=2025-04-04T00:00:00+00:00
[2025-04-04T14:49:34.641+0000] {processor.py:179} INFO - Processing /home/vscode/.local/lib/python3.10/site-packages/airflow/example_dags/example_branch_day_of_week_operator.py took 0.054 seconds
[2025-04-04T14:50:19.891+0000] {processor.py:157} INFO - Started process (PID=24207) to work on /home/vscode/.local/lib/python3.10/site-packages/airflow/example_dags/example_branch_day_of_week_operator.py
[2025-04-04T14:50:19.892+0000] {processor.py:826} INFO - Processing file /home/vscode/.local/lib/python3.10/site-packages/airflow/example_dags/example_branch_day_of_week_operator.py for tasks to queue
[2025-04-04T14:50:19.893+0000] {logging_mixin.py:150} INFO - [2025-04-04T14:50:19.892+0000] {dagbag.py:541} INFO - Filling up the DagBag from /home/vscode/.local/lib/python3.10/site-packages/airflow/example_dags/example_branch_day_of_week_operator.py
[2025-04-04T14:50:19.899+0000] {processor.py:836} INFO - DAG(s) dict_keys(['example_weekday_branch_operator']) retrieved from /home/vscode/.local/lib/python3.10/site-packages/airflow/example_dags/example_branch_day_of_week_operator.py
[2025-04-04T14:50:19.912+0000] {logging_mixin.py:150} INFO - [2025-04-04T14:50:19.912+0000] {dag.py:2742} INFO - Sync 1 DAGs
[2025-04-04T14:50:19.927+0000] {logging_mixin.py:150} INFO - [2025-04-04T14:50:19.927+0000] {dag.py:3504} INFO - Setting next_dagrun for example_weekday_branch_operator to 2025-04-03T00:00:00+00:00, run_after=2025-04-04T00:00:00+00:00
[2025-04-04T14:50:19.942+0000] {processor.py:179} INFO - Processing /home/vscode/.local/lib/python3.10/site-packages/airflow/example_dags/example_branch_day_of_week_operator.py took 0.054 seconds
[2025-04-04T14:51:03.967+0000] {processor.py:157} INFO - Started process (PID=24536) to work on /home/vscode/.local/lib/python3.10/site-packages/airflow/example_dags/example_branch_day_of_week_operator.py
[2025-04-04T14:51:03.968+0000] {processor.py:826} INFO - Processing file /home/vscode/.local/lib/python3.10/site-packages/airflow/example_dags/example_branch_day_of_week_operator.py for tasks to queue
[2025-04-04T14:51:03.969+0000] {logging_mixin.py:150} INFO - [2025-04-04T14:51:03.969+0000] {dagbag.py:541} INFO - Filling up the DagBag from /home/vscode/.local/lib/python3.10/site-packages/airflow/example_dags/example_branch_day_of_week_operator.py
[2025-04-04T14:51:03.975+0000] {processor.py:836} INFO - DAG(s) dict_keys(['example_weekday_branch_operator']) retrieved from /home/vscode/.local/lib/python3.10/site-packages/airflow/example_dags/example_branch_day_of_week_operator.py
[2025-04-04T14:51:03.990+0000] {logging_mixin.py:150} INFO - [2025-04-04T14:51:03.990+0000] {dag.py:2742} INFO - Sync 1 DAGs
[2025-04-04T14:51:04.005+0000] {logging_mixin.py:150} INFO - [2025-04-04T14:51:04.005+0000] {dag.py:3504} INFO - Setting next_dagrun for example_weekday_branch_operator to 2025-04-03T00:00:00+00:00, run_after=2025-04-04T00:00:00+00:00
[2025-04-04T14:51:04.020+0000] {processor.py:179} INFO - Processing /home/vscode/.local/lib/python3.10/site-packages/airflow/example_dags/example_branch_day_of_week_operator.py took 0.055 seconds
[2025-04-04T14:51:48.474+0000] {processor.py:157} INFO - Started process (PID=24837) to work on /home/vscode/.local/lib/python3.10/site-packages/airflow/example_dags/example_branch_day_of_week_operator.py
[2025-04-04T14:51:48.474+0000] {processor.py:826} INFO - Processing file /home/vscode/.local/lib/python3.10/site-packages/airflow/example_dags/example_branch_day_of_week_operator.py for tasks to queue
[2025-04-04T14:51:48.475+0000] {logging_mixin.py:150} INFO - [2025-04-04T14:51:48.475+0000] {dagbag.py:541} INFO - Filling up the DagBag from /home/vscode/.local/lib/python3.10/site-packages/airflow/example_dags/example_branch_day_of_week_operator.py
[2025-04-04T14:51:48.481+0000] {processor.py:836} INFO - DAG(s) dict_keys(['example_weekday_branch_operator']) retrieved from /home/vscode/.local/lib/python3.10/site-packages/airflow/example_dags/example_branch_day_of_week_operator.py
[2025-04-04T14:51:48.495+0000] {logging_mixin.py:150} INFO - [2025-04-04T14:51:48.495+0000] {dag.py:2742} INFO - Sync 1 DAGs
[2025-04-04T14:51:48.510+0000] {logging_mixin.py:150} INFO - [2025-04-04T14:51:48.510+0000] {dag.py:3504} INFO - Setting next_dagrun for example_weekday_branch_operator to 2025-04-03T00:00:00+00:00, run_after=2025-04-04T00:00:00+00:00
[2025-04-04T14:51:48.526+0000] {processor.py:179} INFO - Processing /home/vscode/.local/lib/python3.10/site-packages/airflow/example_dags/example_branch_day_of_week_operator.py took 0.054 seconds
[2025-04-04T14:52:39.440+0000] {processor.py:157} INFO - Started process (PID=25178) to work on /home/vscode/.local/lib/python3.10/site-packages/airflow/example_dags/example_branch_day_of_week_operator.py
[2025-04-04T14:52:39.442+0000] {processor.py:826} INFO - Processing file /home/vscode/.local/lib/python3.10/site-packages/airflow/example_dags/example_branch_day_of_week_operator.py for tasks to queue
[2025-04-04T14:52:39.443+0000] {logging_mixin.py:150} INFO - [2025-04-04T14:52:39.443+0000] {dagbag.py:541} INFO - Filling up the DagBag from /home/vscode/.local/lib/python3.10/site-packages/airflow/example_dags/example_branch_day_of_week_operator.py
[2025-04-04T14:52:39.454+0000] {processor.py:836} INFO - DAG(s) dict_keys(['example_weekday_branch_operator']) retrieved from /home/vscode/.local/lib/python3.10/site-packages/airflow/example_dags/example_branch_day_of_week_operator.py
[2025-04-04T14:52:39.474+0000] {logging_mixin.py:150} INFO - [2025-04-04T14:52:39.474+0000] {dag.py:2742} INFO - Sync 1 DAGs
[2025-04-04T14:52:39.498+0000] {logging_mixin.py:150} INFO - [2025-04-04T14:52:39.497+0000] {dag.py:3504} INFO - Setting next_dagrun for example_weekday_branch_operator to 2025-04-03T00:00:00+00:00, run_after=2025-04-04T00:00:00+00:00
[2025-04-04T14:52:39.526+0000] {processor.py:179} INFO - Processing /home/vscode/.local/lib/python3.10/site-packages/airflow/example_dags/example_branch_day_of_week_operator.py took 0.090 seconds
[2025-04-04T14:53:37.081+0000] {processor.py:157} INFO - Started process (PID=25568) to work on /home/vscode/.local/lib/python3.10/site-packages/airflow/example_dags/example_branch_day_of_week_operator.py
[2025-04-04T14:53:37.081+0000] {processor.py:826} INFO - Processing file /home/vscode/.local/lib/python3.10/site-packages/airflow/example_dags/example_branch_day_of_week_operator.py for tasks to queue
[2025-04-04T14:53:37.082+0000] {logging_mixin.py:150} INFO - [2025-04-04T14:53:37.082+0000] {dagbag.py:541} INFO - Filling up the DagBag from /home/vscode/.local/lib/python3.10/site-packages/airflow/example_dags/example_branch_day_of_week_operator.py
[2025-04-04T14:53:37.088+0000] {processor.py:836} INFO - DAG(s) dict_keys(['example_weekday_branch_operator']) retrieved from /home/vscode/.local/lib/python3.10/site-packages/airflow/example_dags/example_branch_day_of_week_operator.py
[2025-04-04T14:53:37.102+0000] {logging_mixin.py:150} INFO - [2025-04-04T14:53:37.101+0000] {dag.py:2742} INFO - Sync 1 DAGs
[2025-04-04T14:53:37.116+0000] {logging_mixin.py:150} INFO - [2025-04-04T14:53:37.116+0000] {dag.py:3504} INFO - Setting next_dagrun for example_weekday_branch_operator to 2025-04-03T00:00:00+00:00, run_after=2025-04-04T00:00:00+00:00
[2025-04-04T14:53:37.131+0000] {processor.py:179} INFO - Processing /home/vscode/.local/lib/python3.10/site-packages/airflow/example_dags/example_branch_day_of_week_operator.py took 0.053 seconds
[2025-04-04T14:54:20.342+0000] {processor.py:157} INFO - Started process (PID=25864) to work on /home/vscode/.local/lib/python3.10/site-packages/airflow/example_dags/example_branch_day_of_week_operator.py
[2025-04-04T14:54:20.343+0000] {processor.py:826} INFO - Processing file /home/vscode/.local/lib/python3.10/site-packages/airflow/example_dags/example_branch_day_of_week_operator.py for tasks to queue
[2025-04-04T14:54:20.344+0000] {logging_mixin.py:150} INFO - [2025-04-04T14:54:20.344+0000] {dagbag.py:541} INFO - Filling up the DagBag from /home/vscode/.local/lib/python3.10/site-packages/airflow/example_dags/example_branch_day_of_week_operator.py
[2025-04-04T14:54:20.352+0000] {processor.py:836} INFO - DAG(s) dict_keys(['example_weekday_branch_operator']) retrieved from /home/vscode/.local/lib/python3.10/site-packages/airflow/example_dags/example_branch_day_of_week_operator.py
[2025-04-04T14:54:20.365+0000] {logging_mixin.py:150} INFO - [2025-04-04T14:54:20.365+0000] {dag.py:2742} INFO - Sync 1 DAGs
[2025-04-04T14:54:20.381+0000] {logging_mixin.py:150} INFO - [2025-04-04T14:54:20.381+0000] {dag.py:3504} INFO - Setting next_dagrun for example_weekday_branch_operator to 2025-04-03T00:00:00+00:00, run_after=2025-04-04T00:00:00+00:00
[2025-04-04T14:54:20.395+0000] {processor.py:179} INFO - Processing /home/vscode/.local/lib/python3.10/site-packages/airflow/example_dags/example_branch_day_of_week_operator.py took 0.057 seconds
