[2025-04-04T14:26:57.303+0000] {processor.py:157} INFO - Started process (PID=14545) to work on /home/vscode/.local/lib/python3.10/site-packages/airflow/example_dags/example_params_ui_tutorial.py
[2025-04-04T14:26:57.304+0000] {processor.py:826} INFO - Processing file /home/vscode/.local/lib/python3.10/site-packages/airflow/example_dags/example_params_ui_tutorial.py for tasks to queue
[2025-04-04T14:26:57.305+0000] {logging_mixin.py:150} INFO - [2025-04-04T14:26:57.304+0000] {dagbag.py:541} INFO - Filling up the DagBag from /home/vscode/.local/lib/python3.10/site-packages/airflow/example_dags/example_params_ui_tutorial.py
[2025-04-04T14:26:57.323+0000] {processor.py:836} INFO - DAG(s) dict_keys(['example_params_ui_tutorial']) retrieved from /home/vscode/.local/lib/python3.10/site-packages/airflow/example_dags/example_params_ui_tutorial.py
[2025-04-04T14:26:57.407+0000] {logging_mixin.py:150} INFO - [2025-04-04T14:26:57.407+0000] {manager.py:504} INFO - Created Permission View: can delete on DAG:example_params_ui_tutorial
[2025-04-04T14:26:57.414+0000] {logging_mixin.py:150} INFO - [2025-04-04T14:26:57.414+0000] {manager.py:504} INFO - Created Permission View: can read on DAG:example_params_ui_tutorial
[2025-04-04T14:26:57.420+0000] {logging_mixin.py:150} INFO - [2025-04-04T14:26:57.420+0000] {manager.py:504} INFO - Created Permission View: can edit on DAG:example_params_ui_tutorial
[2025-04-04T14:26:57.428+0000] {logging_mixin.py:150} INFO - [2025-04-04T14:26:57.428+0000] {dag.py:2742} INFO - Sync 1 DAGs
[2025-04-04T14:26:57.434+0000] {logging_mixin.py:150} INFO - [2025-04-04T14:26:57.434+0000] {dag.py:2763} INFO - Creating ORM DAG for example_params_ui_tutorial
[2025-04-04T14:26:57.440+0000] {logging_mixin.py:150} INFO - [2025-04-04T14:26:57.440+0000] {dag.py:3504} INFO - Setting next_dagrun for example_params_ui_tutorial to None, run_after=None
[2025-04-04T14:26:57.454+0000] {processor.py:179} INFO - Processing /home/vscode/.local/lib/python3.10/site-packages/airflow/example_dags/example_params_ui_tutorial.py took 0.153 seconds
[2025-04-04T14:27:42.577+0000] {processor.py:157} INFO - Started process (PID=14869) to work on /home/vscode/.local/lib/python3.10/site-packages/airflow/example_dags/example_params_ui_tutorial.py
[2025-04-04T14:27:42.578+0000] {processor.py:826} INFO - Processing file /home/vscode/.local/lib/python3.10/site-packages/airflow/example_dags/example_params_ui_tutorial.py for tasks to queue
[2025-04-04T14:27:42.579+0000] {logging_mixin.py:150} INFO - [2025-04-04T14:27:42.578+0000] {dagbag.py:541} INFO - Filling up the DagBag from /home/vscode/.local/lib/python3.10/site-packages/airflow/example_dags/example_params_ui_tutorial.py
[2025-04-04T14:27:42.597+0000] {processor.py:836} INFO - DAG(s) dict_keys(['example_params_ui_tutorial']) retrieved from /home/vscode/.local/lib/python3.10/site-packages/airflow/example_dags/example_params_ui_tutorial.py
[2025-04-04T14:27:42.622+0000] {logging_mixin.py:150} INFO - [2025-04-04T14:27:42.622+0000] {dag.py:2742} INFO - Sync 1 DAGs
[2025-04-04T14:27:42.636+0000] {logging_mixin.py:150} INFO - [2025-04-04T14:27:42.636+0000] {dag.py:3504} INFO - Setting next_dagrun for example_params_ui_tutorial to None, run_after=None
[2025-04-04T14:27:42.651+0000] {processor.py:179} INFO - Processing /home/vscode/.local/lib/python3.10/site-packages/airflow/example_dags/example_params_ui_tutorial.py took 0.076 seconds
[2025-04-04T14:28:29.751+0000] {processor.py:157} INFO - Started process (PID=15245) to work on /home/vscode/.local/lib/python3.10/site-packages/airflow/example_dags/example_params_ui_tutorial.py
[2025-04-04T14:28:29.752+0000] {processor.py:826} INFO - Processing file /home/vscode/.local/lib/python3.10/site-packages/airflow/example_dags/example_params_ui_tutorial.py for tasks to queue
[2025-04-04T14:28:29.753+0000] {logging_mixin.py:150} INFO - [2025-04-04T14:28:29.753+0000] {dagbag.py:541} INFO - Filling up the DagBag from /home/vscode/.local/lib/python3.10/site-packages/airflow/example_dags/example_params_ui_tutorial.py
[2025-04-04T14:28:29.771+0000] {processor.py:836} INFO - DAG(s) dict_keys(['example_params_ui_tutorial']) retrieved from /home/vscode/.local/lib/python3.10/site-packages/airflow/example_dags/example_params_ui_tutorial.py
[2025-04-04T14:28:29.796+0000] {logging_mixin.py:150} INFO - [2025-04-04T14:28:29.796+0000] {dag.py:2742} INFO - Sync 1 DAGs
[2025-04-04T14:28:29.810+0000] {logging_mixin.py:150} INFO - [2025-04-04T14:28:29.810+0000] {dag.py:3504} INFO - Setting next_dagrun for example_params_ui_tutorial to None, run_after=None
[2025-04-04T14:28:29.825+0000] {processor.py:179} INFO - Processing /home/vscode/.local/lib/python3.10/site-packages/airflow/example_dags/example_params_ui_tutorial.py took 0.076 seconds
[2025-04-04T14:29:12.555+0000] {processor.py:157} INFO - Started process (PID=15558) to work on /home/vscode/.local/lib/python3.10/site-packages/airflow/example_dags/example_params_ui_tutorial.py
[2025-04-04T14:29:12.556+0000] {processor.py:826} INFO - Processing file /home/vscode/.local/lib/python3.10/site-packages/airflow/example_dags/example_params_ui_tutorial.py for tasks to queue
[2025-04-04T14:29:12.557+0000] {logging_mixin.py:150} INFO - [2025-04-04T14:29:12.556+0000] {dagbag.py:541} INFO - Filling up the DagBag from /home/vscode/.local/lib/python3.10/site-packages/airflow/example_dags/example_params_ui_tutorial.py
[2025-04-04T14:29:12.584+0000] {processor.py:836} INFO - DAG(s) dict_keys(['example_params_ui_tutorial']) retrieved from /home/vscode/.local/lib/python3.10/site-packages/airflow/example_dags/example_params_ui_tutorial.py
[2025-04-04T14:29:12.625+0000] {logging_mixin.py:150} INFO - [2025-04-04T14:29:12.625+0000] {dag.py:2742} INFO - Sync 1 DAGs
[2025-04-04T14:29:12.642+0000] {logging_mixin.py:150} INFO - [2025-04-04T14:29:12.642+0000] {dag.py:3504} INFO - Setting next_dagrun for example_params_ui_tutorial to None, run_after=None
[2025-04-04T14:29:12.657+0000] {processor.py:179} INFO - Processing /home/vscode/.local/lib/python3.10/site-packages/airflow/example_dags/example_params_ui_tutorial.py took 0.105 seconds
[2025-04-04T14:29:59.889+0000] {processor.py:157} INFO - Started process (PID=15922) to work on /home/vscode/.local/lib/python3.10/site-packages/airflow/example_dags/example_params_ui_tutorial.py
[2025-04-04T14:29:59.890+0000] {processor.py:826} INFO - Processing file /home/vscode/.local/lib/python3.10/site-packages/airflow/example_dags/example_params_ui_tutorial.py for tasks to queue
[2025-04-04T14:29:59.890+0000] {logging_mixin.py:150} INFO - [2025-04-04T14:29:59.890+0000] {dagbag.py:541} INFO - Filling up the DagBag from /home/vscode/.local/lib/python3.10/site-packages/airflow/example_dags/example_params_ui_tutorial.py
[2025-04-04T14:29:59.908+0000] {processor.py:836} INFO - DAG(s) dict_keys(['example_params_ui_tutorial']) retrieved from /home/vscode/.local/lib/python3.10/site-packages/airflow/example_dags/example_params_ui_tutorial.py
[2025-04-04T14:29:59.933+0000] {logging_mixin.py:150} INFO - [2025-04-04T14:29:59.933+0000] {dag.py:2742} INFO - Sync 1 DAGs
[2025-04-04T14:29:59.947+0000] {logging_mixin.py:150} INFO - [2025-04-04T14:29:59.947+0000] {dag.py:3504} INFO - Setting next_dagrun for example_params_ui_tutorial to None, run_after=None
[2025-04-04T14:29:59.962+0000] {processor.py:179} INFO - Processing /home/vscode/.local/lib/python3.10/site-packages/airflow/example_dags/example_params_ui_tutorial.py took 0.076 seconds
[2025-04-04T14:46:54.871+0000] {processor.py:157} INFO - Started process (PID=22516) to work on /home/vscode/.local/lib/python3.10/site-packages/airflow/example_dags/example_params_ui_tutorial.py
[2025-04-04T14:46:54.872+0000] {processor.py:826} INFO - Processing file /home/vscode/.local/lib/python3.10/site-packages/airflow/example_dags/example_params_ui_tutorial.py for tasks to queue
[2025-04-04T14:46:54.872+0000] {logging_mixin.py:150} INFO - [2025-04-04T14:46:54.872+0000] {dagbag.py:541} INFO - Filling up the DagBag from /home/vscode/.local/lib/python3.10/site-packages/airflow/example_dags/example_params_ui_tutorial.py
[2025-04-04T14:46:54.893+0000] {processor.py:836} INFO - DAG(s) dict_keys(['example_params_ui_tutorial']) retrieved from /home/vscode/.local/lib/python3.10/site-packages/airflow/example_dags/example_params_ui_tutorial.py
[2025-04-04T14:46:54.918+0000] {logging_mixin.py:150} INFO - [2025-04-04T14:46:54.918+0000] {dag.py:2742} INFO - Sync 1 DAGs
[2025-04-04T14:46:54.933+0000] {logging_mixin.py:150} INFO - [2025-04-04T14:46:54.933+0000] {dag.py:3504} INFO - Setting next_dagrun for example_params_ui_tutorial to None, run_after=None
[2025-04-04T14:46:54.947+0000] {processor.py:179} INFO - Processing /home/vscode/.local/lib/python3.10/site-packages/airflow/example_dags/example_params_ui_tutorial.py took 0.079 seconds
[2025-04-04T14:47:41.278+0000] {processor.py:157} INFO - Started process (PID=22958) to work on /home/vscode/.local/lib/python3.10/site-packages/airflow/example_dags/example_params_ui_tutorial.py
[2025-04-04T14:47:41.278+0000] {processor.py:826} INFO - Processing file /home/vscode/.local/lib/python3.10/site-packages/airflow/example_dags/example_params_ui_tutorial.py for tasks to queue
[2025-04-04T14:47:41.279+0000] {logging_mixin.py:150} INFO - [2025-04-04T14:47:41.279+0000] {dagbag.py:541} INFO - Filling up the DagBag from /home/vscode/.local/lib/python3.10/site-packages/airflow/example_dags/example_params_ui_tutorial.py
[2025-04-04T14:47:41.296+0000] {processor.py:836} INFO - DAG(s) dict_keys(['example_params_ui_tutorial']) retrieved from /home/vscode/.local/lib/python3.10/site-packages/airflow/example_dags/example_params_ui_tutorial.py
[2025-04-04T14:47:41.320+0000] {logging_mixin.py:150} INFO - [2025-04-04T14:47:41.320+0000] {dag.py:2742} INFO - Sync 1 DAGs
[2025-04-04T14:47:41.337+0000] {logging_mixin.py:150} INFO - [2025-04-04T14:47:41.337+0000] {dag.py:3504} INFO - Setting next_dagrun for example_params_ui_tutorial to None, run_after=None
[2025-04-04T14:47:41.353+0000] {processor.py:179} INFO - Processing /home/vscode/.local/lib/python3.10/site-packages/airflow/example_dags/example_params_ui_tutorial.py took 0.078 seconds
[2025-04-04T14:48:26.983+0000] {processor.py:157} INFO - Started process (PID=23347) to work on /home/vscode/.local/lib/python3.10/site-packages/airflow/example_dags/example_params_ui_tutorial.py
[2025-04-04T14:48:26.984+0000] {processor.py:826} INFO - Processing file /home/vscode/.local/lib/python3.10/site-packages/airflow/example_dags/example_params_ui_tutorial.py for tasks to queue
[2025-04-04T14:48:26.985+0000] {logging_mixin.py:150} INFO - [2025-04-04T14:48:26.984+0000] {dagbag.py:541} INFO - Filling up the DagBag from /home/vscode/.local/lib/python3.10/site-packages/airflow/example_dags/example_params_ui_tutorial.py
[2025-04-04T14:48:27.004+0000] {processor.py:836} INFO - DAG(s) dict_keys(['example_params_ui_tutorial']) retrieved from /home/vscode/.local/lib/python3.10/site-packages/airflow/example_dags/example_params_ui_tutorial.py
[2025-04-04T14:48:27.029+0000] {logging_mixin.py:150} INFO - [2025-04-04T14:48:27.029+0000] {dag.py:2742} INFO - Sync 1 DAGs
[2025-04-04T14:48:27.047+0000] {logging_mixin.py:150} INFO - [2025-04-04T14:48:27.047+0000] {dag.py:3504} INFO - Setting next_dagrun for example_params_ui_tutorial to None, run_after=None
[2025-04-04T14:48:27.069+0000] {processor.py:179} INFO - Processing /home/vscode/.local/lib/python3.10/site-packages/airflow/example_dags/example_params_ui_tutorial.py took 0.088 seconds
[2025-04-04T14:49:13.187+0000] {processor.py:157} INFO - Started process (PID=23690) to work on /home/vscode/.local/lib/python3.10/site-packages/airflow/example_dags/example_params_ui_tutorial.py
[2025-04-04T14:49:13.188+0000] {processor.py:826} INFO - Processing file /home/vscode/.local/lib/python3.10/site-packages/airflow/example_dags/example_params_ui_tutorial.py for tasks to queue
[2025-04-04T14:49:13.189+0000] {logging_mixin.py:150} INFO - [2025-04-04T14:49:13.188+0000] {dagbag.py:541} INFO - Filling up the DagBag from /home/vscode/.local/lib/python3.10/site-packages/airflow/example_dags/example_params_ui_tutorial.py
[2025-04-04T14:49:13.207+0000] {processor.py:836} INFO - DAG(s) dict_keys(['example_params_ui_tutorial']) retrieved from /home/vscode/.local/lib/python3.10/site-packages/airflow/example_dags/example_params_ui_tutorial.py
[2025-04-04T14:49:13.231+0000] {logging_mixin.py:150} INFO - [2025-04-04T14:49:13.231+0000] {dag.py:2742} INFO - Sync 1 DAGs
[2025-04-04T14:49:13.245+0000] {logging_mixin.py:150} INFO - [2025-04-04T14:49:13.245+0000] {dag.py:3504} INFO - Setting next_dagrun for example_params_ui_tutorial to None, run_after=None
[2025-04-04T14:49:13.260+0000] {processor.py:179} INFO - Processing /home/vscode/.local/lib/python3.10/site-packages/airflow/example_dags/example_params_ui_tutorial.py took 0.076 seconds
[2025-04-04T14:49:56.011+0000] {processor.py:157} INFO - Started process (PID=24000) to work on /home/vscode/.local/lib/python3.10/site-packages/airflow/example_dags/example_params_ui_tutorial.py
[2025-04-04T14:49:56.012+0000] {processor.py:826} INFO - Processing file /home/vscode/.local/lib/python3.10/site-packages/airflow/example_dags/example_params_ui_tutorial.py for tasks to queue
[2025-04-04T14:49:56.013+0000] {logging_mixin.py:150} INFO - [2025-04-04T14:49:56.012+0000] {dagbag.py:541} INFO - Filling up the DagBag from /home/vscode/.local/lib/python3.10/site-packages/airflow/example_dags/example_params_ui_tutorial.py
[2025-04-04T14:49:56.031+0000] {processor.py:836} INFO - DAG(s) dict_keys(['example_params_ui_tutorial']) retrieved from /home/vscode/.local/lib/python3.10/site-packages/airflow/example_dags/example_params_ui_tutorial.py
[2025-04-04T14:49:56.055+0000] {logging_mixin.py:150} INFO - [2025-04-04T14:49:56.055+0000] {dag.py:2742} INFO - Sync 1 DAGs
[2025-04-04T14:49:56.068+0000] {logging_mixin.py:150} INFO - [2025-04-04T14:49:56.068+0000] {dag.py:3504} INFO - Setting next_dagrun for example_params_ui_tutorial to None, run_after=None
[2025-04-04T14:49:56.082+0000] {processor.py:179} INFO - Processing /home/vscode/.local/lib/python3.10/site-packages/airflow/example_dags/example_params_ui_tutorial.py took 0.074 seconds
[2025-04-04T14:50:42.267+0000] {processor.py:157} INFO - Started process (PID=24374) to work on /home/vscode/.local/lib/python3.10/site-packages/airflow/example_dags/example_params_ui_tutorial.py
[2025-04-04T14:50:42.268+0000] {processor.py:826} INFO - Processing file /home/vscode/.local/lib/python3.10/site-packages/airflow/example_dags/example_params_ui_tutorial.py for tasks to queue
[2025-04-04T14:50:42.268+0000] {logging_mixin.py:150} INFO - [2025-04-04T14:50:42.268+0000] {dagbag.py:541} INFO - Filling up the DagBag from /home/vscode/.local/lib/python3.10/site-packages/airflow/example_dags/example_params_ui_tutorial.py
[2025-04-04T14:50:42.286+0000] {processor.py:836} INFO - DAG(s) dict_keys(['example_params_ui_tutorial']) retrieved from /home/vscode/.local/lib/python3.10/site-packages/airflow/example_dags/example_params_ui_tutorial.py
[2025-04-04T14:50:42.311+0000] {logging_mixin.py:150} INFO - [2025-04-04T14:50:42.310+0000] {dag.py:2742} INFO - Sync 1 DAGs
[2025-04-04T14:50:42.325+0000] {logging_mixin.py:150} INFO - [2025-04-04T14:50:42.325+0000] {dag.py:3504} INFO - Setting next_dagrun for example_params_ui_tutorial to None, run_after=None
[2025-04-04T14:50:42.340+0000] {processor.py:179} INFO - Processing /home/vscode/.local/lib/python3.10/site-packages/airflow/example_dags/example_params_ui_tutorial.py took 0.076 seconds
[2025-04-04T14:51:25.661+0000] {processor.py:157} INFO - Started process (PID=24688) to work on /home/vscode/.local/lib/python3.10/site-packages/airflow/example_dags/example_params_ui_tutorial.py
[2025-04-04T14:51:25.662+0000] {processor.py:826} INFO - Processing file /home/vscode/.local/lib/python3.10/site-packages/airflow/example_dags/example_params_ui_tutorial.py for tasks to queue
[2025-04-04T14:51:25.663+0000] {logging_mixin.py:150} INFO - [2025-04-04T14:51:25.662+0000] {dagbag.py:541} INFO - Filling up the DagBag from /home/vscode/.local/lib/python3.10/site-packages/airflow/example_dags/example_params_ui_tutorial.py
[2025-04-04T14:51:25.680+0000] {processor.py:836} INFO - DAG(s) dict_keys(['example_params_ui_tutorial']) retrieved from /home/vscode/.local/lib/python3.10/site-packages/airflow/example_dags/example_params_ui_tutorial.py
[2025-04-04T14:51:25.704+0000] {logging_mixin.py:150} INFO - [2025-04-04T14:51:25.704+0000] {dag.py:2742} INFO - Sync 1 DAGs
[2025-04-04T14:51:25.718+0000] {logging_mixin.py:150} INFO - [2025-04-04T14:51:25.718+0000] {dag.py:3504} INFO - Setting next_dagrun for example_params_ui_tutorial to None, run_after=None
[2025-04-04T14:51:25.732+0000] {processor.py:179} INFO - Processing /home/vscode/.local/lib/python3.10/site-packages/airflow/example_dags/example_params_ui_tutorial.py took 0.074 seconds
[2025-04-04T14:52:08.604+0000] {processor.py:157} INFO - Started process (PID=24975) to work on /home/vscode/.local/lib/python3.10/site-packages/airflow/example_dags/example_params_ui_tutorial.py
[2025-04-04T14:52:08.605+0000] {processor.py:826} INFO - Processing file /home/vscode/.local/lib/python3.10/site-packages/airflow/example_dags/example_params_ui_tutorial.py for tasks to queue
[2025-04-04T14:52:08.606+0000] {logging_mixin.py:150} INFO - [2025-04-04T14:52:08.605+0000] {dagbag.py:541} INFO - Filling up the DagBag from /home/vscode/.local/lib/python3.10/site-packages/airflow/example_dags/example_params_ui_tutorial.py
[2025-04-04T14:52:08.623+0000] {processor.py:836} INFO - DAG(s) dict_keys(['example_params_ui_tutorial']) retrieved from /home/vscode/.local/lib/python3.10/site-packages/airflow/example_dags/example_params_ui_tutorial.py
[2025-04-04T14:52:08.647+0000] {logging_mixin.py:150} INFO - [2025-04-04T14:52:08.647+0000] {dag.py:2742} INFO - Sync 1 DAGs
[2025-04-04T14:52:08.661+0000] {logging_mixin.py:150} INFO - [2025-04-04T14:52:08.661+0000] {dag.py:3504} INFO - Setting next_dagrun for example_params_ui_tutorial to None, run_after=None
[2025-04-04T14:52:08.676+0000] {processor.py:179} INFO - Processing /home/vscode/.local/lib/python3.10/site-packages/airflow/example_dags/example_params_ui_tutorial.py took 0.074 seconds
[2025-04-04T14:52:49.720+0000] {processor.py:157} INFO - Started process (PID=25252) to work on /home/vscode/.local/lib/python3.10/site-packages/airflow/example_dags/example_params_ui_tutorial.py
[2025-04-04T14:52:49.721+0000] {processor.py:826} INFO - Processing file /home/vscode/.local/lib/python3.10/site-packages/airflow/example_dags/example_params_ui_tutorial.py for tasks to queue
[2025-04-04T14:52:49.722+0000] {logging_mixin.py:150} INFO - [2025-04-04T14:52:49.721+0000] {dagbag.py:541} INFO - Filling up the DagBag from /home/vscode/.local/lib/python3.10/site-packages/airflow/example_dags/example_params_ui_tutorial.py
[2025-04-04T14:52:49.740+0000] {processor.py:836} INFO - DAG(s) dict_keys(['example_params_ui_tutorial']) retrieved from /home/vscode/.local/lib/python3.10/site-packages/airflow/example_dags/example_params_ui_tutorial.py
[2025-04-04T14:52:49.764+0000] {logging_mixin.py:150} INFO - [2025-04-04T14:52:49.764+0000] {dag.py:2742} INFO - Sync 1 DAGs
[2025-04-04T14:52:49.777+0000] {logging_mixin.py:150} INFO - [2025-04-04T14:52:49.777+0000] {dag.py:3504} INFO - Setting next_dagrun for example_params_ui_tutorial to None, run_after=None
[2025-04-04T14:52:49.793+0000] {processor.py:179} INFO - Processing /home/vscode/.local/lib/python3.10/site-packages/airflow/example_dags/example_params_ui_tutorial.py took 0.075 seconds
[2025-04-04T14:53:33.076+0000] {processor.py:157} INFO - Started process (PID=25542) to work on /home/vscode/.local/lib/python3.10/site-packages/airflow/example_dags/example_params_ui_tutorial.py
[2025-04-04T14:53:33.077+0000] {processor.py:826} INFO - Processing file /home/vscode/.local/lib/python3.10/site-packages/airflow/example_dags/example_params_ui_tutorial.py for tasks to queue
[2025-04-04T14:53:33.077+0000] {logging_mixin.py:150} INFO - [2025-04-04T14:53:33.077+0000] {dagbag.py:541} INFO - Filling up the DagBag from /home/vscode/.local/lib/python3.10/site-packages/airflow/example_dags/example_params_ui_tutorial.py
[2025-04-04T14:53:33.096+0000] {processor.py:836} INFO - DAG(s) dict_keys(['example_params_ui_tutorial']) retrieved from /home/vscode/.local/lib/python3.10/site-packages/airflow/example_dags/example_params_ui_tutorial.py
[2025-04-04T14:53:33.120+0000] {logging_mixin.py:150} INFO - [2025-04-04T14:53:33.120+0000] {dag.py:2742} INFO - Sync 1 DAGs
[2025-04-04T14:53:33.134+0000] {logging_mixin.py:150} INFO - [2025-04-04T14:53:33.134+0000] {dag.py:3504} INFO - Setting next_dagrun for example_params_ui_tutorial to None, run_after=None
[2025-04-04T14:53:33.148+0000] {processor.py:179} INFO - Processing /home/vscode/.local/lib/python3.10/site-packages/airflow/example_dags/example_params_ui_tutorial.py took 0.075 seconds
[2025-04-04T14:54:16.438+0000] {processor.py:157} INFO - Started process (PID=25829) to work on /home/vscode/.local/lib/python3.10/site-packages/airflow/example_dags/example_params_ui_tutorial.py
[2025-04-04T14:54:16.439+0000] {processor.py:826} INFO - Processing file /home/vscode/.local/lib/python3.10/site-packages/airflow/example_dags/example_params_ui_tutorial.py for tasks to queue
[2025-04-04T14:54:16.440+0000] {logging_mixin.py:150} INFO - [2025-04-04T14:54:16.439+0000] {dagbag.py:541} INFO - Filling up the DagBag from /home/vscode/.local/lib/python3.10/site-packages/airflow/example_dags/example_params_ui_tutorial.py
[2025-04-04T14:54:16.458+0000] {processor.py:836} INFO - DAG(s) dict_keys(['example_params_ui_tutorial']) retrieved from /home/vscode/.local/lib/python3.10/site-packages/airflow/example_dags/example_params_ui_tutorial.py
[2025-04-04T14:54:16.482+0000] {logging_mixin.py:150} INFO - [2025-04-04T14:54:16.482+0000] {dag.py:2742} INFO - Sync 1 DAGs
[2025-04-04T14:54:16.495+0000] {logging_mixin.py:150} INFO - [2025-04-04T14:54:16.495+0000] {dag.py:3504} INFO - Setting next_dagrun for example_params_ui_tutorial to None, run_after=None
[2025-04-04T14:54:16.510+0000] {processor.py:179} INFO - Processing /home/vscode/.local/lib/python3.10/site-packages/airflow/example_dags/example_params_ui_tutorial.py took 0.075 seconds
