[2025-04-04T14:26:51.241+0000] {processor.py:157} INFO - Started process (PID=14505) to work on /home/vscode/.local/lib/python3.10/site-packages/airflow/example_dags/example_trigger_controller_dag.py
[2025-04-04T14:26:51.242+0000] {processor.py:826} INFO - Processing file /home/vscode/.local/lib/python3.10/site-packages/airflow/example_dags/example_trigger_controller_dag.py for tasks to queue
[2025-04-04T14:26:51.243+0000] {logging_mixin.py:150} INFO - [2025-04-04T14:26:51.242+0000] {dagbag.py:541} INFO - Filling up the DagBag from /home/vscode/.local/lib/python3.10/site-packages/airflow/example_dags/example_trigger_controller_dag.py
[2025-04-04T14:26:51.246+0000] {processor.py:836} INFO - DAG(s) dict_keys(['example_trigger_controller_dag']) retrieved from /home/vscode/.local/lib/python3.10/site-packages/airflow/example_dags/example_trigger_controller_dag.py
[2025-04-04T14:26:51.319+0000] {logging_mixin.py:150} INFO - [2025-04-04T14:26:51.318+0000] {manager.py:504} INFO - Created Permission View: can delete on DAG:example_trigger_controller_dag
[2025-04-04T14:26:51.327+0000] {logging_mixin.py:150} INFO - [2025-04-04T14:26:51.326+0000] {manager.py:504} INFO - Created Permission View: can read on DAG:example_trigger_controller_dag
[2025-04-04T14:26:51.332+0000] {logging_mixin.py:150} INFO - [2025-04-04T14:26:51.332+0000] {manager.py:504} INFO - Created Permission View: can edit on DAG:example_trigger_controller_dag
[2025-04-04T14:26:51.339+0000] {logging_mixin.py:150} INFO - [2025-04-04T14:26:51.339+0000] {dag.py:2742} INFO - Sync 1 DAGs
[2025-04-04T14:26:51.347+0000] {logging_mixin.py:150} INFO - [2025-04-04T14:26:51.347+0000] {dag.py:2763} INFO - Creating ORM DAG for example_trigger_controller_dag
[2025-04-04T14:26:51.353+0000] {logging_mixin.py:150} INFO - [2025-04-04T14:26:51.352+0000] {dag.py:3504} INFO - Setting next_dagrun for example_trigger_controller_dag to 2021-01-01T00:00:00+00:00, run_after=2021-01-01T00:00:00+00:00
[2025-04-04T14:26:51.366+0000] {processor.py:179} INFO - Processing /home/vscode/.local/lib/python3.10/site-packages/airflow/example_dags/example_trigger_controller_dag.py took 0.128 seconds
[2025-04-04T14:27:37.251+0000] {processor.py:157} INFO - Started process (PID=14827) to work on /home/vscode/.local/lib/python3.10/site-packages/airflow/example_dags/example_trigger_controller_dag.py
[2025-04-04T14:27:37.252+0000] {processor.py:826} INFO - Processing file /home/vscode/.local/lib/python3.10/site-packages/airflow/example_dags/example_trigger_controller_dag.py for tasks to queue
[2025-04-04T14:27:37.253+0000] {logging_mixin.py:150} INFO - [2025-04-04T14:27:37.252+0000] {dagbag.py:541} INFO - Filling up the DagBag from /home/vscode/.local/lib/python3.10/site-packages/airflow/example_dags/example_trigger_controller_dag.py
[2025-04-04T14:27:37.257+0000] {processor.py:836} INFO - DAG(s) dict_keys(['example_trigger_controller_dag']) retrieved from /home/vscode/.local/lib/python3.10/site-packages/airflow/example_dags/example_trigger_controller_dag.py
[2025-04-04T14:27:37.271+0000] {logging_mixin.py:150} INFO - [2025-04-04T14:27:37.271+0000] {dag.py:2742} INFO - Sync 1 DAGs
[2025-04-04T14:27:37.285+0000] {logging_mixin.py:150} INFO - [2025-04-04T14:27:37.285+0000] {dag.py:3504} INFO - Setting next_dagrun for example_trigger_controller_dag to 2021-01-01T00:00:00+00:00, run_after=2021-01-01T00:00:00+00:00
[2025-04-04T14:27:37.300+0000] {processor.py:179} INFO - Processing /home/vscode/.local/lib/python3.10/site-packages/airflow/example_dags/example_trigger_controller_dag.py took 0.051 seconds
[2025-04-04T14:28:22.340+0000] {processor.py:157} INFO - Started process (PID=15192) to work on /home/vscode/.local/lib/python3.10/site-packages/airflow/example_dags/example_trigger_controller_dag.py
[2025-04-04T14:28:22.341+0000] {processor.py:826} INFO - Processing file /home/vscode/.local/lib/python3.10/site-packages/airflow/example_dags/example_trigger_controller_dag.py for tasks to queue
[2025-04-04T14:28:22.342+0000] {logging_mixin.py:150} INFO - [2025-04-04T14:28:22.341+0000] {dagbag.py:541} INFO - Filling up the DagBag from /home/vscode/.local/lib/python3.10/site-packages/airflow/example_dags/example_trigger_controller_dag.py
[2025-04-04T14:28:22.346+0000] {processor.py:836} INFO - DAG(s) dict_keys(['example_trigger_controller_dag']) retrieved from /home/vscode/.local/lib/python3.10/site-packages/airflow/example_dags/example_trigger_controller_dag.py
[2025-04-04T14:28:22.362+0000] {logging_mixin.py:150} INFO - [2025-04-04T14:28:22.361+0000] {dag.py:2742} INFO - Sync 1 DAGs
[2025-04-04T14:28:22.376+0000] {logging_mixin.py:150} INFO - [2025-04-04T14:28:22.376+0000] {dag.py:3504} INFO - Setting next_dagrun for example_trigger_controller_dag to 2021-01-01T00:00:00+00:00, run_after=2021-01-01T00:00:00+00:00
[2025-04-04T14:28:22.390+0000] {processor.py:179} INFO - Processing /home/vscode/.local/lib/python3.10/site-packages/airflow/example_dags/example_trigger_controller_dag.py took 0.053 seconds
[2025-04-04T14:29:05.981+0000] {processor.py:157} INFO - Started process (PID=15510) to work on /home/vscode/.local/lib/python3.10/site-packages/airflow/example_dags/example_trigger_controller_dag.py
[2025-04-04T14:29:05.981+0000] {processor.py:826} INFO - Processing file /home/vscode/.local/lib/python3.10/site-packages/airflow/example_dags/example_trigger_controller_dag.py for tasks to queue
[2025-04-04T14:29:05.982+0000] {logging_mixin.py:150} INFO - [2025-04-04T14:29:05.982+0000] {dagbag.py:541} INFO - Filling up the DagBag from /home/vscode/.local/lib/python3.10/site-packages/airflow/example_dags/example_trigger_controller_dag.py
[2025-04-04T14:29:05.987+0000] {processor.py:836} INFO - DAG(s) dict_keys(['example_trigger_controller_dag']) retrieved from /home/vscode/.local/lib/python3.10/site-packages/airflow/example_dags/example_trigger_controller_dag.py
[2025-04-04T14:29:06.000+0000] {logging_mixin.py:150} INFO - [2025-04-04T14:29:06.000+0000] {dag.py:2742} INFO - Sync 1 DAGs
[2025-04-04T14:29:06.015+0000] {logging_mixin.py:150} INFO - [2025-04-04T14:29:06.015+0000] {dag.py:3504} INFO - Setting next_dagrun for example_trigger_controller_dag to 2021-01-01T00:00:00+00:00, run_after=2021-01-01T00:00:00+00:00
[2025-04-04T14:29:06.030+0000] {processor.py:179} INFO - Processing /home/vscode/.local/lib/python3.10/site-packages/airflow/example_dags/example_trigger_controller_dag.py took 0.052 seconds
[2025-04-04T14:29:50.737+0000] {processor.py:157} INFO - Started process (PID=15862) to work on /home/vscode/.local/lib/python3.10/site-packages/airflow/example_dags/example_trigger_controller_dag.py
[2025-04-04T14:29:50.738+0000] {processor.py:826} INFO - Processing file /home/vscode/.local/lib/python3.10/site-packages/airflow/example_dags/example_trigger_controller_dag.py for tasks to queue
[2025-04-04T14:29:50.738+0000] {logging_mixin.py:150} INFO - [2025-04-04T14:29:50.738+0000] {dagbag.py:541} INFO - Filling up the DagBag from /home/vscode/.local/lib/python3.10/site-packages/airflow/example_dags/example_trigger_controller_dag.py
[2025-04-04T14:29:50.743+0000] {processor.py:836} INFO - DAG(s) dict_keys(['example_trigger_controller_dag']) retrieved from /home/vscode/.local/lib/python3.10/site-packages/airflow/example_dags/example_trigger_controller_dag.py
[2025-04-04T14:29:50.757+0000] {logging_mixin.py:150} INFO - [2025-04-04T14:29:50.756+0000] {dag.py:2742} INFO - Sync 1 DAGs
[2025-04-04T14:29:50.771+0000] {logging_mixin.py:150} INFO - [2025-04-04T14:29:50.771+0000] {dag.py:3504} INFO - Setting next_dagrun for example_trigger_controller_dag to 2021-01-01T00:00:00+00:00, run_after=2021-01-01T00:00:00+00:00
[2025-04-04T14:29:50.785+0000] {processor.py:179} INFO - Processing /home/vscode/.local/lib/python3.10/site-packages/airflow/example_dags/example_trigger_controller_dag.py took 0.051 seconds
[2025-04-04T14:30:37.412+0000] {processor.py:157} INFO - Started process (PID=16307) to work on /home/vscode/.local/lib/python3.10/site-packages/airflow/example_dags/example_trigger_controller_dag.py
[2025-04-04T14:30:37.413+0000] {processor.py:826} INFO - Processing file /home/vscode/.local/lib/python3.10/site-packages/airflow/example_dags/example_trigger_controller_dag.py for tasks to queue
[2025-04-04T14:30:37.414+0000] {logging_mixin.py:150} INFO - [2025-04-04T14:30:37.414+0000] {dagbag.py:541} INFO - Filling up the DagBag from /home/vscode/.local/lib/python3.10/site-packages/airflow/example_dags/example_trigger_controller_dag.py
[2025-04-04T14:30:37.420+0000] {processor.py:836} INFO - DAG(s) dict_keys(['example_trigger_controller_dag']) retrieved from /home/vscode/.local/lib/python3.10/site-packages/airflow/example_dags/example_trigger_controller_dag.py
[2025-04-04T14:30:37.438+0000] {logging_mixin.py:150} INFO - [2025-04-04T14:30:37.438+0000] {dag.py:2742} INFO - Sync 1 DAGs
[2025-04-04T14:30:37.461+0000] {logging_mixin.py:150} INFO - [2025-04-04T14:30:37.461+0000] {dag.py:3504} INFO - Setting next_dagrun for example_trigger_controller_dag to 2021-01-01T00:00:00+00:00, run_after=2021-01-01T00:00:00+00:00
[2025-04-04T14:30:37.478+0000] {processor.py:179} INFO - Processing /home/vscode/.local/lib/python3.10/site-packages/airflow/example_dags/example_trigger_controller_dag.py took 0.069 seconds
[2025-04-04T14:46:49.733+0000] {processor.py:157} INFO - Started process (PID=22483) to work on /home/vscode/.local/lib/python3.10/site-packages/airflow/example_dags/example_trigger_controller_dag.py
[2025-04-04T14:46:49.734+0000] {processor.py:826} INFO - Processing file /home/vscode/.local/lib/python3.10/site-packages/airflow/example_dags/example_trigger_controller_dag.py for tasks to queue
[2025-04-04T14:46:49.734+0000] {logging_mixin.py:150} INFO - [2025-04-04T14:46:49.734+0000] {dagbag.py:541} INFO - Filling up the DagBag from /home/vscode/.local/lib/python3.10/site-packages/airflow/example_dags/example_trigger_controller_dag.py
[2025-04-04T14:46:49.738+0000] {processor.py:836} INFO - DAG(s) dict_keys(['example_trigger_controller_dag']) retrieved from /home/vscode/.local/lib/python3.10/site-packages/airflow/example_dags/example_trigger_controller_dag.py
[2025-04-04T14:46:49.752+0000] {logging_mixin.py:150} INFO - [2025-04-04T14:46:49.752+0000] {dag.py:2742} INFO - Sync 1 DAGs
[2025-04-04T14:46:49.767+0000] {logging_mixin.py:150} INFO - [2025-04-04T14:46:49.767+0000] {dag.py:3504} INFO - Setting next_dagrun for example_trigger_controller_dag to 2021-01-01T00:00:00+00:00, run_after=2021-01-01T00:00:00+00:00
[2025-04-04T14:46:49.781+0000] {processor.py:179} INFO - Processing /home/vscode/.local/lib/python3.10/site-packages/airflow/example_dags/example_trigger_controller_dag.py took 0.051 seconds
[2025-04-04T14:47:35.237+0000] {processor.py:157} INFO - Started process (PID=22863) to work on /home/vscode/.local/lib/python3.10/site-packages/airflow/example_dags/example_trigger_controller_dag.py
[2025-04-04T14:47:35.238+0000] {processor.py:826} INFO - Processing file /home/vscode/.local/lib/python3.10/site-packages/airflow/example_dags/example_trigger_controller_dag.py for tasks to queue
[2025-04-04T14:47:35.239+0000] {logging_mixin.py:150} INFO - [2025-04-04T14:47:35.238+0000] {dagbag.py:541} INFO - Filling up the DagBag from /home/vscode/.local/lib/python3.10/site-packages/airflow/example_dags/example_trigger_controller_dag.py
[2025-04-04T14:47:35.243+0000] {processor.py:836} INFO - DAG(s) dict_keys(['example_trigger_controller_dag']) retrieved from /home/vscode/.local/lib/python3.10/site-packages/airflow/example_dags/example_trigger_controller_dag.py
[2025-04-04T14:47:35.256+0000] {logging_mixin.py:150} INFO - [2025-04-04T14:47:35.256+0000] {dag.py:2742} INFO - Sync 1 DAGs
[2025-04-04T14:47:35.270+0000] {logging_mixin.py:150} INFO - [2025-04-04T14:47:35.270+0000] {dag.py:3504} INFO - Setting next_dagrun for example_trigger_controller_dag to 2021-01-01T00:00:00+00:00, run_after=2021-01-01T00:00:00+00:00
[2025-04-04T14:47:35.286+0000] {processor.py:179} INFO - Processing /home/vscode/.local/lib/python3.10/site-packages/airflow/example_dags/example_trigger_controller_dag.py took 0.051 seconds
[2025-04-04T14:48:19.573+0000] {processor.py:157} INFO - Started process (PID=23299) to work on /home/vscode/.local/lib/python3.10/site-packages/airflow/example_dags/example_trigger_controller_dag.py
[2025-04-04T14:48:19.574+0000] {processor.py:826} INFO - Processing file /home/vscode/.local/lib/python3.10/site-packages/airflow/example_dags/example_trigger_controller_dag.py for tasks to queue
[2025-04-04T14:48:19.574+0000] {logging_mixin.py:150} INFO - [2025-04-04T14:48:19.574+0000] {dagbag.py:541} INFO - Filling up the DagBag from /home/vscode/.local/lib/python3.10/site-packages/airflow/example_dags/example_trigger_controller_dag.py
[2025-04-04T14:48:19.578+0000] {processor.py:836} INFO - DAG(s) dict_keys(['example_trigger_controller_dag']) retrieved from /home/vscode/.local/lib/python3.10/site-packages/airflow/example_dags/example_trigger_controller_dag.py
[2025-04-04T14:48:19.592+0000] {logging_mixin.py:150} INFO - [2025-04-04T14:48:19.591+0000] {dag.py:2742} INFO - Sync 1 DAGs
[2025-04-04T14:48:19.607+0000] {logging_mixin.py:150} INFO - [2025-04-04T14:48:19.607+0000] {dag.py:3504} INFO - Setting next_dagrun for example_trigger_controller_dag to 2021-01-01T00:00:00+00:00, run_after=2021-01-01T00:00:00+00:00
[2025-04-04T14:48:19.623+0000] {processor.py:179} INFO - Processing /home/vscode/.local/lib/python3.10/site-packages/airflow/example_dags/example_trigger_controller_dag.py took 0.052 seconds
[2025-04-04T14:49:04.697+0000] {processor.py:157} INFO - Started process (PID=23629) to work on /home/vscode/.local/lib/python3.10/site-packages/airflow/example_dags/example_trigger_controller_dag.py
[2025-04-04T14:49:04.698+0000] {processor.py:826} INFO - Processing file /home/vscode/.local/lib/python3.10/site-packages/airflow/example_dags/example_trigger_controller_dag.py for tasks to queue
[2025-04-04T14:49:04.699+0000] {logging_mixin.py:150} INFO - [2025-04-04T14:49:04.698+0000] {dagbag.py:541} INFO - Filling up the DagBag from /home/vscode/.local/lib/python3.10/site-packages/airflow/example_dags/example_trigger_controller_dag.py
[2025-04-04T14:49:04.703+0000] {processor.py:836} INFO - DAG(s) dict_keys(['example_trigger_controller_dag']) retrieved from /home/vscode/.local/lib/python3.10/site-packages/airflow/example_dags/example_trigger_controller_dag.py
[2025-04-04T14:49:04.716+0000] {logging_mixin.py:150} INFO - [2025-04-04T14:49:04.716+0000] {dag.py:2742} INFO - Sync 1 DAGs
[2025-04-04T14:49:04.730+0000] {logging_mixin.py:150} INFO - [2025-04-04T14:49:04.730+0000] {dag.py:3504} INFO - Setting next_dagrun for example_trigger_controller_dag to 2021-01-01T00:00:00+00:00, run_after=2021-01-01T00:00:00+00:00
[2025-04-04T14:49:04.746+0000] {processor.py:179} INFO - Processing /home/vscode/.local/lib/python3.10/site-packages/airflow/example_dags/example_trigger_controller_dag.py took 0.051 seconds
[2025-04-04T14:49:50.900+0000] {processor.py:157} INFO - Started process (PID=23967) to work on /home/vscode/.local/lib/python3.10/site-packages/airflow/example_dags/example_trigger_controller_dag.py
[2025-04-04T14:49:50.901+0000] {processor.py:826} INFO - Processing file /home/vscode/.local/lib/python3.10/site-packages/airflow/example_dags/example_trigger_controller_dag.py for tasks to queue
[2025-04-04T14:49:50.903+0000] {logging_mixin.py:150} INFO - [2025-04-04T14:49:50.902+0000] {dagbag.py:541} INFO - Filling up the DagBag from /home/vscode/.local/lib/python3.10/site-packages/airflow/example_dags/example_trigger_controller_dag.py
[2025-04-04T14:49:50.912+0000] {processor.py:836} INFO - DAG(s) dict_keys(['example_trigger_controller_dag']) retrieved from /home/vscode/.local/lib/python3.10/site-packages/airflow/example_dags/example_trigger_controller_dag.py
[2025-04-04T14:49:50.953+0000] {logging_mixin.py:150} INFO - [2025-04-04T14:49:50.953+0000] {dag.py:2742} INFO - Sync 1 DAGs
[2025-04-04T14:49:50.995+0000] {logging_mixin.py:150} INFO - [2025-04-04T14:49:50.995+0000] {dag.py:3504} INFO - Setting next_dagrun for example_trigger_controller_dag to 2021-01-01T00:00:00+00:00, run_after=2021-01-01T00:00:00+00:00
[2025-04-04T14:49:51.034+0000] {processor.py:179} INFO - Processing /home/vscode/.local/lib/python3.10/site-packages/airflow/example_dags/example_trigger_controller_dag.py took 0.149 seconds
[2025-04-04T14:50:36.574+0000] {processor.py:157} INFO - Started process (PID=24330) to work on /home/vscode/.local/lib/python3.10/site-packages/airflow/example_dags/example_trigger_controller_dag.py
[2025-04-04T14:50:36.575+0000] {processor.py:826} INFO - Processing file /home/vscode/.local/lib/python3.10/site-packages/airflow/example_dags/example_trigger_controller_dag.py for tasks to queue
[2025-04-04T14:50:36.576+0000] {logging_mixin.py:150} INFO - [2025-04-04T14:50:36.576+0000] {dagbag.py:541} INFO - Filling up the DagBag from /home/vscode/.local/lib/python3.10/site-packages/airflow/example_dags/example_trigger_controller_dag.py
[2025-04-04T14:50:36.580+0000] {processor.py:836} INFO - DAG(s) dict_keys(['example_trigger_controller_dag']) retrieved from /home/vscode/.local/lib/python3.10/site-packages/airflow/example_dags/example_trigger_controller_dag.py
[2025-04-04T14:50:36.593+0000] {logging_mixin.py:150} INFO - [2025-04-04T14:50:36.593+0000] {dag.py:2742} INFO - Sync 1 DAGs
[2025-04-04T14:50:36.607+0000] {logging_mixin.py:150} INFO - [2025-04-04T14:50:36.607+0000] {dag.py:3504} INFO - Setting next_dagrun for example_trigger_controller_dag to 2021-01-01T00:00:00+00:00, run_after=2021-01-01T00:00:00+00:00
[2025-04-04T14:50:36.623+0000] {processor.py:179} INFO - Processing /home/vscode/.local/lib/python3.10/site-packages/airflow/example_dags/example_trigger_controller_dag.py took 0.052 seconds
[2025-04-04T14:51:20.339+0000] {processor.py:157} INFO - Started process (PID=24659) to work on /home/vscode/.local/lib/python3.10/site-packages/airflow/example_dags/example_trigger_controller_dag.py
[2025-04-04T14:51:20.339+0000] {processor.py:826} INFO - Processing file /home/vscode/.local/lib/python3.10/site-packages/airflow/example_dags/example_trigger_controller_dag.py for tasks to queue
[2025-04-04T14:51:20.340+0000] {logging_mixin.py:150} INFO - [2025-04-04T14:51:20.340+0000] {dagbag.py:541} INFO - Filling up the DagBag from /home/vscode/.local/lib/python3.10/site-packages/airflow/example_dags/example_trigger_controller_dag.py
[2025-04-04T14:51:20.344+0000] {processor.py:836} INFO - DAG(s) dict_keys(['example_trigger_controller_dag']) retrieved from /home/vscode/.local/lib/python3.10/site-packages/airflow/example_dags/example_trigger_controller_dag.py
[2025-04-04T14:51:20.357+0000] {logging_mixin.py:150} INFO - [2025-04-04T14:51:20.356+0000] {dag.py:2742} INFO - Sync 1 DAGs
[2025-04-04T14:51:20.370+0000] {logging_mixin.py:150} INFO - [2025-04-04T14:51:20.370+0000] {dag.py:3504} INFO - Setting next_dagrun for example_trigger_controller_dag to 2021-01-01T00:00:00+00:00, run_after=2021-01-01T00:00:00+00:00
[2025-04-04T14:51:20.386+0000] {processor.py:179} INFO - Processing /home/vscode/.local/lib/python3.10/site-packages/airflow/example_dags/example_trigger_controller_dag.py took 0.049 seconds
[2025-04-04T14:52:03.466+0000] {processor.py:157} INFO - Started process (PID=24946) to work on /home/vscode/.local/lib/python3.10/site-packages/airflow/example_dags/example_trigger_controller_dag.py
[2025-04-04T14:52:03.467+0000] {processor.py:826} INFO - Processing file /home/vscode/.local/lib/python3.10/site-packages/airflow/example_dags/example_trigger_controller_dag.py for tasks to queue
[2025-04-04T14:52:03.468+0000] {logging_mixin.py:150} INFO - [2025-04-04T14:52:03.467+0000] {dagbag.py:541} INFO - Filling up the DagBag from /home/vscode/.local/lib/python3.10/site-packages/airflow/example_dags/example_trigger_controller_dag.py
[2025-04-04T14:52:03.472+0000] {processor.py:836} INFO - DAG(s) dict_keys(['example_trigger_controller_dag']) retrieved from /home/vscode/.local/lib/python3.10/site-packages/airflow/example_dags/example_trigger_controller_dag.py
[2025-04-04T14:52:03.486+0000] {logging_mixin.py:150} INFO - [2025-04-04T14:52:03.486+0000] {dag.py:2742} INFO - Sync 1 DAGs
[2025-04-04T14:52:03.500+0000] {logging_mixin.py:150} INFO - [2025-04-04T14:52:03.500+0000] {dag.py:3504} INFO - Setting next_dagrun for example_trigger_controller_dag to 2021-01-01T00:00:00+00:00, run_after=2021-01-01T00:00:00+00:00
[2025-04-04T14:52:03.516+0000] {processor.py:179} INFO - Processing /home/vscode/.local/lib/python3.10/site-packages/airflow/example_dags/example_trigger_controller_dag.py took 0.052 seconds
[2025-04-04T14:52:43.979+0000] {processor.py:157} INFO - Started process (PID=25216) to work on /home/vscode/.local/lib/python3.10/site-packages/airflow/example_dags/example_trigger_controller_dag.py
[2025-04-04T14:52:43.979+0000] {processor.py:826} INFO - Processing file /home/vscode/.local/lib/python3.10/site-packages/airflow/example_dags/example_trigger_controller_dag.py for tasks to queue
[2025-04-04T14:52:43.980+0000] {logging_mixin.py:150} INFO - [2025-04-04T14:52:43.980+0000] {dagbag.py:541} INFO - Filling up the DagBag from /home/vscode/.local/lib/python3.10/site-packages/airflow/example_dags/example_trigger_controller_dag.py
[2025-04-04T14:52:43.984+0000] {processor.py:836} INFO - DAG(s) dict_keys(['example_trigger_controller_dag']) retrieved from /home/vscode/.local/lib/python3.10/site-packages/airflow/example_dags/example_trigger_controller_dag.py
[2025-04-04T14:52:43.997+0000] {logging_mixin.py:150} INFO - [2025-04-04T14:52:43.997+0000] {dag.py:2742} INFO - Sync 1 DAGs
[2025-04-04T14:52:44.011+0000] {logging_mixin.py:150} INFO - [2025-04-04T14:52:44.011+0000] {dag.py:3504} INFO - Setting next_dagrun for example_trigger_controller_dag to 2021-01-01T00:00:00+00:00, run_after=2021-01-01T00:00:00+00:00
[2025-04-04T14:52:44.025+0000] {processor.py:179} INFO - Processing /home/vscode/.local/lib/python3.10/site-packages/airflow/example_dags/example_trigger_controller_dag.py took 0.049 seconds
[2025-04-04T14:53:26.808+0000] {processor.py:157} INFO - Started process (PID=25500) to work on /home/vscode/.local/lib/python3.10/site-packages/airflow/example_dags/example_trigger_controller_dag.py
[2025-04-04T14:53:26.808+0000] {processor.py:826} INFO - Processing file /home/vscode/.local/lib/python3.10/site-packages/airflow/example_dags/example_trigger_controller_dag.py for tasks to queue
[2025-04-04T14:53:26.809+0000] {logging_mixin.py:150} INFO - [2025-04-04T14:53:26.809+0000] {dagbag.py:541} INFO - Filling up the DagBag from /home/vscode/.local/lib/python3.10/site-packages/airflow/example_dags/example_trigger_controller_dag.py
[2025-04-04T14:53:26.813+0000] {processor.py:836} INFO - DAG(s) dict_keys(['example_trigger_controller_dag']) retrieved from /home/vscode/.local/lib/python3.10/site-packages/airflow/example_dags/example_trigger_controller_dag.py
[2025-04-04T14:53:26.831+0000] {logging_mixin.py:150} INFO - [2025-04-04T14:53:26.830+0000] {dag.py:2742} INFO - Sync 1 DAGs
[2025-04-04T14:53:26.852+0000] {logging_mixin.py:150} INFO - [2025-04-04T14:53:26.851+0000] {dag.py:3504} INFO - Setting next_dagrun for example_trigger_controller_dag to 2021-01-01T00:00:00+00:00, run_after=2021-01-01T00:00:00+00:00
[2025-04-04T14:53:26.874+0000] {processor.py:179} INFO - Processing /home/vscode/.local/lib/python3.10/site-packages/airflow/example_dags/example_trigger_controller_dag.py took 0.069 seconds
[2025-04-04T14:54:10.206+0000] {processor.py:157} INFO - Started process (PID=25793) to work on /home/vscode/.local/lib/python3.10/site-packages/airflow/example_dags/example_trigger_controller_dag.py
[2025-04-04T14:54:10.207+0000] {processor.py:826} INFO - Processing file /home/vscode/.local/lib/python3.10/site-packages/airflow/example_dags/example_trigger_controller_dag.py for tasks to queue
[2025-04-04T14:54:10.208+0000] {logging_mixin.py:150} INFO - [2025-04-04T14:54:10.207+0000] {dagbag.py:541} INFO - Filling up the DagBag from /home/vscode/.local/lib/python3.10/site-packages/airflow/example_dags/example_trigger_controller_dag.py
[2025-04-04T14:54:10.211+0000] {processor.py:836} INFO - DAG(s) dict_keys(['example_trigger_controller_dag']) retrieved from /home/vscode/.local/lib/python3.10/site-packages/airflow/example_dags/example_trigger_controller_dag.py
[2025-04-04T14:54:10.224+0000] {logging_mixin.py:150} INFO - [2025-04-04T14:54:10.224+0000] {dag.py:2742} INFO - Sync 1 DAGs
[2025-04-04T14:54:10.238+0000] {logging_mixin.py:150} INFO - [2025-04-04T14:54:10.238+0000] {dag.py:3504} INFO - Setting next_dagrun for example_trigger_controller_dag to 2021-01-01T00:00:00+00:00, run_after=2021-01-01T00:00:00+00:00
[2025-04-04T14:54:10.252+0000] {processor.py:179} INFO - Processing /home/vscode/.local/lib/python3.10/site-packages/airflow/example_dags/example_trigger_controller_dag.py took 0.049 seconds
