[2025-04-04T14:26:48.471+0000] {processor.py:157} INFO - Started process (PID=14483) to work on /home/vscode/.local/lib/python3.10/site-packages/airflow/example_dags/example_short_circuit_decorator.py
[2025-04-04T14:26:48.472+0000] {processor.py:826} INFO - Processing file /home/vscode/.local/lib/python3.10/site-packages/airflow/example_dags/example_short_circuit_decorator.py for tasks to queue
[2025-04-04T14:26:48.474+0000] {logging_mixin.py:150} INFO - [2025-04-04T14:26:48.473+0000] {dagbag.py:541} INFO - Filling up the DagBag from /home/vscode/.local/lib/python3.10/site-packages/airflow/example_dags/example_short_circuit_decorator.py
[2025-04-04T14:26:48.493+0000] {processor.py:836} INFO - DAG(s) dict_keys(['example_short_circuit_decorator']) retrieved from /home/vscode/.local/lib/python3.10/site-packages/airflow/example_dags/example_short_circuit_decorator.py
[2025-04-04T14:26:48.766+0000] {logging_mixin.py:150} INFO - [2025-04-04T14:26:48.766+0000] {manager.py:504} INFO - Created Permission View: can delete on DAG:example_short_circuit_decorator
[2025-04-04T14:26:48.791+0000] {logging_mixin.py:150} INFO - [2025-04-04T14:26:48.790+0000] {manager.py:504} INFO - Created Permission View: can read on DAG:example_short_circuit_decorator
[2025-04-04T14:26:48.825+0000] {logging_mixin.py:150} INFO - [2025-04-04T14:26:48.824+0000] {manager.py:504} INFO - Created Permission View: can edit on DAG:example_short_circuit_decorator
[2025-04-04T14:26:48.859+0000] {logging_mixin.py:150} INFO - [2025-04-04T14:26:48.856+0000] {dag.py:2742} INFO - Sync 1 DAGs
[2025-04-04T14:26:48.875+0000] {logging_mixin.py:150} INFO - [2025-04-04T14:26:48.875+0000] {dag.py:2763} INFO - Creating ORM DAG for example_short_circuit_decorator
[2025-04-04T14:26:48.881+0000] {logging_mixin.py:150} INFO - [2025-04-04T14:26:48.881+0000] {dag.py:3504} INFO - Setting next_dagrun for example_short_circuit_decorator to 2025-04-03T14:26:48.881155+00:00, run_after=2025-04-04T14:26:48.881155+00:00
[2025-04-04T14:26:48.900+0000] {processor.py:179} INFO - Processing /home/vscode/.local/lib/python3.10/site-packages/airflow/example_dags/example_short_circuit_decorator.py took 0.432 seconds
[2025-04-04T14:27:34.985+0000] {processor.py:157} INFO - Started process (PID=14807) to work on /home/vscode/.local/lib/python3.10/site-packages/airflow/example_dags/example_short_circuit_decorator.py
[2025-04-04T14:27:34.985+0000] {processor.py:826} INFO - Processing file /home/vscode/.local/lib/python3.10/site-packages/airflow/example_dags/example_short_circuit_decorator.py for tasks to queue
[2025-04-04T14:27:34.986+0000] {logging_mixin.py:150} INFO - [2025-04-04T14:27:34.986+0000] {dagbag.py:541} INFO - Filling up the DagBag from /home/vscode/.local/lib/python3.10/site-packages/airflow/example_dags/example_short_circuit_decorator.py
[2025-04-04T14:27:34.994+0000] {processor.py:836} INFO - DAG(s) dict_keys(['example_short_circuit_decorator']) retrieved from /home/vscode/.local/lib/python3.10/site-packages/airflow/example_dags/example_short_circuit_decorator.py
[2025-04-04T14:27:35.009+0000] {logging_mixin.py:150} INFO - [2025-04-04T14:27:35.008+0000] {dag.py:2742} INFO - Sync 1 DAGs
[2025-04-04T14:27:35.025+0000] {logging_mixin.py:150} INFO - [2025-04-04T14:27:35.025+0000] {dag.py:3504} INFO - Setting next_dagrun for example_short_circuit_decorator to 2025-04-03T14:27:35.025238+00:00, run_after=2025-04-04T14:27:35.025238+00:00
[2025-04-04T14:27:35.043+0000] {processor.py:179} INFO - Processing /home/vscode/.local/lib/python3.10/site-packages/airflow/example_dags/example_short_circuit_decorator.py took 0.061 seconds
[2025-04-04T14:28:20.069+0000] {processor.py:157} INFO - Started process (PID=15176) to work on /home/vscode/.local/lib/python3.10/site-packages/airflow/example_dags/example_short_circuit_decorator.py
[2025-04-04T14:28:20.069+0000] {processor.py:826} INFO - Processing file /home/vscode/.local/lib/python3.10/site-packages/airflow/example_dags/example_short_circuit_decorator.py for tasks to queue
[2025-04-04T14:28:20.070+0000] {logging_mixin.py:150} INFO - [2025-04-04T14:28:20.070+0000] {dagbag.py:541} INFO - Filling up the DagBag from /home/vscode/.local/lib/python3.10/site-packages/airflow/example_dags/example_short_circuit_decorator.py
[2025-04-04T14:28:20.080+0000] {processor.py:836} INFO - DAG(s) dict_keys(['example_short_circuit_decorator']) retrieved from /home/vscode/.local/lib/python3.10/site-packages/airflow/example_dags/example_short_circuit_decorator.py
[2025-04-04T14:28:20.101+0000] {logging_mixin.py:150} INFO - [2025-04-04T14:28:20.101+0000] {dag.py:2742} INFO - Sync 1 DAGs
[2025-04-04T14:28:20.116+0000] {logging_mixin.py:150} INFO - [2025-04-04T14:28:20.116+0000] {dag.py:3504} INFO - Setting next_dagrun for example_short_circuit_decorator to 2025-04-03T14:28:20.116025+00:00, run_after=2025-04-04T14:28:20.116025+00:00
[2025-04-04T14:28:20.130+0000] {processor.py:179} INFO - Processing /home/vscode/.local/lib/python3.10/site-packages/airflow/example_dags/example_short_circuit_decorator.py took 0.064 seconds
[2025-04-04T14:29:03.713+0000] {processor.py:157} INFO - Started process (PID=15500) to work on /home/vscode/.local/lib/python3.10/site-packages/airflow/example_dags/example_short_circuit_decorator.py
[2025-04-04T14:29:03.714+0000] {processor.py:826} INFO - Processing file /home/vscode/.local/lib/python3.10/site-packages/airflow/example_dags/example_short_circuit_decorator.py for tasks to queue
[2025-04-04T14:29:03.715+0000] {logging_mixin.py:150} INFO - [2025-04-04T14:29:03.714+0000] {dagbag.py:541} INFO - Filling up the DagBag from /home/vscode/.local/lib/python3.10/site-packages/airflow/example_dags/example_short_circuit_decorator.py
[2025-04-04T14:29:03.723+0000] {processor.py:836} INFO - DAG(s) dict_keys(['example_short_circuit_decorator']) retrieved from /home/vscode/.local/lib/python3.10/site-packages/airflow/example_dags/example_short_circuit_decorator.py
[2025-04-04T14:29:03.737+0000] {logging_mixin.py:150} INFO - [2025-04-04T14:29:03.736+0000] {dag.py:2742} INFO - Sync 1 DAGs
[2025-04-04T14:29:03.751+0000] {logging_mixin.py:150} INFO - [2025-04-04T14:29:03.751+0000] {dag.py:3504} INFO - Setting next_dagrun for example_short_circuit_decorator to 2025-04-03T14:29:03.751213+00:00, run_after=2025-04-04T14:29:03.751213+00:00
[2025-04-04T14:29:03.767+0000] {processor.py:179} INFO - Processing /home/vscode/.local/lib/python3.10/site-packages/airflow/example_dags/example_short_circuit_decorator.py took 0.057 seconds
[2025-04-04T14:29:48.470+0000] {processor.py:157} INFO - Started process (PID=15851) to work on /home/vscode/.local/lib/python3.10/site-packages/airflow/example_dags/example_short_circuit_decorator.py
[2025-04-04T14:29:48.471+0000] {processor.py:826} INFO - Processing file /home/vscode/.local/lib/python3.10/site-packages/airflow/example_dags/example_short_circuit_decorator.py for tasks to queue
[2025-04-04T14:29:48.472+0000] {logging_mixin.py:150} INFO - [2025-04-04T14:29:48.472+0000] {dagbag.py:541} INFO - Filling up the DagBag from /home/vscode/.local/lib/python3.10/site-packages/airflow/example_dags/example_short_circuit_decorator.py
[2025-04-04T14:29:48.480+0000] {processor.py:836} INFO - DAG(s) dict_keys(['example_short_circuit_decorator']) retrieved from /home/vscode/.local/lib/python3.10/site-packages/airflow/example_dags/example_short_circuit_decorator.py
[2025-04-04T14:29:48.494+0000] {logging_mixin.py:150} INFO - [2025-04-04T14:29:48.494+0000] {dag.py:2742} INFO - Sync 1 DAGs
[2025-04-04T14:29:48.509+0000] {logging_mixin.py:150} INFO - [2025-04-04T14:29:48.508+0000] {dag.py:3504} INFO - Setting next_dagrun for example_short_circuit_decorator to 2025-04-03T14:29:48.508781+00:00, run_after=2025-04-04T14:29:48.508781+00:00
[2025-04-04T14:29:48.525+0000] {processor.py:179} INFO - Processing /home/vscode/.local/lib/python3.10/site-packages/airflow/example_dags/example_short_circuit_decorator.py took 0.058 seconds
[2025-04-04T14:30:34.881+0000] {processor.py:157} INFO - Started process (PID=16264) to work on /home/vscode/.local/lib/python3.10/site-packages/airflow/example_dags/example_short_circuit_decorator.py
[2025-04-04T14:30:34.882+0000] {processor.py:826} INFO - Processing file /home/vscode/.local/lib/python3.10/site-packages/airflow/example_dags/example_short_circuit_decorator.py for tasks to queue
[2025-04-04T14:30:34.882+0000] {logging_mixin.py:150} INFO - [2025-04-04T14:30:34.882+0000] {dagbag.py:541} INFO - Filling up the DagBag from /home/vscode/.local/lib/python3.10/site-packages/airflow/example_dags/example_short_circuit_decorator.py
[2025-04-04T14:30:34.891+0000] {processor.py:836} INFO - DAG(s) dict_keys(['example_short_circuit_decorator']) retrieved from /home/vscode/.local/lib/python3.10/site-packages/airflow/example_dags/example_short_circuit_decorator.py
[2025-04-04T14:30:34.907+0000] {logging_mixin.py:150} INFO - [2025-04-04T14:30:34.906+0000] {dag.py:2742} INFO - Sync 1 DAGs
[2025-04-04T14:30:34.922+0000] {logging_mixin.py:150} INFO - [2025-04-04T14:30:34.922+0000] {dag.py:3504} INFO - Setting next_dagrun for example_short_circuit_decorator to 2025-04-03T14:30:34.922186+00:00, run_after=2025-04-04T14:30:34.922186+00:00
[2025-04-04T14:30:34.938+0000] {processor.py:179} INFO - Processing /home/vscode/.local/lib/python3.10/site-packages/airflow/example_dags/example_short_circuit_decorator.py took 0.059 seconds
[2025-04-04T14:46:49.126+0000] {processor.py:157} INFO - Started process (PID=22481) to work on /home/vscode/.local/lib/python3.10/site-packages/airflow/example_dags/example_short_circuit_decorator.py
[2025-04-04T14:46:49.127+0000] {processor.py:826} INFO - Processing file /home/vscode/.local/lib/python3.10/site-packages/airflow/example_dags/example_short_circuit_decorator.py for tasks to queue
[2025-04-04T14:46:49.128+0000] {logging_mixin.py:150} INFO - [2025-04-04T14:46:49.128+0000] {dagbag.py:541} INFO - Filling up the DagBag from /home/vscode/.local/lib/python3.10/site-packages/airflow/example_dags/example_short_circuit_decorator.py
[2025-04-04T14:46:49.137+0000] {processor.py:836} INFO - DAG(s) dict_keys(['example_short_circuit_decorator']) retrieved from /home/vscode/.local/lib/python3.10/site-packages/airflow/example_dags/example_short_circuit_decorator.py
[2025-04-04T14:46:49.156+0000] {logging_mixin.py:150} INFO - [2025-04-04T14:46:49.156+0000] {dag.py:2742} INFO - Sync 1 DAGs
[2025-04-04T14:46:49.171+0000] {logging_mixin.py:150} INFO - [2025-04-04T14:46:49.170+0000] {dag.py:3504} INFO - Setting next_dagrun for example_short_circuit_decorator to 2025-04-03T14:46:49.170770+00:00, run_after=2025-04-04T14:46:49.170770+00:00
[2025-04-04T14:46:49.185+0000] {processor.py:179} INFO - Processing /home/vscode/.local/lib/python3.10/site-packages/airflow/example_dags/example_short_circuit_decorator.py took 0.062 seconds
[2025-04-04T14:47:34.406+0000] {processor.py:157} INFO - Started process (PID=22851) to work on /home/vscode/.local/lib/python3.10/site-packages/airflow/example_dags/example_short_circuit_decorator.py
[2025-04-04T14:47:34.407+0000] {processor.py:826} INFO - Processing file /home/vscode/.local/lib/python3.10/site-packages/airflow/example_dags/example_short_circuit_decorator.py for tasks to queue
[2025-04-04T14:47:34.407+0000] {logging_mixin.py:150} INFO - [2025-04-04T14:47:34.407+0000] {dagbag.py:541} INFO - Filling up the DagBag from /home/vscode/.local/lib/python3.10/site-packages/airflow/example_dags/example_short_circuit_decorator.py
[2025-04-04T14:47:34.415+0000] {processor.py:836} INFO - DAG(s) dict_keys(['example_short_circuit_decorator']) retrieved from /home/vscode/.local/lib/python3.10/site-packages/airflow/example_dags/example_short_circuit_decorator.py
[2025-04-04T14:47:34.429+0000] {logging_mixin.py:150} INFO - [2025-04-04T14:47:34.429+0000] {dag.py:2742} INFO - Sync 1 DAGs
[2025-04-04T14:47:34.443+0000] {logging_mixin.py:150} INFO - [2025-04-04T14:47:34.443+0000] {dag.py:3504} INFO - Setting next_dagrun for example_short_circuit_decorator to 2025-04-03T14:47:34.443133+00:00, run_after=2025-04-04T14:47:34.443133+00:00
[2025-04-04T14:47:34.458+0000] {processor.py:179} INFO - Processing /home/vscode/.local/lib/python3.10/site-packages/airflow/example_dags/example_short_circuit_decorator.py took 0.054 seconds
[2025-04-04T14:48:17.295+0000] {processor.py:157} INFO - Started process (PID=23277) to work on /home/vscode/.local/lib/python3.10/site-packages/airflow/example_dags/example_short_circuit_decorator.py
[2025-04-04T14:48:17.296+0000] {processor.py:826} INFO - Processing file /home/vscode/.local/lib/python3.10/site-packages/airflow/example_dags/example_short_circuit_decorator.py for tasks to queue
[2025-04-04T14:48:17.296+0000] {logging_mixin.py:150} INFO - [2025-04-04T14:48:17.296+0000] {dagbag.py:541} INFO - Filling up the DagBag from /home/vscode/.local/lib/python3.10/site-packages/airflow/example_dags/example_short_circuit_decorator.py
[2025-04-04T14:48:17.305+0000] {processor.py:836} INFO - DAG(s) dict_keys(['example_short_circuit_decorator']) retrieved from /home/vscode/.local/lib/python3.10/site-packages/airflow/example_dags/example_short_circuit_decorator.py
[2025-04-04T14:48:17.320+0000] {logging_mixin.py:150} INFO - [2025-04-04T14:48:17.319+0000] {dag.py:2742} INFO - Sync 1 DAGs
[2025-04-04T14:48:17.334+0000] {logging_mixin.py:150} INFO - [2025-04-04T14:48:17.334+0000] {dag.py:3504} INFO - Setting next_dagrun for example_short_circuit_decorator to 2025-04-03T14:48:17.334290+00:00, run_after=2025-04-04T14:48:17.334290+00:00
[2025-04-04T14:48:17.348+0000] {processor.py:179} INFO - Processing /home/vscode/.local/lib/python3.10/site-packages/airflow/example_dags/example_short_circuit_decorator.py took 0.056 seconds
[2025-04-04T14:49:02.962+0000] {processor.py:157} INFO - Started process (PID=23619) to work on /home/vscode/.local/lib/python3.10/site-packages/airflow/example_dags/example_short_circuit_decorator.py
[2025-04-04T14:49:02.963+0000] {processor.py:826} INFO - Processing file /home/vscode/.local/lib/python3.10/site-packages/airflow/example_dags/example_short_circuit_decorator.py for tasks to queue
[2025-04-04T14:49:02.964+0000] {logging_mixin.py:150} INFO - [2025-04-04T14:49:02.964+0000] {dagbag.py:541} INFO - Filling up the DagBag from /home/vscode/.local/lib/python3.10/site-packages/airflow/example_dags/example_short_circuit_decorator.py
[2025-04-04T14:49:02.972+0000] {processor.py:836} INFO - DAG(s) dict_keys(['example_short_circuit_decorator']) retrieved from /home/vscode/.local/lib/python3.10/site-packages/airflow/example_dags/example_short_circuit_decorator.py
[2025-04-04T14:49:02.987+0000] {logging_mixin.py:150} INFO - [2025-04-04T14:49:02.987+0000] {dag.py:2742} INFO - Sync 1 DAGs
[2025-04-04T14:49:03.001+0000] {logging_mixin.py:150} INFO - [2025-04-04T14:49:03.001+0000] {dag.py:3504} INFO - Setting next_dagrun for example_short_circuit_decorator to 2025-04-03T14:49:03.001678+00:00, run_after=2025-04-04T14:49:03.001678+00:00
[2025-04-04T14:49:03.017+0000] {processor.py:179} INFO - Processing /home/vscode/.local/lib/python3.10/site-packages/airflow/example_dags/example_short_circuit_decorator.py took 0.057 seconds
[2025-04-04T14:49:49.170+0000] {processor.py:157} INFO - Started process (PID=23957) to work on /home/vscode/.local/lib/python3.10/site-packages/airflow/example_dags/example_short_circuit_decorator.py
[2025-04-04T14:49:49.171+0000] {processor.py:826} INFO - Processing file /home/vscode/.local/lib/python3.10/site-packages/airflow/example_dags/example_short_circuit_decorator.py for tasks to queue
[2025-04-04T14:49:49.171+0000] {logging_mixin.py:150} INFO - [2025-04-04T14:49:49.171+0000] {dagbag.py:541} INFO - Filling up the DagBag from /home/vscode/.local/lib/python3.10/site-packages/airflow/example_dags/example_short_circuit_decorator.py
[2025-04-04T14:49:49.179+0000] {processor.py:836} INFO - DAG(s) dict_keys(['example_short_circuit_decorator']) retrieved from /home/vscode/.local/lib/python3.10/site-packages/airflow/example_dags/example_short_circuit_decorator.py
[2025-04-04T14:49:49.193+0000] {logging_mixin.py:150} INFO - [2025-04-04T14:49:49.193+0000] {dag.py:2742} INFO - Sync 1 DAGs
[2025-04-04T14:49:49.208+0000] {logging_mixin.py:150} INFO - [2025-04-04T14:49:49.208+0000] {dag.py:3504} INFO - Setting next_dagrun for example_short_circuit_decorator to 2025-04-03T14:49:49.207927+00:00, run_after=2025-04-04T14:49:49.207927+00:00
[2025-04-04T14:49:49.222+0000] {processor.py:179} INFO - Processing /home/vscode/.local/lib/python3.10/site-packages/airflow/example_dags/example_short_circuit_decorator.py took 0.055 seconds
[2025-04-04T14:50:33.121+0000] {processor.py:157} INFO - Started process (PID=24299) to work on /home/vscode/.local/lib/python3.10/site-packages/airflow/example_dags/example_short_circuit_decorator.py
[2025-04-04T14:50:33.122+0000] {processor.py:826} INFO - Processing file /home/vscode/.local/lib/python3.10/site-packages/airflow/example_dags/example_short_circuit_decorator.py for tasks to queue
[2025-04-04T14:50:33.123+0000] {logging_mixin.py:150} INFO - [2025-04-04T14:50:33.122+0000] {dagbag.py:541} INFO - Filling up the DagBag from /home/vscode/.local/lib/python3.10/site-packages/airflow/example_dags/example_short_circuit_decorator.py
[2025-04-04T14:50:33.130+0000] {processor.py:836} INFO - DAG(s) dict_keys(['example_short_circuit_decorator']) retrieved from /home/vscode/.local/lib/python3.10/site-packages/airflow/example_dags/example_short_circuit_decorator.py
[2025-04-04T14:50:33.144+0000] {logging_mixin.py:150} INFO - [2025-04-04T14:50:33.144+0000] {dag.py:2742} INFO - Sync 1 DAGs
[2025-04-04T14:50:33.158+0000] {logging_mixin.py:150} INFO - [2025-04-04T14:50:33.158+0000] {dag.py:3504} INFO - Setting next_dagrun for example_short_circuit_decorator to 2025-04-03T14:50:33.158481+00:00, run_after=2025-04-04T14:50:33.158481+00:00
[2025-04-04T14:50:33.173+0000] {processor.py:179} INFO - Processing /home/vscode/.local/lib/python3.10/site-packages/airflow/example_dags/example_short_circuit_decorator.py took 0.055 seconds
[2025-04-04T14:51:16.519+0000] {processor.py:157} INFO - Started process (PID=24623) to work on /home/vscode/.local/lib/python3.10/site-packages/airflow/example_dags/example_short_circuit_decorator.py
[2025-04-04T14:51:16.520+0000] {processor.py:826} INFO - Processing file /home/vscode/.local/lib/python3.10/site-packages/airflow/example_dags/example_short_circuit_decorator.py for tasks to queue
[2025-04-04T14:51:16.521+0000] {logging_mixin.py:150} INFO - [2025-04-04T14:51:16.520+0000] {dagbag.py:541} INFO - Filling up the DagBag from /home/vscode/.local/lib/python3.10/site-packages/airflow/example_dags/example_short_circuit_decorator.py
[2025-04-04T14:51:16.528+0000] {processor.py:836} INFO - DAG(s) dict_keys(['example_short_circuit_decorator']) retrieved from /home/vscode/.local/lib/python3.10/site-packages/airflow/example_dags/example_short_circuit_decorator.py
[2025-04-04T14:51:16.542+0000] {logging_mixin.py:150} INFO - [2025-04-04T14:51:16.542+0000] {dag.py:2742} INFO - Sync 1 DAGs
[2025-04-04T14:51:16.556+0000] {logging_mixin.py:150} INFO - [2025-04-04T14:51:16.556+0000] {dag.py:3504} INFO - Setting next_dagrun for example_short_circuit_decorator to 2025-04-03T14:51:16.556283+00:00, run_after=2025-04-04T14:51:16.556283+00:00
[2025-04-04T14:51:16.571+0000] {processor.py:179} INFO - Processing /home/vscode/.local/lib/python3.10/site-packages/airflow/example_dags/example_short_circuit_decorator.py took 0.054 seconds
[2025-04-04T14:52:00.874+0000] {processor.py:157} INFO - Started process (PID=24922) to work on /home/vscode/.local/lib/python3.10/site-packages/airflow/example_dags/example_short_circuit_decorator.py
[2025-04-04T14:52:00.875+0000] {processor.py:826} INFO - Processing file /home/vscode/.local/lib/python3.10/site-packages/airflow/example_dags/example_short_circuit_decorator.py for tasks to queue
[2025-04-04T14:52:00.876+0000] {logging_mixin.py:150} INFO - [2025-04-04T14:52:00.875+0000] {dagbag.py:541} INFO - Filling up the DagBag from /home/vscode/.local/lib/python3.10/site-packages/airflow/example_dags/example_short_circuit_decorator.py
[2025-04-04T14:52:00.883+0000] {processor.py:836} INFO - DAG(s) dict_keys(['example_short_circuit_decorator']) retrieved from /home/vscode/.local/lib/python3.10/site-packages/airflow/example_dags/example_short_circuit_decorator.py
[2025-04-04T14:52:00.899+0000] {logging_mixin.py:150} INFO - [2025-04-04T14:52:00.898+0000] {dag.py:2742} INFO - Sync 1 DAGs
[2025-04-04T14:52:00.922+0000] {logging_mixin.py:150} INFO - [2025-04-04T14:52:00.921+0000] {dag.py:3504} INFO - Setting next_dagrun for example_short_circuit_decorator to 2025-04-03T14:52:00.921642+00:00, run_after=2025-04-04T14:52:00.921642+00:00
[2025-04-04T14:52:00.958+0000] {processor.py:179} INFO - Processing /home/vscode/.local/lib/python3.10/site-packages/airflow/example_dags/example_short_circuit_decorator.py took 0.086 seconds
[2025-04-04T14:52:41.714+0000] {processor.py:157} INFO - Started process (PID=25200) to work on /home/vscode/.local/lib/python3.10/site-packages/airflow/example_dags/example_short_circuit_decorator.py
[2025-04-04T14:52:41.715+0000] {processor.py:826} INFO - Processing file /home/vscode/.local/lib/python3.10/site-packages/airflow/example_dags/example_short_circuit_decorator.py for tasks to queue
[2025-04-04T14:52:41.716+0000] {logging_mixin.py:150} INFO - [2025-04-04T14:52:41.716+0000] {dagbag.py:541} INFO - Filling up the DagBag from /home/vscode/.local/lib/python3.10/site-packages/airflow/example_dags/example_short_circuit_decorator.py
[2025-04-04T14:52:41.723+0000] {processor.py:836} INFO - DAG(s) dict_keys(['example_short_circuit_decorator']) retrieved from /home/vscode/.local/lib/python3.10/site-packages/airflow/example_dags/example_short_circuit_decorator.py
[2025-04-04T14:52:41.740+0000] {logging_mixin.py:150} INFO - [2025-04-04T14:52:41.740+0000] {dag.py:2742} INFO - Sync 1 DAGs
[2025-04-04T14:52:41.761+0000] {logging_mixin.py:150} INFO - [2025-04-04T14:52:41.761+0000] {dag.py:3504} INFO - Setting next_dagrun for example_short_circuit_decorator to 2025-04-03T14:52:41.760898+00:00, run_after=2025-04-04T14:52:41.760898+00:00
[2025-04-04T14:52:41.778+0000] {processor.py:179} INFO - Processing /home/vscode/.local/lib/python3.10/site-packages/airflow/example_dags/example_short_circuit_decorator.py took 0.066 seconds
[2025-04-04T14:53:25.077+0000] {processor.py:157} INFO - Started process (PID=25490) to work on /home/vscode/.local/lib/python3.10/site-packages/airflow/example_dags/example_short_circuit_decorator.py
[2025-04-04T14:53:25.078+0000] {processor.py:826} INFO - Processing file /home/vscode/.local/lib/python3.10/site-packages/airflow/example_dags/example_short_circuit_decorator.py for tasks to queue
[2025-04-04T14:53:25.079+0000] {logging_mixin.py:150} INFO - [2025-04-04T14:53:25.078+0000] {dagbag.py:541} INFO - Filling up the DagBag from /home/vscode/.local/lib/python3.10/site-packages/airflow/example_dags/example_short_circuit_decorator.py
[2025-04-04T14:53:25.086+0000] {processor.py:836} INFO - DAG(s) dict_keys(['example_short_circuit_decorator']) retrieved from /home/vscode/.local/lib/python3.10/site-packages/airflow/example_dags/example_short_circuit_decorator.py
[2025-04-04T14:53:25.101+0000] {logging_mixin.py:150} INFO - [2025-04-04T14:53:25.100+0000] {dag.py:2742} INFO - Sync 1 DAGs
[2025-04-04T14:53:25.115+0000] {logging_mixin.py:150} INFO - [2025-04-04T14:53:25.115+0000] {dag.py:3504} INFO - Setting next_dagrun for example_short_circuit_decorator to 2025-04-03T14:53:25.115065+00:00, run_after=2025-04-04T14:53:25.115065+00:00
[2025-04-04T14:53:25.129+0000] {processor.py:179} INFO - Processing /home/vscode/.local/lib/python3.10/site-packages/airflow/example_dags/example_short_circuit_decorator.py took 0.055 seconds
[2025-04-04T14:54:08.218+0000] {processor.py:157} INFO - Started process (PID=25777) to work on /home/vscode/.local/lib/python3.10/site-packages/airflow/example_dags/example_short_circuit_decorator.py
[2025-04-04T14:54:08.219+0000] {processor.py:826} INFO - Processing file /home/vscode/.local/lib/python3.10/site-packages/airflow/example_dags/example_short_circuit_decorator.py for tasks to queue
[2025-04-04T14:54:08.219+0000] {logging_mixin.py:150} INFO - [2025-04-04T14:54:08.219+0000] {dagbag.py:541} INFO - Filling up the DagBag from /home/vscode/.local/lib/python3.10/site-packages/airflow/example_dags/example_short_circuit_decorator.py
[2025-04-04T14:54:08.227+0000] {processor.py:836} INFO - DAG(s) dict_keys(['example_short_circuit_decorator']) retrieved from /home/vscode/.local/lib/python3.10/site-packages/airflow/example_dags/example_short_circuit_decorator.py
[2025-04-04T14:54:08.241+0000] {logging_mixin.py:150} INFO - [2025-04-04T14:54:08.241+0000] {dag.py:2742} INFO - Sync 1 DAGs
[2025-04-04T14:54:08.259+0000] {logging_mixin.py:150} INFO - [2025-04-04T14:54:08.259+0000] {dag.py:3504} INFO - Setting next_dagrun for example_short_circuit_decorator to 2025-04-03T14:54:08.259449+00:00, run_after=2025-04-04T14:54:08.259449+00:00
[2025-04-04T14:54:08.274+0000] {processor.py:179} INFO - Processing /home/vscode/.local/lib/python3.10/site-packages/airflow/example_dags/example_short_circuit_decorator.py took 0.058 seconds
