[2025-04-04T14:27:10.458+0000] {processor.py:157} INFO - Started process (PID=14638) to work on /home/vscode/.local/lib/python3.10/site-packages/airflow/example_dags/example_datasets.py
[2025-04-04T14:27:10.459+0000] {processor.py:826} INFO - Processing file /home/vscode/.local/lib/python3.10/site-packages/airflow/example_dags/example_datasets.py for tasks to queue
[2025-04-04T14:27:10.460+0000] {logging_mixin.py:150} INFO - [2025-04-04T14:27:10.460+0000] {dagbag.py:541} INFO - Filling up the DagBag from /home/vscode/.local/lib/python3.10/site-packages/airflow/example_dags/example_datasets.py
[2025-04-04T14:27:10.467+0000] {processor.py:836} INFO - DAG(s) dict_keys(['dataset_consumes_1_never_scheduled', 'dataset_consumes_unknown_never_scheduled', 'dataset_produces_1', 'dataset_consumes_1', 'dataset_produces_2', 'dataset_consumes_1_and_2']) retrieved from /home/vscode/.local/lib/python3.10/site-packages/airflow/example_dags/example_datasets.py
[2025-04-04T14:27:10.539+0000] {logging_mixin.py:150} INFO - [2025-04-04T14:27:10.539+0000] {manager.py:504} INFO - Created Permission View: can delete on DAG:dataset_consumes_1_never_scheduled
[2025-04-04T14:27:10.547+0000] {logging_mixin.py:150} INFO - [2025-04-04T14:27:10.546+0000] {manager.py:504} INFO - Created Permission View: can read on DAG:dataset_consumes_1_never_scheduled
[2025-04-04T14:27:10.552+0000] {logging_mixin.py:150} INFO - [2025-04-04T14:27:10.552+0000] {manager.py:504} INFO - Created Permission View: can edit on DAG:dataset_consumes_1_never_scheduled
[2025-04-04T14:27:10.570+0000] {logging_mixin.py:150} INFO - [2025-04-04T14:27:10.570+0000] {manager.py:504} INFO - Created Permission View: can delete on DAG:dataset_consumes_unknown_never_scheduled
[2025-04-04T14:27:10.575+0000] {logging_mixin.py:150} INFO - [2025-04-04T14:27:10.575+0000] {manager.py:504} INFO - Created Permission View: can read on DAG:dataset_consumes_unknown_never_scheduled
[2025-04-04T14:27:10.581+0000] {logging_mixin.py:150} INFO - [2025-04-04T14:27:10.581+0000] {manager.py:504} INFO - Created Permission View: can edit on DAG:dataset_consumes_unknown_never_scheduled
[2025-04-04T14:27:10.594+0000] {logging_mixin.py:150} INFO - [2025-04-04T14:27:10.594+0000] {manager.py:504} INFO - Created Permission View: can delete on DAG:dataset_produces_1
[2025-04-04T14:27:10.599+0000] {logging_mixin.py:150} INFO - [2025-04-04T14:27:10.599+0000] {manager.py:504} INFO - Created Permission View: can read on DAG:dataset_produces_1
[2025-04-04T14:27:10.604+0000] {logging_mixin.py:150} INFO - [2025-04-04T14:27:10.604+0000] {manager.py:504} INFO - Created Permission View: can edit on DAG:dataset_produces_1
[2025-04-04T14:27:10.618+0000] {logging_mixin.py:150} INFO - [2025-04-04T14:27:10.618+0000] {manager.py:504} INFO - Created Permission View: can delete on DAG:dataset_consumes_1
[2025-04-04T14:27:10.623+0000] {logging_mixin.py:150} INFO - [2025-04-04T14:27:10.623+0000] {manager.py:504} INFO - Created Permission View: can read on DAG:dataset_consumes_1
[2025-04-04T14:27:10.628+0000] {logging_mixin.py:150} INFO - [2025-04-04T14:27:10.627+0000] {manager.py:504} INFO - Created Permission View: can edit on DAG:dataset_consumes_1
[2025-04-04T14:27:10.641+0000] {logging_mixin.py:150} INFO - [2025-04-04T14:27:10.640+0000] {manager.py:504} INFO - Created Permission View: can delete on DAG:dataset_produces_2
[2025-04-04T14:27:10.646+0000] {logging_mixin.py:150} INFO - [2025-04-04T14:27:10.645+0000] {manager.py:504} INFO - Created Permission View: can read on DAG:dataset_produces_2
[2025-04-04T14:27:10.651+0000] {logging_mixin.py:150} INFO - [2025-04-04T14:27:10.651+0000] {manager.py:504} INFO - Created Permission View: can edit on DAG:dataset_produces_2
[2025-04-04T14:27:10.664+0000] {logging_mixin.py:150} INFO - [2025-04-04T14:27:10.663+0000] {manager.py:504} INFO - Created Permission View: can delete on DAG:dataset_consumes_1_and_2
[2025-04-04T14:27:10.669+0000] {logging_mixin.py:150} INFO - [2025-04-04T14:27:10.669+0000] {manager.py:504} INFO - Created Permission View: can read on DAG:dataset_consumes_1_and_2
[2025-04-04T14:27:10.674+0000] {logging_mixin.py:150} INFO - [2025-04-04T14:27:10.674+0000] {manager.py:504} INFO - Created Permission View: can edit on DAG:dataset_consumes_1_and_2
[2025-04-04T14:27:10.677+0000] {logging_mixin.py:150} INFO - [2025-04-04T14:27:10.677+0000] {dag.py:2742} INFO - Sync 6 DAGs
[2025-04-04T14:27:10.684+0000] {logging_mixin.py:150} INFO - [2025-04-04T14:27:10.683+0000] {dag.py:2763} INFO - Creating ORM DAG for dataset_consumes_1
[2025-04-04T14:27:10.684+0000] {logging_mixin.py:150} INFO - [2025-04-04T14:27:10.684+0000] {dag.py:2763} INFO - Creating ORM DAG for dataset_produces_1
[2025-04-04T14:27:10.684+0000] {logging_mixin.py:150} INFO - [2025-04-04T14:27:10.684+0000] {dag.py:2763} INFO - Creating ORM DAG for dataset_produces_2
[2025-04-04T14:27:10.685+0000] {logging_mixin.py:150} INFO - [2025-04-04T14:27:10.684+0000] {dag.py:2763} INFO - Creating ORM DAG for dataset_consumes_unknown_never_scheduled
[2025-04-04T14:27:10.685+0000] {logging_mixin.py:150} INFO - [2025-04-04T14:27:10.685+0000] {dag.py:2763} INFO - Creating ORM DAG for dataset_consumes_1_and_2
[2025-04-04T14:27:10.685+0000] {logging_mixin.py:150} INFO - [2025-04-04T14:27:10.685+0000] {dag.py:2763} INFO - Creating ORM DAG for dataset_consumes_1_never_scheduled
[2025-04-04T14:27:10.691+0000] {logging_mixin.py:150} INFO - [2025-04-04T14:27:10.691+0000] {dag.py:3504} INFO - Setting next_dagrun for dataset_consumes_1 to None, run_after=None
[2025-04-04T14:27:10.692+0000] {logging_mixin.py:150} INFO - [2025-04-04T14:27:10.692+0000] {dag.py:3504} INFO - Setting next_dagrun for dataset_consumes_1_and_2 to None, run_after=None
[2025-04-04T14:27:10.692+0000] {logging_mixin.py:150} INFO - [2025-04-04T14:27:10.692+0000] {dag.py:3504} INFO - Setting next_dagrun for dataset_consumes_1_never_scheduled to None, run_after=None
[2025-04-04T14:27:10.692+0000] {logging_mixin.py:150} INFO - [2025-04-04T14:27:10.692+0000] {dag.py:3504} INFO - Setting next_dagrun for dataset_consumes_unknown_never_scheduled to None, run_after=None
[2025-04-04T14:27:10.694+0000] {logging_mixin.py:150} INFO - [2025-04-04T14:27:10.694+0000] {dag.py:3504} INFO - Setting next_dagrun for dataset_produces_1 to 2025-04-03T00:00:00+00:00, run_after=2025-04-04T00:00:00+00:00
[2025-04-04T14:27:10.694+0000] {logging_mixin.py:150} INFO - [2025-04-04T14:27:10.694+0000] {dag.py:3504} INFO - Setting next_dagrun for dataset_produces_2 to None, run_after=None
[2025-04-04T14:27:10.717+0000] {processor.py:179} INFO - Processing /home/vscode/.local/lib/python3.10/site-packages/airflow/example_dags/example_datasets.py took 0.262 seconds
[2025-04-04T14:27:58.940+0000] {processor.py:157} INFO - Started process (PID=15005) to work on /home/vscode/.local/lib/python3.10/site-packages/airflow/example_dags/example_datasets.py
[2025-04-04T14:27:58.941+0000] {processor.py:826} INFO - Processing file /home/vscode/.local/lib/python3.10/site-packages/airflow/example_dags/example_datasets.py for tasks to queue
[2025-04-04T14:27:58.942+0000] {logging_mixin.py:150} INFO - [2025-04-04T14:27:58.941+0000] {dagbag.py:541} INFO - Filling up the DagBag from /home/vscode/.local/lib/python3.10/site-packages/airflow/example_dags/example_datasets.py
[2025-04-04T14:27:58.949+0000] {processor.py:836} INFO - DAG(s) dict_keys(['dataset_consumes_1_never_scheduled', 'dataset_produces_2', 'dataset_consumes_1', 'dataset_produces_1', 'dataset_consumes_unknown_never_scheduled', 'dataset_consumes_1_and_2']) retrieved from /home/vscode/.local/lib/python3.10/site-packages/airflow/example_dags/example_datasets.py
[2025-04-04T14:27:58.970+0000] {logging_mixin.py:150} INFO - [2025-04-04T14:27:58.970+0000] {dag.py:2742} INFO - Sync 6 DAGs
[2025-04-04T14:27:58.986+0000] {logging_mixin.py:150} INFO - [2025-04-04T14:27:58.986+0000] {dag.py:3504} INFO - Setting next_dagrun for dataset_consumes_1 to None, run_after=None
[2025-04-04T14:27:58.988+0000] {logging_mixin.py:150} INFO - [2025-04-04T14:27:58.988+0000] {dag.py:3504} INFO - Setting next_dagrun for dataset_consumes_1_and_2 to None, run_after=None
[2025-04-04T14:27:58.989+0000] {logging_mixin.py:150} INFO - [2025-04-04T14:27:58.989+0000] {dag.py:3504} INFO - Setting next_dagrun for dataset_consumes_1_never_scheduled to None, run_after=None
[2025-04-04T14:27:58.990+0000] {logging_mixin.py:150} INFO - [2025-04-04T14:27:58.990+0000] {dag.py:3504} INFO - Setting next_dagrun for dataset_consumes_unknown_never_scheduled to None, run_after=None
[2025-04-04T14:27:58.991+0000] {logging_mixin.py:150} INFO - [2025-04-04T14:27:58.991+0000] {dag.py:3504} INFO - Setting next_dagrun for dataset_produces_1 to 2025-04-03T00:00:00+00:00, run_after=2025-04-04T00:00:00+00:00
[2025-04-04T14:27:58.992+0000] {logging_mixin.py:150} INFO - [2025-04-04T14:27:58.992+0000] {dag.py:3504} INFO - Setting next_dagrun for dataset_produces_2 to None, run_after=None
[2025-04-04T14:27:59.012+0000] {processor.py:179} INFO - Processing /home/vscode/.local/lib/python3.10/site-packages/airflow/example_dags/example_datasets.py took 0.075 seconds
[2025-04-04T14:28:42.902+0000] {processor.py:157} INFO - Started process (PID=15347) to work on /home/vscode/.local/lib/python3.10/site-packages/airflow/example_dags/example_datasets.py
[2025-04-04T14:28:42.902+0000] {processor.py:826} INFO - Processing file /home/vscode/.local/lib/python3.10/site-packages/airflow/example_dags/example_datasets.py for tasks to queue
[2025-04-04T14:28:42.903+0000] {logging_mixin.py:150} INFO - [2025-04-04T14:28:42.903+0000] {dagbag.py:541} INFO - Filling up the DagBag from /home/vscode/.local/lib/python3.10/site-packages/airflow/example_dags/example_datasets.py
[2025-04-04T14:28:42.911+0000] {processor.py:836} INFO - DAG(s) dict_keys(['dataset_consumes_unknown_never_scheduled', 'dataset_consumes_1_never_scheduled', 'dataset_consumes_1_and_2', 'dataset_produces_2', 'dataset_consumes_1', 'dataset_produces_1']) retrieved from /home/vscode/.local/lib/python3.10/site-packages/airflow/example_dags/example_datasets.py
[2025-04-04T14:28:42.933+0000] {logging_mixin.py:150} INFO - [2025-04-04T14:28:42.932+0000] {dag.py:2742} INFO - Sync 6 DAGs
[2025-04-04T14:28:42.947+0000] {logging_mixin.py:150} INFO - [2025-04-04T14:28:42.947+0000] {dag.py:3504} INFO - Setting next_dagrun for dataset_consumes_1 to None, run_after=None
[2025-04-04T14:28:42.950+0000] {logging_mixin.py:150} INFO - [2025-04-04T14:28:42.950+0000] {dag.py:3504} INFO - Setting next_dagrun for dataset_consumes_1_and_2 to None, run_after=None
[2025-04-04T14:28:42.951+0000] {logging_mixin.py:150} INFO - [2025-04-04T14:28:42.951+0000] {dag.py:3504} INFO - Setting next_dagrun for dataset_consumes_1_never_scheduled to None, run_after=None
[2025-04-04T14:28:42.951+0000] {logging_mixin.py:150} INFO - [2025-04-04T14:28:42.951+0000] {dag.py:3504} INFO - Setting next_dagrun for dataset_consumes_unknown_never_scheduled to None, run_after=None
[2025-04-04T14:28:42.953+0000] {logging_mixin.py:150} INFO - [2025-04-04T14:28:42.953+0000] {dag.py:3504} INFO - Setting next_dagrun for dataset_produces_1 to 2025-04-03T00:00:00+00:00, run_after=2025-04-04T00:00:00+00:00
[2025-04-04T14:28:42.954+0000] {logging_mixin.py:150} INFO - [2025-04-04T14:28:42.953+0000] {dag.py:3504} INFO - Setting next_dagrun for dataset_produces_2 to None, run_after=None
[2025-04-04T14:28:42.975+0000] {processor.py:179} INFO - Processing /home/vscode/.local/lib/python3.10/site-packages/airflow/example_dags/example_datasets.py took 0.076 seconds
[2025-04-04T14:29:27.942+0000] {processor.py:157} INFO - Started process (PID=15664) to work on /home/vscode/.local/lib/python3.10/site-packages/airflow/example_dags/example_datasets.py
[2025-04-04T14:29:27.943+0000] {processor.py:826} INFO - Processing file /home/vscode/.local/lib/python3.10/site-packages/airflow/example_dags/example_datasets.py for tasks to queue
[2025-04-04T14:29:27.944+0000] {logging_mixin.py:150} INFO - [2025-04-04T14:29:27.943+0000] {dagbag.py:541} INFO - Filling up the DagBag from /home/vscode/.local/lib/python3.10/site-packages/airflow/example_dags/example_datasets.py
[2025-04-04T14:29:27.951+0000] {processor.py:836} INFO - DAG(s) dict_keys(['dataset_consumes_1_and_2', 'dataset_produces_1', 'dataset_consumes_1', 'dataset_consumes_unknown_never_scheduled', 'dataset_consumes_1_never_scheduled', 'dataset_produces_2']) retrieved from /home/vscode/.local/lib/python3.10/site-packages/airflow/example_dags/example_datasets.py
[2025-04-04T14:29:27.972+0000] {logging_mixin.py:150} INFO - [2025-04-04T14:29:27.972+0000] {dag.py:2742} INFO - Sync 6 DAGs
[2025-04-04T14:29:27.988+0000] {logging_mixin.py:150} INFO - [2025-04-04T14:29:27.988+0000] {dag.py:3504} INFO - Setting next_dagrun for dataset_consumes_1 to None, run_after=None
[2025-04-04T14:29:27.990+0000] {logging_mixin.py:150} INFO - [2025-04-04T14:29:27.990+0000] {dag.py:3504} INFO - Setting next_dagrun for dataset_consumes_1_and_2 to None, run_after=None
[2025-04-04T14:29:27.991+0000] {logging_mixin.py:150} INFO - [2025-04-04T14:29:27.991+0000] {dag.py:3504} INFO - Setting next_dagrun for dataset_consumes_1_never_scheduled to None, run_after=None
[2025-04-04T14:29:27.991+0000] {logging_mixin.py:150} INFO - [2025-04-04T14:29:27.991+0000] {dag.py:3504} INFO - Setting next_dagrun for dataset_consumes_unknown_never_scheduled to None, run_after=None
[2025-04-04T14:29:27.993+0000] {logging_mixin.py:150} INFO - [2025-04-04T14:29:27.993+0000] {dag.py:3504} INFO - Setting next_dagrun for dataset_produces_1 to 2025-04-03T00:00:00+00:00, run_after=2025-04-04T00:00:00+00:00
[2025-04-04T14:29:27.994+0000] {logging_mixin.py:150} INFO - [2025-04-04T14:29:27.994+0000] {dag.py:3504} INFO - Setting next_dagrun for dataset_produces_2 to None, run_after=None
[2025-04-04T14:29:28.015+0000] {processor.py:179} INFO - Processing /home/vscode/.local/lib/python3.10/site-packages/airflow/example_dags/example_datasets.py took 0.075 seconds
[2025-04-04T14:30:16.880+0000] {processor.py:157} INFO - Started process (PID=16040) to work on /home/vscode/.local/lib/python3.10/site-packages/airflow/example_dags/example_datasets.py
[2025-04-04T14:30:16.881+0000] {processor.py:826} INFO - Processing file /home/vscode/.local/lib/python3.10/site-packages/airflow/example_dags/example_datasets.py for tasks to queue
[2025-04-04T14:30:16.881+0000] {logging_mixin.py:150} INFO - [2025-04-04T14:30:16.881+0000] {dagbag.py:541} INFO - Filling up the DagBag from /home/vscode/.local/lib/python3.10/site-packages/airflow/example_dags/example_datasets.py
[2025-04-04T14:30:16.889+0000] {processor.py:836} INFO - DAG(s) dict_keys(['dataset_consumes_1_and_2', 'dataset_consumes_unknown_never_scheduled', 'dataset_consumes_1_never_scheduled', 'dataset_produces_1', 'dataset_produces_2', 'dataset_consumes_1']) retrieved from /home/vscode/.local/lib/python3.10/site-packages/airflow/example_dags/example_datasets.py
[2025-04-04T14:30:16.911+0000] {logging_mixin.py:150} INFO - [2025-04-04T14:30:16.911+0000] {dag.py:2742} INFO - Sync 6 DAGs
[2025-04-04T14:30:16.926+0000] {logging_mixin.py:150} INFO - [2025-04-04T14:30:16.926+0000] {dag.py:3504} INFO - Setting next_dagrun for dataset_consumes_1 to None, run_after=None
[2025-04-04T14:30:16.928+0000] {logging_mixin.py:150} INFO - [2025-04-04T14:30:16.928+0000] {dag.py:3504} INFO - Setting next_dagrun for dataset_consumes_1_and_2 to None, run_after=None
[2025-04-04T14:30:16.929+0000] {logging_mixin.py:150} INFO - [2025-04-04T14:30:16.929+0000] {dag.py:3504} INFO - Setting next_dagrun for dataset_consumes_1_never_scheduled to None, run_after=None
[2025-04-04T14:30:16.929+0000] {logging_mixin.py:150} INFO - [2025-04-04T14:30:16.929+0000] {dag.py:3504} INFO - Setting next_dagrun for dataset_consumes_unknown_never_scheduled to None, run_after=None
[2025-04-04T14:30:16.931+0000] {logging_mixin.py:150} INFO - [2025-04-04T14:30:16.931+0000] {dag.py:3504} INFO - Setting next_dagrun for dataset_produces_1 to 2025-04-03T00:00:00+00:00, run_after=2025-04-04T00:00:00+00:00
[2025-04-04T14:30:16.932+0000] {logging_mixin.py:150} INFO - [2025-04-04T14:30:16.932+0000] {dag.py:3504} INFO - Setting next_dagrun for dataset_produces_2 to None, run_after=None
[2025-04-04T14:30:16.952+0000] {processor.py:179} INFO - Processing /home/vscode/.local/lib/python3.10/site-packages/airflow/example_dags/example_datasets.py took 0.075 seconds
[2025-04-04T14:47:08.713+0000] {processor.py:157} INFO - Started process (PID=22612) to work on /home/vscode/.local/lib/python3.10/site-packages/airflow/example_dags/example_datasets.py
[2025-04-04T14:47:08.713+0000] {processor.py:826} INFO - Processing file /home/vscode/.local/lib/python3.10/site-packages/airflow/example_dags/example_datasets.py for tasks to queue
[2025-04-04T14:47:08.714+0000] {logging_mixin.py:150} INFO - [2025-04-04T14:47:08.714+0000] {dagbag.py:541} INFO - Filling up the DagBag from /home/vscode/.local/lib/python3.10/site-packages/airflow/example_dags/example_datasets.py
[2025-04-04T14:47:08.722+0000] {processor.py:836} INFO - DAG(s) dict_keys(['dataset_consumes_unknown_never_scheduled', 'dataset_produces_1', 'dataset_consumes_1_never_scheduled', 'dataset_produces_2', 'dataset_consumes_1_and_2', 'dataset_consumes_1']) retrieved from /home/vscode/.local/lib/python3.10/site-packages/airflow/example_dags/example_datasets.py
[2025-04-04T14:47:08.743+0000] {logging_mixin.py:150} INFO - [2025-04-04T14:47:08.743+0000] {dag.py:2742} INFO - Sync 6 DAGs
[2025-04-04T14:47:08.757+0000] {logging_mixin.py:150} INFO - [2025-04-04T14:47:08.757+0000] {dag.py:3504} INFO - Setting next_dagrun for dataset_consumes_1 to None, run_after=None
[2025-04-04T14:47:08.759+0000] {logging_mixin.py:150} INFO - [2025-04-04T14:47:08.759+0000] {dag.py:3504} INFO - Setting next_dagrun for dataset_consumes_1_and_2 to None, run_after=None
[2025-04-04T14:47:08.760+0000] {logging_mixin.py:150} INFO - [2025-04-04T14:47:08.760+0000] {dag.py:3504} INFO - Setting next_dagrun for dataset_consumes_1_never_scheduled to None, run_after=None
[2025-04-04T14:47:08.761+0000] {logging_mixin.py:150} INFO - [2025-04-04T14:47:08.761+0000] {dag.py:3504} INFO - Setting next_dagrun for dataset_consumes_unknown_never_scheduled to None, run_after=None
[2025-04-04T14:47:08.762+0000] {logging_mixin.py:150} INFO - [2025-04-04T14:47:08.762+0000] {dag.py:3504} INFO - Setting next_dagrun for dataset_produces_1 to 2025-04-03T00:00:00+00:00, run_after=2025-04-04T00:00:00+00:00
[2025-04-04T14:47:08.763+0000] {logging_mixin.py:150} INFO - [2025-04-04T14:47:08.763+0000] {dag.py:3504} INFO - Setting next_dagrun for dataset_produces_2 to None, run_after=None
[2025-04-04T14:47:08.782+0000] {processor.py:179} INFO - Processing /home/vscode/.local/lib/python3.10/site-packages/airflow/example_dags/example_datasets.py took 0.072 seconds
[2025-04-04T14:47:55.507+0000] {processor.py:157} INFO - Started process (PID=23099) to work on /home/vscode/.local/lib/python3.10/site-packages/airflow/example_dags/example_datasets.py
[2025-04-04T14:47:55.508+0000] {processor.py:826} INFO - Processing file /home/vscode/.local/lib/python3.10/site-packages/airflow/example_dags/example_datasets.py for tasks to queue
[2025-04-04T14:47:55.509+0000] {logging_mixin.py:150} INFO - [2025-04-04T14:47:55.508+0000] {dagbag.py:541} INFO - Filling up the DagBag from /home/vscode/.local/lib/python3.10/site-packages/airflow/example_dags/example_datasets.py
[2025-04-04T14:47:55.517+0000] {processor.py:836} INFO - DAG(s) dict_keys(['dataset_consumes_1_and_2', 'dataset_produces_1', 'dataset_consumes_1', 'dataset_consumes_unknown_never_scheduled', 'dataset_consumes_1_never_scheduled', 'dataset_produces_2']) retrieved from /home/vscode/.local/lib/python3.10/site-packages/airflow/example_dags/example_datasets.py
[2025-04-04T14:47:55.538+0000] {logging_mixin.py:150} INFO - [2025-04-04T14:47:55.537+0000] {dag.py:2742} INFO - Sync 6 DAGs
[2025-04-04T14:47:55.552+0000] {logging_mixin.py:150} INFO - [2025-04-04T14:47:55.552+0000] {dag.py:3504} INFO - Setting next_dagrun for dataset_consumes_1 to None, run_after=None
[2025-04-04T14:47:55.554+0000] {logging_mixin.py:150} INFO - [2025-04-04T14:47:55.554+0000] {dag.py:3504} INFO - Setting next_dagrun for dataset_consumes_1_and_2 to None, run_after=None
[2025-04-04T14:47:55.555+0000] {logging_mixin.py:150} INFO - [2025-04-04T14:47:55.555+0000] {dag.py:3504} INFO - Setting next_dagrun for dataset_consumes_1_never_scheduled to None, run_after=None
[2025-04-04T14:47:55.556+0000] {logging_mixin.py:150} INFO - [2025-04-04T14:47:55.556+0000] {dag.py:3504} INFO - Setting next_dagrun for dataset_consumes_unknown_never_scheduled to None, run_after=None
[2025-04-04T14:47:55.558+0000] {logging_mixin.py:150} INFO - [2025-04-04T14:47:55.558+0000] {dag.py:3504} INFO - Setting next_dagrun for dataset_produces_1 to 2025-04-03T00:00:00+00:00, run_after=2025-04-04T00:00:00+00:00
[2025-04-04T14:47:55.559+0000] {logging_mixin.py:150} INFO - [2025-04-04T14:47:55.559+0000] {dag.py:3504} INFO - Setting next_dagrun for dataset_produces_2 to None, run_after=None
[2025-04-04T14:47:55.592+0000] {processor.py:179} INFO - Processing /home/vscode/.local/lib/python3.10/site-packages/airflow/example_dags/example_datasets.py took 0.087 seconds
[2025-04-04T14:48:40.132+0000] {processor.py:157} INFO - Started process (PID=23447) to work on /home/vscode/.local/lib/python3.10/site-packages/airflow/example_dags/example_datasets.py
[2025-04-04T14:48:40.133+0000] {processor.py:826} INFO - Processing file /home/vscode/.local/lib/python3.10/site-packages/airflow/example_dags/example_datasets.py for tasks to queue
[2025-04-04T14:48:40.133+0000] {logging_mixin.py:150} INFO - [2025-04-04T14:48:40.133+0000] {dagbag.py:541} INFO - Filling up the DagBag from /home/vscode/.local/lib/python3.10/site-packages/airflow/example_dags/example_datasets.py
[2025-04-04T14:48:40.141+0000] {processor.py:836} INFO - DAG(s) dict_keys(['dataset_consumes_unknown_never_scheduled', 'dataset_produces_1', 'dataset_produces_2', 'dataset_consumes_1', 'dataset_consumes_1_and_2', 'dataset_consumes_1_never_scheduled']) retrieved from /home/vscode/.local/lib/python3.10/site-packages/airflow/example_dags/example_datasets.py
[2025-04-04T14:48:40.162+0000] {logging_mixin.py:150} INFO - [2025-04-04T14:48:40.162+0000] {dag.py:2742} INFO - Sync 6 DAGs
[2025-04-04T14:48:40.176+0000] {logging_mixin.py:150} INFO - [2025-04-04T14:48:40.176+0000] {dag.py:3504} INFO - Setting next_dagrun for dataset_consumes_1 to None, run_after=None
[2025-04-04T14:48:40.179+0000] {logging_mixin.py:150} INFO - [2025-04-04T14:48:40.178+0000] {dag.py:3504} INFO - Setting next_dagrun for dataset_consumes_1_and_2 to None, run_after=None
[2025-04-04T14:48:40.179+0000] {logging_mixin.py:150} INFO - [2025-04-04T14:48:40.179+0000] {dag.py:3504} INFO - Setting next_dagrun for dataset_consumes_1_never_scheduled to None, run_after=None
[2025-04-04T14:48:40.180+0000] {logging_mixin.py:150} INFO - [2025-04-04T14:48:40.180+0000] {dag.py:3504} INFO - Setting next_dagrun for dataset_consumes_unknown_never_scheduled to None, run_after=None
[2025-04-04T14:48:40.181+0000] {logging_mixin.py:150} INFO - [2025-04-04T14:48:40.181+0000] {dag.py:3504} INFO - Setting next_dagrun for dataset_produces_1 to 2025-04-03T00:00:00+00:00, run_after=2025-04-04T00:00:00+00:00
[2025-04-04T14:48:40.182+0000] {logging_mixin.py:150} INFO - [2025-04-04T14:48:40.182+0000] {dag.py:3504} INFO - Setting next_dagrun for dataset_produces_2 to None, run_after=None
[2025-04-04T14:48:40.203+0000] {processor.py:179} INFO - Processing /home/vscode/.local/lib/python3.10/site-packages/airflow/example_dags/example_datasets.py took 0.073 seconds
[2025-04-04T14:49:28.919+0000] {processor.py:157} INFO - Started process (PID=23811) to work on /home/vscode/.local/lib/python3.10/site-packages/airflow/example_dags/example_datasets.py
[2025-04-04T14:49:28.919+0000] {processor.py:826} INFO - Processing file /home/vscode/.local/lib/python3.10/site-packages/airflow/example_dags/example_datasets.py for tasks to queue
[2025-04-04T14:49:28.920+0000] {logging_mixin.py:150} INFO - [2025-04-04T14:49:28.920+0000] {dagbag.py:541} INFO - Filling up the DagBag from /home/vscode/.local/lib/python3.10/site-packages/airflow/example_dags/example_datasets.py
[2025-04-04T14:49:28.927+0000] {processor.py:836} INFO - DAG(s) dict_keys(['dataset_produces_1', 'dataset_consumes_1', 'dataset_consumes_unknown_never_scheduled', 'dataset_consumes_1_never_scheduled', 'dataset_produces_2', 'dataset_consumes_1_and_2']) retrieved from /home/vscode/.local/lib/python3.10/site-packages/airflow/example_dags/example_datasets.py
[2025-04-04T14:49:28.948+0000] {logging_mixin.py:150} INFO - [2025-04-04T14:49:28.948+0000] {dag.py:2742} INFO - Sync 6 DAGs
[2025-04-04T14:49:28.963+0000] {logging_mixin.py:150} INFO - [2025-04-04T14:49:28.963+0000] {dag.py:3504} INFO - Setting next_dagrun for dataset_consumes_1 to None, run_after=None
[2025-04-04T14:49:28.965+0000] {logging_mixin.py:150} INFO - [2025-04-04T14:49:28.965+0000] {dag.py:3504} INFO - Setting next_dagrun for dataset_consumes_1_and_2 to None, run_after=None
[2025-04-04T14:49:28.965+0000] {logging_mixin.py:150} INFO - [2025-04-04T14:49:28.965+0000] {dag.py:3504} INFO - Setting next_dagrun for dataset_consumes_1_never_scheduled to None, run_after=None
[2025-04-04T14:49:28.966+0000] {logging_mixin.py:150} INFO - [2025-04-04T14:49:28.966+0000] {dag.py:3504} INFO - Setting next_dagrun for dataset_consumes_unknown_never_scheduled to None, run_after=None
[2025-04-04T14:49:28.968+0000] {logging_mixin.py:150} INFO - [2025-04-04T14:49:28.968+0000] {dag.py:3504} INFO - Setting next_dagrun for dataset_produces_1 to 2025-04-03T00:00:00+00:00, run_after=2025-04-04T00:00:00+00:00
[2025-04-04T14:49:28.968+0000] {logging_mixin.py:150} INFO - [2025-04-04T14:49:28.968+0000] {dag.py:3504} INFO - Setting next_dagrun for dataset_produces_2 to None, run_after=None
[2025-04-04T14:49:28.988+0000] {processor.py:179} INFO - Processing /home/vscode/.local/lib/python3.10/site-packages/airflow/example_dags/example_datasets.py took 0.072 seconds
[2025-04-04T14:50:12.565+0000] {processor.py:157} INFO - Started process (PID=24147) to work on /home/vscode/.local/lib/python3.10/site-packages/airflow/example_dags/example_datasets.py
[2025-04-04T14:50:12.565+0000] {processor.py:826} INFO - Processing file /home/vscode/.local/lib/python3.10/site-packages/airflow/example_dags/example_datasets.py for tasks to queue
[2025-04-04T14:50:12.566+0000] {logging_mixin.py:150} INFO - [2025-04-04T14:50:12.566+0000] {dagbag.py:541} INFO - Filling up the DagBag from /home/vscode/.local/lib/python3.10/site-packages/airflow/example_dags/example_datasets.py
[2025-04-04T14:50:12.574+0000] {processor.py:836} INFO - DAG(s) dict_keys(['dataset_consumes_1_and_2', 'dataset_consumes_unknown_never_scheduled', 'dataset_produces_1', 'dataset_produces_2', 'dataset_consumes_1_never_scheduled', 'dataset_consumes_1']) retrieved from /home/vscode/.local/lib/python3.10/site-packages/airflow/example_dags/example_datasets.py
[2025-04-04T14:50:12.595+0000] {logging_mixin.py:150} INFO - [2025-04-04T14:50:12.595+0000] {dag.py:2742} INFO - Sync 6 DAGs
[2025-04-04T14:50:12.610+0000] {logging_mixin.py:150} INFO - [2025-04-04T14:50:12.610+0000] {dag.py:3504} INFO - Setting next_dagrun for dataset_consumes_1 to None, run_after=None
[2025-04-04T14:50:12.612+0000] {logging_mixin.py:150} INFO - [2025-04-04T14:50:12.612+0000] {dag.py:3504} INFO - Setting next_dagrun for dataset_consumes_1_and_2 to None, run_after=None
[2025-04-04T14:50:12.613+0000] {logging_mixin.py:150} INFO - [2025-04-04T14:50:12.613+0000] {dag.py:3504} INFO - Setting next_dagrun for dataset_consumes_1_never_scheduled to None, run_after=None
[2025-04-04T14:50:12.614+0000] {logging_mixin.py:150} INFO - [2025-04-04T14:50:12.614+0000] {dag.py:3504} INFO - Setting next_dagrun for dataset_consumes_unknown_never_scheduled to None, run_after=None
[2025-04-04T14:50:12.615+0000] {logging_mixin.py:150} INFO - [2025-04-04T14:50:12.615+0000] {dag.py:3504} INFO - Setting next_dagrun for dataset_produces_1 to 2025-04-03T00:00:00+00:00, run_after=2025-04-04T00:00:00+00:00
[2025-04-04T14:50:12.616+0000] {logging_mixin.py:150} INFO - [2025-04-04T14:50:12.616+0000] {dag.py:3504} INFO - Setting next_dagrun for dataset_produces_2 to None, run_after=None
[2025-04-04T14:50:12.637+0000] {processor.py:179} INFO - Processing /home/vscode/.local/lib/python3.10/site-packages/airflow/example_dags/example_datasets.py took 0.075 seconds
[2025-04-04T14:50:56.544+0000] {processor.py:157} INFO - Started process (PID=24477) to work on /home/vscode/.local/lib/python3.10/site-packages/airflow/example_dags/example_datasets.py
[2025-04-04T14:50:56.545+0000] {processor.py:826} INFO - Processing file /home/vscode/.local/lib/python3.10/site-packages/airflow/example_dags/example_datasets.py for tasks to queue
[2025-04-04T14:50:56.545+0000] {logging_mixin.py:150} INFO - [2025-04-04T14:50:56.545+0000] {dagbag.py:541} INFO - Filling up the DagBag from /home/vscode/.local/lib/python3.10/site-packages/airflow/example_dags/example_datasets.py
[2025-04-04T14:50:56.553+0000] {processor.py:836} INFO - DAG(s) dict_keys(['dataset_consumes_1', 'dataset_produces_1', 'dataset_produces_2', 'dataset_consumes_1_and_2', 'dataset_consumes_unknown_never_scheduled', 'dataset_consumes_1_never_scheduled']) retrieved from /home/vscode/.local/lib/python3.10/site-packages/airflow/example_dags/example_datasets.py
[2025-04-04T14:50:56.574+0000] {logging_mixin.py:150} INFO - [2025-04-04T14:50:56.574+0000] {dag.py:2742} INFO - Sync 6 DAGs
[2025-04-04T14:50:56.589+0000] {logging_mixin.py:150} INFO - [2025-04-04T14:50:56.589+0000] {dag.py:3504} INFO - Setting next_dagrun for dataset_consumes_1 to None, run_after=None
[2025-04-04T14:50:56.591+0000] {logging_mixin.py:150} INFO - [2025-04-04T14:50:56.591+0000] {dag.py:3504} INFO - Setting next_dagrun for dataset_consumes_1_and_2 to None, run_after=None
[2025-04-04T14:50:56.591+0000] {logging_mixin.py:150} INFO - [2025-04-04T14:50:56.591+0000] {dag.py:3504} INFO - Setting next_dagrun for dataset_consumes_1_never_scheduled to None, run_after=None
[2025-04-04T14:50:56.592+0000] {logging_mixin.py:150} INFO - [2025-04-04T14:50:56.592+0000] {dag.py:3504} INFO - Setting next_dagrun for dataset_consumes_unknown_never_scheduled to None, run_after=None
[2025-04-04T14:50:56.594+0000] {logging_mixin.py:150} INFO - [2025-04-04T14:50:56.594+0000] {dag.py:3504} INFO - Setting next_dagrun for dataset_produces_1 to 2025-04-03T00:00:00+00:00, run_after=2025-04-04T00:00:00+00:00
[2025-04-04T14:50:56.594+0000] {logging_mixin.py:150} INFO - [2025-04-04T14:50:56.594+0000] {dag.py:3504} INFO - Setting next_dagrun for dataset_produces_2 to None, run_after=None
[2025-04-04T14:50:56.614+0000] {processor.py:179} INFO - Processing /home/vscode/.local/lib/python3.10/site-packages/airflow/example_dags/example_datasets.py took 0.073 seconds
[2025-04-04T14:51:41.752+0000] {processor.py:157} INFO - Started process (PID=24799) to work on /home/vscode/.local/lib/python3.10/site-packages/airflow/example_dags/example_datasets.py
[2025-04-04T14:51:41.752+0000] {processor.py:826} INFO - Processing file /home/vscode/.local/lib/python3.10/site-packages/airflow/example_dags/example_datasets.py for tasks to queue
[2025-04-04T14:51:41.753+0000] {logging_mixin.py:150} INFO - [2025-04-04T14:51:41.753+0000] {dagbag.py:541} INFO - Filling up the DagBag from /home/vscode/.local/lib/python3.10/site-packages/airflow/example_dags/example_datasets.py
[2025-04-04T14:51:41.760+0000] {processor.py:836} INFO - DAG(s) dict_keys(['dataset_produces_2', 'dataset_consumes_1_and_2', 'dataset_consumes_1', 'dataset_consumes_1_never_scheduled', 'dataset_consumes_unknown_never_scheduled', 'dataset_produces_1']) retrieved from /home/vscode/.local/lib/python3.10/site-packages/airflow/example_dags/example_datasets.py
[2025-04-04T14:51:41.781+0000] {logging_mixin.py:150} INFO - [2025-04-04T14:51:41.781+0000] {dag.py:2742} INFO - Sync 6 DAGs
[2025-04-04T14:51:41.796+0000] {logging_mixin.py:150} INFO - [2025-04-04T14:51:41.796+0000] {dag.py:3504} INFO - Setting next_dagrun for dataset_consumes_1 to None, run_after=None
[2025-04-04T14:51:41.799+0000] {logging_mixin.py:150} INFO - [2025-04-04T14:51:41.799+0000] {dag.py:3504} INFO - Setting next_dagrun for dataset_consumes_1_and_2 to None, run_after=None
[2025-04-04T14:51:41.799+0000] {logging_mixin.py:150} INFO - [2025-04-04T14:51:41.799+0000] {dag.py:3504} INFO - Setting next_dagrun for dataset_consumes_1_never_scheduled to None, run_after=None
[2025-04-04T14:51:41.800+0000] {logging_mixin.py:150} INFO - [2025-04-04T14:51:41.800+0000] {dag.py:3504} INFO - Setting next_dagrun for dataset_consumes_unknown_never_scheduled to None, run_after=None
[2025-04-04T14:51:41.802+0000] {logging_mixin.py:150} INFO - [2025-04-04T14:51:41.802+0000] {dag.py:3504} INFO - Setting next_dagrun for dataset_produces_1 to 2025-04-03T00:00:00+00:00, run_after=2025-04-04T00:00:00+00:00
[2025-04-04T14:51:41.802+0000] {logging_mixin.py:150} INFO - [2025-04-04T14:51:41.802+0000] {dag.py:3504} INFO - Setting next_dagrun for dataset_produces_2 to None, run_after=None
[2025-04-04T14:51:41.822+0000] {processor.py:179} INFO - Processing /home/vscode/.local/lib/python3.10/site-packages/airflow/example_dags/example_datasets.py took 0.073 seconds
[2025-04-04T14:52:24.019+0000] {processor.py:157} INFO - Started process (PID=25084) to work on /home/vscode/.local/lib/python3.10/site-packages/airflow/example_dags/example_datasets.py
[2025-04-04T14:52:24.020+0000] {processor.py:826} INFO - Processing file /home/vscode/.local/lib/python3.10/site-packages/airflow/example_dags/example_datasets.py for tasks to queue
[2025-04-04T14:52:24.020+0000] {logging_mixin.py:150} INFO - [2025-04-04T14:52:24.020+0000] {dagbag.py:541} INFO - Filling up the DagBag from /home/vscode/.local/lib/python3.10/site-packages/airflow/example_dags/example_datasets.py
[2025-04-04T14:52:24.028+0000] {processor.py:836} INFO - DAG(s) dict_keys(['dataset_consumes_unknown_never_scheduled', 'dataset_consumes_1', 'dataset_produces_1', 'dataset_consumes_1_and_2', 'dataset_consumes_1_never_scheduled', 'dataset_produces_2']) retrieved from /home/vscode/.local/lib/python3.10/site-packages/airflow/example_dags/example_datasets.py
[2025-04-04T14:52:24.049+0000] {logging_mixin.py:150} INFO - [2025-04-04T14:52:24.049+0000] {dag.py:2742} INFO - Sync 6 DAGs
[2025-04-04T14:52:24.063+0000] {logging_mixin.py:150} INFO - [2025-04-04T14:52:24.063+0000] {dag.py:3504} INFO - Setting next_dagrun for dataset_consumes_1 to None, run_after=None
[2025-04-04T14:52:24.065+0000] {logging_mixin.py:150} INFO - [2025-04-04T14:52:24.065+0000] {dag.py:3504} INFO - Setting next_dagrun for dataset_consumes_1_and_2 to None, run_after=None
[2025-04-04T14:52:24.066+0000] {logging_mixin.py:150} INFO - [2025-04-04T14:52:24.066+0000] {dag.py:3504} INFO - Setting next_dagrun for dataset_consumes_1_never_scheduled to None, run_after=None
[2025-04-04T14:52:24.067+0000] {logging_mixin.py:150} INFO - [2025-04-04T14:52:24.067+0000] {dag.py:3504} INFO - Setting next_dagrun for dataset_consumes_unknown_never_scheduled to None, run_after=None
[2025-04-04T14:52:24.068+0000] {logging_mixin.py:150} INFO - [2025-04-04T14:52:24.068+0000] {dag.py:3504} INFO - Setting next_dagrun for dataset_produces_1 to 2025-04-03T00:00:00+00:00, run_after=2025-04-04T00:00:00+00:00
[2025-04-04T14:52:24.069+0000] {logging_mixin.py:150} INFO - [2025-04-04T14:52:24.069+0000] {dag.py:3504} INFO - Setting next_dagrun for dataset_produces_2 to None, run_after=None
[2025-04-04T14:52:24.090+0000] {processor.py:179} INFO - Processing /home/vscode/.local/lib/python3.10/site-packages/airflow/example_dags/example_datasets.py took 0.073 seconds
[2025-04-04T14:53:15.392+0000] {processor.py:157} INFO - Started process (PID=25423) to work on /home/vscode/.local/lib/python3.10/site-packages/airflow/example_dags/example_datasets.py
[2025-04-04T14:53:15.393+0000] {processor.py:826} INFO - Processing file /home/vscode/.local/lib/python3.10/site-packages/airflow/example_dags/example_datasets.py for tasks to queue
[2025-04-04T14:53:15.393+0000] {logging_mixin.py:150} INFO - [2025-04-04T14:53:15.393+0000] {dagbag.py:541} INFO - Filling up the DagBag from /home/vscode/.local/lib/python3.10/site-packages/airflow/example_dags/example_datasets.py
[2025-04-04T14:53:15.401+0000] {processor.py:836} INFO - DAG(s) dict_keys(['dataset_consumes_1_never_scheduled', 'dataset_produces_2', 'dataset_consumes_1', 'dataset_consumes_unknown_never_scheduled', 'dataset_produces_1', 'dataset_consumes_1_and_2']) retrieved from /home/vscode/.local/lib/python3.10/site-packages/airflow/example_dags/example_datasets.py
[2025-04-04T14:53:15.423+0000] {logging_mixin.py:150} INFO - [2025-04-04T14:53:15.423+0000] {dag.py:2742} INFO - Sync 6 DAGs
[2025-04-04T14:53:15.438+0000] {logging_mixin.py:150} INFO - [2025-04-04T14:53:15.438+0000] {dag.py:3504} INFO - Setting next_dagrun for dataset_consumes_1 to None, run_after=None
[2025-04-04T14:53:15.440+0000] {logging_mixin.py:150} INFO - [2025-04-04T14:53:15.440+0000] {dag.py:3504} INFO - Setting next_dagrun for dataset_consumes_1_and_2 to None, run_after=None
[2025-04-04T14:53:15.441+0000] {logging_mixin.py:150} INFO - [2025-04-04T14:53:15.441+0000] {dag.py:3504} INFO - Setting next_dagrun for dataset_consumes_1_never_scheduled to None, run_after=None
[2025-04-04T14:53:15.441+0000] {logging_mixin.py:150} INFO - [2025-04-04T14:53:15.441+0000] {dag.py:3504} INFO - Setting next_dagrun for dataset_consumes_unknown_never_scheduled to None, run_after=None
[2025-04-04T14:53:15.443+0000] {logging_mixin.py:150} INFO - [2025-04-04T14:53:15.443+0000] {dag.py:3504} INFO - Setting next_dagrun for dataset_produces_1 to 2025-04-03T00:00:00+00:00, run_after=2025-04-04T00:00:00+00:00
[2025-04-04T14:53:15.444+0000] {logging_mixin.py:150} INFO - [2025-04-04T14:53:15.444+0000] {dag.py:3504} INFO - Setting next_dagrun for dataset_produces_2 to None, run_after=None
[2025-04-04T14:53:15.464+0000] {processor.py:179} INFO - Processing /home/vscode/.local/lib/python3.10/site-packages/airflow/example_dags/example_datasets.py took 0.075 seconds
[2025-04-04T14:54:01.621+0000] {processor.py:157} INFO - Started process (PID=25740) to work on /home/vscode/.local/lib/python3.10/site-packages/airflow/example_dags/example_datasets.py
[2025-04-04T14:54:01.622+0000] {processor.py:826} INFO - Processing file /home/vscode/.local/lib/python3.10/site-packages/airflow/example_dags/example_datasets.py for tasks to queue
[2025-04-04T14:54:01.622+0000] {logging_mixin.py:150} INFO - [2025-04-04T14:54:01.622+0000] {dagbag.py:541} INFO - Filling up the DagBag from /home/vscode/.local/lib/python3.10/site-packages/airflow/example_dags/example_datasets.py
[2025-04-04T14:54:01.630+0000] {processor.py:836} INFO - DAG(s) dict_keys(['dataset_consumes_1', 'dataset_consumes_1_and_2', 'dataset_consumes_1_never_scheduled', 'dataset_produces_1', 'dataset_consumes_unknown_never_scheduled', 'dataset_produces_2']) retrieved from /home/vscode/.local/lib/python3.10/site-packages/airflow/example_dags/example_datasets.py
[2025-04-04T14:54:01.651+0000] {logging_mixin.py:150} INFO - [2025-04-04T14:54:01.651+0000] {dag.py:2742} INFO - Sync 6 DAGs
[2025-04-04T14:54:01.666+0000] {logging_mixin.py:150} INFO - [2025-04-04T14:54:01.666+0000] {dag.py:3504} INFO - Setting next_dagrun for dataset_consumes_1 to None, run_after=None
[2025-04-04T14:54:01.668+0000] {logging_mixin.py:150} INFO - [2025-04-04T14:54:01.668+0000] {dag.py:3504} INFO - Setting next_dagrun for dataset_consumes_1_and_2 to None, run_after=None
[2025-04-04T14:54:01.669+0000] {logging_mixin.py:150} INFO - [2025-04-04T14:54:01.669+0000] {dag.py:3504} INFO - Setting next_dagrun for dataset_consumes_1_never_scheduled to None, run_after=None
[2025-04-04T14:54:01.669+0000] {logging_mixin.py:150} INFO - [2025-04-04T14:54:01.669+0000] {dag.py:3504} INFO - Setting next_dagrun for dataset_consumes_unknown_never_scheduled to None, run_after=None
[2025-04-04T14:54:01.671+0000] {logging_mixin.py:150} INFO - [2025-04-04T14:54:01.671+0000] {dag.py:3504} INFO - Setting next_dagrun for dataset_produces_1 to 2025-04-03T00:00:00+00:00, run_after=2025-04-04T00:00:00+00:00
[2025-04-04T14:54:01.672+0000] {logging_mixin.py:150} INFO - [2025-04-04T14:54:01.672+0000] {dag.py:3504} INFO - Setting next_dagrun for dataset_produces_2 to None, run_after=None
[2025-04-04T14:54:01.691+0000] {processor.py:179} INFO - Processing /home/vscode/.local/lib/python3.10/site-packages/airflow/example_dags/example_datasets.py took 0.073 seconds
