[2025-04-04T14:27:18.367+0000] {processor.py:157} INFO - Started process (PID=14684) to work on /home/vscode/.local/lib/python3.10/site-packages/airflow/example_dags/example_branch_operator_decorator.py
[2025-04-04T14:27:18.368+0000] {processor.py:826} INFO - Processing file /home/vscode/.local/lib/python3.10/site-packages/airflow/example_dags/example_branch_operator_decorator.py for tasks to queue
[2025-04-04T14:27:18.369+0000] {logging_mixin.py:150} INFO - [2025-04-04T14:27:18.368+0000] {dagbag.py:541} INFO - Filling up the DagBag from /home/vscode/.local/lib/python3.10/site-packages/airflow/example_dags/example_branch_operator_decorator.py
[2025-04-04T14:27:18.378+0000] {processor.py:836} INFO - DAG(s) dict_keys(['example_branch_python_operator_decorator']) retrieved from /home/vscode/.local/lib/python3.10/site-packages/airflow/example_dags/example_branch_operator_decorator.py
[2025-04-04T14:27:18.449+0000] {logging_mixin.py:150} INFO - [2025-04-04T14:27:18.448+0000] {manager.py:504} INFO - Created Permission View: can delete on DAG:example_branch_python_operator_decorator
[2025-04-04T14:27:18.456+0000] {logging_mixin.py:150} INFO - [2025-04-04T14:27:18.456+0000] {manager.py:504} INFO - Created Permission View: can read on DAG:example_branch_python_operator_decorator
[2025-04-04T14:27:18.461+0000] {logging_mixin.py:150} INFO - [2025-04-04T14:27:18.461+0000] {manager.py:504} INFO - Created Permission View: can edit on DAG:example_branch_python_operator_decorator
[2025-04-04T14:27:18.469+0000] {logging_mixin.py:150} INFO - [2025-04-04T14:27:18.468+0000] {dag.py:2742} INFO - Sync 1 DAGs
[2025-04-04T14:27:18.475+0000] {logging_mixin.py:150} INFO - [2025-04-04T14:27:18.475+0000] {dag.py:2763} INFO - Creating ORM DAG for example_branch_python_operator_decorator
[2025-04-04T14:27:18.482+0000] {logging_mixin.py:150} INFO - [2025-04-04T14:27:18.482+0000] {dag.py:3504} INFO - Setting next_dagrun for example_branch_python_operator_decorator to 2025-04-03T00:00:00+00:00, run_after=2025-04-04T00:00:00+00:00
[2025-04-04T14:27:18.498+0000] {processor.py:179} INFO - Processing /home/vscode/.local/lib/python3.10/site-packages/airflow/example_dags/example_branch_operator_decorator.py took 0.134 seconds
[2025-04-04T14:28:05.925+0000] {processor.py:157} INFO - Started process (PID=15070) to work on /home/vscode/.local/lib/python3.10/site-packages/airflow/example_dags/example_branch_operator_decorator.py
[2025-04-04T14:28:05.926+0000] {processor.py:826} INFO - Processing file /home/vscode/.local/lib/python3.10/site-packages/airflow/example_dags/example_branch_operator_decorator.py for tasks to queue
[2025-04-04T14:28:05.927+0000] {logging_mixin.py:150} INFO - [2025-04-04T14:28:05.927+0000] {dagbag.py:541} INFO - Filling up the DagBag from /home/vscode/.local/lib/python3.10/site-packages/airflow/example_dags/example_branch_operator_decorator.py
[2025-04-04T14:28:05.937+0000] {processor.py:836} INFO - DAG(s) dict_keys(['example_branch_python_operator_decorator']) retrieved from /home/vscode/.local/lib/python3.10/site-packages/airflow/example_dags/example_branch_operator_decorator.py
[2025-04-04T14:28:05.952+0000] {logging_mixin.py:150} INFO - [2025-04-04T14:28:05.952+0000] {dag.py:2742} INFO - Sync 1 DAGs
[2025-04-04T14:28:05.968+0000] {logging_mixin.py:150} INFO - [2025-04-04T14:28:05.967+0000] {dag.py:3504} INFO - Setting next_dagrun for example_branch_python_operator_decorator to 2025-04-03T00:00:00+00:00, run_after=2025-04-04T00:00:00+00:00
[2025-04-04T14:28:05.983+0000] {processor.py:179} INFO - Processing /home/vscode/.local/lib/python3.10/site-packages/airflow/example_dags/example_branch_operator_decorator.py took 0.062 seconds
[2025-04-04T14:28:50.851+0000] {processor.py:157} INFO - Started process (PID=15401) to work on /home/vscode/.local/lib/python3.10/site-packages/airflow/example_dags/example_branch_operator_decorator.py
[2025-04-04T14:28:50.852+0000] {processor.py:826} INFO - Processing file /home/vscode/.local/lib/python3.10/site-packages/airflow/example_dags/example_branch_operator_decorator.py for tasks to queue
[2025-04-04T14:28:50.853+0000] {logging_mixin.py:150} INFO - [2025-04-04T14:28:50.853+0000] {dagbag.py:541} INFO - Filling up the DagBag from /home/vscode/.local/lib/python3.10/site-packages/airflow/example_dags/example_branch_operator_decorator.py
[2025-04-04T14:28:50.861+0000] {processor.py:836} INFO - DAG(s) dict_keys(['example_branch_python_operator_decorator']) retrieved from /home/vscode/.local/lib/python3.10/site-packages/airflow/example_dags/example_branch_operator_decorator.py
[2025-04-04T14:28:50.876+0000] {logging_mixin.py:150} INFO - [2025-04-04T14:28:50.876+0000] {dag.py:2742} INFO - Sync 1 DAGs
[2025-04-04T14:28:50.891+0000] {logging_mixin.py:150} INFO - [2025-04-04T14:28:50.891+0000] {dag.py:3504} INFO - Setting next_dagrun for example_branch_python_operator_decorator to 2025-04-03T00:00:00+00:00, run_after=2025-04-04T00:00:00+00:00
[2025-04-04T14:28:50.906+0000] {processor.py:179} INFO - Processing /home/vscode/.local/lib/python3.10/site-packages/airflow/example_dags/example_branch_operator_decorator.py took 0.058 seconds
[2025-04-04T14:29:35.197+0000] {processor.py:157} INFO - Started process (PID=15718) to work on /home/vscode/.local/lib/python3.10/site-packages/airflow/example_dags/example_branch_operator_decorator.py
[2025-04-04T14:29:35.198+0000] {processor.py:826} INFO - Processing file /home/vscode/.local/lib/python3.10/site-packages/airflow/example_dags/example_branch_operator_decorator.py for tasks to queue
[2025-04-04T14:29:35.199+0000] {logging_mixin.py:150} INFO - [2025-04-04T14:29:35.198+0000] {dagbag.py:541} INFO - Filling up the DagBag from /home/vscode/.local/lib/python3.10/site-packages/airflow/example_dags/example_branch_operator_decorator.py
[2025-04-04T14:29:35.207+0000] {processor.py:836} INFO - DAG(s) dict_keys(['example_branch_python_operator_decorator']) retrieved from /home/vscode/.local/lib/python3.10/site-packages/airflow/example_dags/example_branch_operator_decorator.py
[2025-04-04T14:29:35.222+0000] {logging_mixin.py:150} INFO - [2025-04-04T14:29:35.222+0000] {dag.py:2742} INFO - Sync 1 DAGs
[2025-04-04T14:29:35.246+0000] {logging_mixin.py:150} INFO - [2025-04-04T14:29:35.246+0000] {dag.py:3504} INFO - Setting next_dagrun for example_branch_python_operator_decorator to 2025-04-03T00:00:00+00:00, run_after=2025-04-04T00:00:00+00:00
[2025-04-04T14:29:35.267+0000] {processor.py:179} INFO - Processing /home/vscode/.local/lib/python3.10/site-packages/airflow/example_dags/example_branch_operator_decorator.py took 0.072 seconds
[2025-04-04T14:30:24.747+0000] {processor.py:157} INFO - Started process (PID=16110) to work on /home/vscode/.local/lib/python3.10/site-packages/airflow/example_dags/example_branch_operator_decorator.py
[2025-04-04T14:30:24.747+0000] {processor.py:826} INFO - Processing file /home/vscode/.local/lib/python3.10/site-packages/airflow/example_dags/example_branch_operator_decorator.py for tasks to queue
[2025-04-04T14:30:24.748+0000] {logging_mixin.py:150} INFO - [2025-04-04T14:30:24.748+0000] {dagbag.py:541} INFO - Filling up the DagBag from /home/vscode/.local/lib/python3.10/site-packages/airflow/example_dags/example_branch_operator_decorator.py
[2025-04-04T14:30:24.756+0000] {processor.py:836} INFO - DAG(s) dict_keys(['example_branch_python_operator_decorator']) retrieved from /home/vscode/.local/lib/python3.10/site-packages/airflow/example_dags/example_branch_operator_decorator.py
[2025-04-04T14:30:24.770+0000] {logging_mixin.py:150} INFO - [2025-04-04T14:30:24.770+0000] {dag.py:2742} INFO - Sync 1 DAGs
[2025-04-04T14:30:24.787+0000] {logging_mixin.py:150} INFO - [2025-04-04T14:30:24.787+0000] {dag.py:3504} INFO - Setting next_dagrun for example_branch_python_operator_decorator to 2025-04-03T00:00:00+00:00, run_after=2025-04-04T00:00:00+00:00
[2025-04-04T14:30:24.802+0000] {processor.py:179} INFO - Processing /home/vscode/.local/lib/python3.10/site-packages/airflow/example_dags/example_branch_operator_decorator.py took 0.059 seconds
[2025-04-04T14:47:16.725+0000] {processor.py:157} INFO - Started process (PID=22668) to work on /home/vscode/.local/lib/python3.10/site-packages/airflow/example_dags/example_branch_operator_decorator.py
[2025-04-04T14:47:16.725+0000] {processor.py:826} INFO - Processing file /home/vscode/.local/lib/python3.10/site-packages/airflow/example_dags/example_branch_operator_decorator.py for tasks to queue
[2025-04-04T14:47:16.726+0000] {logging_mixin.py:150} INFO - [2025-04-04T14:47:16.726+0000] {dagbag.py:541} INFO - Filling up the DagBag from /home/vscode/.local/lib/python3.10/site-packages/airflow/example_dags/example_branch_operator_decorator.py
[2025-04-04T14:47:16.735+0000] {processor.py:836} INFO - DAG(s) dict_keys(['example_branch_python_operator_decorator']) retrieved from /home/vscode/.local/lib/python3.10/site-packages/airflow/example_dags/example_branch_operator_decorator.py
[2025-04-04T14:47:16.749+0000] {logging_mixin.py:150} INFO - [2025-04-04T14:47:16.749+0000] {dag.py:2742} INFO - Sync 1 DAGs
[2025-04-04T14:47:16.764+0000] {logging_mixin.py:150} INFO - [2025-04-04T14:47:16.763+0000] {dag.py:3504} INFO - Setting next_dagrun for example_branch_python_operator_decorator to 2025-04-03T00:00:00+00:00, run_after=2025-04-04T00:00:00+00:00
[2025-04-04T14:47:16.779+0000] {processor.py:179} INFO - Processing /home/vscode/.local/lib/python3.10/site-packages/airflow/example_dags/example_branch_operator_decorator.py took 0.057 seconds
[2025-04-04T14:48:04.151+0000] {processor.py:157} INFO - Started process (PID=23177) to work on /home/vscode/.local/lib/python3.10/site-packages/airflow/example_dags/example_branch_operator_decorator.py
[2025-04-04T14:48:04.152+0000] {processor.py:826} INFO - Processing file /home/vscode/.local/lib/python3.10/site-packages/airflow/example_dags/example_branch_operator_decorator.py for tasks to queue
[2025-04-04T14:48:04.153+0000] {logging_mixin.py:150} INFO - [2025-04-04T14:48:04.152+0000] {dagbag.py:541} INFO - Filling up the DagBag from /home/vscode/.local/lib/python3.10/site-packages/airflow/example_dags/example_branch_operator_decorator.py
[2025-04-04T14:48:04.161+0000] {processor.py:836} INFO - DAG(s) dict_keys(['example_branch_python_operator_decorator']) retrieved from /home/vscode/.local/lib/python3.10/site-packages/airflow/example_dags/example_branch_operator_decorator.py
[2025-04-04T14:48:04.175+0000] {logging_mixin.py:150} INFO - [2025-04-04T14:48:04.175+0000] {dag.py:2742} INFO - Sync 1 DAGs
[2025-04-04T14:48:04.190+0000] {logging_mixin.py:150} INFO - [2025-04-04T14:48:04.190+0000] {dag.py:3504} INFO - Setting next_dagrun for example_branch_python_operator_decorator to 2025-04-03T00:00:00+00:00, run_after=2025-04-04T00:00:00+00:00
[2025-04-04T14:48:04.205+0000] {processor.py:179} INFO - Processing /home/vscode/.local/lib/python3.10/site-packages/airflow/example_dags/example_branch_operator_decorator.py took 0.056 seconds
[2025-04-04T14:48:48.141+0000] {processor.py:157} INFO - Started process (PID=23513) to work on /home/vscode/.local/lib/python3.10/site-packages/airflow/example_dags/example_branch_operator_decorator.py
[2025-04-04T14:48:48.142+0000] {processor.py:826} INFO - Processing file /home/vscode/.local/lib/python3.10/site-packages/airflow/example_dags/example_branch_operator_decorator.py for tasks to queue
[2025-04-04T14:48:48.143+0000] {logging_mixin.py:150} INFO - [2025-04-04T14:48:48.142+0000] {dagbag.py:541} INFO - Filling up the DagBag from /home/vscode/.local/lib/python3.10/site-packages/airflow/example_dags/example_branch_operator_decorator.py
[2025-04-04T14:48:48.151+0000] {processor.py:836} INFO - DAG(s) dict_keys(['example_branch_python_operator_decorator']) retrieved from /home/vscode/.local/lib/python3.10/site-packages/airflow/example_dags/example_branch_operator_decorator.py
[2025-04-04T14:48:48.166+0000] {logging_mixin.py:150} INFO - [2025-04-04T14:48:48.166+0000] {dag.py:2742} INFO - Sync 1 DAGs
[2025-04-04T14:48:48.181+0000] {logging_mixin.py:150} INFO - [2025-04-04T14:48:48.180+0000] {dag.py:3504} INFO - Setting next_dagrun for example_branch_python_operator_decorator to 2025-04-03T00:00:00+00:00, run_after=2025-04-04T00:00:00+00:00
[2025-04-04T14:48:48.196+0000] {processor.py:179} INFO - Processing /home/vscode/.local/lib/python3.10/site-packages/airflow/example_dags/example_branch_operator_decorator.py took 0.057 seconds
[2025-04-04T14:49:35.726+0000] {processor.py:157} INFO - Started process (PID=23860) to work on /home/vscode/.local/lib/python3.10/site-packages/airflow/example_dags/example_branch_operator_decorator.py
[2025-04-04T14:49:35.727+0000] {processor.py:826} INFO - Processing file /home/vscode/.local/lib/python3.10/site-packages/airflow/example_dags/example_branch_operator_decorator.py for tasks to queue
[2025-04-04T14:49:35.728+0000] {logging_mixin.py:150} INFO - [2025-04-04T14:49:35.727+0000] {dagbag.py:541} INFO - Filling up the DagBag from /home/vscode/.local/lib/python3.10/site-packages/airflow/example_dags/example_branch_operator_decorator.py
[2025-04-04T14:49:35.736+0000] {processor.py:836} INFO - DAG(s) dict_keys(['example_branch_python_operator_decorator']) retrieved from /home/vscode/.local/lib/python3.10/site-packages/airflow/example_dags/example_branch_operator_decorator.py
[2025-04-04T14:49:35.750+0000] {logging_mixin.py:150} INFO - [2025-04-04T14:49:35.749+0000] {dag.py:2742} INFO - Sync 1 DAGs
[2025-04-04T14:49:35.765+0000] {logging_mixin.py:150} INFO - [2025-04-04T14:49:35.765+0000] {dag.py:3504} INFO - Setting next_dagrun for example_branch_python_operator_decorator to 2025-04-03T00:00:00+00:00, run_after=2025-04-04T00:00:00+00:00
[2025-04-04T14:49:35.779+0000] {processor.py:179} INFO - Processing /home/vscode/.local/lib/python3.10/site-packages/airflow/example_dags/example_branch_operator_decorator.py took 0.056 seconds
[2025-04-04T14:50:34.588+0000] {processor.py:157} INFO - Started process (PID=24309) to work on /home/vscode/.local/lib/python3.10/site-packages/airflow/example_dags/example_branch_operator_decorator.py
[2025-04-04T14:50:34.589+0000] {processor.py:826} INFO - Processing file /home/vscode/.local/lib/python3.10/site-packages/airflow/example_dags/example_branch_operator_decorator.py for tasks to queue
[2025-04-04T14:50:34.589+0000] {logging_mixin.py:150} INFO - [2025-04-04T14:50:34.589+0000] {dagbag.py:541} INFO - Filling up the DagBag from /home/vscode/.local/lib/python3.10/site-packages/airflow/example_dags/example_branch_operator_decorator.py
[2025-04-04T14:50:34.597+0000] {processor.py:836} INFO - DAG(s) dict_keys(['example_branch_python_operator_decorator']) retrieved from /home/vscode/.local/lib/python3.10/site-packages/airflow/example_dags/example_branch_operator_decorator.py
[2025-04-04T14:50:34.611+0000] {logging_mixin.py:150} INFO - [2025-04-04T14:50:34.611+0000] {dag.py:2742} INFO - Sync 1 DAGs
[2025-04-04T14:50:34.626+0000] {logging_mixin.py:150} INFO - [2025-04-04T14:50:34.626+0000] {dag.py:3504} INFO - Setting next_dagrun for example_branch_python_operator_decorator to 2025-04-03T00:00:00+00:00, run_after=2025-04-04T00:00:00+00:00
[2025-04-04T14:50:34.641+0000] {processor.py:179} INFO - Processing /home/vscode/.local/lib/python3.10/site-packages/airflow/example_dags/example_branch_operator_decorator.py took 0.056 seconds
[2025-04-04T14:51:18.069+0000] {processor.py:157} INFO - Started process (PID=24626) to work on /home/vscode/.local/lib/python3.10/site-packages/airflow/example_dags/example_branch_operator_decorator.py
[2025-04-04T14:51:18.069+0000] {processor.py:826} INFO - Processing file /home/vscode/.local/lib/python3.10/site-packages/airflow/example_dags/example_branch_operator_decorator.py for tasks to queue
[2025-04-04T14:51:18.070+0000] {logging_mixin.py:150} INFO - [2025-04-04T14:51:18.070+0000] {dagbag.py:541} INFO - Filling up the DagBag from /home/vscode/.local/lib/python3.10/site-packages/airflow/example_dags/example_branch_operator_decorator.py
[2025-04-04T14:51:18.078+0000] {processor.py:836} INFO - DAG(s) dict_keys(['example_branch_python_operator_decorator']) retrieved from /home/vscode/.local/lib/python3.10/site-packages/airflow/example_dags/example_branch_operator_decorator.py
[2025-04-04T14:51:18.093+0000] {logging_mixin.py:150} INFO - [2025-04-04T14:51:18.093+0000] {dag.py:2742} INFO - Sync 1 DAGs
[2025-04-04T14:51:18.107+0000] {logging_mixin.py:150} INFO - [2025-04-04T14:51:18.107+0000] {dag.py:3504} INFO - Setting next_dagrun for example_branch_python_operator_decorator to 2025-04-03T00:00:00+00:00, run_after=2025-04-04T00:00:00+00:00
[2025-04-04T14:51:18.129+0000] {processor.py:179} INFO - Processing /home/vscode/.local/lib/python3.10/site-packages/airflow/example_dags/example_branch_operator_decorator.py took 0.063 seconds
[2025-04-04T14:52:03.144+0000] {processor.py:157} INFO - Started process (PID=24944) to work on /home/vscode/.local/lib/python3.10/site-packages/airflow/example_dags/example_branch_operator_decorator.py
[2025-04-04T14:52:03.145+0000] {processor.py:826} INFO - Processing file /home/vscode/.local/lib/python3.10/site-packages/airflow/example_dags/example_branch_operator_decorator.py for tasks to queue
[2025-04-04T14:52:03.146+0000] {logging_mixin.py:150} INFO - [2025-04-04T14:52:03.145+0000] {dagbag.py:541} INFO - Filling up the DagBag from /home/vscode/.local/lib/python3.10/site-packages/airflow/example_dags/example_branch_operator_decorator.py
[2025-04-04T14:52:03.154+0000] {processor.py:836} INFO - DAG(s) dict_keys(['example_branch_python_operator_decorator']) retrieved from /home/vscode/.local/lib/python3.10/site-packages/airflow/example_dags/example_branch_operator_decorator.py
[2025-04-04T14:52:03.167+0000] {logging_mixin.py:150} INFO - [2025-04-04T14:52:03.167+0000] {dag.py:2742} INFO - Sync 1 DAGs
[2025-04-04T14:52:03.183+0000] {logging_mixin.py:150} INFO - [2025-04-04T14:52:03.183+0000] {dag.py:3504} INFO - Setting next_dagrun for example_branch_python_operator_decorator to 2025-04-03T00:00:00+00:00, run_after=2025-04-04T00:00:00+00:00
[2025-04-04T14:52:03.198+0000] {processor.py:179} INFO - Processing /home/vscode/.local/lib/python3.10/site-packages/airflow/example_dags/example_branch_operator_decorator.py took 0.056 seconds
[2025-04-04T14:52:51.991+0000] {processor.py:157} INFO - Started process (PID=25274) to work on /home/vscode/.local/lib/python3.10/site-packages/airflow/example_dags/example_branch_operator_decorator.py
[2025-04-04T14:52:51.992+0000] {processor.py:826} INFO - Processing file /home/vscode/.local/lib/python3.10/site-packages/airflow/example_dags/example_branch_operator_decorator.py for tasks to queue
[2025-04-04T14:52:51.993+0000] {logging_mixin.py:150} INFO - [2025-04-04T14:52:51.992+0000] {dagbag.py:541} INFO - Filling up the DagBag from /home/vscode/.local/lib/python3.10/site-packages/airflow/example_dags/example_branch_operator_decorator.py
[2025-04-04T14:52:52.001+0000] {processor.py:836} INFO - DAG(s) dict_keys(['example_branch_python_operator_decorator']) retrieved from /home/vscode/.local/lib/python3.10/site-packages/airflow/example_dags/example_branch_operator_decorator.py
[2025-04-04T14:52:52.015+0000] {logging_mixin.py:150} INFO - [2025-04-04T14:52:52.015+0000] {dag.py:2742} INFO - Sync 1 DAGs
[2025-04-04T14:52:52.030+0000] {logging_mixin.py:150} INFO - [2025-04-04T14:52:52.030+0000] {dag.py:3504} INFO - Setting next_dagrun for example_branch_python_operator_decorator to 2025-04-03T00:00:00+00:00, run_after=2025-04-04T00:00:00+00:00
[2025-04-04T14:52:52.044+0000] {processor.py:179} INFO - Processing /home/vscode/.local/lib/python3.10/site-packages/airflow/example_dags/example_branch_operator_decorator.py took 0.056 seconds
[2025-04-04T14:53:52.492+0000] {processor.py:157} INFO - Started process (PID=25672) to work on /home/vscode/.local/lib/python3.10/site-packages/airflow/example_dags/example_branch_operator_decorator.py
[2025-04-04T14:53:52.492+0000] {processor.py:826} INFO - Processing file /home/vscode/.local/lib/python3.10/site-packages/airflow/example_dags/example_branch_operator_decorator.py for tasks to queue
[2025-04-04T14:53:52.493+0000] {logging_mixin.py:150} INFO - [2025-04-04T14:53:52.493+0000] {dagbag.py:541} INFO - Filling up the DagBag from /home/vscode/.local/lib/python3.10/site-packages/airflow/example_dags/example_branch_operator_decorator.py
[2025-04-04T14:53:52.501+0000] {processor.py:836} INFO - DAG(s) dict_keys(['example_branch_python_operator_decorator']) retrieved from /home/vscode/.local/lib/python3.10/site-packages/airflow/example_dags/example_branch_operator_decorator.py
[2025-04-04T14:53:52.515+0000] {logging_mixin.py:150} INFO - [2025-04-04T14:53:52.515+0000] {dag.py:2742} INFO - Sync 1 DAGs
[2025-04-04T14:53:52.531+0000] {logging_mixin.py:150} INFO - [2025-04-04T14:53:52.531+0000] {dag.py:3504} INFO - Setting next_dagrun for example_branch_python_operator_decorator to 2025-04-03T00:00:00+00:00, run_after=2025-04-04T00:00:00+00:00
[2025-04-04T14:53:52.546+0000] {processor.py:179} INFO - Processing /home/vscode/.local/lib/python3.10/site-packages/airflow/example_dags/example_branch_operator_decorator.py took 0.056 seconds
