[2025-04-04T14:27:07.685+0000] {processor.py:157} INFO - Started process (PID=14614) to work on /home/vscode/.local/lib/python3.10/site-packages/airflow/example_dags/example_external_task_marker_dag.py
[2025-04-04T14:27:07.686+0000] {processor.py:826} INFO - Processing file /home/vscode/.local/lib/python3.10/site-packages/airflow/example_dags/example_external_task_marker_dag.py for tasks to queue
[2025-04-04T14:27:07.687+0000] {logging_mixin.py:150} INFO - [2025-04-04T14:27:07.686+0000] {dagbag.py:541} INFO - Filling up the DagBag from /home/vscode/.local/lib/python3.10/site-packages/airflow/example_dags/example_external_task_marker_dag.py
[2025-04-04T14:27:07.692+0000] {processor.py:836} INFO - DAG(s) dict_keys(['example_external_task_marker_child', 'example_external_task_marker_parent']) retrieved from /home/vscode/.local/lib/python3.10/site-packages/airflow/example_dags/example_external_task_marker_dag.py
[2025-04-04T14:27:07.764+0000] {logging_mixin.py:150} INFO - [2025-04-04T14:27:07.764+0000] {manager.py:504} INFO - Created Permission View: can delete on DAG:example_external_task_marker_child
[2025-04-04T14:27:07.772+0000] {logging_mixin.py:150} INFO - [2025-04-04T14:27:07.771+0000] {manager.py:504} INFO - Created Permission View: can read on DAG:example_external_task_marker_child
[2025-04-04T14:27:07.777+0000] {logging_mixin.py:150} INFO - [2025-04-04T14:27:07.777+0000] {manager.py:504} INFO - Created Permission View: can edit on DAG:example_external_task_marker_child
[2025-04-04T14:27:07.796+0000] {logging_mixin.py:150} INFO - [2025-04-04T14:27:07.795+0000] {manager.py:504} INFO - Created Permission View: can delete on DAG:example_external_task_marker_parent
[2025-04-04T14:27:07.801+0000] {logging_mixin.py:150} INFO - [2025-04-04T14:27:07.801+0000] {manager.py:504} INFO - Created Permission View: can read on DAG:example_external_task_marker_parent
[2025-04-04T14:27:07.806+0000] {logging_mixin.py:150} INFO - [2025-04-04T14:27:07.806+0000] {manager.py:504} INFO - Created Permission View: can edit on DAG:example_external_task_marker_parent
[2025-04-04T14:27:07.809+0000] {logging_mixin.py:150} INFO - [2025-04-04T14:27:07.809+0000] {dag.py:2742} INFO - Sync 2 DAGs
[2025-04-04T14:27:07.816+0000] {logging_mixin.py:150} INFO - [2025-04-04T14:27:07.816+0000] {dag.py:2763} INFO - Creating ORM DAG for example_external_task_marker_child
[2025-04-04T14:27:07.817+0000] {logging_mixin.py:150} INFO - [2025-04-04T14:27:07.816+0000] {dag.py:2763} INFO - Creating ORM DAG for example_external_task_marker_parent
[2025-04-04T14:27:07.822+0000] {logging_mixin.py:150} INFO - [2025-04-04T14:27:07.822+0000] {dag.py:3504} INFO - Setting next_dagrun for example_external_task_marker_child to None, run_after=None
[2025-04-04T14:27:07.823+0000] {logging_mixin.py:150} INFO - [2025-04-04T14:27:07.823+0000] {dag.py:3504} INFO - Setting next_dagrun for example_external_task_marker_parent to None, run_after=None
[2025-04-04T14:27:07.841+0000] {processor.py:179} INFO - Processing /home/vscode/.local/lib/python3.10/site-packages/airflow/example_dags/example_external_task_marker_dag.py took 0.159 seconds
[2025-04-04T14:27:55.541+0000] {processor.py:157} INFO - Started process (PID=14966) to work on /home/vscode/.local/lib/python3.10/site-packages/airflow/example_dags/example_external_task_marker_dag.py
[2025-04-04T14:27:55.542+0000] {processor.py:826} INFO - Processing file /home/vscode/.local/lib/python3.10/site-packages/airflow/example_dags/example_external_task_marker_dag.py for tasks to queue
[2025-04-04T14:27:55.542+0000] {logging_mixin.py:150} INFO - [2025-04-04T14:27:55.542+0000] {dagbag.py:541} INFO - Filling up the DagBag from /home/vscode/.local/lib/python3.10/site-packages/airflow/example_dags/example_external_task_marker_dag.py
[2025-04-04T14:27:55.547+0000] {processor.py:836} INFO - DAG(s) dict_keys(['example_external_task_marker_child', 'example_external_task_marker_parent']) retrieved from /home/vscode/.local/lib/python3.10/site-packages/airflow/example_dags/example_external_task_marker_dag.py
[2025-04-04T14:27:55.563+0000] {logging_mixin.py:150} INFO - [2025-04-04T14:27:55.563+0000] {dag.py:2742} INFO - Sync 2 DAGs
[2025-04-04T14:27:55.577+0000] {logging_mixin.py:150} INFO - [2025-04-04T14:27:55.577+0000] {dag.py:3504} INFO - Setting next_dagrun for example_external_task_marker_child to None, run_after=None
[2025-04-04T14:27:55.579+0000] {logging_mixin.py:150} INFO - [2025-04-04T14:27:55.579+0000] {dag.py:3504} INFO - Setting next_dagrun for example_external_task_marker_parent to None, run_after=None
[2025-04-04T14:27:55.593+0000] {processor.py:179} INFO - Processing /home/vscode/.local/lib/python3.10/site-packages/airflow/example_dags/example_external_task_marker_dag.py took 0.055 seconds
[2025-04-04T14:28:40.027+0000] {processor.py:157} INFO - Started process (PID=15323) to work on /home/vscode/.local/lib/python3.10/site-packages/airflow/example_dags/example_external_task_marker_dag.py
[2025-04-04T14:28:40.028+0000] {processor.py:826} INFO - Processing file /home/vscode/.local/lib/python3.10/site-packages/airflow/example_dags/example_external_task_marker_dag.py for tasks to queue
[2025-04-04T14:28:40.029+0000] {logging_mixin.py:150} INFO - [2025-04-04T14:28:40.029+0000] {dagbag.py:541} INFO - Filling up the DagBag from /home/vscode/.local/lib/python3.10/site-packages/airflow/example_dags/example_external_task_marker_dag.py
[2025-04-04T14:28:40.034+0000] {processor.py:836} INFO - DAG(s) dict_keys(['example_external_task_marker_parent', 'example_external_task_marker_child']) retrieved from /home/vscode/.local/lib/python3.10/site-packages/airflow/example_dags/example_external_task_marker_dag.py
[2025-04-04T14:28:40.049+0000] {logging_mixin.py:150} INFO - [2025-04-04T14:28:40.049+0000] {dag.py:2742} INFO - Sync 2 DAGs
[2025-04-04T14:28:40.063+0000] {logging_mixin.py:150} INFO - [2025-04-04T14:28:40.063+0000] {dag.py:3504} INFO - Setting next_dagrun for example_external_task_marker_child to None, run_after=None
[2025-04-04T14:28:40.066+0000] {logging_mixin.py:150} INFO - [2025-04-04T14:28:40.065+0000] {dag.py:3504} INFO - Setting next_dagrun for example_external_task_marker_parent to None, run_after=None
[2025-04-04T14:28:40.079+0000] {processor.py:179} INFO - Processing /home/vscode/.local/lib/python3.10/site-packages/airflow/example_dags/example_external_task_marker_dag.py took 0.054 seconds
[2025-04-04T14:29:25.062+0000] {processor.py:157} INFO - Started process (PID=15646) to work on /home/vscode/.local/lib/python3.10/site-packages/airflow/example_dags/example_external_task_marker_dag.py
[2025-04-04T14:29:25.063+0000] {processor.py:826} INFO - Processing file /home/vscode/.local/lib/python3.10/site-packages/airflow/example_dags/example_external_task_marker_dag.py for tasks to queue
[2025-04-04T14:29:25.064+0000] {logging_mixin.py:150} INFO - [2025-04-04T14:29:25.064+0000] {dagbag.py:541} INFO - Filling up the DagBag from /home/vscode/.local/lib/python3.10/site-packages/airflow/example_dags/example_external_task_marker_dag.py
[2025-04-04T14:29:25.069+0000] {processor.py:836} INFO - DAG(s) dict_keys(['example_external_task_marker_parent', 'example_external_task_marker_child']) retrieved from /home/vscode/.local/lib/python3.10/site-packages/airflow/example_dags/example_external_task_marker_dag.py
[2025-04-04T14:29:25.086+0000] {logging_mixin.py:150} INFO - [2025-04-04T14:29:25.086+0000] {dag.py:2742} INFO - Sync 2 DAGs
[2025-04-04T14:29:25.101+0000] {logging_mixin.py:150} INFO - [2025-04-04T14:29:25.101+0000] {dag.py:3504} INFO - Setting next_dagrun for example_external_task_marker_child to None, run_after=None
[2025-04-04T14:29:25.103+0000] {logging_mixin.py:150} INFO - [2025-04-04T14:29:25.103+0000] {dag.py:3504} INFO - Setting next_dagrun for example_external_task_marker_parent to None, run_after=None
[2025-04-04T14:29:25.117+0000] {processor.py:179} INFO - Processing /home/vscode/.local/lib/python3.10/site-packages/airflow/example_dags/example_external_task_marker_dag.py took 0.058 seconds
[2025-04-04T14:30:14.174+0000] {processor.py:157} INFO - Started process (PID=16022) to work on /home/vscode/.local/lib/python3.10/site-packages/airflow/example_dags/example_external_task_marker_dag.py
[2025-04-04T14:30:14.174+0000] {processor.py:826} INFO - Processing file /home/vscode/.local/lib/python3.10/site-packages/airflow/example_dags/example_external_task_marker_dag.py for tasks to queue
[2025-04-04T14:30:14.175+0000] {logging_mixin.py:150} INFO - [2025-04-04T14:30:14.175+0000] {dagbag.py:541} INFO - Filling up the DagBag from /home/vscode/.local/lib/python3.10/site-packages/airflow/example_dags/example_external_task_marker_dag.py
[2025-04-04T14:30:14.180+0000] {processor.py:836} INFO - DAG(s) dict_keys(['example_external_task_marker_child', 'example_external_task_marker_parent']) retrieved from /home/vscode/.local/lib/python3.10/site-packages/airflow/example_dags/example_external_task_marker_dag.py
[2025-04-04T14:30:14.197+0000] {logging_mixin.py:150} INFO - [2025-04-04T14:30:14.196+0000] {dag.py:2742} INFO - Sync 2 DAGs
[2025-04-04T14:30:14.211+0000] {logging_mixin.py:150} INFO - [2025-04-04T14:30:14.211+0000] {dag.py:3504} INFO - Setting next_dagrun for example_external_task_marker_child to None, run_after=None
[2025-04-04T14:30:14.213+0000] {logging_mixin.py:150} INFO - [2025-04-04T14:30:14.213+0000] {dag.py:3504} INFO - Setting next_dagrun for example_external_task_marker_parent to None, run_after=None
[2025-04-04T14:30:14.226+0000] {processor.py:179} INFO - Processing /home/vscode/.local/lib/python3.10/site-packages/airflow/example_dags/example_external_task_marker_dag.py took 0.055 seconds
[2025-04-04T14:47:05.203+0000] {processor.py:157} INFO - Started process (PID=22588) to work on /home/vscode/.local/lib/python3.10/site-packages/airflow/example_dags/example_external_task_marker_dag.py
[2025-04-04T14:47:05.205+0000] {processor.py:826} INFO - Processing file /home/vscode/.local/lib/python3.10/site-packages/airflow/example_dags/example_external_task_marker_dag.py for tasks to queue
[2025-04-04T14:47:05.206+0000] {logging_mixin.py:150} INFO - [2025-04-04T14:47:05.205+0000] {dagbag.py:541} INFO - Filling up the DagBag from /home/vscode/.local/lib/python3.10/site-packages/airflow/example_dags/example_external_task_marker_dag.py
[2025-04-04T14:47:05.220+0000] {processor.py:836} INFO - DAG(s) dict_keys(['example_external_task_marker_child', 'example_external_task_marker_parent']) retrieved from /home/vscode/.local/lib/python3.10/site-packages/airflow/example_dags/example_external_task_marker_dag.py
[2025-04-04T14:47:05.336+0000] {logging_mixin.py:150} INFO - [2025-04-04T14:47:05.335+0000] {dag.py:2742} INFO - Sync 2 DAGs
[2025-04-04T14:47:05.363+0000] {logging_mixin.py:150} INFO - [2025-04-04T14:47:05.362+0000] {dag.py:3504} INFO - Setting next_dagrun for example_external_task_marker_child to None, run_after=None
[2025-04-04T14:47:05.366+0000] {logging_mixin.py:150} INFO - [2025-04-04T14:47:05.366+0000] {dag.py:3504} INFO - Setting next_dagrun for example_external_task_marker_parent to None, run_after=None
[2025-04-04T14:47:05.385+0000] {processor.py:179} INFO - Processing /home/vscode/.local/lib/python3.10/site-packages/airflow/example_dags/example_external_task_marker_dag.py took 0.191 seconds
[2025-04-04T14:47:52.702+0000] {processor.py:157} INFO - Started process (PID=23061) to work on /home/vscode/.local/lib/python3.10/site-packages/airflow/example_dags/example_external_task_marker_dag.py
[2025-04-04T14:47:52.702+0000] {processor.py:826} INFO - Processing file /home/vscode/.local/lib/python3.10/site-packages/airflow/example_dags/example_external_task_marker_dag.py for tasks to queue
[2025-04-04T14:47:52.703+0000] {logging_mixin.py:150} INFO - [2025-04-04T14:47:52.703+0000] {dagbag.py:541} INFO - Filling up the DagBag from /home/vscode/.local/lib/python3.10/site-packages/airflow/example_dags/example_external_task_marker_dag.py
[2025-04-04T14:47:52.708+0000] {processor.py:836} INFO - DAG(s) dict_keys(['example_external_task_marker_child', 'example_external_task_marker_parent']) retrieved from /home/vscode/.local/lib/python3.10/site-packages/airflow/example_dags/example_external_task_marker_dag.py
[2025-04-04T14:47:52.732+0000] {logging_mixin.py:150} INFO - [2025-04-04T14:47:52.731+0000] {dag.py:2742} INFO - Sync 2 DAGs
[2025-04-04T14:47:52.750+0000] {logging_mixin.py:150} INFO - [2025-04-04T14:47:52.750+0000] {dag.py:3504} INFO - Setting next_dagrun for example_external_task_marker_child to None, run_after=None
[2025-04-04T14:47:52.752+0000] {logging_mixin.py:150} INFO - [2025-04-04T14:47:52.752+0000] {dag.py:3504} INFO - Setting next_dagrun for example_external_task_marker_parent to None, run_after=None
[2025-04-04T14:47:52.766+0000] {processor.py:179} INFO - Processing /home/vscode/.local/lib/python3.10/site-packages/airflow/example_dags/example_external_task_marker_dag.py took 0.067 seconds
[2025-04-04T14:48:37.122+0000] {processor.py:157} INFO - Started process (PID=23429) to work on /home/vscode/.local/lib/python3.10/site-packages/airflow/example_dags/example_external_task_marker_dag.py
[2025-04-04T14:48:37.123+0000] {processor.py:826} INFO - Processing file /home/vscode/.local/lib/python3.10/site-packages/airflow/example_dags/example_external_task_marker_dag.py for tasks to queue
[2025-04-04T14:48:37.123+0000] {logging_mixin.py:150} INFO - [2025-04-04T14:48:37.123+0000] {dagbag.py:541} INFO - Filling up the DagBag from /home/vscode/.local/lib/python3.10/site-packages/airflow/example_dags/example_external_task_marker_dag.py
[2025-04-04T14:48:37.128+0000] {processor.py:836} INFO - DAG(s) dict_keys(['example_external_task_marker_child', 'example_external_task_marker_parent']) retrieved from /home/vscode/.local/lib/python3.10/site-packages/airflow/example_dags/example_external_task_marker_dag.py
[2025-04-04T14:48:37.145+0000] {logging_mixin.py:150} INFO - [2025-04-04T14:48:37.144+0000] {dag.py:2742} INFO - Sync 2 DAGs
[2025-04-04T14:48:37.160+0000] {logging_mixin.py:150} INFO - [2025-04-04T14:48:37.159+0000] {dag.py:3504} INFO - Setting next_dagrun for example_external_task_marker_child to None, run_after=None
[2025-04-04T14:48:37.162+0000] {logging_mixin.py:150} INFO - [2025-04-04T14:48:37.162+0000] {dag.py:3504} INFO - Setting next_dagrun for example_external_task_marker_parent to None, run_after=None
[2025-04-04T14:48:37.176+0000] {processor.py:179} INFO - Processing /home/vscode/.local/lib/python3.10/site-packages/airflow/example_dags/example_external_task_marker_dag.py took 0.057 seconds
[2025-04-04T14:49:26.206+0000] {processor.py:157} INFO - Started process (PID=23790) to work on /home/vscode/.local/lib/python3.10/site-packages/airflow/example_dags/example_external_task_marker_dag.py
[2025-04-04T14:49:26.207+0000] {processor.py:826} INFO - Processing file /home/vscode/.local/lib/python3.10/site-packages/airflow/example_dags/example_external_task_marker_dag.py for tasks to queue
[2025-04-04T14:49:26.207+0000] {logging_mixin.py:150} INFO - [2025-04-04T14:49:26.207+0000] {dagbag.py:541} INFO - Filling up the DagBag from /home/vscode/.local/lib/python3.10/site-packages/airflow/example_dags/example_external_task_marker_dag.py
[2025-04-04T14:49:26.212+0000] {processor.py:836} INFO - DAG(s) dict_keys(['example_external_task_marker_child', 'example_external_task_marker_parent']) retrieved from /home/vscode/.local/lib/python3.10/site-packages/airflow/example_dags/example_external_task_marker_dag.py
[2025-04-04T14:49:26.228+0000] {logging_mixin.py:150} INFO - [2025-04-04T14:49:26.227+0000] {dag.py:2742} INFO - Sync 2 DAGs
[2025-04-04T14:49:26.242+0000] {logging_mixin.py:150} INFO - [2025-04-04T14:49:26.242+0000] {dag.py:3504} INFO - Setting next_dagrun for example_external_task_marker_child to None, run_after=None
[2025-04-04T14:49:26.244+0000] {logging_mixin.py:150} INFO - [2025-04-04T14:49:26.244+0000] {dag.py:3504} INFO - Setting next_dagrun for example_external_task_marker_parent to None, run_after=None
[2025-04-04T14:49:26.257+0000] {processor.py:179} INFO - Processing /home/vscode/.local/lib/python3.10/site-packages/airflow/example_dags/example_external_task_marker_dag.py took 0.054 seconds
[2025-04-04T14:50:09.446+0000] {processor.py:157} INFO - Started process (PID=24123) to work on /home/vscode/.local/lib/python3.10/site-packages/airflow/example_dags/example_external_task_marker_dag.py
[2025-04-04T14:50:09.447+0000] {processor.py:826} INFO - Processing file /home/vscode/.local/lib/python3.10/site-packages/airflow/example_dags/example_external_task_marker_dag.py for tasks to queue
[2025-04-04T14:50:09.448+0000] {logging_mixin.py:150} INFO - [2025-04-04T14:50:09.447+0000] {dagbag.py:541} INFO - Filling up the DagBag from /home/vscode/.local/lib/python3.10/site-packages/airflow/example_dags/example_external_task_marker_dag.py
[2025-04-04T14:50:09.453+0000] {processor.py:836} INFO - DAG(s) dict_keys(['example_external_task_marker_parent', 'example_external_task_marker_child']) retrieved from /home/vscode/.local/lib/python3.10/site-packages/airflow/example_dags/example_external_task_marker_dag.py
[2025-04-04T14:50:09.469+0000] {logging_mixin.py:150} INFO - [2025-04-04T14:50:09.468+0000] {dag.py:2742} INFO - Sync 2 DAGs
[2025-04-04T14:50:09.482+0000] {logging_mixin.py:150} INFO - [2025-04-04T14:50:09.482+0000] {dag.py:3504} INFO - Setting next_dagrun for example_external_task_marker_child to None, run_after=None
[2025-04-04T14:50:09.484+0000] {logging_mixin.py:150} INFO - [2025-04-04T14:50:09.484+0000] {dag.py:3504} INFO - Setting next_dagrun for example_external_task_marker_parent to None, run_after=None
[2025-04-04T14:50:09.500+0000] {processor.py:179} INFO - Processing /home/vscode/.local/lib/python3.10/site-packages/airflow/example_dags/example_external_task_marker_dag.py took 0.057 seconds
[2025-04-04T14:50:53.977+0000] {processor.py:157} INFO - Started process (PID=24461) to work on /home/vscode/.local/lib/python3.10/site-packages/airflow/example_dags/example_external_task_marker_dag.py
[2025-04-04T14:50:53.978+0000] {processor.py:826} INFO - Processing file /home/vscode/.local/lib/python3.10/site-packages/airflow/example_dags/example_external_task_marker_dag.py for tasks to queue
[2025-04-04T14:50:53.978+0000] {logging_mixin.py:150} INFO - [2025-04-04T14:50:53.978+0000] {dagbag.py:541} INFO - Filling up the DagBag from /home/vscode/.local/lib/python3.10/site-packages/airflow/example_dags/example_external_task_marker_dag.py
[2025-04-04T14:50:53.983+0000] {processor.py:836} INFO - DAG(s) dict_keys(['example_external_task_marker_parent', 'example_external_task_marker_child']) retrieved from /home/vscode/.local/lib/python3.10/site-packages/airflow/example_dags/example_external_task_marker_dag.py
[2025-04-04T14:50:53.999+0000] {logging_mixin.py:150} INFO - [2025-04-04T14:50:53.998+0000] {dag.py:2742} INFO - Sync 2 DAGs
[2025-04-04T14:50:54.013+0000] {logging_mixin.py:150} INFO - [2025-04-04T14:50:54.012+0000] {dag.py:3504} INFO - Setting next_dagrun for example_external_task_marker_child to None, run_after=None
[2025-04-04T14:50:54.015+0000] {logging_mixin.py:150} INFO - [2025-04-04T14:50:54.015+0000] {dag.py:3504} INFO - Setting next_dagrun for example_external_task_marker_parent to None, run_after=None
[2025-04-04T14:50:54.028+0000] {processor.py:179} INFO - Processing /home/vscode/.local/lib/python3.10/site-packages/airflow/example_dags/example_external_task_marker_dag.py took 0.053 seconds
[2025-04-04T14:51:38.340+0000] {processor.py:157} INFO - Started process (PID=24768) to work on /home/vscode/.local/lib/python3.10/site-packages/airflow/example_dags/example_external_task_marker_dag.py
[2025-04-04T14:51:38.341+0000] {processor.py:826} INFO - Processing file /home/vscode/.local/lib/python3.10/site-packages/airflow/example_dags/example_external_task_marker_dag.py for tasks to queue
[2025-04-04T14:51:38.341+0000] {logging_mixin.py:150} INFO - [2025-04-04T14:51:38.341+0000] {dagbag.py:541} INFO - Filling up the DagBag from /home/vscode/.local/lib/python3.10/site-packages/airflow/example_dags/example_external_task_marker_dag.py
[2025-04-04T14:51:38.347+0000] {processor.py:836} INFO - DAG(s) dict_keys(['example_external_task_marker_parent', 'example_external_task_marker_child']) retrieved from /home/vscode/.local/lib/python3.10/site-packages/airflow/example_dags/example_external_task_marker_dag.py
[2025-04-04T14:51:38.362+0000] {logging_mixin.py:150} INFO - [2025-04-04T14:51:38.362+0000] {dag.py:2742} INFO - Sync 2 DAGs
[2025-04-04T14:51:38.376+0000] {logging_mixin.py:150} INFO - [2025-04-04T14:51:38.376+0000] {dag.py:3504} INFO - Setting next_dagrun for example_external_task_marker_child to None, run_after=None
[2025-04-04T14:51:38.378+0000] {logging_mixin.py:150} INFO - [2025-04-04T14:51:38.378+0000] {dag.py:3504} INFO - Setting next_dagrun for example_external_task_marker_parent to None, run_after=None
[2025-04-04T14:51:38.392+0000] {processor.py:179} INFO - Processing /home/vscode/.local/lib/python3.10/site-packages/airflow/example_dags/example_external_task_marker_dag.py took 0.055 seconds
[2025-04-04T14:52:21.162+0000] {processor.py:157} INFO - Started process (PID=25060) to work on /home/vscode/.local/lib/python3.10/site-packages/airflow/example_dags/example_external_task_marker_dag.py
[2025-04-04T14:52:21.163+0000] {processor.py:826} INFO - Processing file /home/vscode/.local/lib/python3.10/site-packages/airflow/example_dags/example_external_task_marker_dag.py for tasks to queue
[2025-04-04T14:52:21.164+0000] {logging_mixin.py:150} INFO - [2025-04-04T14:52:21.163+0000] {dagbag.py:541} INFO - Filling up the DagBag from /home/vscode/.local/lib/python3.10/site-packages/airflow/example_dags/example_external_task_marker_dag.py
[2025-04-04T14:52:21.169+0000] {processor.py:836} INFO - DAG(s) dict_keys(['example_external_task_marker_parent', 'example_external_task_marker_child']) retrieved from /home/vscode/.local/lib/python3.10/site-packages/airflow/example_dags/example_external_task_marker_dag.py
[2025-04-04T14:52:21.184+0000] {logging_mixin.py:150} INFO - [2025-04-04T14:52:21.184+0000] {dag.py:2742} INFO - Sync 2 DAGs
[2025-04-04T14:52:21.198+0000] {logging_mixin.py:150} INFO - [2025-04-04T14:52:21.198+0000] {dag.py:3504} INFO - Setting next_dagrun for example_external_task_marker_child to None, run_after=None
[2025-04-04T14:52:21.200+0000] {logging_mixin.py:150} INFO - [2025-04-04T14:52:21.200+0000] {dag.py:3504} INFO - Setting next_dagrun for example_external_task_marker_parent to None, run_after=None
[2025-04-04T14:52:21.213+0000] {processor.py:179} INFO - Processing /home/vscode/.local/lib/python3.10/site-packages/airflow/example_dags/example_external_task_marker_dag.py took 0.055 seconds
[2025-04-04T14:53:04.514+0000] {processor.py:157} INFO - Started process (PID=25353) to work on /home/vscode/.local/lib/python3.10/site-packages/airflow/example_dags/example_external_task_marker_dag.py
[2025-04-04T14:53:04.515+0000] {processor.py:826} INFO - Processing file /home/vscode/.local/lib/python3.10/site-packages/airflow/example_dags/example_external_task_marker_dag.py for tasks to queue
[2025-04-04T14:53:04.516+0000] {logging_mixin.py:150} INFO - [2025-04-04T14:53:04.516+0000] {dagbag.py:541} INFO - Filling up the DagBag from /home/vscode/.local/lib/python3.10/site-packages/airflow/example_dags/example_external_task_marker_dag.py
[2025-04-04T14:53:04.521+0000] {processor.py:836} INFO - DAG(s) dict_keys(['example_external_task_marker_parent', 'example_external_task_marker_child']) retrieved from /home/vscode/.local/lib/python3.10/site-packages/airflow/example_dags/example_external_task_marker_dag.py
[2025-04-04T14:53:04.536+0000] {logging_mixin.py:150} INFO - [2025-04-04T14:53:04.536+0000] {dag.py:2742} INFO - Sync 2 DAGs
[2025-04-04T14:53:04.550+0000] {logging_mixin.py:150} INFO - [2025-04-04T14:53:04.550+0000] {dag.py:3504} INFO - Setting next_dagrun for example_external_task_marker_child to None, run_after=None
[2025-04-04T14:53:04.553+0000] {logging_mixin.py:150} INFO - [2025-04-04T14:53:04.552+0000] {dag.py:3504} INFO - Setting next_dagrun for example_external_task_marker_parent to None, run_after=None
[2025-04-04T14:53:04.566+0000] {processor.py:179} INFO - Processing /home/vscode/.local/lib/python3.10/site-packages/airflow/example_dags/example_external_task_marker_dag.py took 0.054 seconds
[2025-04-04T14:53:51.073+0000] {processor.py:157} INFO - Started process (PID=25669) to work on /home/vscode/.local/lib/python3.10/site-packages/airflow/example_dags/example_external_task_marker_dag.py
[2025-04-04T14:53:51.073+0000] {processor.py:826} INFO - Processing file /home/vscode/.local/lib/python3.10/site-packages/airflow/example_dags/example_external_task_marker_dag.py for tasks to queue
[2025-04-04T14:53:51.074+0000] {logging_mixin.py:150} INFO - [2025-04-04T14:53:51.074+0000] {dagbag.py:541} INFO - Filling up the DagBag from /home/vscode/.local/lib/python3.10/site-packages/airflow/example_dags/example_external_task_marker_dag.py
[2025-04-04T14:53:51.079+0000] {processor.py:836} INFO - DAG(s) dict_keys(['example_external_task_marker_parent', 'example_external_task_marker_child']) retrieved from /home/vscode/.local/lib/python3.10/site-packages/airflow/example_dags/example_external_task_marker_dag.py
[2025-04-04T14:53:51.095+0000] {logging_mixin.py:150} INFO - [2025-04-04T14:53:51.095+0000] {dag.py:2742} INFO - Sync 2 DAGs
[2025-04-04T14:53:51.110+0000] {logging_mixin.py:150} INFO - [2025-04-04T14:53:51.110+0000] {dag.py:3504} INFO - Setting next_dagrun for example_external_task_marker_child to None, run_after=None
[2025-04-04T14:53:51.113+0000] {logging_mixin.py:150} INFO - [2025-04-04T14:53:51.113+0000] {dag.py:3504} INFO - Setting next_dagrun for example_external_task_marker_parent to None, run_after=None
[2025-04-04T14:53:51.128+0000] {processor.py:179} INFO - Processing /home/vscode/.local/lib/python3.10/site-packages/airflow/example_dags/example_external_task_marker_dag.py took 0.058 seconds
[2025-04-04T14:54:35.127+0000] {processor.py:157} INFO - Started process (PID=26032) to work on /home/vscode/.local/lib/python3.10/site-packages/airflow/example_dags/example_external_task_marker_dag.py
[2025-04-04T14:54:35.128+0000] {processor.py:826} INFO - Processing file /home/vscode/.local/lib/python3.10/site-packages/airflow/example_dags/example_external_task_marker_dag.py for tasks to queue
[2025-04-04T14:54:35.129+0000] {logging_mixin.py:150} INFO - [2025-04-04T14:54:35.128+0000] {dagbag.py:541} INFO - Filling up the DagBag from /home/vscode/.local/lib/python3.10/site-packages/airflow/example_dags/example_external_task_marker_dag.py
[2025-04-04T14:54:35.134+0000] {processor.py:836} INFO - DAG(s) dict_keys(['example_external_task_marker_parent', 'example_external_task_marker_child']) retrieved from /home/vscode/.local/lib/python3.10/site-packages/airflow/example_dags/example_external_task_marker_dag.py
[2025-04-04T14:54:35.150+0000] {logging_mixin.py:150} INFO - [2025-04-04T14:54:35.149+0000] {dag.py:2742} INFO - Sync 2 DAGs
[2025-04-04T14:54:35.169+0000] {logging_mixin.py:150} INFO - [2025-04-04T14:54:35.169+0000] {dag.py:3504} INFO - Setting next_dagrun for example_external_task_marker_child to None, run_after=None
[2025-04-04T14:54:35.171+0000] {logging_mixin.py:150} INFO - [2025-04-04T14:54:35.171+0000] {dag.py:3504} INFO - Setting next_dagrun for example_external_task_marker_parent to None, run_after=None
[2025-04-04T14:54:35.184+0000] {processor.py:179} INFO - Processing /home/vscode/.local/lib/python3.10/site-packages/airflow/example_dags/example_external_task_marker_dag.py took 0.060 seconds
