[2025-04-04T14:27:14.368+0000] {processor.py:157} INFO - Started process (PID=14664) to work on /home/vscode/.local/lib/python3.10/site-packages/airflow/example_dags/example_branch_datetime_operator.py
[2025-04-04T14:27:14.369+0000] {processor.py:826} INFO - Processing file /home/vscode/.local/lib/python3.10/site-packages/airflow/example_dags/example_branch_datetime_operator.py for tasks to queue
[2025-04-04T14:27:14.369+0000] {logging_mixin.py:150} INFO - [2025-04-04T14:27:14.369+0000] {dagbag.py:541} INFO - Filling up the DagBag from /home/vscode/.local/lib/python3.10/site-packages/airflow/example_dags/example_branch_datetime_operator.py
[2025-04-04T14:27:14.377+0000] {processor.py:836} INFO - DAG(s) dict_keys(['example_branch_datetime_operator', 'example_branch_datetime_operator_2', 'example_branch_datetime_operator_3']) retrieved from /home/vscode/.local/lib/python3.10/site-packages/airflow/example_dags/example_branch_datetime_operator.py
[2025-04-04T14:27:14.448+0000] {logging_mixin.py:150} INFO - [2025-04-04T14:27:14.448+0000] {manager.py:504} INFO - Created Permission View: can delete on DAG:example_branch_datetime_operator
[2025-04-04T14:27:14.456+0000] {logging_mixin.py:150} INFO - [2025-04-04T14:27:14.455+0000] {manager.py:504} INFO - Created Permission View: can read on DAG:example_branch_datetime_operator
[2025-04-04T14:27:14.461+0000] {logging_mixin.py:150} INFO - [2025-04-04T14:27:14.461+0000] {manager.py:504} INFO - Created Permission View: can edit on DAG:example_branch_datetime_operator
[2025-04-04T14:27:14.485+0000] {logging_mixin.py:150} INFO - [2025-04-04T14:27:14.485+0000] {manager.py:504} INFO - Created Permission View: can delete on DAG:example_branch_datetime_operator_2
[2025-04-04T14:27:14.492+0000] {logging_mixin.py:150} INFO - [2025-04-04T14:27:14.492+0000] {manager.py:504} INFO - Created Permission View: can read on DAG:example_branch_datetime_operator_2
[2025-04-04T14:27:14.500+0000] {logging_mixin.py:150} INFO - [2025-04-04T14:27:14.500+0000] {manager.py:504} INFO - Created Permission View: can edit on DAG:example_branch_datetime_operator_2
[2025-04-04T14:27:14.524+0000] {logging_mixin.py:150} INFO - [2025-04-04T14:27:14.523+0000] {manager.py:504} INFO - Created Permission View: can delete on DAG:example_branch_datetime_operator_3
[2025-04-04T14:27:14.530+0000] {logging_mixin.py:150} INFO - [2025-04-04T14:27:14.529+0000] {manager.py:504} INFO - Created Permission View: can read on DAG:example_branch_datetime_operator_3
[2025-04-04T14:27:14.535+0000] {logging_mixin.py:150} INFO - [2025-04-04T14:27:14.535+0000] {manager.py:504} INFO - Created Permission View: can edit on DAG:example_branch_datetime_operator_3
[2025-04-04T14:27:14.538+0000] {logging_mixin.py:150} INFO - [2025-04-04T14:27:14.538+0000] {dag.py:2742} INFO - Sync 3 DAGs
[2025-04-04T14:27:14.545+0000] {logging_mixin.py:150} INFO - [2025-04-04T14:27:14.545+0000] {dag.py:2763} INFO - Creating ORM DAG for example_branch_datetime_operator_2
[2025-04-04T14:27:14.546+0000] {logging_mixin.py:150} INFO - [2025-04-04T14:27:14.546+0000] {dag.py:2763} INFO - Creating ORM DAG for example_branch_datetime_operator
[2025-04-04T14:27:14.546+0000] {logging_mixin.py:150} INFO - [2025-04-04T14:27:14.546+0000] {dag.py:2763} INFO - Creating ORM DAG for example_branch_datetime_operator_3
[2025-04-04T14:27:14.553+0000] {logging_mixin.py:150} INFO - [2025-04-04T14:27:14.553+0000] {dag.py:3504} INFO - Setting next_dagrun for example_branch_datetime_operator to 2025-04-03T00:00:00+00:00, run_after=2025-04-04T00:00:00+00:00
[2025-04-04T14:27:14.554+0000] {logging_mixin.py:150} INFO - [2025-04-04T14:27:14.554+0000] {dag.py:3504} INFO - Setting next_dagrun for example_branch_datetime_operator_2 to 2025-04-03T00:00:00+00:00, run_after=2025-04-04T00:00:00+00:00
[2025-04-04T14:27:14.556+0000] {logging_mixin.py:150} INFO - [2025-04-04T14:27:14.555+0000] {dag.py:3504} INFO - Setting next_dagrun for example_branch_datetime_operator_3 to 2025-04-03T00:00:00+00:00, run_after=2025-04-04T00:00:00+00:00
[2025-04-04T14:27:14.571+0000] {processor.py:179} INFO - Processing /home/vscode/.local/lib/python3.10/site-packages/airflow/example_dags/example_branch_datetime_operator.py took 0.206 seconds
[2025-04-04T14:28:02.664+0000] {processor.py:157} INFO - Started process (PID=15047) to work on /home/vscode/.local/lib/python3.10/site-packages/airflow/example_dags/example_branch_datetime_operator.py
[2025-04-04T14:28:02.665+0000] {processor.py:826} INFO - Processing file /home/vscode/.local/lib/python3.10/site-packages/airflow/example_dags/example_branch_datetime_operator.py for tasks to queue
[2025-04-04T14:28:02.665+0000] {logging_mixin.py:150} INFO - [2025-04-04T14:28:02.665+0000] {dagbag.py:541} INFO - Filling up the DagBag from /home/vscode/.local/lib/python3.10/site-packages/airflow/example_dags/example_branch_datetime_operator.py
[2025-04-04T14:28:02.673+0000] {processor.py:836} INFO - DAG(s) dict_keys(['example_branch_datetime_operator', 'example_branch_datetime_operator_3', 'example_branch_datetime_operator_2']) retrieved from /home/vscode/.local/lib/python3.10/site-packages/airflow/example_dags/example_branch_datetime_operator.py
[2025-04-04T14:28:02.691+0000] {logging_mixin.py:150} INFO - [2025-04-04T14:28:02.691+0000] {dag.py:2742} INFO - Sync 3 DAGs
[2025-04-04T14:28:02.707+0000] {logging_mixin.py:150} INFO - [2025-04-04T14:28:02.707+0000] {dag.py:3504} INFO - Setting next_dagrun for example_branch_datetime_operator to 2025-04-03T00:00:00+00:00, run_after=2025-04-04T00:00:00+00:00
[2025-04-04T14:28:02.710+0000] {logging_mixin.py:150} INFO - [2025-04-04T14:28:02.710+0000] {dag.py:3504} INFO - Setting next_dagrun for example_branch_datetime_operator_2 to 2025-04-03T00:00:00+00:00, run_after=2025-04-04T00:00:00+00:00
[2025-04-04T14:28:02.712+0000] {logging_mixin.py:150} INFO - [2025-04-04T14:28:02.711+0000] {dag.py:3504} INFO - Setting next_dagrun for example_branch_datetime_operator_3 to 2025-04-03T00:00:00+00:00, run_after=2025-04-04T00:00:00+00:00
[2025-04-04T14:28:02.725+0000] {processor.py:179} INFO - Processing /home/vscode/.local/lib/python3.10/site-packages/airflow/example_dags/example_branch_datetime_operator.py took 0.064 seconds
[2025-04-04T14:28:46.852+0000] {processor.py:157} INFO - Started process (PID=15377) to work on /home/vscode/.local/lib/python3.10/site-packages/airflow/example_dags/example_branch_datetime_operator.py
[2025-04-04T14:28:46.853+0000] {processor.py:826} INFO - Processing file /home/vscode/.local/lib/python3.10/site-packages/airflow/example_dags/example_branch_datetime_operator.py for tasks to queue
[2025-04-04T14:28:46.854+0000] {logging_mixin.py:150} INFO - [2025-04-04T14:28:46.853+0000] {dagbag.py:541} INFO - Filling up the DagBag from /home/vscode/.local/lib/python3.10/site-packages/airflow/example_dags/example_branch_datetime_operator.py
[2025-04-04T14:28:46.861+0000] {processor.py:836} INFO - DAG(s) dict_keys(['example_branch_datetime_operator_2', 'example_branch_datetime_operator_3', 'example_branch_datetime_operator']) retrieved from /home/vscode/.local/lib/python3.10/site-packages/airflow/example_dags/example_branch_datetime_operator.py
[2025-04-04T14:28:46.879+0000] {logging_mixin.py:150} INFO - [2025-04-04T14:28:46.879+0000] {dag.py:2742} INFO - Sync 3 DAGs
[2025-04-04T14:28:46.894+0000] {logging_mixin.py:150} INFO - [2025-04-04T14:28:46.894+0000] {dag.py:3504} INFO - Setting next_dagrun for example_branch_datetime_operator to 2025-04-03T00:00:00+00:00, run_after=2025-04-04T00:00:00+00:00
[2025-04-04T14:28:46.897+0000] {logging_mixin.py:150} INFO - [2025-04-04T14:28:46.897+0000] {dag.py:3504} INFO - Setting next_dagrun for example_branch_datetime_operator_2 to 2025-04-03T00:00:00+00:00, run_after=2025-04-04T00:00:00+00:00
[2025-04-04T14:28:46.899+0000] {logging_mixin.py:150} INFO - [2025-04-04T14:28:46.899+0000] {dag.py:3504} INFO - Setting next_dagrun for example_branch_datetime_operator_3 to 2025-04-03T00:00:00+00:00, run_after=2025-04-04T00:00:00+00:00
[2025-04-04T14:28:46.913+0000] {processor.py:179} INFO - Processing /home/vscode/.local/lib/python3.10/site-packages/airflow/example_dags/example_branch_datetime_operator.py took 0.063 seconds
[2025-04-04T14:29:31.913+0000] {processor.py:157} INFO - Started process (PID=15690) to work on /home/vscode/.local/lib/python3.10/site-packages/airflow/example_dags/example_branch_datetime_operator.py
[2025-04-04T14:29:31.914+0000] {processor.py:826} INFO - Processing file /home/vscode/.local/lib/python3.10/site-packages/airflow/example_dags/example_branch_datetime_operator.py for tasks to queue
[2025-04-04T14:29:31.915+0000] {logging_mixin.py:150} INFO - [2025-04-04T14:29:31.914+0000] {dagbag.py:541} INFO - Filling up the DagBag from /home/vscode/.local/lib/python3.10/site-packages/airflow/example_dags/example_branch_datetime_operator.py
[2025-04-04T14:29:31.922+0000] {processor.py:836} INFO - DAG(s) dict_keys(['example_branch_datetime_operator_2', 'example_branch_datetime_operator_3', 'example_branch_datetime_operator']) retrieved from /home/vscode/.local/lib/python3.10/site-packages/airflow/example_dags/example_branch_datetime_operator.py
[2025-04-04T14:29:31.945+0000] {logging_mixin.py:150} INFO - [2025-04-04T14:29:31.945+0000] {dag.py:2742} INFO - Sync 3 DAGs
[2025-04-04T14:29:31.968+0000] {logging_mixin.py:150} INFO - [2025-04-04T14:29:31.967+0000] {dag.py:3504} INFO - Setting next_dagrun for example_branch_datetime_operator to 2025-04-03T00:00:00+00:00, run_after=2025-04-04T00:00:00+00:00
[2025-04-04T14:29:31.972+0000] {logging_mixin.py:150} INFO - [2025-04-04T14:29:31.972+0000] {dag.py:3504} INFO - Setting next_dagrun for example_branch_datetime_operator_2 to 2025-04-03T00:00:00+00:00, run_after=2025-04-04T00:00:00+00:00
[2025-04-04T14:29:31.973+0000] {logging_mixin.py:150} INFO - [2025-04-04T14:29:31.973+0000] {dag.py:3504} INFO - Setting next_dagrun for example_branch_datetime_operator_3 to 2025-04-03T00:00:00+00:00, run_after=2025-04-04T00:00:00+00:00
[2025-04-04T14:29:31.986+0000] {processor.py:179} INFO - Processing /home/vscode/.local/lib/python3.10/site-packages/airflow/example_dags/example_branch_datetime_operator.py took 0.076 seconds
[2025-04-04T14:30:21.021+0000] {processor.py:157} INFO - Started process (PID=16070) to work on /home/vscode/.local/lib/python3.10/site-packages/airflow/example_dags/example_branch_datetime_operator.py
[2025-04-04T14:30:21.022+0000] {processor.py:826} INFO - Processing file /home/vscode/.local/lib/python3.10/site-packages/airflow/example_dags/example_branch_datetime_operator.py for tasks to queue
[2025-04-04T14:30:21.023+0000] {logging_mixin.py:150} INFO - [2025-04-04T14:30:21.022+0000] {dagbag.py:541} INFO - Filling up the DagBag from /home/vscode/.local/lib/python3.10/site-packages/airflow/example_dags/example_branch_datetime_operator.py
[2025-04-04T14:30:21.030+0000] {processor.py:836} INFO - DAG(s) dict_keys(['example_branch_datetime_operator', 'example_branch_datetime_operator_2', 'example_branch_datetime_operator_3']) retrieved from /home/vscode/.local/lib/python3.10/site-packages/airflow/example_dags/example_branch_datetime_operator.py
[2025-04-04T14:30:21.048+0000] {logging_mixin.py:150} INFO - [2025-04-04T14:30:21.048+0000] {dag.py:2742} INFO - Sync 3 DAGs
[2025-04-04T14:30:21.064+0000] {logging_mixin.py:150} INFO - [2025-04-04T14:30:21.064+0000] {dag.py:3504} INFO - Setting next_dagrun for example_branch_datetime_operator to 2025-04-03T00:00:00+00:00, run_after=2025-04-04T00:00:00+00:00
[2025-04-04T14:30:21.067+0000] {logging_mixin.py:150} INFO - [2025-04-04T14:30:21.067+0000] {dag.py:3504} INFO - Setting next_dagrun for example_branch_datetime_operator_2 to 2025-04-03T00:00:00+00:00, run_after=2025-04-04T00:00:00+00:00
[2025-04-04T14:30:21.068+0000] {logging_mixin.py:150} INFO - [2025-04-04T14:30:21.068+0000] {dag.py:3504} INFO - Setting next_dagrun for example_branch_datetime_operator_3 to 2025-04-03T00:00:00+00:00, run_after=2025-04-04T00:00:00+00:00
[2025-04-04T14:30:21.083+0000] {processor.py:179} INFO - Processing /home/vscode/.local/lib/python3.10/site-packages/airflow/example_dags/example_branch_datetime_operator.py took 0.065 seconds
[2025-04-04T14:47:12.720+0000] {processor.py:157} INFO - Started process (PID=22638) to work on /home/vscode/.local/lib/python3.10/site-packages/airflow/example_dags/example_branch_datetime_operator.py
[2025-04-04T14:47:12.720+0000] {processor.py:826} INFO - Processing file /home/vscode/.local/lib/python3.10/site-packages/airflow/example_dags/example_branch_datetime_operator.py for tasks to queue
[2025-04-04T14:47:12.721+0000] {logging_mixin.py:150} INFO - [2025-04-04T14:47:12.721+0000] {dagbag.py:541} INFO - Filling up the DagBag from /home/vscode/.local/lib/python3.10/site-packages/airflow/example_dags/example_branch_datetime_operator.py
[2025-04-04T14:47:12.728+0000] {processor.py:836} INFO - DAG(s) dict_keys(['example_branch_datetime_operator_2', 'example_branch_datetime_operator_3', 'example_branch_datetime_operator']) retrieved from /home/vscode/.local/lib/python3.10/site-packages/airflow/example_dags/example_branch_datetime_operator.py
[2025-04-04T14:47:12.747+0000] {logging_mixin.py:150} INFO - [2025-04-04T14:47:12.747+0000] {dag.py:2742} INFO - Sync 3 DAGs
[2025-04-04T14:47:12.762+0000] {logging_mixin.py:150} INFO - [2025-04-04T14:47:12.761+0000] {dag.py:3504} INFO - Setting next_dagrun for example_branch_datetime_operator to 2025-04-03T00:00:00+00:00, run_after=2025-04-04T00:00:00+00:00
[2025-04-04T14:47:12.764+0000] {logging_mixin.py:150} INFO - [2025-04-04T14:47:12.764+0000] {dag.py:3504} INFO - Setting next_dagrun for example_branch_datetime_operator_2 to 2025-04-03T00:00:00+00:00, run_after=2025-04-04T00:00:00+00:00
[2025-04-04T14:47:12.766+0000] {logging_mixin.py:150} INFO - [2025-04-04T14:47:12.766+0000] {dag.py:3504} INFO - Setting next_dagrun for example_branch_datetime_operator_3 to 2025-04-03T00:00:00+00:00, run_after=2025-04-04T00:00:00+00:00
[2025-04-04T14:47:12.780+0000] {processor.py:179} INFO - Processing /home/vscode/.local/lib/python3.10/site-packages/airflow/example_dags/example_branch_datetime_operator.py took 0.063 seconds
[2025-04-04T14:48:00.149+0000] {processor.py:157} INFO - Started process (PID=23147) to work on /home/vscode/.local/lib/python3.10/site-packages/airflow/example_dags/example_branch_datetime_operator.py
[2025-04-04T14:48:00.150+0000] {processor.py:826} INFO - Processing file /home/vscode/.local/lib/python3.10/site-packages/airflow/example_dags/example_branch_datetime_operator.py for tasks to queue
[2025-04-04T14:48:00.151+0000] {logging_mixin.py:150} INFO - [2025-04-04T14:48:00.150+0000] {dagbag.py:541} INFO - Filling up the DagBag from /home/vscode/.local/lib/python3.10/site-packages/airflow/example_dags/example_branch_datetime_operator.py
[2025-04-04T14:48:00.158+0000] {processor.py:836} INFO - DAG(s) dict_keys(['example_branch_datetime_operator', 'example_branch_datetime_operator_2', 'example_branch_datetime_operator_3']) retrieved from /home/vscode/.local/lib/python3.10/site-packages/airflow/example_dags/example_branch_datetime_operator.py
[2025-04-04T14:48:00.176+0000] {logging_mixin.py:150} INFO - [2025-04-04T14:48:00.176+0000] {dag.py:2742} INFO - Sync 3 DAGs
[2025-04-04T14:48:00.191+0000] {logging_mixin.py:150} INFO - [2025-04-04T14:48:00.191+0000] {dag.py:3504} INFO - Setting next_dagrun for example_branch_datetime_operator to 2025-04-03T00:00:00+00:00, run_after=2025-04-04T00:00:00+00:00
[2025-04-04T14:48:00.194+0000] {logging_mixin.py:150} INFO - [2025-04-04T14:48:00.194+0000] {dag.py:3504} INFO - Setting next_dagrun for example_branch_datetime_operator_2 to 2025-04-03T00:00:00+00:00, run_after=2025-04-04T00:00:00+00:00
[2025-04-04T14:48:00.196+0000] {logging_mixin.py:150} INFO - [2025-04-04T14:48:00.196+0000] {dag.py:3504} INFO - Setting next_dagrun for example_branch_datetime_operator_3 to 2025-04-03T00:00:00+00:00, run_after=2025-04-04T00:00:00+00:00
[2025-04-04T14:48:00.210+0000] {processor.py:179} INFO - Processing /home/vscode/.local/lib/python3.10/site-packages/airflow/example_dags/example_branch_datetime_operator.py took 0.063 seconds
[2025-04-04T14:48:44.141+0000] {processor.py:157} INFO - Started process (PID=23477) to work on /home/vscode/.local/lib/python3.10/site-packages/airflow/example_dags/example_branch_datetime_operator.py
[2025-04-04T14:48:44.141+0000] {processor.py:826} INFO - Processing file /home/vscode/.local/lib/python3.10/site-packages/airflow/example_dags/example_branch_datetime_operator.py for tasks to queue
[2025-04-04T14:48:44.142+0000] {logging_mixin.py:150} INFO - [2025-04-04T14:48:44.142+0000] {dagbag.py:541} INFO - Filling up the DagBag from /home/vscode/.local/lib/python3.10/site-packages/airflow/example_dags/example_branch_datetime_operator.py
[2025-04-04T14:48:44.150+0000] {processor.py:836} INFO - DAG(s) dict_keys(['example_branch_datetime_operator', 'example_branch_datetime_operator_2', 'example_branch_datetime_operator_3']) retrieved from /home/vscode/.local/lib/python3.10/site-packages/airflow/example_dags/example_branch_datetime_operator.py
[2025-04-04T14:48:44.167+0000] {logging_mixin.py:150} INFO - [2025-04-04T14:48:44.167+0000] {dag.py:2742} INFO - Sync 3 DAGs
[2025-04-04T14:48:44.182+0000] {logging_mixin.py:150} INFO - [2025-04-04T14:48:44.182+0000] {dag.py:3504} INFO - Setting next_dagrun for example_branch_datetime_operator to 2025-04-03T00:00:00+00:00, run_after=2025-04-04T00:00:00+00:00
[2025-04-04T14:48:44.185+0000] {logging_mixin.py:150} INFO - [2025-04-04T14:48:44.185+0000] {dag.py:3504} INFO - Setting next_dagrun for example_branch_datetime_operator_2 to 2025-04-03T00:00:00+00:00, run_after=2025-04-04T00:00:00+00:00
[2025-04-04T14:48:44.187+0000] {logging_mixin.py:150} INFO - [2025-04-04T14:48:44.187+0000] {dag.py:3504} INFO - Setting next_dagrun for example_branch_datetime_operator_3 to 2025-04-03T00:00:00+00:00, run_after=2025-04-04T00:00:00+00:00
[2025-04-04T14:48:44.200+0000] {processor.py:179} INFO - Processing /home/vscode/.local/lib/python3.10/site-packages/airflow/example_dags/example_branch_datetime_operator.py took 0.062 seconds
[2025-04-04T14:49:32.585+0000] {processor.py:157} INFO - Started process (PID=23841) to work on /home/vscode/.local/lib/python3.10/site-packages/airflow/example_dags/example_branch_datetime_operator.py
[2025-04-04T14:49:32.585+0000] {processor.py:826} INFO - Processing file /home/vscode/.local/lib/python3.10/site-packages/airflow/example_dags/example_branch_datetime_operator.py for tasks to queue
[2025-04-04T14:49:32.586+0000] {logging_mixin.py:150} INFO - [2025-04-04T14:49:32.586+0000] {dagbag.py:541} INFO - Filling up the DagBag from /home/vscode/.local/lib/python3.10/site-packages/airflow/example_dags/example_branch_datetime_operator.py
[2025-04-04T14:49:32.593+0000] {processor.py:836} INFO - DAG(s) dict_keys(['example_branch_datetime_operator', 'example_branch_datetime_operator_2', 'example_branch_datetime_operator_3']) retrieved from /home/vscode/.local/lib/python3.10/site-packages/airflow/example_dags/example_branch_datetime_operator.py
[2025-04-04T14:49:32.611+0000] {logging_mixin.py:150} INFO - [2025-04-04T14:49:32.611+0000] {dag.py:2742} INFO - Sync 3 DAGs
[2025-04-04T14:49:32.626+0000] {logging_mixin.py:150} INFO - [2025-04-04T14:49:32.626+0000] {dag.py:3504} INFO - Setting next_dagrun for example_branch_datetime_operator to 2025-04-03T00:00:00+00:00, run_after=2025-04-04T00:00:00+00:00
[2025-04-04T14:49:32.629+0000] {logging_mixin.py:150} INFO - [2025-04-04T14:49:32.629+0000] {dag.py:3504} INFO - Setting next_dagrun for example_branch_datetime_operator_2 to 2025-04-03T00:00:00+00:00, run_after=2025-04-04T00:00:00+00:00
[2025-04-04T14:49:32.631+0000] {logging_mixin.py:150} INFO - [2025-04-04T14:49:32.631+0000] {dag.py:3504} INFO - Setting next_dagrun for example_branch_datetime_operator_3 to 2025-04-03T00:00:00+00:00, run_after=2025-04-04T00:00:00+00:00
[2025-04-04T14:49:32.645+0000] {processor.py:179} INFO - Processing /home/vscode/.local/lib/python3.10/site-packages/airflow/example_dags/example_branch_datetime_operator.py took 0.063 seconds
[2025-04-04T14:50:16.572+0000] {processor.py:157} INFO - Started process (PID=24177) to work on /home/vscode/.local/lib/python3.10/site-packages/airflow/example_dags/example_branch_datetime_operator.py
[2025-04-04T14:50:16.572+0000] {processor.py:826} INFO - Processing file /home/vscode/.local/lib/python3.10/site-packages/airflow/example_dags/example_branch_datetime_operator.py for tasks to queue
[2025-04-04T14:50:16.573+0000] {logging_mixin.py:150} INFO - [2025-04-04T14:50:16.573+0000] {dagbag.py:541} INFO - Filling up the DagBag from /home/vscode/.local/lib/python3.10/site-packages/airflow/example_dags/example_branch_datetime_operator.py
[2025-04-04T14:50:16.581+0000] {processor.py:836} INFO - DAG(s) dict_keys(['example_branch_datetime_operator', 'example_branch_datetime_operator_3', 'example_branch_datetime_operator_2']) retrieved from /home/vscode/.local/lib/python3.10/site-packages/airflow/example_dags/example_branch_datetime_operator.py
[2025-04-04T14:50:16.598+0000] {logging_mixin.py:150} INFO - [2025-04-04T14:50:16.598+0000] {dag.py:2742} INFO - Sync 3 DAGs
[2025-04-04T14:50:16.614+0000] {logging_mixin.py:150} INFO - [2025-04-04T14:50:16.614+0000] {dag.py:3504} INFO - Setting next_dagrun for example_branch_datetime_operator to 2025-04-03T00:00:00+00:00, run_after=2025-04-04T00:00:00+00:00
[2025-04-04T14:50:16.617+0000] {logging_mixin.py:150} INFO - [2025-04-04T14:50:16.617+0000] {dag.py:3504} INFO - Setting next_dagrun for example_branch_datetime_operator_2 to 2025-04-03T00:00:00+00:00, run_after=2025-04-04T00:00:00+00:00
[2025-04-04T14:50:16.618+0000] {logging_mixin.py:150} INFO - [2025-04-04T14:50:16.618+0000] {dag.py:3504} INFO - Setting next_dagrun for example_branch_datetime_operator_3 to 2025-04-03T00:00:00+00:00, run_after=2025-04-04T00:00:00+00:00
[2025-04-04T14:50:16.632+0000] {processor.py:179} INFO - Processing /home/vscode/.local/lib/python3.10/site-packages/airflow/example_dags/example_branch_datetime_operator.py took 0.063 seconds
[2025-04-04T14:51:01.196+0000] {processor.py:157} INFO - Started process (PID=24508) to work on /home/vscode/.local/lib/python3.10/site-packages/airflow/example_dags/example_branch_datetime_operator.py
[2025-04-04T14:51:01.197+0000] {processor.py:826} INFO - Processing file /home/vscode/.local/lib/python3.10/site-packages/airflow/example_dags/example_branch_datetime_operator.py for tasks to queue
[2025-04-04T14:51:01.198+0000] {logging_mixin.py:150} INFO - [2025-04-04T14:51:01.197+0000] {dagbag.py:541} INFO - Filling up the DagBag from /home/vscode/.local/lib/python3.10/site-packages/airflow/example_dags/example_branch_datetime_operator.py
[2025-04-04T14:51:01.206+0000] {processor.py:836} INFO - DAG(s) dict_keys(['example_branch_datetime_operator_2', 'example_branch_datetime_operator_3', 'example_branch_datetime_operator']) retrieved from /home/vscode/.local/lib/python3.10/site-packages/airflow/example_dags/example_branch_datetime_operator.py
[2025-04-04T14:51:01.233+0000] {logging_mixin.py:150} INFO - [2025-04-04T14:51:01.233+0000] {dag.py:2742} INFO - Sync 3 DAGs
[2025-04-04T14:51:01.249+0000] {logging_mixin.py:150} INFO - [2025-04-04T14:51:01.249+0000] {dag.py:3504} INFO - Setting next_dagrun for example_branch_datetime_operator to 2025-04-03T00:00:00+00:00, run_after=2025-04-04T00:00:00+00:00
[2025-04-04T14:51:01.252+0000] {logging_mixin.py:150} INFO - [2025-04-04T14:51:01.252+0000] {dag.py:3504} INFO - Setting next_dagrun for example_branch_datetime_operator_2 to 2025-04-03T00:00:00+00:00, run_after=2025-04-04T00:00:00+00:00
[2025-04-04T14:51:01.253+0000] {logging_mixin.py:150} INFO - [2025-04-04T14:51:01.253+0000] {dag.py:3504} INFO - Setting next_dagrun for example_branch_datetime_operator_3 to 2025-04-03T00:00:00+00:00, run_after=2025-04-04T00:00:00+00:00
[2025-04-04T14:51:01.267+0000] {processor.py:179} INFO - Processing /home/vscode/.local/lib/python3.10/site-packages/airflow/example_dags/example_branch_datetime_operator.py took 0.073 seconds
[2025-04-04T14:51:46.314+0000] {processor.py:157} INFO - Started process (PID=24825) to work on /home/vscode/.local/lib/python3.10/site-packages/airflow/example_dags/example_branch_datetime_operator.py
[2025-04-04T14:51:46.315+0000] {processor.py:826} INFO - Processing file /home/vscode/.local/lib/python3.10/site-packages/airflow/example_dags/example_branch_datetime_operator.py for tasks to queue
[2025-04-04T14:51:46.316+0000] {logging_mixin.py:150} INFO - [2025-04-04T14:51:46.316+0000] {dagbag.py:541} INFO - Filling up the DagBag from /home/vscode/.local/lib/python3.10/site-packages/airflow/example_dags/example_branch_datetime_operator.py
[2025-04-04T14:51:46.323+0000] {processor.py:836} INFO - DAG(s) dict_keys(['example_branch_datetime_operator_3', 'example_branch_datetime_operator_2', 'example_branch_datetime_operator']) retrieved from /home/vscode/.local/lib/python3.10/site-packages/airflow/example_dags/example_branch_datetime_operator.py
[2025-04-04T14:51:46.341+0000] {logging_mixin.py:150} INFO - [2025-04-04T14:51:46.340+0000] {dag.py:2742} INFO - Sync 3 DAGs
[2025-04-04T14:51:46.356+0000] {logging_mixin.py:150} INFO - [2025-04-04T14:51:46.356+0000] {dag.py:3504} INFO - Setting next_dagrun for example_branch_datetime_operator to 2025-04-03T00:00:00+00:00, run_after=2025-04-04T00:00:00+00:00
[2025-04-04T14:51:46.360+0000] {logging_mixin.py:150} INFO - [2025-04-04T14:51:46.360+0000] {dag.py:3504} INFO - Setting next_dagrun for example_branch_datetime_operator_2 to 2025-04-03T00:00:00+00:00, run_after=2025-04-04T00:00:00+00:00
[2025-04-04T14:51:46.362+0000] {logging_mixin.py:150} INFO - [2025-04-04T14:51:46.362+0000] {dag.py:3504} INFO - Setting next_dagrun for example_branch_datetime_operator_3 to 2025-04-03T00:00:00+00:00, run_after=2025-04-04T00:00:00+00:00
[2025-04-04T14:51:46.377+0000] {processor.py:179} INFO - Processing /home/vscode/.local/lib/python3.10/site-packages/airflow/example_dags/example_branch_datetime_operator.py took 0.065 seconds
[2025-04-04T14:52:28.661+0000] {processor.py:157} INFO - Started process (PID=25111) to work on /home/vscode/.local/lib/python3.10/site-packages/airflow/example_dags/example_branch_datetime_operator.py
[2025-04-04T14:52:28.662+0000] {processor.py:826} INFO - Processing file /home/vscode/.local/lib/python3.10/site-packages/airflow/example_dags/example_branch_datetime_operator.py for tasks to queue
[2025-04-04T14:52:28.663+0000] {logging_mixin.py:150} INFO - [2025-04-04T14:52:28.663+0000] {dagbag.py:541} INFO - Filling up the DagBag from /home/vscode/.local/lib/python3.10/site-packages/airflow/example_dags/example_branch_datetime_operator.py
[2025-04-04T14:52:28.674+0000] {processor.py:836} INFO - DAG(s) dict_keys(['example_branch_datetime_operator_3', 'example_branch_datetime_operator_2', 'example_branch_datetime_operator']) retrieved from /home/vscode/.local/lib/python3.10/site-packages/airflow/example_dags/example_branch_datetime_operator.py
[2025-04-04T14:52:28.695+0000] {logging_mixin.py:150} INFO - [2025-04-04T14:52:28.695+0000] {dag.py:2742} INFO - Sync 3 DAGs
[2025-04-04T14:52:28.710+0000] {logging_mixin.py:150} INFO - [2025-04-04T14:52:28.710+0000] {dag.py:3504} INFO - Setting next_dagrun for example_branch_datetime_operator to 2025-04-03T00:00:00+00:00, run_after=2025-04-04T00:00:00+00:00
[2025-04-04T14:52:28.713+0000] {logging_mixin.py:150} INFO - [2025-04-04T14:52:28.713+0000] {dag.py:3504} INFO - Setting next_dagrun for example_branch_datetime_operator_2 to 2025-04-03T00:00:00+00:00, run_after=2025-04-04T00:00:00+00:00
[2025-04-04T14:52:28.715+0000] {logging_mixin.py:150} INFO - [2025-04-04T14:52:28.714+0000] {dag.py:3504} INFO - Setting next_dagrun for example_branch_datetime_operator_3 to 2025-04-03T00:00:00+00:00, run_after=2025-04-04T00:00:00+00:00
[2025-04-04T14:52:28.728+0000] {processor.py:179} INFO - Processing /home/vscode/.local/lib/python3.10/site-packages/airflow/example_dags/example_branch_datetime_operator.py took 0.070 seconds
[2025-04-04T14:53:19.526+0000] {processor.py:157} INFO - Started process (PID=25450) to work on /home/vscode/.local/lib/python3.10/site-packages/airflow/example_dags/example_branch_datetime_operator.py
[2025-04-04T14:53:19.526+0000] {processor.py:826} INFO - Processing file /home/vscode/.local/lib/python3.10/site-packages/airflow/example_dags/example_branch_datetime_operator.py for tasks to queue
[2025-04-04T14:53:19.527+0000] {logging_mixin.py:150} INFO - [2025-04-04T14:53:19.527+0000] {dagbag.py:541} INFO - Filling up the DagBag from /home/vscode/.local/lib/python3.10/site-packages/airflow/example_dags/example_branch_datetime_operator.py
[2025-04-04T14:53:19.535+0000] {processor.py:836} INFO - DAG(s) dict_keys(['example_branch_datetime_operator_3', 'example_branch_datetime_operator_2', 'example_branch_datetime_operator']) retrieved from /home/vscode/.local/lib/python3.10/site-packages/airflow/example_dags/example_branch_datetime_operator.py
[2025-04-04T14:53:19.553+0000] {logging_mixin.py:150} INFO - [2025-04-04T14:53:19.553+0000] {dag.py:2742} INFO - Sync 3 DAGs
[2025-04-04T14:53:19.568+0000] {logging_mixin.py:150} INFO - [2025-04-04T14:53:19.568+0000] {dag.py:3504} INFO - Setting next_dagrun for example_branch_datetime_operator to 2025-04-03T00:00:00+00:00, run_after=2025-04-04T00:00:00+00:00
[2025-04-04T14:53:19.571+0000] {logging_mixin.py:150} INFO - [2025-04-04T14:53:19.571+0000] {dag.py:3504} INFO - Setting next_dagrun for example_branch_datetime_operator_2 to 2025-04-03T00:00:00+00:00, run_after=2025-04-04T00:00:00+00:00
[2025-04-04T14:53:19.573+0000] {logging_mixin.py:150} INFO - [2025-04-04T14:53:19.573+0000] {dag.py:3504} INFO - Setting next_dagrun for example_branch_datetime_operator_3 to 2025-04-03T00:00:00+00:00, run_after=2025-04-04T00:00:00+00:00
[2025-04-04T14:53:19.586+0000] {processor.py:179} INFO - Processing /home/vscode/.local/lib/python3.10/site-packages/airflow/example_dags/example_branch_datetime_operator.py took 0.063 seconds
[2025-04-04T14:54:06.261+0000] {processor.py:157} INFO - Started process (PID=25766) to work on /home/vscode/.local/lib/python3.10/site-packages/airflow/example_dags/example_branch_datetime_operator.py
[2025-04-04T14:54:06.262+0000] {processor.py:826} INFO - Processing file /home/vscode/.local/lib/python3.10/site-packages/airflow/example_dags/example_branch_datetime_operator.py for tasks to queue
[2025-04-04T14:54:06.262+0000] {logging_mixin.py:150} INFO - [2025-04-04T14:54:06.262+0000] {dagbag.py:541} INFO - Filling up the DagBag from /home/vscode/.local/lib/python3.10/site-packages/airflow/example_dags/example_branch_datetime_operator.py
[2025-04-04T14:54:06.270+0000] {processor.py:836} INFO - DAG(s) dict_keys(['example_branch_datetime_operator_3', 'example_branch_datetime_operator', 'example_branch_datetime_operator_2']) retrieved from /home/vscode/.local/lib/python3.10/site-packages/airflow/example_dags/example_branch_datetime_operator.py
[2025-04-04T14:54:06.288+0000] {logging_mixin.py:150} INFO - [2025-04-04T14:54:06.288+0000] {dag.py:2742} INFO - Sync 3 DAGs
[2025-04-04T14:54:06.304+0000] {logging_mixin.py:150} INFO - [2025-04-04T14:54:06.304+0000] {dag.py:3504} INFO - Setting next_dagrun for example_branch_datetime_operator to 2025-04-03T00:00:00+00:00, run_after=2025-04-04T00:00:00+00:00
[2025-04-04T14:54:06.307+0000] {logging_mixin.py:150} INFO - [2025-04-04T14:54:06.307+0000] {dag.py:3504} INFO - Setting next_dagrun for example_branch_datetime_operator_2 to 2025-04-03T00:00:00+00:00, run_after=2025-04-04T00:00:00+00:00
[2025-04-04T14:54:06.309+0000] {logging_mixin.py:150} INFO - [2025-04-04T14:54:06.308+0000] {dag.py:3504} INFO - Setting next_dagrun for example_branch_datetime_operator_3 to 2025-04-03T00:00:00+00:00, run_after=2025-04-04T00:00:00+00:00
[2025-04-04T14:54:06.322+0000] {processor.py:179} INFO - Processing /home/vscode/.local/lib/python3.10/site-packages/airflow/example_dags/example_branch_datetime_operator.py took 0.064 seconds
