[2025-04-04T14:26:43.119+0000] {processor.py:157} INFO - Started process (PID=14454) to work on /home/vscode/.local/lib/python3.10/site-packages/airflow/example_dags/example_trigger_target_dag.py
[2025-04-04T14:26:43.120+0000] {processor.py:826} INFO - Processing file /home/vscode/.local/lib/python3.10/site-packages/airflow/example_dags/example_trigger_target_dag.py for tasks to queue
[2025-04-04T14:26:43.120+0000] {logging_mixin.py:150} INFO - [2025-04-04T14:26:43.120+0000] {dagbag.py:541} INFO - Filling up the DagBag from /home/vscode/.local/lib/python3.10/site-packages/airflow/example_dags/example_trigger_target_dag.py
[2025-04-04T14:26:43.128+0000] {processor.py:836} INFO - DAG(s) dict_keys(['example_trigger_target_dag']) retrieved from /home/vscode/.local/lib/python3.10/site-packages/airflow/example_dags/example_trigger_target_dag.py
[2025-04-04T14:26:43.202+0000] {logging_mixin.py:150} INFO - [2025-04-04T14:26:43.202+0000] {manager.py:504} INFO - Created Permission View: can delete on DAG:example_trigger_target_dag
[2025-04-04T14:26:43.210+0000] {logging_mixin.py:150} INFO - [2025-04-04T14:26:43.210+0000] {manager.py:504} INFO - Created Permission View: can read on DAG:example_trigger_target_dag
[2025-04-04T14:26:43.215+0000] {logging_mixin.py:150} INFO - [2025-04-04T14:26:43.215+0000] {manager.py:504} INFO - Created Permission View: can edit on DAG:example_trigger_target_dag
[2025-04-04T14:26:43.223+0000] {logging_mixin.py:150} INFO - [2025-04-04T14:26:43.223+0000] {dag.py:2742} INFO - Sync 1 DAGs
[2025-04-04T14:26:43.230+0000] {logging_mixin.py:150} INFO - [2025-04-04T14:26:43.230+0000] {dag.py:2763} INFO - Creating ORM DAG for example_trigger_target_dag
[2025-04-04T14:26:43.236+0000] {logging_mixin.py:150} INFO - [2025-04-04T14:26:43.236+0000] {dag.py:3504} INFO - Setting next_dagrun for example_trigger_target_dag to None, run_after=None
[2025-04-04T14:26:43.251+0000] {processor.py:179} INFO - Processing /home/vscode/.local/lib/python3.10/site-packages/airflow/example_dags/example_trigger_target_dag.py took 0.135 seconds
[2025-04-04T14:27:30.978+0000] {processor.py:157} INFO - Started process (PID=14782) to work on /home/vscode/.local/lib/python3.10/site-packages/airflow/example_dags/example_trigger_target_dag.py
[2025-04-04T14:27:30.979+0000] {processor.py:826} INFO - Processing file /home/vscode/.local/lib/python3.10/site-packages/airflow/example_dags/example_trigger_target_dag.py for tasks to queue
[2025-04-04T14:27:30.979+0000] {logging_mixin.py:150} INFO - [2025-04-04T14:27:30.979+0000] {dagbag.py:541} INFO - Filling up the DagBag from /home/vscode/.local/lib/python3.10/site-packages/airflow/example_dags/example_trigger_target_dag.py
[2025-04-04T14:27:30.984+0000] {processor.py:836} INFO - DAG(s) dict_keys(['example_trigger_target_dag']) retrieved from /home/vscode/.local/lib/python3.10/site-packages/airflow/example_dags/example_trigger_target_dag.py
[2025-04-04T14:27:30.998+0000] {logging_mixin.py:150} INFO - [2025-04-04T14:27:30.998+0000] {dag.py:2742} INFO - Sync 1 DAGs
[2025-04-04T14:27:31.015+0000] {logging_mixin.py:150} INFO - [2025-04-04T14:27:31.015+0000] {dag.py:3504} INFO - Setting next_dagrun for example_trigger_target_dag to None, run_after=None
[2025-04-04T14:27:31.030+0000] {processor.py:179} INFO - Processing /home/vscode/.local/lib/python3.10/site-packages/airflow/example_dags/example_trigger_target_dag.py took 0.055 seconds
[2025-04-04T14:28:15.060+0000] {processor.py:157} INFO - Started process (PID=15144) to work on /home/vscode/.local/lib/python3.10/site-packages/airflow/example_dags/example_trigger_target_dag.py
[2025-04-04T14:28:15.060+0000] {processor.py:826} INFO - Processing file /home/vscode/.local/lib/python3.10/site-packages/airflow/example_dags/example_trigger_target_dag.py for tasks to queue
[2025-04-04T14:28:15.061+0000] {logging_mixin.py:150} INFO - [2025-04-04T14:28:15.061+0000] {dagbag.py:541} INFO - Filling up the DagBag from /home/vscode/.local/lib/python3.10/site-packages/airflow/example_dags/example_trigger_target_dag.py
[2025-04-04T14:28:15.067+0000] {processor.py:836} INFO - DAG(s) dict_keys(['example_trigger_target_dag']) retrieved from /home/vscode/.local/lib/python3.10/site-packages/airflow/example_dags/example_trigger_target_dag.py
[2025-04-04T14:28:15.079+0000] {logging_mixin.py:150} INFO - [2025-04-04T14:28:15.079+0000] {dag.py:2742} INFO - Sync 1 DAGs
[2025-04-04T14:28:15.094+0000] {logging_mixin.py:150} INFO - [2025-04-04T14:28:15.094+0000] {dag.py:3504} INFO - Setting next_dagrun for example_trigger_target_dag to None, run_after=None
[2025-04-04T14:28:15.109+0000] {processor.py:179} INFO - Processing /home/vscode/.local/lib/python3.10/site-packages/airflow/example_dags/example_trigger_target_dag.py took 0.052 seconds
[2025-04-04T14:28:59.402+0000] {processor.py:157} INFO - Started process (PID=15466) to work on /home/vscode/.local/lib/python3.10/site-packages/airflow/example_dags/example_trigger_target_dag.py
[2025-04-04T14:28:59.402+0000] {processor.py:826} INFO - Processing file /home/vscode/.local/lib/python3.10/site-packages/airflow/example_dags/example_trigger_target_dag.py for tasks to queue
[2025-04-04T14:28:59.403+0000] {logging_mixin.py:150} INFO - [2025-04-04T14:28:59.403+0000] {dagbag.py:541} INFO - Filling up the DagBag from /home/vscode/.local/lib/python3.10/site-packages/airflow/example_dags/example_trigger_target_dag.py
[2025-04-04T14:28:59.408+0000] {processor.py:836} INFO - DAG(s) dict_keys(['example_trigger_target_dag']) retrieved from /home/vscode/.local/lib/python3.10/site-packages/airflow/example_dags/example_trigger_target_dag.py
[2025-04-04T14:28:59.421+0000] {logging_mixin.py:150} INFO - [2025-04-04T14:28:59.421+0000] {dag.py:2742} INFO - Sync 1 DAGs
[2025-04-04T14:28:59.435+0000] {logging_mixin.py:150} INFO - [2025-04-04T14:28:59.435+0000] {dag.py:3504} INFO - Setting next_dagrun for example_trigger_target_dag to None, run_after=None
[2025-04-04T14:28:59.451+0000] {processor.py:179} INFO - Processing /home/vscode/.local/lib/python3.10/site-packages/airflow/example_dags/example_trigger_target_dag.py took 0.052 seconds
[2025-04-04T14:29:43.332+0000] {processor.py:157} INFO - Started process (PID=15817) to work on /home/vscode/.local/lib/python3.10/site-packages/airflow/example_dags/example_trigger_target_dag.py
[2025-04-04T14:29:43.333+0000] {processor.py:826} INFO - Processing file /home/vscode/.local/lib/python3.10/site-packages/airflow/example_dags/example_trigger_target_dag.py for tasks to queue
[2025-04-04T14:29:43.333+0000] {logging_mixin.py:150} INFO - [2025-04-04T14:29:43.333+0000] {dagbag.py:541} INFO - Filling up the DagBag from /home/vscode/.local/lib/python3.10/site-packages/airflow/example_dags/example_trigger_target_dag.py
[2025-04-04T14:29:43.339+0000] {processor.py:836} INFO - DAG(s) dict_keys(['example_trigger_target_dag']) retrieved from /home/vscode/.local/lib/python3.10/site-packages/airflow/example_dags/example_trigger_target_dag.py
[2025-04-04T14:29:43.351+0000] {logging_mixin.py:150} INFO - [2025-04-04T14:29:43.351+0000] {dag.py:2742} INFO - Sync 1 DAGs
[2025-04-04T14:29:43.365+0000] {logging_mixin.py:150} INFO - [2025-04-04T14:29:43.365+0000] {dag.py:3504} INFO - Setting next_dagrun for example_trigger_target_dag to None, run_after=None
[2025-04-04T14:29:43.380+0000] {processor.py:179} INFO - Processing /home/vscode/.local/lib/python3.10/site-packages/airflow/example_dags/example_trigger_target_dag.py took 0.051 seconds
[2025-04-04T14:30:31.810+0000] {processor.py:157} INFO - Started process (PID=16216) to work on /home/vscode/.local/lib/python3.10/site-packages/airflow/example_dags/example_trigger_target_dag.py
[2025-04-04T14:30:31.810+0000] {processor.py:826} INFO - Processing file /home/vscode/.local/lib/python3.10/site-packages/airflow/example_dags/example_trigger_target_dag.py for tasks to queue
[2025-04-04T14:30:31.811+0000] {logging_mixin.py:150} INFO - [2025-04-04T14:30:31.811+0000] {dagbag.py:541} INFO - Filling up the DagBag from /home/vscode/.local/lib/python3.10/site-packages/airflow/example_dags/example_trigger_target_dag.py
[2025-04-04T14:30:31.816+0000] {processor.py:836} INFO - DAG(s) dict_keys(['example_trigger_target_dag']) retrieved from /home/vscode/.local/lib/python3.10/site-packages/airflow/example_dags/example_trigger_target_dag.py
[2025-04-04T14:30:31.829+0000] {logging_mixin.py:150} INFO - [2025-04-04T14:30:31.829+0000] {dag.py:2742} INFO - Sync 1 DAGs
[2025-04-04T14:30:31.843+0000] {logging_mixin.py:150} INFO - [2025-04-04T14:30:31.843+0000] {dag.py:3504} INFO - Setting next_dagrun for example_trigger_target_dag to None, run_after=None
[2025-04-04T14:30:31.859+0000] {processor.py:179} INFO - Processing /home/vscode/.local/lib/python3.10/site-packages/airflow/example_dags/example_trigger_target_dag.py took 0.052 seconds
[2025-04-04T14:46:44.453+0000] {processor.py:157} INFO - Started process (PID=22437) to work on /home/vscode/.local/lib/python3.10/site-packages/airflow/example_dags/example_trigger_target_dag.py
[2025-04-04T14:46:44.454+0000] {processor.py:826} INFO - Processing file /home/vscode/.local/lib/python3.10/site-packages/airflow/example_dags/example_trigger_target_dag.py for tasks to queue
[2025-04-04T14:46:44.455+0000] {logging_mixin.py:150} INFO - [2025-04-04T14:46:44.454+0000] {dagbag.py:541} INFO - Filling up the DagBag from /home/vscode/.local/lib/python3.10/site-packages/airflow/example_dags/example_trigger_target_dag.py
[2025-04-04T14:46:44.462+0000] {processor.py:836} INFO - DAG(s) dict_keys(['example_trigger_target_dag']) retrieved from /home/vscode/.local/lib/python3.10/site-packages/airflow/example_dags/example_trigger_target_dag.py
[2025-04-04T14:46:44.480+0000] {logging_mixin.py:150} INFO - [2025-04-04T14:46:44.480+0000] {dag.py:2742} INFO - Sync 1 DAGs
[2025-04-04T14:46:44.494+0000] {logging_mixin.py:150} INFO - [2025-04-04T14:46:44.494+0000] {dag.py:3504} INFO - Setting next_dagrun for example_trigger_target_dag to None, run_after=None
[2025-04-04T14:46:44.509+0000] {processor.py:179} INFO - Processing /home/vscode/.local/lib/python3.10/site-packages/airflow/example_dags/example_trigger_target_dag.py took 0.059 seconds
[2025-04-04T14:47:29.268+0000] {processor.py:157} INFO - Started process (PID=22786) to work on /home/vscode/.local/lib/python3.10/site-packages/airflow/example_dags/example_trigger_target_dag.py
[2025-04-04T14:47:29.268+0000] {processor.py:826} INFO - Processing file /home/vscode/.local/lib/python3.10/site-packages/airflow/example_dags/example_trigger_target_dag.py for tasks to queue
[2025-04-04T14:47:29.269+0000] {logging_mixin.py:150} INFO - [2025-04-04T14:47:29.269+0000] {dagbag.py:541} INFO - Filling up the DagBag from /home/vscode/.local/lib/python3.10/site-packages/airflow/example_dags/example_trigger_target_dag.py
[2025-04-04T14:47:29.274+0000] {processor.py:836} INFO - DAG(s) dict_keys(['example_trigger_target_dag']) retrieved from /home/vscode/.local/lib/python3.10/site-packages/airflow/example_dags/example_trigger_target_dag.py
[2025-04-04T14:47:29.287+0000] {logging_mixin.py:150} INFO - [2025-04-04T14:47:29.287+0000] {dag.py:2742} INFO - Sync 1 DAGs
[2025-04-04T14:47:29.302+0000] {logging_mixin.py:150} INFO - [2025-04-04T14:47:29.302+0000] {dag.py:3504} INFO - Setting next_dagrun for example_trigger_target_dag to None, run_after=None
[2025-04-04T14:47:29.316+0000] {processor.py:179} INFO - Processing /home/vscode/.local/lib/python3.10/site-packages/airflow/example_dags/example_trigger_target_dag.py took 0.051 seconds
[2025-04-04T14:48:13.296+0000] {processor.py:157} INFO - Started process (PID=23246) to work on /home/vscode/.local/lib/python3.10/site-packages/airflow/example_dags/example_trigger_target_dag.py
[2025-04-04T14:48:13.297+0000] {processor.py:826} INFO - Processing file /home/vscode/.local/lib/python3.10/site-packages/airflow/example_dags/example_trigger_target_dag.py for tasks to queue
[2025-04-04T14:48:13.297+0000] {logging_mixin.py:150} INFO - [2025-04-04T14:48:13.297+0000] {dagbag.py:541} INFO - Filling up the DagBag from /home/vscode/.local/lib/python3.10/site-packages/airflow/example_dags/example_trigger_target_dag.py
[2025-04-04T14:48:13.302+0000] {processor.py:836} INFO - DAG(s) dict_keys(['example_trigger_target_dag']) retrieved from /home/vscode/.local/lib/python3.10/site-packages/airflow/example_dags/example_trigger_target_dag.py
[2025-04-04T14:48:13.315+0000] {logging_mixin.py:150} INFO - [2025-04-04T14:48:13.315+0000] {dag.py:2742} INFO - Sync 1 DAGs
[2025-04-04T14:48:13.331+0000] {logging_mixin.py:150} INFO - [2025-04-04T14:48:13.331+0000] {dag.py:3504} INFO - Setting next_dagrun for example_trigger_target_dag to None, run_after=None
[2025-04-04T14:48:13.346+0000] {processor.py:179} INFO - Processing /home/vscode/.local/lib/python3.10/site-packages/airflow/example_dags/example_trigger_target_dag.py took 0.053 seconds
[2025-04-04T14:48:57.385+0000] {processor.py:157} INFO - Started process (PID=23576) to work on /home/vscode/.local/lib/python3.10/site-packages/airflow/example_dags/example_trigger_target_dag.py
[2025-04-04T14:48:57.386+0000] {processor.py:826} INFO - Processing file /home/vscode/.local/lib/python3.10/site-packages/airflow/example_dags/example_trigger_target_dag.py for tasks to queue
[2025-04-04T14:48:57.386+0000] {logging_mixin.py:150} INFO - [2025-04-04T14:48:57.386+0000] {dagbag.py:541} INFO - Filling up the DagBag from /home/vscode/.local/lib/python3.10/site-packages/airflow/example_dags/example_trigger_target_dag.py
[2025-04-04T14:48:57.394+0000] {processor.py:836} INFO - DAG(s) dict_keys(['example_trigger_target_dag']) retrieved from /home/vscode/.local/lib/python3.10/site-packages/airflow/example_dags/example_trigger_target_dag.py
[2025-04-04T14:48:57.412+0000] {logging_mixin.py:150} INFO - [2025-04-04T14:48:57.411+0000] {dag.py:2742} INFO - Sync 1 DAGs
[2025-04-04T14:48:57.430+0000] {logging_mixin.py:150} INFO - [2025-04-04T14:48:57.430+0000] {dag.py:3504} INFO - Setting next_dagrun for example_trigger_target_dag to None, run_after=None
[2025-04-04T14:48:57.444+0000] {processor.py:179} INFO - Processing /home/vscode/.local/lib/python3.10/site-packages/airflow/example_dags/example_trigger_target_dag.py took 0.063 seconds
[2025-04-04T14:49:44.112+0000] {processor.py:157} INFO - Started process (PID=23917) to work on /home/vscode/.local/lib/python3.10/site-packages/airflow/example_dags/example_trigger_target_dag.py
[2025-04-04T14:49:44.113+0000] {processor.py:826} INFO - Processing file /home/vscode/.local/lib/python3.10/site-packages/airflow/example_dags/example_trigger_target_dag.py for tasks to queue
[2025-04-04T14:49:44.114+0000] {logging_mixin.py:150} INFO - [2025-04-04T14:49:44.113+0000] {dagbag.py:541} INFO - Filling up the DagBag from /home/vscode/.local/lib/python3.10/site-packages/airflow/example_dags/example_trigger_target_dag.py
[2025-04-04T14:49:44.119+0000] {processor.py:836} INFO - DAG(s) dict_keys(['example_trigger_target_dag']) retrieved from /home/vscode/.local/lib/python3.10/site-packages/airflow/example_dags/example_trigger_target_dag.py
[2025-04-04T14:49:44.131+0000] {logging_mixin.py:150} INFO - [2025-04-04T14:49:44.131+0000] {dag.py:2742} INFO - Sync 1 DAGs
[2025-04-04T14:49:44.145+0000] {logging_mixin.py:150} INFO - [2025-04-04T14:49:44.145+0000] {dag.py:3504} INFO - Setting next_dagrun for example_trigger_target_dag to None, run_after=None
[2025-04-04T14:49:44.160+0000] {processor.py:179} INFO - Processing /home/vscode/.local/lib/python3.10/site-packages/airflow/example_dags/example_trigger_target_dag.py took 0.050 seconds
[2025-04-04T14:50:27.442+0000] {processor.py:157} INFO - Started process (PID=24261) to work on /home/vscode/.local/lib/python3.10/site-packages/airflow/example_dags/example_trigger_target_dag.py
[2025-04-04T14:50:27.443+0000] {processor.py:826} INFO - Processing file /home/vscode/.local/lib/python3.10/site-packages/airflow/example_dags/example_trigger_target_dag.py for tasks to queue
[2025-04-04T14:50:27.444+0000] {logging_mixin.py:150} INFO - [2025-04-04T14:50:27.443+0000] {dagbag.py:541} INFO - Filling up the DagBag from /home/vscode/.local/lib/python3.10/site-packages/airflow/example_dags/example_trigger_target_dag.py
[2025-04-04T14:50:27.449+0000] {processor.py:836} INFO - DAG(s) dict_keys(['example_trigger_target_dag']) retrieved from /home/vscode/.local/lib/python3.10/site-packages/airflow/example_dags/example_trigger_target_dag.py
[2025-04-04T14:50:27.461+0000] {logging_mixin.py:150} INFO - [2025-04-04T14:50:27.461+0000] {dag.py:2742} INFO - Sync 1 DAGs
[2025-04-04T14:50:27.475+0000] {logging_mixin.py:150} INFO - [2025-04-04T14:50:27.474+0000] {dag.py:3504} INFO - Setting next_dagrun for example_trigger_target_dag to None, run_after=None
[2025-04-04T14:50:27.490+0000] {processor.py:179} INFO - Processing /home/vscode/.local/lib/python3.10/site-packages/airflow/example_dags/example_trigger_target_dag.py took 0.050 seconds
[2025-04-04T14:51:11.334+0000] {processor.py:157} INFO - Started process (PID=24585) to work on /home/vscode/.local/lib/python3.10/site-packages/airflow/example_dags/example_trigger_target_dag.py
[2025-04-04T14:51:11.334+0000] {processor.py:826} INFO - Processing file /home/vscode/.local/lib/python3.10/site-packages/airflow/example_dags/example_trigger_target_dag.py for tasks to queue
[2025-04-04T14:51:11.335+0000] {logging_mixin.py:150} INFO - [2025-04-04T14:51:11.335+0000] {dagbag.py:541} INFO - Filling up the DagBag from /home/vscode/.local/lib/python3.10/site-packages/airflow/example_dags/example_trigger_target_dag.py
[2025-04-04T14:51:11.340+0000] {processor.py:836} INFO - DAG(s) dict_keys(['example_trigger_target_dag']) retrieved from /home/vscode/.local/lib/python3.10/site-packages/airflow/example_dags/example_trigger_target_dag.py
[2025-04-04T14:51:11.353+0000] {logging_mixin.py:150} INFO - [2025-04-04T14:51:11.353+0000] {dag.py:2742} INFO - Sync 1 DAGs
[2025-04-04T14:51:11.367+0000] {logging_mixin.py:150} INFO - [2025-04-04T14:51:11.367+0000] {dag.py:3504} INFO - Setting next_dagrun for example_trigger_target_dag to None, run_after=None
[2025-04-04T14:51:11.381+0000] {processor.py:179} INFO - Processing /home/vscode/.local/lib/python3.10/site-packages/airflow/example_dags/example_trigger_target_dag.py took 0.050 seconds
[2025-04-04T14:51:56.591+0000] {processor.py:157} INFO - Started process (PID=24895) to work on /home/vscode/.local/lib/python3.10/site-packages/airflow/example_dags/example_trigger_target_dag.py
[2025-04-04T14:51:56.592+0000] {processor.py:826} INFO - Processing file /home/vscode/.local/lib/python3.10/site-packages/airflow/example_dags/example_trigger_target_dag.py for tasks to queue
[2025-04-04T14:51:56.593+0000] {logging_mixin.py:150} INFO - [2025-04-04T14:51:56.592+0000] {dagbag.py:541} INFO - Filling up the DagBag from /home/vscode/.local/lib/python3.10/site-packages/airflow/example_dags/example_trigger_target_dag.py
[2025-04-04T14:51:56.598+0000] {processor.py:836} INFO - DAG(s) dict_keys(['example_trigger_target_dag']) retrieved from /home/vscode/.local/lib/python3.10/site-packages/airflow/example_dags/example_trigger_target_dag.py
[2025-04-04T14:51:56.610+0000] {logging_mixin.py:150} INFO - [2025-04-04T14:51:56.610+0000] {dag.py:2742} INFO - Sync 1 DAGs
[2025-04-04T14:51:56.624+0000] {logging_mixin.py:150} INFO - [2025-04-04T14:51:56.624+0000] {dag.py:3504} INFO - Setting next_dagrun for example_trigger_target_dag to None, run_after=None
[2025-04-04T14:51:56.639+0000] {processor.py:179} INFO - Processing /home/vscode/.local/lib/python3.10/site-packages/airflow/example_dags/example_trigger_target_dag.py took 0.050 seconds
[2025-04-04T14:52:34.860+0000] {processor.py:157} INFO - Started process (PID=25156) to work on /home/vscode/.local/lib/python3.10/site-packages/airflow/example_dags/example_trigger_target_dag.py
[2025-04-04T14:52:34.861+0000] {processor.py:826} INFO - Processing file /home/vscode/.local/lib/python3.10/site-packages/airflow/example_dags/example_trigger_target_dag.py for tasks to queue
[2025-04-04T14:52:34.862+0000] {logging_mixin.py:150} INFO - [2025-04-04T14:52:34.861+0000] {dagbag.py:541} INFO - Filling up the DagBag from /home/vscode/.local/lib/python3.10/site-packages/airflow/example_dags/example_trigger_target_dag.py
[2025-04-04T14:52:34.867+0000] {processor.py:836} INFO - DAG(s) dict_keys(['example_trigger_target_dag']) retrieved from /home/vscode/.local/lib/python3.10/site-packages/airflow/example_dags/example_trigger_target_dag.py
[2025-04-04T14:52:34.879+0000] {logging_mixin.py:150} INFO - [2025-04-04T14:52:34.879+0000] {dag.py:2742} INFO - Sync 1 DAGs
[2025-04-04T14:52:34.893+0000] {logging_mixin.py:150} INFO - [2025-04-04T14:52:34.893+0000] {dag.py:3504} INFO - Setting next_dagrun for example_trigger_target_dag to None, run_after=None
[2025-04-04T14:52:34.907+0000] {processor.py:179} INFO - Processing /home/vscode/.local/lib/python3.10/site-packages/airflow/example_dags/example_trigger_target_dag.py took 0.050 seconds
[2025-04-04T14:53:12.524+0000] {processor.py:157} INFO - Started process (PID=25412) to work on /home/vscode/.local/lib/python3.10/site-packages/airflow/example_dags/example_trigger_target_dag.py
[2025-04-04T14:53:12.525+0000] {processor.py:826} INFO - Processing file /home/vscode/.local/lib/python3.10/site-packages/airflow/example_dags/example_trigger_target_dag.py for tasks to queue
[2025-04-04T14:53:12.526+0000] {logging_mixin.py:150} INFO - [2025-04-04T14:53:12.526+0000] {dagbag.py:541} INFO - Filling up the DagBag from /home/vscode/.local/lib/python3.10/site-packages/airflow/example_dags/example_trigger_target_dag.py
[2025-04-04T14:53:12.531+0000] {processor.py:836} INFO - DAG(s) dict_keys(['example_trigger_target_dag']) retrieved from /home/vscode/.local/lib/python3.10/site-packages/airflow/example_dags/example_trigger_target_dag.py
[2025-04-04T14:53:12.543+0000] {logging_mixin.py:150} INFO - [2025-04-04T14:53:12.543+0000] {dag.py:2742} INFO - Sync 1 DAGs
[2025-04-04T14:53:12.557+0000] {logging_mixin.py:150} INFO - [2025-04-04T14:53:12.557+0000] {dag.py:3504} INFO - Setting next_dagrun for example_trigger_target_dag to None, run_after=None
[2025-04-04T14:53:12.572+0000] {processor.py:179} INFO - Processing /home/vscode/.local/lib/python3.10/site-packages/airflow/example_dags/example_trigger_target_dag.py took 0.050 seconds
[2025-04-04T14:53:57.620+0000] {processor.py:157} INFO - Started process (PID=25707) to work on /home/vscode/.local/lib/python3.10/site-packages/airflow/example_dags/example_trigger_target_dag.py
[2025-04-04T14:53:57.621+0000] {processor.py:826} INFO - Processing file /home/vscode/.local/lib/python3.10/site-packages/airflow/example_dags/example_trigger_target_dag.py for tasks to queue
[2025-04-04T14:53:57.622+0000] {logging_mixin.py:150} INFO - [2025-04-04T14:53:57.621+0000] {dagbag.py:541} INFO - Filling up the DagBag from /home/vscode/.local/lib/python3.10/site-packages/airflow/example_dags/example_trigger_target_dag.py
[2025-04-04T14:53:57.627+0000] {processor.py:836} INFO - DAG(s) dict_keys(['example_trigger_target_dag']) retrieved from /home/vscode/.local/lib/python3.10/site-packages/airflow/example_dags/example_trigger_target_dag.py
[2025-04-04T14:53:57.639+0000] {logging_mixin.py:150} INFO - [2025-04-04T14:53:57.639+0000] {dag.py:2742} INFO - Sync 1 DAGs
[2025-04-04T14:53:57.658+0000] {logging_mixin.py:150} INFO - [2025-04-04T14:53:57.658+0000] {dag.py:3504} INFO - Setting next_dagrun for example_trigger_target_dag to None, run_after=None
[2025-04-04T14:53:57.678+0000] {processor.py:179} INFO - Processing /home/vscode/.local/lib/python3.10/site-packages/airflow/example_dags/example_trigger_target_dag.py took 0.060 seconds
[2025-04-04T14:54:40.634+0000] {processor.py:157} INFO - Started process (PID=26076) to work on /home/vscode/.local/lib/python3.10/site-packages/airflow/example_dags/example_trigger_target_dag.py
[2025-04-04T14:54:40.635+0000] {processor.py:826} INFO - Processing file /home/vscode/.local/lib/python3.10/site-packages/airflow/example_dags/example_trigger_target_dag.py for tasks to queue
[2025-04-04T14:54:40.636+0000] {logging_mixin.py:150} INFO - [2025-04-04T14:54:40.635+0000] {dagbag.py:541} INFO - Filling up the DagBag from /home/vscode/.local/lib/python3.10/site-packages/airflow/example_dags/example_trigger_target_dag.py
[2025-04-04T14:54:40.642+0000] {processor.py:836} INFO - DAG(s) dict_keys(['example_trigger_target_dag']) retrieved from /home/vscode/.local/lib/python3.10/site-packages/airflow/example_dags/example_trigger_target_dag.py
[2025-04-04T14:54:40.658+0000] {logging_mixin.py:150} INFO - [2025-04-04T14:54:40.658+0000] {dag.py:2742} INFO - Sync 1 DAGs
[2025-04-04T14:54:40.679+0000] {logging_mixin.py:150} INFO - [2025-04-04T14:54:40.679+0000] {dag.py:3504} INFO - Setting next_dagrun for example_trigger_target_dag to None, run_after=None
[2025-04-04T14:54:40.703+0000] {processor.py:179} INFO - Processing /home/vscode/.local/lib/python3.10/site-packages/airflow/example_dags/example_trigger_target_dag.py took 0.073 seconds
