[2025-04-04T14:26:53.604+0000] {processor.py:157} INFO - Started process (PID=14523) to work on /home/vscode/.local/lib/python3.10/site-packages/airflow/example_dags/example_skip_dag.py
[2025-04-04T14:26:53.604+0000] {processor.py:826} INFO - Processing file /home/vscode/.local/lib/python3.10/site-packages/airflow/example_dags/example_skip_dag.py for tasks to queue
[2025-04-04T14:26:53.605+0000] {logging_mixin.py:150} INFO - [2025-04-04T14:26:53.605+0000] {dagbag.py:541} INFO - Filling up the DagBag from /home/vscode/.local/lib/python3.10/site-packages/airflow/example_dags/example_skip_dag.py
[2025-04-04T14:26:53.611+0000] {processor.py:836} INFO - DAG(s) dict_keys(['example_skip_dag']) retrieved from /home/vscode/.local/lib/python3.10/site-packages/airflow/example_dags/example_skip_dag.py
[2025-04-04T14:26:53.683+0000] {logging_mixin.py:150} INFO - [2025-04-04T14:26:53.683+0000] {manager.py:504} INFO - Created Permission View: can delete on DAG:example_skip_dag
[2025-04-04T14:26:53.690+0000] {logging_mixin.py:150} INFO - [2025-04-04T14:26:53.690+0000] {manager.py:504} INFO - Created Permission View: can read on DAG:example_skip_dag
[2025-04-04T14:26:53.696+0000] {logging_mixin.py:150} INFO - [2025-04-04T14:26:53.696+0000] {manager.py:504} INFO - Created Permission View: can edit on DAG:example_skip_dag
[2025-04-04T14:26:53.704+0000] {logging_mixin.py:150} INFO - [2025-04-04T14:26:53.704+0000] {dag.py:2742} INFO - Sync 1 DAGs
[2025-04-04T14:26:53.711+0000] {logging_mixin.py:150} INFO - [2025-04-04T14:26:53.711+0000] {dag.py:2763} INFO - Creating ORM DAG for example_skip_dag
[2025-04-04T14:26:53.717+0000] {logging_mixin.py:150} INFO - [2025-04-04T14:26:53.717+0000] {dag.py:3504} INFO - Setting next_dagrun for example_skip_dag to 2025-04-03T14:26:53.716974+00:00, run_after=2025-04-04T14:26:53.716974+00:00
[2025-04-04T14:26:53.733+0000] {processor.py:179} INFO - Processing /home/vscode/.local/lib/python3.10/site-packages/airflow/example_dags/example_skip_dag.py took 0.132 seconds
[2025-04-04T14:27:40.124+0000] {processor.py:157} INFO - Started process (PID=14845) to work on /home/vscode/.local/lib/python3.10/site-packages/airflow/example_dags/example_skip_dag.py
[2025-04-04T14:27:40.125+0000] {processor.py:826} INFO - Processing file /home/vscode/.local/lib/python3.10/site-packages/airflow/example_dags/example_skip_dag.py for tasks to queue
[2025-04-04T14:27:40.126+0000] {logging_mixin.py:150} INFO - [2025-04-04T14:27:40.126+0000] {dagbag.py:541} INFO - Filling up the DagBag from /home/vscode/.local/lib/python3.10/site-packages/airflow/example_dags/example_skip_dag.py
[2025-04-04T14:27:40.132+0000] {processor.py:836} INFO - DAG(s) dict_keys(['example_skip_dag']) retrieved from /home/vscode/.local/lib/python3.10/site-packages/airflow/example_dags/example_skip_dag.py
[2025-04-04T14:27:40.145+0000] {logging_mixin.py:150} INFO - [2025-04-04T14:27:40.145+0000] {dag.py:2742} INFO - Sync 1 DAGs
[2025-04-04T14:27:40.160+0000] {logging_mixin.py:150} INFO - [2025-04-04T14:27:40.160+0000] {dag.py:3504} INFO - Setting next_dagrun for example_skip_dag to 2025-04-03T14:27:40.160004+00:00, run_after=2025-04-04T14:27:40.160004+00:00
[2025-04-04T14:27:40.175+0000] {processor.py:179} INFO - Processing /home/vscode/.local/lib/python3.10/site-packages/airflow/example_dags/example_skip_dag.py took 0.053 seconds
[2025-04-04T14:28:26.347+0000] {processor.py:157} INFO - Started process (PID=15222) to work on /home/vscode/.local/lib/python3.10/site-packages/airflow/example_dags/example_skip_dag.py
[2025-04-04T14:28:26.348+0000] {processor.py:826} INFO - Processing file /home/vscode/.local/lib/python3.10/site-packages/airflow/example_dags/example_skip_dag.py for tasks to queue
[2025-04-04T14:28:26.349+0000] {logging_mixin.py:150} INFO - [2025-04-04T14:28:26.348+0000] {dagbag.py:541} INFO - Filling up the DagBag from /home/vscode/.local/lib/python3.10/site-packages/airflow/example_dags/example_skip_dag.py
[2025-04-04T14:28:26.355+0000] {processor.py:836} INFO - DAG(s) dict_keys(['example_skip_dag']) retrieved from /home/vscode/.local/lib/python3.10/site-packages/airflow/example_dags/example_skip_dag.py
[2025-04-04T14:28:26.368+0000] {logging_mixin.py:150} INFO - [2025-04-04T14:28:26.368+0000] {dag.py:2742} INFO - Sync 1 DAGs
[2025-04-04T14:28:26.384+0000] {logging_mixin.py:150} INFO - [2025-04-04T14:28:26.384+0000] {dag.py:3504} INFO - Setting next_dagrun for example_skip_dag to 2025-04-03T14:28:26.383819+00:00, run_after=2025-04-04T14:28:26.383819+00:00
[2025-04-04T14:28:26.401+0000] {processor.py:179} INFO - Processing /home/vscode/.local/lib/python3.10/site-packages/airflow/example_dags/example_skip_dag.py took 0.056 seconds
[2025-04-04T14:29:09.689+0000] {processor.py:157} INFO - Started process (PID=15540) to work on /home/vscode/.local/lib/python3.10/site-packages/airflow/example_dags/example_skip_dag.py
[2025-04-04T14:29:09.690+0000] {processor.py:826} INFO - Processing file /home/vscode/.local/lib/python3.10/site-packages/airflow/example_dags/example_skip_dag.py for tasks to queue
[2025-04-04T14:29:09.690+0000] {logging_mixin.py:150} INFO - [2025-04-04T14:29:09.690+0000] {dagbag.py:541} INFO - Filling up the DagBag from /home/vscode/.local/lib/python3.10/site-packages/airflow/example_dags/example_skip_dag.py
[2025-04-04T14:29:09.698+0000] {processor.py:836} INFO - DAG(s) dict_keys(['example_skip_dag']) retrieved from /home/vscode/.local/lib/python3.10/site-packages/airflow/example_dags/example_skip_dag.py
[2025-04-04T14:29:09.713+0000] {logging_mixin.py:150} INFO - [2025-04-04T14:29:09.713+0000] {dag.py:2742} INFO - Sync 1 DAGs
[2025-04-04T14:29:09.728+0000] {logging_mixin.py:150} INFO - [2025-04-04T14:29:09.728+0000] {dag.py:3504} INFO - Setting next_dagrun for example_skip_dag to 2025-04-03T14:29:09.727957+00:00, run_after=2025-04-04T14:29:09.727957+00:00
[2025-04-04T14:29:09.743+0000] {processor.py:179} INFO - Processing /home/vscode/.local/lib/python3.10/site-packages/airflow/example_dags/example_skip_dag.py took 0.057 seconds
[2025-04-04T14:29:56.602+0000] {processor.py:157} INFO - Started process (PID=15910) to work on /home/vscode/.local/lib/python3.10/site-packages/airflow/example_dags/example_skip_dag.py
[2025-04-04T14:29:56.602+0000] {processor.py:826} INFO - Processing file /home/vscode/.local/lib/python3.10/site-packages/airflow/example_dags/example_skip_dag.py for tasks to queue
[2025-04-04T14:29:56.603+0000] {logging_mixin.py:150} INFO - [2025-04-04T14:29:56.603+0000] {dagbag.py:541} INFO - Filling up the DagBag from /home/vscode/.local/lib/python3.10/site-packages/airflow/example_dags/example_skip_dag.py
[2025-04-04T14:29:56.609+0000] {processor.py:836} INFO - DAG(s) dict_keys(['example_skip_dag']) retrieved from /home/vscode/.local/lib/python3.10/site-packages/airflow/example_dags/example_skip_dag.py
[2025-04-04T14:29:56.622+0000] {logging_mixin.py:150} INFO - [2025-04-04T14:29:56.622+0000] {dag.py:2742} INFO - Sync 1 DAGs
[2025-04-04T14:29:56.636+0000] {logging_mixin.py:150} INFO - [2025-04-04T14:29:56.636+0000] {dag.py:3504} INFO - Setting next_dagrun for example_skip_dag to 2025-04-03T14:29:56.636273+00:00, run_after=2025-04-04T14:29:56.636273+00:00
[2025-04-04T14:29:56.650+0000] {processor.py:179} INFO - Processing /home/vscode/.local/lib/python3.10/site-packages/airflow/example_dags/example_skip_dag.py took 0.051 seconds
[2025-04-04T14:30:43.243+0000] {processor.py:157} INFO - Started process (PID=16384) to work on /home/vscode/.local/lib/python3.10/site-packages/airflow/example_dags/example_skip_dag.py
[2025-04-04T14:30:43.244+0000] {processor.py:826} INFO - Processing file /home/vscode/.local/lib/python3.10/site-packages/airflow/example_dags/example_skip_dag.py for tasks to queue
[2025-04-04T14:30:43.245+0000] {logging_mixin.py:150} INFO - [2025-04-04T14:30:43.245+0000] {dagbag.py:541} INFO - Filling up the DagBag from /home/vscode/.local/lib/python3.10/site-packages/airflow/example_dags/example_skip_dag.py
[2025-04-04T14:30:43.256+0000] {processor.py:836} INFO - DAG(s) dict_keys(['example_skip_dag']) retrieved from /home/vscode/.local/lib/python3.10/site-packages/airflow/example_dags/example_skip_dag.py
[2025-04-04T14:30:43.279+0000] {logging_mixin.py:150} INFO - [2025-04-04T14:30:43.278+0000] {dag.py:2742} INFO - Sync 1 DAGs
[2025-04-04T14:30:43.299+0000] {logging_mixin.py:150} INFO - [2025-04-04T14:30:43.299+0000] {dag.py:3504} INFO - Setting next_dagrun for example_skip_dag to 2025-04-03T14:30:43.299320+00:00, run_after=2025-04-04T14:30:43.299320+00:00
[2025-04-04T14:30:43.322+0000] {processor.py:179} INFO - Processing /home/vscode/.local/lib/python3.10/site-packages/airflow/example_dags/example_skip_dag.py took 0.081 seconds
[2025-04-04T14:46:53.139+0000] {processor.py:157} INFO - Started process (PID=22512) to work on /home/vscode/.local/lib/python3.10/site-packages/airflow/example_dags/example_skip_dag.py
[2025-04-04T14:46:53.140+0000] {processor.py:826} INFO - Processing file /home/vscode/.local/lib/python3.10/site-packages/airflow/example_dags/example_skip_dag.py for tasks to queue
[2025-04-04T14:46:53.141+0000] {logging_mixin.py:150} INFO - [2025-04-04T14:46:53.141+0000] {dagbag.py:541} INFO - Filling up the DagBag from /home/vscode/.local/lib/python3.10/site-packages/airflow/example_dags/example_skip_dag.py
[2025-04-04T14:46:53.151+0000] {processor.py:836} INFO - DAG(s) dict_keys(['example_skip_dag']) retrieved from /home/vscode/.local/lib/python3.10/site-packages/airflow/example_dags/example_skip_dag.py
[2025-04-04T14:46:53.169+0000] {logging_mixin.py:150} INFO - [2025-04-04T14:46:53.169+0000] {dag.py:2742} INFO - Sync 1 DAGs
[2025-04-04T14:46:53.189+0000] {logging_mixin.py:150} INFO - [2025-04-04T14:46:53.189+0000] {dag.py:3504} INFO - Setting next_dagrun for example_skip_dag to 2025-04-03T14:46:53.188827+00:00, run_after=2025-04-04T14:46:53.188827+00:00
[2025-04-04T14:46:53.206+0000] {processor.py:179} INFO - Processing /home/vscode/.local/lib/python3.10/site-packages/airflow/example_dags/example_skip_dag.py took 0.069 seconds
[2025-04-04T14:47:38.410+0000] {processor.py:157} INFO - Started process (PID=22934) to work on /home/vscode/.local/lib/python3.10/site-packages/airflow/example_dags/example_skip_dag.py
[2025-04-04T14:47:38.410+0000] {processor.py:826} INFO - Processing file /home/vscode/.local/lib/python3.10/site-packages/airflow/example_dags/example_skip_dag.py for tasks to queue
[2025-04-04T14:47:38.411+0000] {logging_mixin.py:150} INFO - [2025-04-04T14:47:38.411+0000] {dagbag.py:541} INFO - Filling up the DagBag from /home/vscode/.local/lib/python3.10/site-packages/airflow/example_dags/example_skip_dag.py
[2025-04-04T14:47:38.417+0000] {processor.py:836} INFO - DAG(s) dict_keys(['example_skip_dag']) retrieved from /home/vscode/.local/lib/python3.10/site-packages/airflow/example_dags/example_skip_dag.py
[2025-04-04T14:47:38.430+0000] {logging_mixin.py:150} INFO - [2025-04-04T14:47:38.430+0000] {dag.py:2742} INFO - Sync 1 DAGs
[2025-04-04T14:47:38.444+0000] {logging_mixin.py:150} INFO - [2025-04-04T14:47:38.444+0000] {dag.py:3504} INFO - Setting next_dagrun for example_skip_dag to 2025-04-03T14:47:38.444405+00:00, run_after=2025-04-04T14:47:38.444405+00:00
[2025-04-04T14:47:38.459+0000] {processor.py:179} INFO - Processing /home/vscode/.local/lib/python3.10/site-packages/airflow/example_dags/example_skip_dag.py took 0.052 seconds
[2025-04-04T14:48:23.574+0000] {processor.py:157} INFO - Started process (PID=23323) to work on /home/vscode/.local/lib/python3.10/site-packages/airflow/example_dags/example_skip_dag.py
[2025-04-04T14:48:23.575+0000] {processor.py:826} INFO - Processing file /home/vscode/.local/lib/python3.10/site-packages/airflow/example_dags/example_skip_dag.py for tasks to queue
[2025-04-04T14:48:23.576+0000] {logging_mixin.py:150} INFO - [2025-04-04T14:48:23.576+0000] {dagbag.py:541} INFO - Filling up the DagBag from /home/vscode/.local/lib/python3.10/site-packages/airflow/example_dags/example_skip_dag.py
[2025-04-04T14:48:23.585+0000] {processor.py:836} INFO - DAG(s) dict_keys(['example_skip_dag']) retrieved from /home/vscode/.local/lib/python3.10/site-packages/airflow/example_dags/example_skip_dag.py
[2025-04-04T14:48:23.603+0000] {logging_mixin.py:150} INFO - [2025-04-04T14:48:23.603+0000] {dag.py:2742} INFO - Sync 1 DAGs
[2025-04-04T14:48:23.625+0000] {logging_mixin.py:150} INFO - [2025-04-04T14:48:23.624+0000] {dag.py:3504} INFO - Setting next_dagrun for example_skip_dag to 2025-04-03T14:48:23.624718+00:00, run_after=2025-04-04T14:48:23.624718+00:00
[2025-04-04T14:48:23.653+0000] {processor.py:179} INFO - Processing /home/vscode/.local/lib/python3.10/site-packages/airflow/example_dags/example_skip_dag.py took 0.083 seconds
[2025-04-04T14:49:09.789+0000] {processor.py:157} INFO - Started process (PID=23673) to work on /home/vscode/.local/lib/python3.10/site-packages/airflow/example_dags/example_skip_dag.py
[2025-04-04T14:49:09.790+0000] {processor.py:826} INFO - Processing file /home/vscode/.local/lib/python3.10/site-packages/airflow/example_dags/example_skip_dag.py for tasks to queue
[2025-04-04T14:49:09.791+0000] {logging_mixin.py:150} INFO - [2025-04-04T14:49:09.790+0000] {dagbag.py:541} INFO - Filling up the DagBag from /home/vscode/.local/lib/python3.10/site-packages/airflow/example_dags/example_skip_dag.py
[2025-04-04T14:49:09.797+0000] {processor.py:836} INFO - DAG(s) dict_keys(['example_skip_dag']) retrieved from /home/vscode/.local/lib/python3.10/site-packages/airflow/example_dags/example_skip_dag.py
[2025-04-04T14:49:09.810+0000] {logging_mixin.py:150} INFO - [2025-04-04T14:49:09.810+0000] {dag.py:2742} INFO - Sync 1 DAGs
[2025-04-04T14:49:09.824+0000] {logging_mixin.py:150} INFO - [2025-04-04T14:49:09.824+0000] {dag.py:3504} INFO - Setting next_dagrun for example_skip_dag to 2025-04-03T14:49:09.823964+00:00, run_after=2025-04-04T14:49:09.823964+00:00
[2025-04-04T14:49:09.839+0000] {processor.py:179} INFO - Processing /home/vscode/.local/lib/python3.10/site-packages/airflow/example_dags/example_skip_dag.py took 0.053 seconds
[2025-04-04T14:49:53.574+0000] {processor.py:157} INFO - Started process (PID=23989) to work on /home/vscode/.local/lib/python3.10/site-packages/airflow/example_dags/example_skip_dag.py
[2025-04-04T14:49:53.575+0000] {processor.py:826} INFO - Processing file /home/vscode/.local/lib/python3.10/site-packages/airflow/example_dags/example_skip_dag.py for tasks to queue
[2025-04-04T14:49:53.576+0000] {logging_mixin.py:150} INFO - [2025-04-04T14:49:53.575+0000] {dagbag.py:541} INFO - Filling up the DagBag from /home/vscode/.local/lib/python3.10/site-packages/airflow/example_dags/example_skip_dag.py
[2025-04-04T14:49:53.582+0000] {processor.py:836} INFO - DAG(s) dict_keys(['example_skip_dag']) retrieved from /home/vscode/.local/lib/python3.10/site-packages/airflow/example_dags/example_skip_dag.py
[2025-04-04T14:49:53.595+0000] {logging_mixin.py:150} INFO - [2025-04-04T14:49:53.595+0000] {dag.py:2742} INFO - Sync 1 DAGs
[2025-04-04T14:49:53.609+0000] {logging_mixin.py:150} INFO - [2025-04-04T14:49:53.609+0000] {dag.py:3504} INFO - Setting next_dagrun for example_skip_dag to 2025-04-03T14:49:53.609718+00:00, run_after=2025-04-04T14:49:53.609718+00:00
[2025-04-04T14:49:53.625+0000] {processor.py:179} INFO - Processing /home/vscode/.local/lib/python3.10/site-packages/airflow/example_dags/example_skip_dag.py took 0.054 seconds
[2025-04-04T14:50:39.846+0000] {processor.py:157} INFO - Started process (PID=24353) to work on /home/vscode/.local/lib/python3.10/site-packages/airflow/example_dags/example_skip_dag.py
[2025-04-04T14:50:39.847+0000] {processor.py:826} INFO - Processing file /home/vscode/.local/lib/python3.10/site-packages/airflow/example_dags/example_skip_dag.py for tasks to queue
[2025-04-04T14:50:39.847+0000] {logging_mixin.py:150} INFO - [2025-04-04T14:50:39.847+0000] {dagbag.py:541} INFO - Filling up the DagBag from /home/vscode/.local/lib/python3.10/site-packages/airflow/example_dags/example_skip_dag.py
[2025-04-04T14:50:39.853+0000] {processor.py:836} INFO - DAG(s) dict_keys(['example_skip_dag']) retrieved from /home/vscode/.local/lib/python3.10/site-packages/airflow/example_dags/example_skip_dag.py
[2025-04-04T14:50:39.866+0000] {logging_mixin.py:150} INFO - [2025-04-04T14:50:39.866+0000] {dag.py:2742} INFO - Sync 1 DAGs
[2025-04-04T14:50:39.880+0000] {logging_mixin.py:150} INFO - [2025-04-04T14:50:39.880+0000] {dag.py:3504} INFO - Setting next_dagrun for example_skip_dag to 2025-04-03T14:50:39.880693+00:00, run_after=2025-04-04T14:50:39.880693+00:00
[2025-04-04T14:50:39.896+0000] {processor.py:179} INFO - Processing /home/vscode/.local/lib/python3.10/site-packages/airflow/example_dags/example_skip_dag.py took 0.053 seconds
[2025-04-04T14:51:22.259+0000] {processor.py:157} INFO - Started process (PID=24669) to work on /home/vscode/.local/lib/python3.10/site-packages/airflow/example_dags/example_skip_dag.py
[2025-04-04T14:51:22.260+0000] {processor.py:826} INFO - Processing file /home/vscode/.local/lib/python3.10/site-packages/airflow/example_dags/example_skip_dag.py for tasks to queue
[2025-04-04T14:51:22.260+0000] {logging_mixin.py:150} INFO - [2025-04-04T14:51:22.260+0000] {dagbag.py:541} INFO - Filling up the DagBag from /home/vscode/.local/lib/python3.10/site-packages/airflow/example_dags/example_skip_dag.py
[2025-04-04T14:51:22.267+0000] {processor.py:836} INFO - DAG(s) dict_keys(['example_skip_dag']) retrieved from /home/vscode/.local/lib/python3.10/site-packages/airflow/example_dags/example_skip_dag.py
[2025-04-04T14:51:22.280+0000] {logging_mixin.py:150} INFO - [2025-04-04T14:51:22.280+0000] {dag.py:2742} INFO - Sync 1 DAGs
[2025-04-04T14:51:22.294+0000] {logging_mixin.py:150} INFO - [2025-04-04T14:51:22.294+0000] {dag.py:3504} INFO - Setting next_dagrun for example_skip_dag to 2025-04-03T14:51:22.293898+00:00, run_after=2025-04-04T14:51:22.293898+00:00
[2025-04-04T14:51:22.308+0000] {processor.py:179} INFO - Processing /home/vscode/.local/lib/python3.10/site-packages/airflow/example_dags/example_skip_dag.py took 0.052 seconds
[2025-04-04T14:52:06.868+0000] {processor.py:157} INFO - Started process (PID=24958) to work on /home/vscode/.local/lib/python3.10/site-packages/airflow/example_dags/example_skip_dag.py
[2025-04-04T14:52:06.869+0000] {processor.py:826} INFO - Processing file /home/vscode/.local/lib/python3.10/site-packages/airflow/example_dags/example_skip_dag.py for tasks to queue
[2025-04-04T14:52:06.870+0000] {logging_mixin.py:150} INFO - [2025-04-04T14:52:06.869+0000] {dagbag.py:541} INFO - Filling up the DagBag from /home/vscode/.local/lib/python3.10/site-packages/airflow/example_dags/example_skip_dag.py
[2025-04-04T14:52:06.876+0000] {processor.py:836} INFO - DAG(s) dict_keys(['example_skip_dag']) retrieved from /home/vscode/.local/lib/python3.10/site-packages/airflow/example_dags/example_skip_dag.py
[2025-04-04T14:52:06.888+0000] {logging_mixin.py:150} INFO - [2025-04-04T14:52:06.888+0000] {dag.py:2742} INFO - Sync 1 DAGs
[2025-04-04T14:52:06.903+0000] {logging_mixin.py:150} INFO - [2025-04-04T14:52:06.903+0000] {dag.py:3504} INFO - Setting next_dagrun for example_skip_dag to 2025-04-03T14:52:06.902933+00:00, run_after=2025-04-04T14:52:06.902933+00:00
[2025-04-04T14:52:06.917+0000] {processor.py:179} INFO - Processing /home/vscode/.local/lib/python3.10/site-packages/airflow/example_dags/example_skip_dag.py took 0.051 seconds
[2025-04-04T14:52:46.860+0000] {processor.py:157} INFO - Started process (PID=25234) to work on /home/vscode/.local/lib/python3.10/site-packages/airflow/example_dags/example_skip_dag.py
[2025-04-04T14:52:46.860+0000] {processor.py:826} INFO - Processing file /home/vscode/.local/lib/python3.10/site-packages/airflow/example_dags/example_skip_dag.py for tasks to queue
[2025-04-04T14:52:46.861+0000] {logging_mixin.py:150} INFO - [2025-04-04T14:52:46.861+0000] {dagbag.py:541} INFO - Filling up the DagBag from /home/vscode/.local/lib/python3.10/site-packages/airflow/example_dags/example_skip_dag.py
[2025-04-04T14:52:46.867+0000] {processor.py:836} INFO - DAG(s) dict_keys(['example_skip_dag']) retrieved from /home/vscode/.local/lib/python3.10/site-packages/airflow/example_dags/example_skip_dag.py
[2025-04-04T14:52:46.880+0000] {logging_mixin.py:150} INFO - [2025-04-04T14:52:46.880+0000] {dag.py:2742} INFO - Sync 1 DAGs
[2025-04-04T14:52:46.894+0000] {logging_mixin.py:150} INFO - [2025-04-04T14:52:46.894+0000] {dag.py:3504} INFO - Setting next_dagrun for example_skip_dag to 2025-04-03T14:52:46.894191+00:00, run_after=2025-04-04T14:52:46.894191+00:00
[2025-04-04T14:52:46.909+0000] {processor.py:179} INFO - Processing /home/vscode/.local/lib/python3.10/site-packages/airflow/example_dags/example_skip_dag.py took 0.051 seconds
[2025-04-04T14:53:29.659+0000] {processor.py:157} INFO - Started process (PID=25518) to work on /home/vscode/.local/lib/python3.10/site-packages/airflow/example_dags/example_skip_dag.py
[2025-04-04T14:53:29.660+0000] {processor.py:826} INFO - Processing file /home/vscode/.local/lib/python3.10/site-packages/airflow/example_dags/example_skip_dag.py for tasks to queue
[2025-04-04T14:53:29.661+0000] {logging_mixin.py:150} INFO - [2025-04-04T14:53:29.660+0000] {dagbag.py:541} INFO - Filling up the DagBag from /home/vscode/.local/lib/python3.10/site-packages/airflow/example_dags/example_skip_dag.py
[2025-04-04T14:53:29.667+0000] {processor.py:836} INFO - DAG(s) dict_keys(['example_skip_dag']) retrieved from /home/vscode/.local/lib/python3.10/site-packages/airflow/example_dags/example_skip_dag.py
[2025-04-04T14:53:29.680+0000] {logging_mixin.py:150} INFO - [2025-04-04T14:53:29.680+0000] {dag.py:2742} INFO - Sync 1 DAGs
[2025-04-04T14:53:29.694+0000] {logging_mixin.py:150} INFO - [2025-04-04T14:53:29.694+0000] {dag.py:3504} INFO - Setting next_dagrun for example_skip_dag to 2025-04-03T14:53:29.694231+00:00, run_after=2025-04-04T14:53:29.694231+00:00
[2025-04-04T14:53:29.709+0000] {processor.py:179} INFO - Processing /home/vscode/.local/lib/python3.10/site-packages/airflow/example_dags/example_skip_dag.py took 0.053 seconds
[2025-04-04T14:54:13.040+0000] {processor.py:157} INFO - Started process (PID=25811) to work on /home/vscode/.local/lib/python3.10/site-packages/airflow/example_dags/example_skip_dag.py
[2025-04-04T14:54:13.040+0000] {processor.py:826} INFO - Processing file /home/vscode/.local/lib/python3.10/site-packages/airflow/example_dags/example_skip_dag.py for tasks to queue
[2025-04-04T14:54:13.041+0000] {logging_mixin.py:150} INFO - [2025-04-04T14:54:13.041+0000] {dagbag.py:541} INFO - Filling up the DagBag from /home/vscode/.local/lib/python3.10/site-packages/airflow/example_dags/example_skip_dag.py
[2025-04-04T14:54:13.048+0000] {processor.py:836} INFO - DAG(s) dict_keys(['example_skip_dag']) retrieved from /home/vscode/.local/lib/python3.10/site-packages/airflow/example_dags/example_skip_dag.py
[2025-04-04T14:54:13.060+0000] {logging_mixin.py:150} INFO - [2025-04-04T14:54:13.060+0000] {dag.py:2742} INFO - Sync 1 DAGs
[2025-04-04T14:54:13.075+0000] {logging_mixin.py:150} INFO - [2025-04-04T14:54:13.075+0000] {dag.py:3504} INFO - Setting next_dagrun for example_skip_dag to 2025-04-03T14:54:13.075049+00:00, run_after=2025-04-04T14:54:13.075049+00:00
[2025-04-04T14:54:13.089+0000] {processor.py:179} INFO - Processing /home/vscode/.local/lib/python3.10/site-packages/airflow/example_dags/example_skip_dag.py took 0.052 seconds
