[2025-04-04T14:27:03.987+0000] {processor.py:157} INFO - Started process (PID=14595) to work on /home/vscode/.local/lib/python3.10/site-packages/airflow/example_dags/example_branch_python_dop_operator_3.py
[2025-04-04T14:27:03.987+0000] {processor.py:826} INFO - Processing file /home/vscode/.local/lib/python3.10/site-packages/airflow/example_dags/example_branch_python_dop_operator_3.py for tasks to queue
[2025-04-04T14:27:03.989+0000] {logging_mixin.py:150} INFO - [2025-04-04T14:27:03.988+0000] {dagbag.py:541} INFO - Filling up the DagBag from /home/vscode/.local/lib/python3.10/site-packages/airflow/example_dags/example_branch_python_dop_operator_3.py
[2025-04-04T14:27:03.999+0000] {processor.py:836} INFO - DAG(s) dict_keys(['example_branch_dop_operator_v3']) retrieved from /home/vscode/.local/lib/python3.10/site-packages/airflow/example_dags/example_branch_python_dop_operator_3.py
[2025-04-04T14:27:04.078+0000] {logging_mixin.py:150} INFO - [2025-04-04T14:27:04.078+0000] {manager.py:504} INFO - Created Permission View: can delete on DAG:example_branch_dop_operator_v3
[2025-04-04T14:27:04.087+0000] {logging_mixin.py:150} INFO - [2025-04-04T14:27:04.087+0000] {manager.py:504} INFO - Created Permission View: can read on DAG:example_branch_dop_operator_v3
[2025-04-04T14:27:04.093+0000] {logging_mixin.py:150} INFO - [2025-04-04T14:27:04.093+0000] {manager.py:504} INFO - Created Permission View: can edit on DAG:example_branch_dop_operator_v3
[2025-04-04T14:27:04.100+0000] {logging_mixin.py:150} INFO - [2025-04-04T14:27:04.100+0000] {dag.py:2742} INFO - Sync 1 DAGs
[2025-04-04T14:27:04.107+0000] {logging_mixin.py:150} INFO - [2025-04-04T14:27:04.107+0000] {dag.py:2763} INFO - Creating ORM DAG for example_branch_dop_operator_v3
[2025-04-04T14:27:04.116+0000] {logging_mixin.py:150} INFO - [2025-04-04T14:27:04.116+0000] {dag.py:3504} INFO - Setting next_dagrun for example_branch_dop_operator_v3 to 2025-04-04T14:26:00+00:00, run_after=2025-04-04T14:27:00+00:00
[2025-04-04T14:27:04.131+0000] {processor.py:179} INFO - Processing /home/vscode/.local/lib/python3.10/site-packages/airflow/example_dags/example_branch_python_dop_operator_3.py took 0.148 seconds
[2025-04-04T14:27:49.262+0000] {processor.py:157} INFO - Started process (PID=14910) to work on /home/vscode/.local/lib/python3.10/site-packages/airflow/example_dags/example_branch_python_dop_operator_3.py
[2025-04-04T14:27:49.263+0000] {processor.py:826} INFO - Processing file /home/vscode/.local/lib/python3.10/site-packages/airflow/example_dags/example_branch_python_dop_operator_3.py for tasks to queue
[2025-04-04T14:27:49.264+0000] {logging_mixin.py:150} INFO - [2025-04-04T14:27:49.263+0000] {dagbag.py:541} INFO - Filling up the DagBag from /home/vscode/.local/lib/python3.10/site-packages/airflow/example_dags/example_branch_python_dop_operator_3.py
[2025-04-04T14:27:49.270+0000] {processor.py:836} INFO - DAG(s) dict_keys(['example_branch_dop_operator_v3']) retrieved from /home/vscode/.local/lib/python3.10/site-packages/airflow/example_dags/example_branch_python_dop_operator_3.py
[2025-04-04T14:27:49.284+0000] {logging_mixin.py:150} INFO - [2025-04-04T14:27:49.284+0000] {dag.py:2742} INFO - Sync 1 DAGs
[2025-04-04T14:27:49.301+0000] {logging_mixin.py:150} INFO - [2025-04-04T14:27:49.301+0000] {dag.py:3504} INFO - Setting next_dagrun for example_branch_dop_operator_v3 to 2025-04-04T14:26:00+00:00, run_after=2025-04-04T14:27:00+00:00
[2025-04-04T14:27:49.317+0000] {processor.py:179} INFO - Processing /home/vscode/.local/lib/python3.10/site-packages/airflow/example_dags/example_branch_python_dop_operator_3.py took 0.057 seconds
[2025-04-04T14:28:34.344+0000] {processor.py:157} INFO - Started process (PID=15284) to work on /home/vscode/.local/lib/python3.10/site-packages/airflow/example_dags/example_branch_python_dop_operator_3.py
[2025-04-04T14:28:34.345+0000] {processor.py:826} INFO - Processing file /home/vscode/.local/lib/python3.10/site-packages/airflow/example_dags/example_branch_python_dop_operator_3.py for tasks to queue
[2025-04-04T14:28:34.345+0000] {logging_mixin.py:150} INFO - [2025-04-04T14:28:34.345+0000] {dagbag.py:541} INFO - Filling up the DagBag from /home/vscode/.local/lib/python3.10/site-packages/airflow/example_dags/example_branch_python_dop_operator_3.py
[2025-04-04T14:28:34.352+0000] {processor.py:836} INFO - DAG(s) dict_keys(['example_branch_dop_operator_v3']) retrieved from /home/vscode/.local/lib/python3.10/site-packages/airflow/example_dags/example_branch_python_dop_operator_3.py
[2025-04-04T14:28:34.366+0000] {logging_mixin.py:150} INFO - [2025-04-04T14:28:34.366+0000] {dag.py:2742} INFO - Sync 1 DAGs
[2025-04-04T14:28:34.394+0000] {logging_mixin.py:150} INFO - [2025-04-04T14:28:34.393+0000] {dag.py:3504} INFO - Setting next_dagrun for example_branch_dop_operator_v3 to 2025-04-04T14:27:00+00:00, run_after=2025-04-04T14:28:00+00:00
[2025-04-04T14:28:34.409+0000] {processor.py:179} INFO - Processing /home/vscode/.local/lib/python3.10/site-packages/airflow/example_dags/example_branch_python_dop_operator_3.py took 0.067 seconds
[2025-04-04T14:29:19.390+0000] {processor.py:157} INFO - Started process (PID=15605) to work on /home/vscode/.local/lib/python3.10/site-packages/airflow/example_dags/example_branch_python_dop_operator_3.py
[2025-04-04T14:29:19.391+0000] {processor.py:826} INFO - Processing file /home/vscode/.local/lib/python3.10/site-packages/airflow/example_dags/example_branch_python_dop_operator_3.py for tasks to queue
[2025-04-04T14:29:19.392+0000] {logging_mixin.py:150} INFO - [2025-04-04T14:29:19.391+0000] {dagbag.py:541} INFO - Filling up the DagBag from /home/vscode/.local/lib/python3.10/site-packages/airflow/example_dags/example_branch_python_dop_operator_3.py
[2025-04-04T14:29:19.398+0000] {processor.py:836} INFO - DAG(s) dict_keys(['example_branch_dop_operator_v3']) retrieved from /home/vscode/.local/lib/python3.10/site-packages/airflow/example_dags/example_branch_python_dop_operator_3.py
[2025-04-04T14:29:19.412+0000] {logging_mixin.py:150} INFO - [2025-04-04T14:29:19.412+0000] {dag.py:2742} INFO - Sync 1 DAGs
[2025-04-04T14:29:19.430+0000] {logging_mixin.py:150} INFO - [2025-04-04T14:29:19.430+0000] {dag.py:3504} INFO - Setting next_dagrun for example_branch_dop_operator_v3 to 2025-04-04T14:28:00+00:00, run_after=2025-04-04T14:29:00+00:00
[2025-04-04T14:29:19.445+0000] {processor.py:179} INFO - Processing /home/vscode/.local/lib/python3.10/site-packages/airflow/example_dags/example_branch_python_dop_operator_3.py took 0.058 seconds
[2025-04-04T14:30:06.744+0000] {processor.py:157} INFO - Started process (PID=15972) to work on /home/vscode/.local/lib/python3.10/site-packages/airflow/example_dags/example_branch_python_dop_operator_3.py
[2025-04-04T14:30:06.745+0000] {processor.py:826} INFO - Processing file /home/vscode/.local/lib/python3.10/site-packages/airflow/example_dags/example_branch_python_dop_operator_3.py for tasks to queue
[2025-04-04T14:30:06.746+0000] {logging_mixin.py:150} INFO - [2025-04-04T14:30:06.745+0000] {dagbag.py:541} INFO - Filling up the DagBag from /home/vscode/.local/lib/python3.10/site-packages/airflow/example_dags/example_branch_python_dop_operator_3.py
[2025-04-04T14:30:06.752+0000] {processor.py:836} INFO - DAG(s) dict_keys(['example_branch_dop_operator_v3']) retrieved from /home/vscode/.local/lib/python3.10/site-packages/airflow/example_dags/example_branch_python_dop_operator_3.py
[2025-04-04T14:30:06.765+0000] {logging_mixin.py:150} INFO - [2025-04-04T14:30:06.765+0000] {dag.py:2742} INFO - Sync 1 DAGs
[2025-04-04T14:30:06.785+0000] {logging_mixin.py:150} INFO - [2025-04-04T14:30:06.785+0000] {dag.py:3504} INFO - Setting next_dagrun for example_branch_dop_operator_v3 to 2025-04-04T14:29:00+00:00, run_after=2025-04-04T14:30:00+00:00
[2025-04-04T14:30:06.800+0000] {processor.py:179} INFO - Processing /home/vscode/.local/lib/python3.10/site-packages/airflow/example_dags/example_branch_python_dop_operator_3.py took 0.058 seconds
[2025-04-04T14:47:02.285+0000] {processor.py:157} INFO - Started process (PID=22571) to work on /home/vscode/.local/lib/python3.10/site-packages/airflow/example_dags/example_branch_python_dop_operator_3.py
[2025-04-04T14:47:02.286+0000] {processor.py:826} INFO - Processing file /home/vscode/.local/lib/python3.10/site-packages/airflow/example_dags/example_branch_python_dop_operator_3.py for tasks to queue
[2025-04-04T14:47:02.287+0000] {logging_mixin.py:150} INFO - [2025-04-04T14:47:02.286+0000] {dagbag.py:541} INFO - Filling up the DagBag from /home/vscode/.local/lib/python3.10/site-packages/airflow/example_dags/example_branch_python_dop_operator_3.py
[2025-04-04T14:47:02.293+0000] {processor.py:836} INFO - DAG(s) dict_keys(['example_branch_dop_operator_v3']) retrieved from /home/vscode/.local/lib/python3.10/site-packages/airflow/example_dags/example_branch_python_dop_operator_3.py
[2025-04-04T14:47:02.308+0000] {logging_mixin.py:150} INFO - [2025-04-04T14:47:02.308+0000] {dag.py:2742} INFO - Sync 1 DAGs
[2025-04-04T14:47:02.326+0000] {logging_mixin.py:150} INFO - [2025-04-04T14:47:02.326+0000] {dag.py:3504} INFO - Setting next_dagrun for example_branch_dop_operator_v3 to 2025-04-04T14:46:00+00:00, run_after=2025-04-04T14:47:00+00:00
[2025-04-04T14:47:02.341+0000] {processor.py:179} INFO - Processing /home/vscode/.local/lib/python3.10/site-packages/airflow/example_dags/example_branch_python_dop_operator_3.py took 0.059 seconds
[2025-04-04T14:47:48.702+0000] {processor.py:157} INFO - Started process (PID=23018) to work on /home/vscode/.local/lib/python3.10/site-packages/airflow/example_dags/example_branch_python_dop_operator_3.py
[2025-04-04T14:47:48.702+0000] {processor.py:826} INFO - Processing file /home/vscode/.local/lib/python3.10/site-packages/airflow/example_dags/example_branch_python_dop_operator_3.py for tasks to queue
[2025-04-04T14:47:48.703+0000] {logging_mixin.py:150} INFO - [2025-04-04T14:47:48.703+0000] {dagbag.py:541} INFO - Filling up the DagBag from /home/vscode/.local/lib/python3.10/site-packages/airflow/example_dags/example_branch_python_dop_operator_3.py
[2025-04-04T14:47:48.710+0000] {processor.py:836} INFO - DAG(s) dict_keys(['example_branch_dop_operator_v3']) retrieved from /home/vscode/.local/lib/python3.10/site-packages/airflow/example_dags/example_branch_python_dop_operator_3.py
[2025-04-04T14:47:48.723+0000] {logging_mixin.py:150} INFO - [2025-04-04T14:47:48.723+0000] {dag.py:2742} INFO - Sync 1 DAGs
[2025-04-04T14:47:48.741+0000] {logging_mixin.py:150} INFO - [2025-04-04T14:47:48.741+0000] {dag.py:3504} INFO - Setting next_dagrun for example_branch_dop_operator_v3 to 2025-04-04T14:46:00+00:00, run_after=2025-04-04T14:47:00+00:00
[2025-04-04T14:47:48.757+0000] {processor.py:179} INFO - Processing /home/vscode/.local/lib/python3.10/site-packages/airflow/example_dags/example_branch_python_dop_operator_3.py took 0.057 seconds
[2025-04-04T14:48:33.854+0000] {processor.py:157} INFO - Started process (PID=23399) to work on /home/vscode/.local/lib/python3.10/site-packages/airflow/example_dags/example_branch_python_dop_operator_3.py
[2025-04-04T14:48:33.855+0000] {processor.py:826} INFO - Processing file /home/vscode/.local/lib/python3.10/site-packages/airflow/example_dags/example_branch_python_dop_operator_3.py for tasks to queue
[2025-04-04T14:48:33.856+0000] {logging_mixin.py:150} INFO - [2025-04-04T14:48:33.856+0000] {dagbag.py:541} INFO - Filling up the DagBag from /home/vscode/.local/lib/python3.10/site-packages/airflow/example_dags/example_branch_python_dop_operator_3.py
[2025-04-04T14:48:33.863+0000] {processor.py:836} INFO - DAG(s) dict_keys(['example_branch_dop_operator_v3']) retrieved from /home/vscode/.local/lib/python3.10/site-packages/airflow/example_dags/example_branch_python_dop_operator_3.py
[2025-04-04T14:48:33.876+0000] {logging_mixin.py:150} INFO - [2025-04-04T14:48:33.876+0000] {dag.py:2742} INFO - Sync 1 DAGs
[2025-04-04T14:48:33.893+0000] {logging_mixin.py:150} INFO - [2025-04-04T14:48:33.893+0000] {dag.py:3504} INFO - Setting next_dagrun for example_branch_dop_operator_v3 to 2025-04-04T14:47:00+00:00, run_after=2025-04-04T14:48:00+00:00
[2025-04-04T14:48:33.908+0000] {processor.py:179} INFO - Processing /home/vscode/.local/lib/python3.10/site-packages/airflow/example_dags/example_branch_python_dop_operator_3.py took 0.057 seconds
[2025-04-04T14:49:19.936+0000] {processor.py:157} INFO - Started process (PID=23749) to work on /home/vscode/.local/lib/python3.10/site-packages/airflow/example_dags/example_branch_python_dop_operator_3.py
[2025-04-04T14:49:19.936+0000] {processor.py:826} INFO - Processing file /home/vscode/.local/lib/python3.10/site-packages/airflow/example_dags/example_branch_python_dop_operator_3.py for tasks to queue
[2025-04-04T14:49:19.937+0000] {logging_mixin.py:150} INFO - [2025-04-04T14:49:19.937+0000] {dagbag.py:541} INFO - Filling up the DagBag from /home/vscode/.local/lib/python3.10/site-packages/airflow/example_dags/example_branch_python_dop_operator_3.py
[2025-04-04T14:49:19.944+0000] {processor.py:836} INFO - DAG(s) dict_keys(['example_branch_dop_operator_v3']) retrieved from /home/vscode/.local/lib/python3.10/site-packages/airflow/example_dags/example_branch_python_dop_operator_3.py
[2025-04-04T14:49:19.957+0000] {logging_mixin.py:150} INFO - [2025-04-04T14:49:19.957+0000] {dag.py:2742} INFO - Sync 1 DAGs
[2025-04-04T14:49:19.975+0000] {logging_mixin.py:150} INFO - [2025-04-04T14:49:19.974+0000] {dag.py:3504} INFO - Setting next_dagrun for example_branch_dop_operator_v3 to 2025-04-04T14:48:00+00:00, run_after=2025-04-04T14:49:00+00:00
[2025-04-04T14:49:19.991+0000] {processor.py:179} INFO - Processing /home/vscode/.local/lib/python3.10/site-packages/airflow/example_dags/example_branch_python_dop_operator_3.py took 0.057 seconds
[2025-04-04T14:50:03.416+0000] {processor.py:157} INFO - Started process (PID=24061) to work on /home/vscode/.local/lib/python3.10/site-packages/airflow/example_dags/example_branch_python_dop_operator_3.py
[2025-04-04T14:50:03.416+0000] {processor.py:826} INFO - Processing file /home/vscode/.local/lib/python3.10/site-packages/airflow/example_dags/example_branch_python_dop_operator_3.py for tasks to queue
[2025-04-04T14:50:03.417+0000] {logging_mixin.py:150} INFO - [2025-04-04T14:50:03.417+0000] {dagbag.py:541} INFO - Filling up the DagBag from /home/vscode/.local/lib/python3.10/site-packages/airflow/example_dags/example_branch_python_dop_operator_3.py
[2025-04-04T14:50:03.424+0000] {processor.py:836} INFO - DAG(s) dict_keys(['example_branch_dop_operator_v3']) retrieved from /home/vscode/.local/lib/python3.10/site-packages/airflow/example_dags/example_branch_python_dop_operator_3.py
[2025-04-04T14:50:03.437+0000] {logging_mixin.py:150} INFO - [2025-04-04T14:50:03.437+0000] {dag.py:2742} INFO - Sync 1 DAGs
[2025-04-04T14:50:03.458+0000] {logging_mixin.py:150} INFO - [2025-04-04T14:50:03.458+0000] {dag.py:3504} INFO - Setting next_dagrun for example_branch_dop_operator_v3 to 2025-04-04T14:49:00+00:00, run_after=2025-04-04T14:50:00+00:00
[2025-04-04T14:50:03.473+0000] {processor.py:179} INFO - Processing /home/vscode/.local/lib/python3.10/site-packages/airflow/example_dags/example_branch_python_dop_operator_3.py took 0.060 seconds
[2025-04-04T14:50:48.844+0000] {processor.py:157} INFO - Started process (PID=24422) to work on /home/vscode/.local/lib/python3.10/site-packages/airflow/example_dags/example_branch_python_dop_operator_3.py
[2025-04-04T14:50:48.844+0000] {processor.py:826} INFO - Processing file /home/vscode/.local/lib/python3.10/site-packages/airflow/example_dags/example_branch_python_dop_operator_3.py for tasks to queue
[2025-04-04T14:50:48.845+0000] {logging_mixin.py:150} INFO - [2025-04-04T14:50:48.845+0000] {dagbag.py:541} INFO - Filling up the DagBag from /home/vscode/.local/lib/python3.10/site-packages/airflow/example_dags/example_branch_python_dop_operator_3.py
[2025-04-04T14:50:48.851+0000] {processor.py:836} INFO - DAG(s) dict_keys(['example_branch_dop_operator_v3']) retrieved from /home/vscode/.local/lib/python3.10/site-packages/airflow/example_dags/example_branch_python_dop_operator_3.py
[2025-04-04T14:50:48.867+0000] {logging_mixin.py:150} INFO - [2025-04-04T14:50:48.867+0000] {dag.py:2742} INFO - Sync 1 DAGs
[2025-04-04T14:50:48.886+0000] {logging_mixin.py:150} INFO - [2025-04-04T14:50:48.886+0000] {dag.py:3504} INFO - Setting next_dagrun for example_branch_dop_operator_v3 to 2025-04-04T14:49:00+00:00, run_after=2025-04-04T14:50:00+00:00
[2025-04-04T14:50:48.900+0000] {processor.py:179} INFO - Processing /home/vscode/.local/lib/python3.10/site-packages/airflow/example_dags/example_branch_python_dop_operator_3.py took 0.059 seconds
[2025-04-04T14:51:32.534+0000] {processor.py:157} INFO - Started process (PID=24738) to work on /home/vscode/.local/lib/python3.10/site-packages/airflow/example_dags/example_branch_python_dop_operator_3.py
[2025-04-04T14:51:32.535+0000] {processor.py:826} INFO - Processing file /home/vscode/.local/lib/python3.10/site-packages/airflow/example_dags/example_branch_python_dop_operator_3.py for tasks to queue
[2025-04-04T14:51:32.535+0000] {logging_mixin.py:150} INFO - [2025-04-04T14:51:32.535+0000] {dagbag.py:541} INFO - Filling up the DagBag from /home/vscode/.local/lib/python3.10/site-packages/airflow/example_dags/example_branch_python_dop_operator_3.py
[2025-04-04T14:51:32.542+0000] {processor.py:836} INFO - DAG(s) dict_keys(['example_branch_dop_operator_v3']) retrieved from /home/vscode/.local/lib/python3.10/site-packages/airflow/example_dags/example_branch_python_dop_operator_3.py
[2025-04-04T14:51:32.555+0000] {logging_mixin.py:150} INFO - [2025-04-04T14:51:32.555+0000] {dag.py:2742} INFO - Sync 1 DAGs
[2025-04-04T14:51:32.572+0000] {logging_mixin.py:150} INFO - [2025-04-04T14:51:32.572+0000] {dag.py:3504} INFO - Setting next_dagrun for example_branch_dop_operator_v3 to 2025-04-04T14:50:00+00:00, run_after=2025-04-04T14:51:00+00:00
[2025-04-04T14:51:32.587+0000] {processor.py:179} INFO - Processing /home/vscode/.local/lib/python3.10/site-packages/airflow/example_dags/example_branch_python_dop_operator_3.py took 0.055 seconds
[2025-04-04T14:52:16.014+0000] {processor.py:157} INFO - Started process (PID=25025) to work on /home/vscode/.local/lib/python3.10/site-packages/airflow/example_dags/example_branch_python_dop_operator_3.py
[2025-04-04T14:52:16.015+0000] {processor.py:826} INFO - Processing file /home/vscode/.local/lib/python3.10/site-packages/airflow/example_dags/example_branch_python_dop_operator_3.py for tasks to queue
[2025-04-04T14:52:16.016+0000] {logging_mixin.py:150} INFO - [2025-04-04T14:52:16.015+0000] {dagbag.py:541} INFO - Filling up the DagBag from /home/vscode/.local/lib/python3.10/site-packages/airflow/example_dags/example_branch_python_dop_operator_3.py
[2025-04-04T14:52:16.022+0000] {processor.py:836} INFO - DAG(s) dict_keys(['example_branch_dop_operator_v3']) retrieved from /home/vscode/.local/lib/python3.10/site-packages/airflow/example_dags/example_branch_python_dop_operator_3.py
[2025-04-04T14:52:16.035+0000] {logging_mixin.py:150} INFO - [2025-04-04T14:52:16.035+0000] {dag.py:2742} INFO - Sync 1 DAGs
[2025-04-04T14:52:16.053+0000] {logging_mixin.py:150} INFO - [2025-04-04T14:52:16.053+0000] {dag.py:3504} INFO - Setting next_dagrun for example_branch_dop_operator_v3 to 2025-04-04T14:51:00+00:00, run_after=2025-04-04T14:52:00+00:00
[2025-04-04T14:52:16.071+0000] {processor.py:179} INFO - Processing /home/vscode/.local/lib/python3.10/site-packages/airflow/example_dags/example_branch_python_dop_operator_3.py took 0.059 seconds
[2025-04-04T14:53:01.115+0000] {processor.py:157} INFO - Started process (PID=25328) to work on /home/vscode/.local/lib/python3.10/site-packages/airflow/example_dags/example_branch_python_dop_operator_3.py
[2025-04-04T14:53:01.116+0000] {processor.py:826} INFO - Processing file /home/vscode/.local/lib/python3.10/site-packages/airflow/example_dags/example_branch_python_dop_operator_3.py for tasks to queue
[2025-04-04T14:53:01.116+0000] {logging_mixin.py:150} INFO - [2025-04-04T14:53:01.116+0000] {dagbag.py:541} INFO - Filling up the DagBag from /home/vscode/.local/lib/python3.10/site-packages/airflow/example_dags/example_branch_python_dop_operator_3.py
[2025-04-04T14:53:01.123+0000] {processor.py:836} INFO - DAG(s) dict_keys(['example_branch_dop_operator_v3']) retrieved from /home/vscode/.local/lib/python3.10/site-packages/airflow/example_dags/example_branch_python_dop_operator_3.py
[2025-04-04T14:53:01.141+0000] {logging_mixin.py:150} INFO - [2025-04-04T14:53:01.141+0000] {dag.py:2742} INFO - Sync 1 DAGs
[2025-04-04T14:53:01.169+0000] {logging_mixin.py:150} INFO - [2025-04-04T14:53:01.169+0000] {dag.py:3504} INFO - Setting next_dagrun for example_branch_dop_operator_v3 to 2025-04-04T14:52:00+00:00, run_after=2025-04-04T14:53:00+00:00
[2025-04-04T14:53:01.189+0000] {processor.py:179} INFO - Processing /home/vscode/.local/lib/python3.10/site-packages/airflow/example_dags/example_branch_python_dop_operator_3.py took 0.077 seconds
[2025-04-04T14:53:48.486+0000] {processor.py:157} INFO - Started process (PID=25639) to work on /home/vscode/.local/lib/python3.10/site-packages/airflow/example_dags/example_branch_python_dop_operator_3.py
[2025-04-04T14:53:48.487+0000] {processor.py:826} INFO - Processing file /home/vscode/.local/lib/python3.10/site-packages/airflow/example_dags/example_branch_python_dop_operator_3.py for tasks to queue
[2025-04-04T14:53:48.488+0000] {logging_mixin.py:150} INFO - [2025-04-04T14:53:48.487+0000] {dagbag.py:541} INFO - Filling up the DagBag from /home/vscode/.local/lib/python3.10/site-packages/airflow/example_dags/example_branch_python_dop_operator_3.py
[2025-04-04T14:53:48.494+0000] {processor.py:836} INFO - DAG(s) dict_keys(['example_branch_dop_operator_v3']) retrieved from /home/vscode/.local/lib/python3.10/site-packages/airflow/example_dags/example_branch_python_dop_operator_3.py
[2025-04-04T14:53:48.508+0000] {logging_mixin.py:150} INFO - [2025-04-04T14:53:48.508+0000] {dag.py:2742} INFO - Sync 1 DAGs
[2025-04-04T14:53:48.525+0000] {logging_mixin.py:150} INFO - [2025-04-04T14:53:48.525+0000] {dag.py:3504} INFO - Setting next_dagrun for example_branch_dop_operator_v3 to 2025-04-04T14:52:00+00:00, run_after=2025-04-04T14:53:00+00:00
[2025-04-04T14:53:48.539+0000] {processor.py:179} INFO - Processing /home/vscode/.local/lib/python3.10/site-packages/airflow/example_dags/example_branch_python_dop_operator_3.py took 0.056 seconds
[2025-04-04T14:54:32.461+0000] {processor.py:157} INFO - Started process (PID=26001) to work on /home/vscode/.local/lib/python3.10/site-packages/airflow/example_dags/example_branch_python_dop_operator_3.py
[2025-04-04T14:54:32.461+0000] {processor.py:826} INFO - Processing file /home/vscode/.local/lib/python3.10/site-packages/airflow/example_dags/example_branch_python_dop_operator_3.py for tasks to queue
[2025-04-04T14:54:32.462+0000] {logging_mixin.py:150} INFO - [2025-04-04T14:54:32.462+0000] {dagbag.py:541} INFO - Filling up the DagBag from /home/vscode/.local/lib/python3.10/site-packages/airflow/example_dags/example_branch_python_dop_operator_3.py
[2025-04-04T14:54:32.469+0000] {processor.py:836} INFO - DAG(s) dict_keys(['example_branch_dop_operator_v3']) retrieved from /home/vscode/.local/lib/python3.10/site-packages/airflow/example_dags/example_branch_python_dop_operator_3.py
[2025-04-04T14:54:32.481+0000] {logging_mixin.py:150} INFO - [2025-04-04T14:54:32.481+0000] {dag.py:2742} INFO - Sync 1 DAGs
[2025-04-04T14:54:32.498+0000] {logging_mixin.py:150} INFO - [2025-04-04T14:54:32.498+0000] {dag.py:3504} INFO - Setting next_dagrun for example_branch_dop_operator_v3 to 2025-04-04T14:53:00+00:00, run_after=2025-04-04T14:54:00+00:00
[2025-04-04T14:54:32.514+0000] {processor.py:179} INFO - Processing /home/vscode/.local/lib/python3.10/site-packages/airflow/example_dags/example_branch_python_dop_operator_3.py took 0.056 seconds
