[2025-04-04T14:27:05.219+0000] {processor.py:157} INFO - Started process (PID=14603) to work on /home/vscode/.local/lib/python3.10/site-packages/airflow/example_dags/example_latest_only_with_trigger.py
[2025-04-04T14:27:05.219+0000] {processor.py:826} INFO - Processing file /home/vscode/.local/lib/python3.10/site-packages/airflow/example_dags/example_latest_only_with_trigger.py for tasks to queue
[2025-04-04T14:27:05.220+0000] {logging_mixin.py:150} INFO - [2025-04-04T14:27:05.220+0000] {dagbag.py:541} INFO - Filling up the DagBag from /home/vscode/.local/lib/python3.10/site-packages/airflow/example_dags/example_latest_only_with_trigger.py
[2025-04-04T14:27:05.226+0000] {processor.py:836} INFO - DAG(s) dict_keys(['latest_only_with_trigger']) retrieved from /home/vscode/.local/lib/python3.10/site-packages/airflow/example_dags/example_latest_only_with_trigger.py
[2025-04-04T14:27:05.300+0000] {logging_mixin.py:150} INFO - [2025-04-04T14:27:05.300+0000] {manager.py:504} INFO - Created Permission View: can delete on DAG:latest_only_with_trigger
[2025-04-04T14:27:05.308+0000] {logging_mixin.py:150} INFO - [2025-04-04T14:27:05.307+0000] {manager.py:504} INFO - Created Permission View: can read on DAG:latest_only_with_trigger
[2025-04-04T14:27:05.313+0000] {logging_mixin.py:150} INFO - [2025-04-04T14:27:05.313+0000] {manager.py:504} INFO - Created Permission View: can edit on DAG:latest_only_with_trigger
[2025-04-04T14:27:05.320+0000] {logging_mixin.py:150} INFO - [2025-04-04T14:27:05.320+0000] {dag.py:2742} INFO - Sync 1 DAGs
[2025-04-04T14:27:05.327+0000] {logging_mixin.py:150} INFO - [2025-04-04T14:27:05.327+0000] {dag.py:2763} INFO - Creating ORM DAG for latest_only_with_trigger
[2025-04-04T14:27:05.334+0000] {logging_mixin.py:150} INFO - [2025-04-04T14:27:05.334+0000] {dag.py:3504} INFO - Setting next_dagrun for latest_only_with_trigger to 2025-04-04T10:27:05.333861+00:00, run_after=2025-04-04T14:27:05.333861+00:00
[2025-04-04T14:27:05.348+0000] {processor.py:179} INFO - Processing /home/vscode/.local/lib/python3.10/site-packages/airflow/example_dags/example_latest_only_with_trigger.py took 0.132 seconds
[2025-04-04T14:27:50.402+0000] {processor.py:157} INFO - Started process (PID=14919) to work on /home/vscode/.local/lib/python3.10/site-packages/airflow/example_dags/example_latest_only_with_trigger.py
[2025-04-04T14:27:50.403+0000] {processor.py:826} INFO - Processing file /home/vscode/.local/lib/python3.10/site-packages/airflow/example_dags/example_latest_only_with_trigger.py for tasks to queue
[2025-04-04T14:27:50.403+0000] {logging_mixin.py:150} INFO - [2025-04-04T14:27:50.403+0000] {dagbag.py:541} INFO - Filling up the DagBag from /home/vscode/.local/lib/python3.10/site-packages/airflow/example_dags/example_latest_only_with_trigger.py
[2025-04-04T14:27:50.409+0000] {processor.py:836} INFO - DAG(s) dict_keys(['latest_only_with_trigger']) retrieved from /home/vscode/.local/lib/python3.10/site-packages/airflow/example_dags/example_latest_only_with_trigger.py
[2025-04-04T14:27:50.422+0000] {logging_mixin.py:150} INFO - [2025-04-04T14:27:50.422+0000] {dag.py:2742} INFO - Sync 1 DAGs
[2025-04-04T14:27:50.436+0000] {logging_mixin.py:150} INFO - [2025-04-04T14:27:50.436+0000] {dag.py:3504} INFO - Setting next_dagrun for latest_only_with_trigger to 2025-04-04T10:27:50.436670+00:00, run_after=2025-04-04T14:27:50.436670+00:00
[2025-04-04T14:27:50.452+0000] {processor.py:179} INFO - Processing /home/vscode/.local/lib/python3.10/site-packages/airflow/example_dags/example_latest_only_with_trigger.py took 0.053 seconds
[2025-04-04T14:28:35.491+0000] {processor.py:157} INFO - Started process (PID=15299) to work on /home/vscode/.local/lib/python3.10/site-packages/airflow/example_dags/example_latest_only_with_trigger.py
[2025-04-04T14:28:35.491+0000] {processor.py:826} INFO - Processing file /home/vscode/.local/lib/python3.10/site-packages/airflow/example_dags/example_latest_only_with_trigger.py for tasks to queue
[2025-04-04T14:28:35.492+0000] {logging_mixin.py:150} INFO - [2025-04-04T14:28:35.492+0000] {dagbag.py:541} INFO - Filling up the DagBag from /home/vscode/.local/lib/python3.10/site-packages/airflow/example_dags/example_latest_only_with_trigger.py
[2025-04-04T14:28:35.497+0000] {processor.py:836} INFO - DAG(s) dict_keys(['latest_only_with_trigger']) retrieved from /home/vscode/.local/lib/python3.10/site-packages/airflow/example_dags/example_latest_only_with_trigger.py
[2025-04-04T14:28:35.511+0000] {logging_mixin.py:150} INFO - [2025-04-04T14:28:35.511+0000] {dag.py:2742} INFO - Sync 1 DAGs
[2025-04-04T14:28:35.525+0000] {logging_mixin.py:150} INFO - [2025-04-04T14:28:35.525+0000] {dag.py:3504} INFO - Setting next_dagrun for latest_only_with_trigger to 2025-04-04T10:28:35.525381+00:00, run_after=2025-04-04T14:28:35.525381+00:00
[2025-04-04T14:28:35.540+0000] {processor.py:179} INFO - Processing /home/vscode/.local/lib/python3.10/site-packages/airflow/example_dags/example_latest_only_with_trigger.py took 0.053 seconds
[2025-04-04T14:29:20.523+0000] {processor.py:157} INFO - Started process (PID=15614) to work on /home/vscode/.local/lib/python3.10/site-packages/airflow/example_dags/example_latest_only_with_trigger.py
[2025-04-04T14:29:20.524+0000] {processor.py:826} INFO - Processing file /home/vscode/.local/lib/python3.10/site-packages/airflow/example_dags/example_latest_only_with_trigger.py for tasks to queue
[2025-04-04T14:29:20.525+0000] {logging_mixin.py:150} INFO - [2025-04-04T14:29:20.524+0000] {dagbag.py:541} INFO - Filling up the DagBag from /home/vscode/.local/lib/python3.10/site-packages/airflow/example_dags/example_latest_only_with_trigger.py
[2025-04-04T14:29:20.531+0000] {processor.py:836} INFO - DAG(s) dict_keys(['latest_only_with_trigger']) retrieved from /home/vscode/.local/lib/python3.10/site-packages/airflow/example_dags/example_latest_only_with_trigger.py
[2025-04-04T14:29:20.546+0000] {logging_mixin.py:150} INFO - [2025-04-04T14:29:20.546+0000] {dag.py:2742} INFO - Sync 1 DAGs
[2025-04-04T14:29:20.561+0000] {logging_mixin.py:150} INFO - [2025-04-04T14:29:20.560+0000] {dag.py:3504} INFO - Setting next_dagrun for latest_only_with_trigger to 2025-04-04T10:29:20.560800+00:00, run_after=2025-04-04T14:29:20.560800+00:00
[2025-04-04T14:29:20.576+0000] {processor.py:179} INFO - Processing /home/vscode/.local/lib/python3.10/site-packages/airflow/example_dags/example_latest_only_with_trigger.py took 0.055 seconds
[2025-04-04T14:30:07.877+0000] {processor.py:157} INFO - Started process (PID=15980) to work on /home/vscode/.local/lib/python3.10/site-packages/airflow/example_dags/example_latest_only_with_trigger.py
[2025-04-04T14:30:07.878+0000] {processor.py:826} INFO - Processing file /home/vscode/.local/lib/python3.10/site-packages/airflow/example_dags/example_latest_only_with_trigger.py for tasks to queue
[2025-04-04T14:30:07.879+0000] {logging_mixin.py:150} INFO - [2025-04-04T14:30:07.878+0000] {dagbag.py:541} INFO - Filling up the DagBag from /home/vscode/.local/lib/python3.10/site-packages/airflow/example_dags/example_latest_only_with_trigger.py
[2025-04-04T14:30:07.884+0000] {processor.py:836} INFO - DAG(s) dict_keys(['latest_only_with_trigger']) retrieved from /home/vscode/.local/lib/python3.10/site-packages/airflow/example_dags/example_latest_only_with_trigger.py
[2025-04-04T14:30:07.897+0000] {logging_mixin.py:150} INFO - [2025-04-04T14:30:07.897+0000] {dag.py:2742} INFO - Sync 1 DAGs
[2025-04-04T14:30:07.911+0000] {logging_mixin.py:150} INFO - [2025-04-04T14:30:07.911+0000] {dag.py:3504} INFO - Setting next_dagrun for latest_only_with_trigger to 2025-04-04T10:30:07.911398+00:00, run_after=2025-04-04T14:30:07.911398+00:00
[2025-04-04T14:30:07.926+0000] {processor.py:179} INFO - Processing /home/vscode/.local/lib/python3.10/site-packages/airflow/example_dags/example_latest_only_with_trigger.py took 0.051 seconds
[2025-04-04T14:47:03.419+0000] {processor.py:157} INFO - Started process (PID=22579) to work on /home/vscode/.local/lib/python3.10/site-packages/airflow/example_dags/example_latest_only_with_trigger.py
[2025-04-04T14:47:03.420+0000] {processor.py:826} INFO - Processing file /home/vscode/.local/lib/python3.10/site-packages/airflow/example_dags/example_latest_only_with_trigger.py for tasks to queue
[2025-04-04T14:47:03.421+0000] {logging_mixin.py:150} INFO - [2025-04-04T14:47:03.421+0000] {dagbag.py:541} INFO - Filling up the DagBag from /home/vscode/.local/lib/python3.10/site-packages/airflow/example_dags/example_latest_only_with_trigger.py
[2025-04-04T14:47:03.428+0000] {processor.py:836} INFO - DAG(s) dict_keys(['latest_only_with_trigger']) retrieved from /home/vscode/.local/lib/python3.10/site-packages/airflow/example_dags/example_latest_only_with_trigger.py
[2025-04-04T14:47:03.464+0000] {logging_mixin.py:150} INFO - [2025-04-04T14:47:03.464+0000] {dag.py:2742} INFO - Sync 1 DAGs
[2025-04-04T14:47:03.486+0000] {logging_mixin.py:150} INFO - [2025-04-04T14:47:03.486+0000] {dag.py:3504} INFO - Setting next_dagrun for latest_only_with_trigger to 2025-04-04T10:47:03.486106+00:00, run_after=2025-04-04T14:47:03.486106+00:00
[2025-04-04T14:47:03.515+0000] {processor.py:179} INFO - Processing /home/vscode/.local/lib/python3.10/site-packages/airflow/example_dags/example_latest_only_with_trigger.py took 0.100 seconds
[2025-04-04T14:47:49.833+0000] {processor.py:157} INFO - Started process (PID=23020) to work on /home/vscode/.local/lib/python3.10/site-packages/airflow/example_dags/example_latest_only_with_trigger.py
[2025-04-04T14:47:49.833+0000] {processor.py:826} INFO - Processing file /home/vscode/.local/lib/python3.10/site-packages/airflow/example_dags/example_latest_only_with_trigger.py for tasks to queue
[2025-04-04T14:47:49.834+0000] {logging_mixin.py:150} INFO - [2025-04-04T14:47:49.834+0000] {dagbag.py:541} INFO - Filling up the DagBag from /home/vscode/.local/lib/python3.10/site-packages/airflow/example_dags/example_latest_only_with_trigger.py
[2025-04-04T14:47:49.840+0000] {processor.py:836} INFO - DAG(s) dict_keys(['latest_only_with_trigger']) retrieved from /home/vscode/.local/lib/python3.10/site-packages/airflow/example_dags/example_latest_only_with_trigger.py
[2025-04-04T14:47:49.852+0000] {logging_mixin.py:150} INFO - [2025-04-04T14:47:49.852+0000] {dag.py:2742} INFO - Sync 1 DAGs
[2025-04-04T14:47:49.866+0000] {logging_mixin.py:150} INFO - [2025-04-04T14:47:49.866+0000] {dag.py:3504} INFO - Setting next_dagrun for latest_only_with_trigger to 2025-04-04T10:47:49.866709+00:00, run_after=2025-04-04T14:47:49.866709+00:00
[2025-04-04T14:47:49.882+0000] {processor.py:179} INFO - Processing /home/vscode/.local/lib/python3.10/site-packages/airflow/example_dags/example_latest_only_with_trigger.py took 0.052 seconds
[2025-04-04T14:48:34.453+0000] {processor.py:157} INFO - Started process (PID=23401) to work on /home/vscode/.local/lib/python3.10/site-packages/airflow/example_dags/example_latest_only_with_trigger.py
[2025-04-04T14:48:34.454+0000] {processor.py:826} INFO - Processing file /home/vscode/.local/lib/python3.10/site-packages/airflow/example_dags/example_latest_only_with_trigger.py for tasks to queue
[2025-04-04T14:48:34.454+0000] {logging_mixin.py:150} INFO - [2025-04-04T14:48:34.454+0000] {dagbag.py:541} INFO - Filling up the DagBag from /home/vscode/.local/lib/python3.10/site-packages/airflow/example_dags/example_latest_only_with_trigger.py
[2025-04-04T14:48:34.460+0000] {processor.py:836} INFO - DAG(s) dict_keys(['latest_only_with_trigger']) retrieved from /home/vscode/.local/lib/python3.10/site-packages/airflow/example_dags/example_latest_only_with_trigger.py
[2025-04-04T14:48:34.473+0000] {logging_mixin.py:150} INFO - [2025-04-04T14:48:34.473+0000] {dag.py:2742} INFO - Sync 1 DAGs
[2025-04-04T14:48:34.488+0000] {logging_mixin.py:150} INFO - [2025-04-04T14:48:34.488+0000] {dag.py:3504} INFO - Setting next_dagrun for latest_only_with_trigger to 2025-04-04T10:48:34.488305+00:00, run_after=2025-04-04T14:48:34.488305+00:00
[2025-04-04T14:48:34.504+0000] {processor.py:179} INFO - Processing /home/vscode/.local/lib/python3.10/site-packages/airflow/example_dags/example_latest_only_with_trigger.py took 0.053 seconds
[2025-04-04T14:49:20.968+0000] {processor.py:157} INFO - Started process (PID=23751) to work on /home/vscode/.local/lib/python3.10/site-packages/airflow/example_dags/example_latest_only_with_trigger.py
[2025-04-04T14:49:20.969+0000] {processor.py:826} INFO - Processing file /home/vscode/.local/lib/python3.10/site-packages/airflow/example_dags/example_latest_only_with_trigger.py for tasks to queue
[2025-04-04T14:49:20.970+0000] {logging_mixin.py:150} INFO - [2025-04-04T14:49:20.969+0000] {dagbag.py:541} INFO - Filling up the DagBag from /home/vscode/.local/lib/python3.10/site-packages/airflow/example_dags/example_latest_only_with_trigger.py
[2025-04-04T14:49:20.975+0000] {processor.py:836} INFO - DAG(s) dict_keys(['latest_only_with_trigger']) retrieved from /home/vscode/.local/lib/python3.10/site-packages/airflow/example_dags/example_latest_only_with_trigger.py
[2025-04-04T14:49:20.988+0000] {logging_mixin.py:150} INFO - [2025-04-04T14:49:20.988+0000] {dag.py:2742} INFO - Sync 1 DAGs
[2025-04-04T14:49:21.003+0000] {logging_mixin.py:150} INFO - [2025-04-04T14:49:21.003+0000] {dag.py:3504} INFO - Setting next_dagrun for latest_only_with_trigger to 2025-04-04T10:49:21.003024+00:00, run_after=2025-04-04T14:49:21.003024+00:00
[2025-04-04T14:49:21.018+0000] {processor.py:179} INFO - Processing /home/vscode/.local/lib/python3.10/site-packages/airflow/example_dags/example_latest_only_with_trigger.py took 0.053 seconds
[2025-04-04T14:50:04.548+0000] {processor.py:157} INFO - Started process (PID=24067) to work on /home/vscode/.local/lib/python3.10/site-packages/airflow/example_dags/example_latest_only_with_trigger.py
[2025-04-04T14:50:04.549+0000] {processor.py:826} INFO - Processing file /home/vscode/.local/lib/python3.10/site-packages/airflow/example_dags/example_latest_only_with_trigger.py for tasks to queue
[2025-04-04T14:50:04.550+0000] {logging_mixin.py:150} INFO - [2025-04-04T14:50:04.549+0000] {dagbag.py:541} INFO - Filling up the DagBag from /home/vscode/.local/lib/python3.10/site-packages/airflow/example_dags/example_latest_only_with_trigger.py
[2025-04-04T14:50:04.555+0000] {processor.py:836} INFO - DAG(s) dict_keys(['latest_only_with_trigger']) retrieved from /home/vscode/.local/lib/python3.10/site-packages/airflow/example_dags/example_latest_only_with_trigger.py
[2025-04-04T14:50:04.568+0000] {logging_mixin.py:150} INFO - [2025-04-04T14:50:04.568+0000] {dag.py:2742} INFO - Sync 1 DAGs
[2025-04-04T14:50:04.582+0000] {logging_mixin.py:150} INFO - [2025-04-04T14:50:04.582+0000] {dag.py:3504} INFO - Setting next_dagrun for latest_only_with_trigger to 2025-04-04T10:50:04.582363+00:00, run_after=2025-04-04T14:50:04.582363+00:00
[2025-04-04T14:50:04.597+0000] {processor.py:179} INFO - Processing /home/vscode/.local/lib/python3.10/site-packages/airflow/example_dags/example_latest_only_with_trigger.py took 0.052 seconds
[2025-04-04T14:50:49.976+0000] {processor.py:157} INFO - Started process (PID=24430) to work on /home/vscode/.local/lib/python3.10/site-packages/airflow/example_dags/example_latest_only_with_trigger.py
[2025-04-04T14:50:49.977+0000] {processor.py:826} INFO - Processing file /home/vscode/.local/lib/python3.10/site-packages/airflow/example_dags/example_latest_only_with_trigger.py for tasks to queue
[2025-04-04T14:50:49.978+0000] {logging_mixin.py:150} INFO - [2025-04-04T14:50:49.977+0000] {dagbag.py:541} INFO - Filling up the DagBag from /home/vscode/.local/lib/python3.10/site-packages/airflow/example_dags/example_latest_only_with_trigger.py
[2025-04-04T14:50:49.983+0000] {processor.py:836} INFO - DAG(s) dict_keys(['latest_only_with_trigger']) retrieved from /home/vscode/.local/lib/python3.10/site-packages/airflow/example_dags/example_latest_only_with_trigger.py
[2025-04-04T14:50:49.996+0000] {logging_mixin.py:150} INFO - [2025-04-04T14:50:49.996+0000] {dag.py:2742} INFO - Sync 1 DAGs
[2025-04-04T14:50:50.010+0000] {logging_mixin.py:150} INFO - [2025-04-04T14:50:50.010+0000] {dag.py:3504} INFO - Setting next_dagrun for latest_only_with_trigger to 2025-04-04T10:50:50.010306+00:00, run_after=2025-04-04T14:50:50.010306+00:00
[2025-04-04T14:50:50.025+0000] {processor.py:179} INFO - Processing /home/vscode/.local/lib/python3.10/site-packages/airflow/example_dags/example_latest_only_with_trigger.py took 0.051 seconds
[2025-04-04T14:51:36.996+0000] {processor.py:157} INFO - Started process (PID=24765) to work on /home/vscode/.local/lib/python3.10/site-packages/airflow/example_dags/example_latest_only_with_trigger.py
[2025-04-04T14:51:36.997+0000] {processor.py:826} INFO - Processing file /home/vscode/.local/lib/python3.10/site-packages/airflow/example_dags/example_latest_only_with_trigger.py for tasks to queue
[2025-04-04T14:51:36.998+0000] {logging_mixin.py:150} INFO - [2025-04-04T14:51:36.998+0000] {dagbag.py:541} INFO - Filling up the DagBag from /home/vscode/.local/lib/python3.10/site-packages/airflow/example_dags/example_latest_only_with_trigger.py
[2025-04-04T14:51:37.003+0000] {processor.py:836} INFO - DAG(s) dict_keys(['latest_only_with_trigger']) retrieved from /home/vscode/.local/lib/python3.10/site-packages/airflow/example_dags/example_latest_only_with_trigger.py
[2025-04-04T14:51:37.016+0000] {logging_mixin.py:150} INFO - [2025-04-04T14:51:37.016+0000] {dag.py:2742} INFO - Sync 1 DAGs
[2025-04-04T14:51:37.030+0000] {logging_mixin.py:150} INFO - [2025-04-04T14:51:37.030+0000] {dag.py:3504} INFO - Setting next_dagrun for latest_only_with_trigger to 2025-04-04T10:51:37.030412+00:00, run_after=2025-04-04T14:51:37.030412+00:00
[2025-04-04T14:51:37.045+0000] {processor.py:179} INFO - Processing /home/vscode/.local/lib/python3.10/site-packages/airflow/example_dags/example_latest_only_with_trigger.py took 0.051 seconds
[2025-04-04T14:52:18.880+0000] {processor.py:157} INFO - Started process (PID=25044) to work on /home/vscode/.local/lib/python3.10/site-packages/airflow/example_dags/example_latest_only_with_trigger.py
[2025-04-04T14:52:18.881+0000] {processor.py:826} INFO - Processing file /home/vscode/.local/lib/python3.10/site-packages/airflow/example_dags/example_latest_only_with_trigger.py for tasks to queue
[2025-04-04T14:52:18.882+0000] {logging_mixin.py:150} INFO - [2025-04-04T14:52:18.881+0000] {dagbag.py:541} INFO - Filling up the DagBag from /home/vscode/.local/lib/python3.10/site-packages/airflow/example_dags/example_latest_only_with_trigger.py
[2025-04-04T14:52:18.888+0000] {processor.py:836} INFO - DAG(s) dict_keys(['latest_only_with_trigger']) retrieved from /home/vscode/.local/lib/python3.10/site-packages/airflow/example_dags/example_latest_only_with_trigger.py
[2025-04-04T14:52:18.901+0000] {logging_mixin.py:150} INFO - [2025-04-04T14:52:18.901+0000] {dag.py:2742} INFO - Sync 1 DAGs
[2025-04-04T14:52:18.915+0000] {logging_mixin.py:150} INFO - [2025-04-04T14:52:18.915+0000] {dag.py:3504} INFO - Setting next_dagrun for latest_only_with_trigger to 2025-04-04T10:52:18.915631+00:00, run_after=2025-04-04T14:52:18.915631+00:00
[2025-04-04T14:52:18.931+0000] {processor.py:179} INFO - Processing /home/vscode/.local/lib/python3.10/site-packages/airflow/example_dags/example_latest_only_with_trigger.py took 0.053 seconds
[2025-04-04T14:53:02.248+0000] {processor.py:157} INFO - Started process (PID=25342) to work on /home/vscode/.local/lib/python3.10/site-packages/airflow/example_dags/example_latest_only_with_trigger.py
[2025-04-04T14:53:02.248+0000] {processor.py:826} INFO - Processing file /home/vscode/.local/lib/python3.10/site-packages/airflow/example_dags/example_latest_only_with_trigger.py for tasks to queue
[2025-04-04T14:53:02.249+0000] {logging_mixin.py:150} INFO - [2025-04-04T14:53:02.249+0000] {dagbag.py:541} INFO - Filling up the DagBag from /home/vscode/.local/lib/python3.10/site-packages/airflow/example_dags/example_latest_only_with_trigger.py
[2025-04-04T14:53:02.254+0000] {processor.py:836} INFO - DAG(s) dict_keys(['latest_only_with_trigger']) retrieved from /home/vscode/.local/lib/python3.10/site-packages/airflow/example_dags/example_latest_only_with_trigger.py
[2025-04-04T14:53:02.267+0000] {logging_mixin.py:150} INFO - [2025-04-04T14:53:02.267+0000] {dag.py:2742} INFO - Sync 1 DAGs
[2025-04-04T14:53:02.281+0000] {logging_mixin.py:150} INFO - [2025-04-04T14:53:02.281+0000] {dag.py:3504} INFO - Setting next_dagrun for latest_only_with_trigger to 2025-04-04T10:53:02.281648+00:00, run_after=2025-04-04T14:53:02.281648+00:00
[2025-04-04T14:53:02.297+0000] {processor.py:179} INFO - Processing /home/vscode/.local/lib/python3.10/site-packages/airflow/example_dags/example_latest_only_with_trigger.py took 0.052 seconds
[2025-04-04T14:53:49.618+0000] {processor.py:157} INFO - Started process (PID=25648) to work on /home/vscode/.local/lib/python3.10/site-packages/airflow/example_dags/example_latest_only_with_trigger.py
[2025-04-04T14:53:49.619+0000] {processor.py:826} INFO - Processing file /home/vscode/.local/lib/python3.10/site-packages/airflow/example_dags/example_latest_only_with_trigger.py for tasks to queue
[2025-04-04T14:53:49.620+0000] {logging_mixin.py:150} INFO - [2025-04-04T14:53:49.620+0000] {dagbag.py:541} INFO - Filling up the DagBag from /home/vscode/.local/lib/python3.10/site-packages/airflow/example_dags/example_latest_only_with_trigger.py
[2025-04-04T14:53:49.625+0000] {processor.py:836} INFO - DAG(s) dict_keys(['latest_only_with_trigger']) retrieved from /home/vscode/.local/lib/python3.10/site-packages/airflow/example_dags/example_latest_only_with_trigger.py
[2025-04-04T14:53:49.638+0000] {logging_mixin.py:150} INFO - [2025-04-04T14:53:49.638+0000] {dag.py:2742} INFO - Sync 1 DAGs
[2025-04-04T14:53:49.652+0000] {logging_mixin.py:150} INFO - [2025-04-04T14:53:49.652+0000] {dag.py:3504} INFO - Setting next_dagrun for latest_only_with_trigger to 2025-04-04T10:53:49.652578+00:00, run_after=2025-04-04T14:53:49.652578+00:00
[2025-04-04T14:53:49.667+0000] {processor.py:179} INFO - Processing /home/vscode/.local/lib/python3.10/site-packages/airflow/example_dags/example_latest_only_with_trigger.py took 0.052 seconds
[2025-04-04T14:54:33.606+0000] {processor.py:157} INFO - Started process (PID=26009) to work on /home/vscode/.local/lib/python3.10/site-packages/airflow/example_dags/example_latest_only_with_trigger.py
[2025-04-04T14:54:33.607+0000] {processor.py:826} INFO - Processing file /home/vscode/.local/lib/python3.10/site-packages/airflow/example_dags/example_latest_only_with_trigger.py for tasks to queue
[2025-04-04T14:54:33.608+0000] {logging_mixin.py:150} INFO - [2025-04-04T14:54:33.607+0000] {dagbag.py:541} INFO - Filling up the DagBag from /home/vscode/.local/lib/python3.10/site-packages/airflow/example_dags/example_latest_only_with_trigger.py
[2025-04-04T14:54:33.613+0000] {processor.py:836} INFO - DAG(s) dict_keys(['latest_only_with_trigger']) retrieved from /home/vscode/.local/lib/python3.10/site-packages/airflow/example_dags/example_latest_only_with_trigger.py
[2025-04-04T14:54:33.628+0000] {logging_mixin.py:150} INFO - [2025-04-04T14:54:33.628+0000] {dag.py:2742} INFO - Sync 1 DAGs
[2025-04-04T14:54:33.652+0000] {logging_mixin.py:150} INFO - [2025-04-04T14:54:33.651+0000] {dag.py:3504} INFO - Setting next_dagrun for latest_only_with_trigger to 2025-04-04T10:54:33.651719+00:00, run_after=2025-04-04T14:54:33.651719+00:00
[2025-04-04T14:54:33.679+0000] {processor.py:179} INFO - Processing /home/vscode/.local/lib/python3.10/site-packages/airflow/example_dags/example_latest_only_with_trigger.py took 0.076 seconds
