[2025-04-04T14:27:16.933+0000] {processor.py:157} INFO - Started process (PID=14674) to work on /home/vscode/.local/lib/python3.10/site-packages/airflow/example_dags/example_branch_labels.py
[2025-04-04T14:27:16.934+0000] {processor.py:826} INFO - Processing file /home/vscode/.local/lib/python3.10/site-packages/airflow/example_dags/example_branch_labels.py for tasks to queue
[2025-04-04T14:27:16.935+0000] {logging_mixin.py:150} INFO - [2025-04-04T14:27:16.934+0000] {dagbag.py:541} INFO - Filling up the DagBag from /home/vscode/.local/lib/python3.10/site-packages/airflow/example_dags/example_branch_labels.py
[2025-04-04T14:27:16.942+0000] {processor.py:836} INFO - DAG(s) dict_keys(['example_branch_labels']) retrieved from /home/vscode/.local/lib/python3.10/site-packages/airflow/example_dags/example_branch_labels.py
[2025-04-04T14:27:17.018+0000] {logging_mixin.py:150} INFO - [2025-04-04T14:27:17.018+0000] {manager.py:504} INFO - Created Permission View: can delete on DAG:example_branch_labels
[2025-04-04T14:27:17.026+0000] {logging_mixin.py:150} INFO - [2025-04-04T14:27:17.026+0000] {manager.py:504} INFO - Created Permission View: can read on DAG:example_branch_labels
[2025-04-04T14:27:17.032+0000] {logging_mixin.py:150} INFO - [2025-04-04T14:27:17.032+0000] {manager.py:504} INFO - Created Permission View: can edit on DAG:example_branch_labels
[2025-04-04T14:27:17.039+0000] {logging_mixin.py:150} INFO - [2025-04-04T14:27:17.039+0000] {dag.py:2742} INFO - Sync 1 DAGs
[2025-04-04T14:27:17.046+0000] {logging_mixin.py:150} INFO - [2025-04-04T14:27:17.045+0000] {dag.py:2763} INFO - Creating ORM DAG for example_branch_labels
[2025-04-04T14:27:17.053+0000] {logging_mixin.py:150} INFO - [2025-04-04T14:27:17.053+0000] {dag.py:3504} INFO - Setting next_dagrun for example_branch_labels to 2025-04-03T00:00:00+00:00, run_after=2025-04-04T00:00:00+00:00
[2025-04-04T14:27:17.068+0000] {processor.py:179} INFO - Processing /home/vscode/.local/lib/python3.10/site-packages/airflow/example_dags/example_branch_labels.py took 0.137 seconds
[2025-04-04T14:28:03.940+0000] {processor.py:157} INFO - Started process (PID=15056) to work on /home/vscode/.local/lib/python3.10/site-packages/airflow/example_dags/example_branch_labels.py
[2025-04-04T14:28:03.941+0000] {processor.py:826} INFO - Processing file /home/vscode/.local/lib/python3.10/site-packages/airflow/example_dags/example_branch_labels.py for tasks to queue
[2025-04-04T14:28:03.942+0000] {logging_mixin.py:150} INFO - [2025-04-04T14:28:03.941+0000] {dagbag.py:541} INFO - Filling up the DagBag from /home/vscode/.local/lib/python3.10/site-packages/airflow/example_dags/example_branch_labels.py
[2025-04-04T14:28:03.948+0000] {processor.py:836} INFO - DAG(s) dict_keys(['example_branch_labels']) retrieved from /home/vscode/.local/lib/python3.10/site-packages/airflow/example_dags/example_branch_labels.py
[2025-04-04T14:28:03.963+0000] {logging_mixin.py:150} INFO - [2025-04-04T14:28:03.963+0000] {dag.py:2742} INFO - Sync 1 DAGs
[2025-04-04T14:28:03.978+0000] {logging_mixin.py:150} INFO - [2025-04-04T14:28:03.978+0000] {dag.py:3504} INFO - Setting next_dagrun for example_branch_labels to 2025-04-03T00:00:00+00:00, run_after=2025-04-04T00:00:00+00:00
[2025-04-04T14:28:03.993+0000] {processor.py:179} INFO - Processing /home/vscode/.local/lib/python3.10/site-packages/airflow/example_dags/example_branch_labels.py took 0.056 seconds
[2025-04-04T14:28:49.124+0000] {processor.py:157} INFO - Started process (PID=15390) to work on /home/vscode/.local/lib/python3.10/site-packages/airflow/example_dags/example_branch_labels.py
[2025-04-04T14:28:49.125+0000] {processor.py:826} INFO - Processing file /home/vscode/.local/lib/python3.10/site-packages/airflow/example_dags/example_branch_labels.py for tasks to queue
[2025-04-04T14:28:49.126+0000] {logging_mixin.py:150} INFO - [2025-04-04T14:28:49.125+0000] {dagbag.py:541} INFO - Filling up the DagBag from /home/vscode/.local/lib/python3.10/site-packages/airflow/example_dags/example_branch_labels.py
[2025-04-04T14:28:49.133+0000] {processor.py:836} INFO - DAG(s) dict_keys(['example_branch_labels']) retrieved from /home/vscode/.local/lib/python3.10/site-packages/airflow/example_dags/example_branch_labels.py
[2025-04-04T14:28:49.147+0000] {logging_mixin.py:150} INFO - [2025-04-04T14:28:49.147+0000] {dag.py:2742} INFO - Sync 1 DAGs
[2025-04-04T14:28:49.163+0000] {logging_mixin.py:150} INFO - [2025-04-04T14:28:49.163+0000] {dag.py:3504} INFO - Setting next_dagrun for example_branch_labels to 2025-04-03T00:00:00+00:00, run_after=2025-04-04T00:00:00+00:00
[2025-04-04T14:28:49.177+0000] {processor.py:179} INFO - Processing /home/vscode/.local/lib/python3.10/site-packages/airflow/example_dags/example_branch_labels.py took 0.057 seconds
[2025-04-04T14:29:33.390+0000] {processor.py:157} INFO - Started process (PID=15703) to work on /home/vscode/.local/lib/python3.10/site-packages/airflow/example_dags/example_branch_labels.py
[2025-04-04T14:29:33.391+0000] {processor.py:826} INFO - Processing file /home/vscode/.local/lib/python3.10/site-packages/airflow/example_dags/example_branch_labels.py for tasks to queue
[2025-04-04T14:29:33.391+0000] {logging_mixin.py:150} INFO - [2025-04-04T14:29:33.391+0000] {dagbag.py:541} INFO - Filling up the DagBag from /home/vscode/.local/lib/python3.10/site-packages/airflow/example_dags/example_branch_labels.py
[2025-04-04T14:29:33.398+0000] {processor.py:836} INFO - DAG(s) dict_keys(['example_branch_labels']) retrieved from /home/vscode/.local/lib/python3.10/site-packages/airflow/example_dags/example_branch_labels.py
[2025-04-04T14:29:33.412+0000] {logging_mixin.py:150} INFO - [2025-04-04T14:29:33.412+0000] {dag.py:2742} INFO - Sync 1 DAGs
[2025-04-04T14:29:33.427+0000] {logging_mixin.py:150} INFO - [2025-04-04T14:29:33.427+0000] {dag.py:3504} INFO - Setting next_dagrun for example_branch_labels to 2025-04-03T00:00:00+00:00, run_after=2025-04-04T00:00:00+00:00
[2025-04-04T14:29:33.442+0000] {processor.py:179} INFO - Processing /home/vscode/.local/lib/python3.10/site-packages/airflow/example_dags/example_branch_labels.py took 0.054 seconds
[2025-04-04T14:30:23.259+0000] {processor.py:157} INFO - Started process (PID=16086) to work on /home/vscode/.local/lib/python3.10/site-packages/airflow/example_dags/example_branch_labels.py
[2025-04-04T14:30:23.260+0000] {processor.py:826} INFO - Processing file /home/vscode/.local/lib/python3.10/site-packages/airflow/example_dags/example_branch_labels.py for tasks to queue
[2025-04-04T14:30:23.261+0000] {logging_mixin.py:150} INFO - [2025-04-04T14:30:23.260+0000] {dagbag.py:541} INFO - Filling up the DagBag from /home/vscode/.local/lib/python3.10/site-packages/airflow/example_dags/example_branch_labels.py
[2025-04-04T14:30:23.267+0000] {processor.py:836} INFO - DAG(s) dict_keys(['example_branch_labels']) retrieved from /home/vscode/.local/lib/python3.10/site-packages/airflow/example_dags/example_branch_labels.py
[2025-04-04T14:30:23.281+0000] {logging_mixin.py:150} INFO - [2025-04-04T14:30:23.281+0000] {dag.py:2742} INFO - Sync 1 DAGs
[2025-04-04T14:30:23.303+0000] {logging_mixin.py:150} INFO - [2025-04-04T14:30:23.303+0000] {dag.py:3504} INFO - Setting next_dagrun for example_branch_labels to 2025-04-03T00:00:00+00:00, run_after=2025-04-04T00:00:00+00:00
[2025-04-04T14:30:23.324+0000] {processor.py:179} INFO - Processing /home/vscode/.local/lib/python3.10/site-packages/airflow/example_dags/example_branch_labels.py took 0.068 seconds
[2025-04-04T14:47:14.968+0000] {processor.py:157} INFO - Started process (PID=22658) to work on /home/vscode/.local/lib/python3.10/site-packages/airflow/example_dags/example_branch_labels.py
[2025-04-04T14:47:14.969+0000] {processor.py:826} INFO - Processing file /home/vscode/.local/lib/python3.10/site-packages/airflow/example_dags/example_branch_labels.py for tasks to queue
[2025-04-04T14:47:14.969+0000] {logging_mixin.py:150} INFO - [2025-04-04T14:47:14.969+0000] {dagbag.py:541} INFO - Filling up the DagBag from /home/vscode/.local/lib/python3.10/site-packages/airflow/example_dags/example_branch_labels.py
[2025-04-04T14:47:14.976+0000] {processor.py:836} INFO - DAG(s) dict_keys(['example_branch_labels']) retrieved from /home/vscode/.local/lib/python3.10/site-packages/airflow/example_dags/example_branch_labels.py
[2025-04-04T14:47:14.990+0000] {logging_mixin.py:150} INFO - [2025-04-04T14:47:14.990+0000] {dag.py:2742} INFO - Sync 1 DAGs
[2025-04-04T14:47:15.007+0000] {logging_mixin.py:150} INFO - [2025-04-04T14:47:15.007+0000] {dag.py:3504} INFO - Setting next_dagrun for example_branch_labels to 2025-04-03T00:00:00+00:00, run_after=2025-04-04T00:00:00+00:00
[2025-04-04T14:47:15.021+0000] {processor.py:179} INFO - Processing /home/vscode/.local/lib/python3.10/site-packages/airflow/example_dags/example_branch_labels.py took 0.056 seconds
[2025-04-04T14:48:01.881+0000] {processor.py:157} INFO - Started process (PID=23156) to work on /home/vscode/.local/lib/python3.10/site-packages/airflow/example_dags/example_branch_labels.py
[2025-04-04T14:48:01.882+0000] {processor.py:826} INFO - Processing file /home/vscode/.local/lib/python3.10/site-packages/airflow/example_dags/example_branch_labels.py for tasks to queue
[2025-04-04T14:48:01.882+0000] {logging_mixin.py:150} INFO - [2025-04-04T14:48:01.882+0000] {dagbag.py:541} INFO - Filling up the DagBag from /home/vscode/.local/lib/python3.10/site-packages/airflow/example_dags/example_branch_labels.py
[2025-04-04T14:48:01.888+0000] {processor.py:836} INFO - DAG(s) dict_keys(['example_branch_labels']) retrieved from /home/vscode/.local/lib/python3.10/site-packages/airflow/example_dags/example_branch_labels.py
[2025-04-04T14:48:01.903+0000] {logging_mixin.py:150} INFO - [2025-04-04T14:48:01.902+0000] {dag.py:2742} INFO - Sync 1 DAGs
[2025-04-04T14:48:01.925+0000] {logging_mixin.py:150} INFO - [2025-04-04T14:48:01.924+0000] {dag.py:3504} INFO - Setting next_dagrun for example_branch_labels to 2025-04-03T00:00:00+00:00, run_after=2025-04-04T00:00:00+00:00
[2025-04-04T14:48:01.946+0000] {processor.py:179} INFO - Processing /home/vscode/.local/lib/python3.10/site-packages/airflow/example_dags/example_branch_labels.py took 0.068 seconds
[2025-04-04T14:48:46.115+0000] {processor.py:157} INFO - Started process (PID=23486) to work on /home/vscode/.local/lib/python3.10/site-packages/airflow/example_dags/example_branch_labels.py
[2025-04-04T14:48:46.116+0000] {processor.py:826} INFO - Processing file /home/vscode/.local/lib/python3.10/site-packages/airflow/example_dags/example_branch_labels.py for tasks to queue
[2025-04-04T14:48:46.117+0000] {logging_mixin.py:150} INFO - [2025-04-04T14:48:46.117+0000] {dagbag.py:541} INFO - Filling up the DagBag from /home/vscode/.local/lib/python3.10/site-packages/airflow/example_dags/example_branch_labels.py
[2025-04-04T14:48:46.123+0000] {processor.py:836} INFO - DAG(s) dict_keys(['example_branch_labels']) retrieved from /home/vscode/.local/lib/python3.10/site-packages/airflow/example_dags/example_branch_labels.py
[2025-04-04T14:48:46.138+0000] {logging_mixin.py:150} INFO - [2025-04-04T14:48:46.138+0000] {dag.py:2742} INFO - Sync 1 DAGs
[2025-04-04T14:48:46.153+0000] {logging_mixin.py:150} INFO - [2025-04-04T14:48:46.153+0000] {dag.py:3504} INFO - Setting next_dagrun for example_branch_labels to 2025-04-03T00:00:00+00:00, run_after=2025-04-04T00:00:00+00:00
[2025-04-04T14:48:46.167+0000] {processor.py:179} INFO - Processing /home/vscode/.local/lib/python3.10/site-packages/airflow/example_dags/example_branch_labels.py took 0.054 seconds
[2025-04-04T14:49:34.319+0000] {processor.py:157} INFO - Started process (PID=23851) to work on /home/vscode/.local/lib/python3.10/site-packages/airflow/example_dags/example_branch_labels.py
[2025-04-04T14:49:34.320+0000] {processor.py:826} INFO - Processing file /home/vscode/.local/lib/python3.10/site-packages/airflow/example_dags/example_branch_labels.py for tasks to queue
[2025-04-04T14:49:34.321+0000] {logging_mixin.py:150} INFO - [2025-04-04T14:49:34.320+0000] {dagbag.py:541} INFO - Filling up the DagBag from /home/vscode/.local/lib/python3.10/site-packages/airflow/example_dags/example_branch_labels.py
[2025-04-04T14:49:34.329+0000] {processor.py:836} INFO - DAG(s) dict_keys(['example_branch_labels']) retrieved from /home/vscode/.local/lib/python3.10/site-packages/airflow/example_dags/example_branch_labels.py
[2025-04-04T14:49:34.349+0000] {logging_mixin.py:150} INFO - [2025-04-04T14:49:34.349+0000] {dag.py:2742} INFO - Sync 1 DAGs
[2025-04-04T14:49:34.372+0000] {logging_mixin.py:150} INFO - [2025-04-04T14:49:34.372+0000] {dag.py:3504} INFO - Setting next_dagrun for example_branch_labels to 2025-04-03T00:00:00+00:00, run_after=2025-04-04T00:00:00+00:00
[2025-04-04T14:49:34.403+0000] {processor.py:179} INFO - Processing /home/vscode/.local/lib/python3.10/site-packages/airflow/example_dags/example_branch_labels.py took 0.087 seconds
[2025-04-04T14:50:18.501+0000] {processor.py:157} INFO - Started process (PID=24187) to work on /home/vscode/.local/lib/python3.10/site-packages/airflow/example_dags/example_branch_labels.py
[2025-04-04T14:50:18.503+0000] {processor.py:826} INFO - Processing file /home/vscode/.local/lib/python3.10/site-packages/airflow/example_dags/example_branch_labels.py for tasks to queue
[2025-04-04T14:50:18.504+0000] {logging_mixin.py:150} INFO - [2025-04-04T14:50:18.504+0000] {dagbag.py:541} INFO - Filling up the DagBag from /home/vscode/.local/lib/python3.10/site-packages/airflow/example_dags/example_branch_labels.py
[2025-04-04T14:50:18.529+0000] {processor.py:836} INFO - DAG(s) dict_keys(['example_branch_labels']) retrieved from /home/vscode/.local/lib/python3.10/site-packages/airflow/example_dags/example_branch_labels.py
[2025-04-04T14:50:18.578+0000] {logging_mixin.py:150} INFO - [2025-04-04T14:50:18.577+0000] {dag.py:2742} INFO - Sync 1 DAGs
[2025-04-04T14:50:18.657+0000] {logging_mixin.py:150} INFO - [2025-04-04T14:50:18.656+0000] {dag.py:3504} INFO - Setting next_dagrun for example_branch_labels to 2025-04-03T00:00:00+00:00, run_after=2025-04-04T00:00:00+00:00
[2025-04-04T14:50:18.787+0000] {processor.py:179} INFO - Processing /home/vscode/.local/lib/python3.10/site-packages/airflow/example_dags/example_branch_labels.py took 0.291 seconds
[2025-04-04T14:51:02.835+0000] {processor.py:157} INFO - Started process (PID=24528) to work on /home/vscode/.local/lib/python3.10/site-packages/airflow/example_dags/example_branch_labels.py
[2025-04-04T14:51:02.836+0000] {processor.py:826} INFO - Processing file /home/vscode/.local/lib/python3.10/site-packages/airflow/example_dags/example_branch_labels.py for tasks to queue
[2025-04-04T14:51:02.837+0000] {logging_mixin.py:150} INFO - [2025-04-04T14:51:02.837+0000] {dagbag.py:541} INFO - Filling up the DagBag from /home/vscode/.local/lib/python3.10/site-packages/airflow/example_dags/example_branch_labels.py
[2025-04-04T14:51:02.843+0000] {processor.py:836} INFO - DAG(s) dict_keys(['example_branch_labels']) retrieved from /home/vscode/.local/lib/python3.10/site-packages/airflow/example_dags/example_branch_labels.py
[2025-04-04T14:51:02.857+0000] {logging_mixin.py:150} INFO - [2025-04-04T14:51:02.857+0000] {dag.py:2742} INFO - Sync 1 DAGs
[2025-04-04T14:51:02.872+0000] {logging_mixin.py:150} INFO - [2025-04-04T14:51:02.872+0000] {dag.py:3504} INFO - Setting next_dagrun for example_branch_labels to 2025-04-03T00:00:00+00:00, run_after=2025-04-04T00:00:00+00:00
[2025-04-04T14:51:02.888+0000] {processor.py:179} INFO - Processing /home/vscode/.local/lib/python3.10/site-packages/airflow/example_dags/example_branch_labels.py took 0.055 seconds
[2025-04-04T14:51:48.049+0000] {processor.py:157} INFO - Started process (PID=24835) to work on /home/vscode/.local/lib/python3.10/site-packages/airflow/example_dags/example_branch_labels.py
[2025-04-04T14:51:48.049+0000] {processor.py:826} INFO - Processing file /home/vscode/.local/lib/python3.10/site-packages/airflow/example_dags/example_branch_labels.py for tasks to queue
[2025-04-04T14:51:48.050+0000] {logging_mixin.py:150} INFO - [2025-04-04T14:51:48.050+0000] {dagbag.py:541} INFO - Filling up the DagBag from /home/vscode/.local/lib/python3.10/site-packages/airflow/example_dags/example_branch_labels.py
[2025-04-04T14:51:48.056+0000] {processor.py:836} INFO - DAG(s) dict_keys(['example_branch_labels']) retrieved from /home/vscode/.local/lib/python3.10/site-packages/airflow/example_dags/example_branch_labels.py
[2025-04-04T14:51:48.071+0000] {logging_mixin.py:150} INFO - [2025-04-04T14:51:48.071+0000] {dag.py:2742} INFO - Sync 1 DAGs
[2025-04-04T14:51:48.086+0000] {logging_mixin.py:150} INFO - [2025-04-04T14:51:48.086+0000] {dag.py:3504} INFO - Setting next_dagrun for example_branch_labels to 2025-04-03T00:00:00+00:00, run_after=2025-04-04T00:00:00+00:00
[2025-04-04T14:51:48.102+0000] {processor.py:179} INFO - Processing /home/vscode/.local/lib/python3.10/site-packages/airflow/example_dags/example_branch_labels.py took 0.056 seconds
[2025-04-04T14:52:39.011+0000] {processor.py:157} INFO - Started process (PID=25177) to work on /home/vscode/.local/lib/python3.10/site-packages/airflow/example_dags/example_branch_labels.py
[2025-04-04T14:52:39.012+0000] {processor.py:826} INFO - Processing file /home/vscode/.local/lib/python3.10/site-packages/airflow/example_dags/example_branch_labels.py for tasks to queue
[2025-04-04T14:52:39.012+0000] {logging_mixin.py:150} INFO - [2025-04-04T14:52:39.012+0000] {dagbag.py:541} INFO - Filling up the DagBag from /home/vscode/.local/lib/python3.10/site-packages/airflow/example_dags/example_branch_labels.py
[2025-04-04T14:52:39.019+0000] {processor.py:836} INFO - DAG(s) dict_keys(['example_branch_labels']) retrieved from /home/vscode/.local/lib/python3.10/site-packages/airflow/example_dags/example_branch_labels.py
[2025-04-04T14:52:39.032+0000] {logging_mixin.py:150} INFO - [2025-04-04T14:52:39.032+0000] {dag.py:2742} INFO - Sync 1 DAGs
[2025-04-04T14:52:39.047+0000] {logging_mixin.py:150} INFO - [2025-04-04T14:52:39.046+0000] {dag.py:3504} INFO - Setting next_dagrun for example_branch_labels to 2025-04-03T00:00:00+00:00, run_after=2025-04-04T00:00:00+00:00
[2025-04-04T14:52:39.061+0000] {processor.py:179} INFO - Processing /home/vscode/.local/lib/python3.10/site-packages/airflow/example_dags/example_branch_labels.py took 0.053 seconds
[2025-04-04T14:53:35.940+0000] {processor.py:157} INFO - Started process (PID=25560) to work on /home/vscode/.local/lib/python3.10/site-packages/airflow/example_dags/example_branch_labels.py
[2025-04-04T14:53:35.940+0000] {processor.py:826} INFO - Processing file /home/vscode/.local/lib/python3.10/site-packages/airflow/example_dags/example_branch_labels.py for tasks to queue
[2025-04-04T14:53:35.941+0000] {logging_mixin.py:150} INFO - [2025-04-04T14:53:35.941+0000] {dagbag.py:541} INFO - Filling up the DagBag from /home/vscode/.local/lib/python3.10/site-packages/airflow/example_dags/example_branch_labels.py
[2025-04-04T14:53:35.947+0000] {processor.py:836} INFO - DAG(s) dict_keys(['example_branch_labels']) retrieved from /home/vscode/.local/lib/python3.10/site-packages/airflow/example_dags/example_branch_labels.py
[2025-04-04T14:53:35.962+0000] {logging_mixin.py:150} INFO - [2025-04-04T14:53:35.962+0000] {dag.py:2742} INFO - Sync 1 DAGs
[2025-04-04T14:53:35.977+0000] {logging_mixin.py:150} INFO - [2025-04-04T14:53:35.977+0000] {dag.py:3504} INFO - Setting next_dagrun for example_branch_labels to 2025-04-03T00:00:00+00:00, run_after=2025-04-04T00:00:00+00:00
[2025-04-04T14:53:35.992+0000] {processor.py:179} INFO - Processing /home/vscode/.local/lib/python3.10/site-packages/airflow/example_dags/example_branch_labels.py took 0.055 seconds
[2025-04-04T14:54:19.315+0000] {processor.py:157} INFO - Started process (PID=25846) to work on /home/vscode/.local/lib/python3.10/site-packages/airflow/example_dags/example_branch_labels.py
[2025-04-04T14:54:19.316+0000] {processor.py:826} INFO - Processing file /home/vscode/.local/lib/python3.10/site-packages/airflow/example_dags/example_branch_labels.py for tasks to queue
[2025-04-04T14:54:19.317+0000] {logging_mixin.py:150} INFO - [2025-04-04T14:54:19.317+0000] {dagbag.py:541} INFO - Filling up the DagBag from /home/vscode/.local/lib/python3.10/site-packages/airflow/example_dags/example_branch_labels.py
[2025-04-04T14:54:19.323+0000] {processor.py:836} INFO - DAG(s) dict_keys(['example_branch_labels']) retrieved from /home/vscode/.local/lib/python3.10/site-packages/airflow/example_dags/example_branch_labels.py
[2025-04-04T14:54:19.340+0000] {logging_mixin.py:150} INFO - [2025-04-04T14:54:19.340+0000] {dag.py:2742} INFO - Sync 1 DAGs
[2025-04-04T14:54:19.356+0000] {logging_mixin.py:150} INFO - [2025-04-04T14:54:19.356+0000] {dag.py:3504} INFO - Setting next_dagrun for example_branch_labels to 2025-04-03T00:00:00+00:00, run_after=2025-04-04T00:00:00+00:00
[2025-04-04T14:54:19.370+0000] {processor.py:179} INFO - Processing /home/vscode/.local/lib/python3.10/site-packages/airflow/example_dags/example_branch_labels.py took 0.057 seconds
