[2025-04-04T14:27:12.198+0000] {processor.py:157} INFO - Started process (PID=14647) to work on /home/vscode/.local/lib/python3.10/site-packages/airflow/example_dags/example_latest_only.py
[2025-04-04T14:27:12.198+0000] {processor.py:826} INFO - Processing file /home/vscode/.local/lib/python3.10/site-packages/airflow/example_dags/example_latest_only.py for tasks to queue
[2025-04-04T14:27:12.199+0000] {logging_mixin.py:150} INFO - [2025-04-04T14:27:12.199+0000] {dagbag.py:541} INFO - Filling up the DagBag from /home/vscode/.local/lib/python3.10/site-packages/airflow/example_dags/example_latest_only.py
[2025-04-04T14:27:12.204+0000] {processor.py:836} INFO - DAG(s) dict_keys(['latest_only']) retrieved from /home/vscode/.local/lib/python3.10/site-packages/airflow/example_dags/example_latest_only.py
[2025-04-04T14:27:12.274+0000] {logging_mixin.py:150} INFO - [2025-04-04T14:27:12.274+0000] {manager.py:504} INFO - Created Permission View: can delete on DAG:latest_only
[2025-04-04T14:27:12.282+0000] {logging_mixin.py:150} INFO - [2025-04-04T14:27:12.281+0000] {manager.py:504} INFO - Created Permission View: can read on DAG:latest_only
[2025-04-04T14:27:12.287+0000] {logging_mixin.py:150} INFO - [2025-04-04T14:27:12.287+0000] {manager.py:504} INFO - Created Permission View: can edit on DAG:latest_only
[2025-04-04T14:27:12.294+0000] {logging_mixin.py:150} INFO - [2025-04-04T14:27:12.294+0000] {dag.py:2742} INFO - Sync 1 DAGs
[2025-04-04T14:27:12.301+0000] {logging_mixin.py:150} INFO - [2025-04-04T14:27:12.301+0000] {dag.py:2763} INFO - Creating ORM DAG for latest_only
[2025-04-04T14:27:12.307+0000] {logging_mixin.py:150} INFO - [2025-04-04T14:27:12.307+0000] {dag.py:3504} INFO - Setting next_dagrun for latest_only to 2025-04-04T10:27:12.306971+00:00, run_after=2025-04-04T14:27:12.306971+00:00
[2025-04-04T14:27:12.321+0000] {processor.py:179} INFO - Processing /home/vscode/.local/lib/python3.10/site-packages/airflow/example_dags/example_latest_only.py took 0.126 seconds
[2025-04-04T14:28:00.780+0000] {processor.py:157} INFO - Started process (PID=15037) to work on /home/vscode/.local/lib/python3.10/site-packages/airflow/example_dags/example_latest_only.py
[2025-04-04T14:28:00.781+0000] {processor.py:826} INFO - Processing file /home/vscode/.local/lib/python3.10/site-packages/airflow/example_dags/example_latest_only.py for tasks to queue
[2025-04-04T14:28:00.782+0000] {logging_mixin.py:150} INFO - [2025-04-04T14:28:00.782+0000] {dagbag.py:541} INFO - Filling up the DagBag from /home/vscode/.local/lib/python3.10/site-packages/airflow/example_dags/example_latest_only.py
[2025-04-04T14:28:00.787+0000] {processor.py:836} INFO - DAG(s) dict_keys(['latest_only']) retrieved from /home/vscode/.local/lib/python3.10/site-packages/airflow/example_dags/example_latest_only.py
[2025-04-04T14:28:00.799+0000] {logging_mixin.py:150} INFO - [2025-04-04T14:28:00.799+0000] {dag.py:2742} INFO - Sync 1 DAGs
[2025-04-04T14:28:00.814+0000] {logging_mixin.py:150} INFO - [2025-04-04T14:28:00.814+0000] {dag.py:3504} INFO - Setting next_dagrun for latest_only to 2025-04-04T10:28:00.814480+00:00, run_after=2025-04-04T14:28:00.814480+00:00
[2025-04-04T14:28:00.830+0000] {processor.py:179} INFO - Processing /home/vscode/.local/lib/python3.10/site-packages/airflow/example_dags/example_latest_only.py took 0.052 seconds
[2025-04-04T14:28:44.579+0000] {processor.py:157} INFO - Started process (PID=15361) to work on /home/vscode/.local/lib/python3.10/site-packages/airflow/example_dags/example_latest_only.py
[2025-04-04T14:28:44.580+0000] {processor.py:826} INFO - Processing file /home/vscode/.local/lib/python3.10/site-packages/airflow/example_dags/example_latest_only.py for tasks to queue
[2025-04-04T14:28:44.580+0000] {logging_mixin.py:150} INFO - [2025-04-04T14:28:44.580+0000] {dagbag.py:541} INFO - Filling up the DagBag from /home/vscode/.local/lib/python3.10/site-packages/airflow/example_dags/example_latest_only.py
[2025-04-04T14:28:44.586+0000] {processor.py:836} INFO - DAG(s) dict_keys(['latest_only']) retrieved from /home/vscode/.local/lib/python3.10/site-packages/airflow/example_dags/example_latest_only.py
[2025-04-04T14:28:44.598+0000] {logging_mixin.py:150} INFO - [2025-04-04T14:28:44.598+0000] {dag.py:2742} INFO - Sync 1 DAGs
[2025-04-04T14:28:44.613+0000] {logging_mixin.py:150} INFO - [2025-04-04T14:28:44.613+0000] {dag.py:3504} INFO - Setting next_dagrun for latest_only to 2025-04-04T10:28:44.612891+00:00, run_after=2025-04-04T14:28:44.612891+00:00
[2025-04-04T14:28:44.628+0000] {processor.py:179} INFO - Processing /home/vscode/.local/lib/python3.10/site-packages/airflow/example_dags/example_latest_only.py took 0.052 seconds
[2025-04-04T14:29:30.307+0000] {processor.py:157} INFO - Started process (PID=15680) to work on /home/vscode/.local/lib/python3.10/site-packages/airflow/example_dags/example_latest_only.py
[2025-04-04T14:29:30.308+0000] {processor.py:826} INFO - Processing file /home/vscode/.local/lib/python3.10/site-packages/airflow/example_dags/example_latest_only.py for tasks to queue
[2025-04-04T14:29:30.309+0000] {logging_mixin.py:150} INFO - [2025-04-04T14:29:30.309+0000] {dagbag.py:541} INFO - Filling up the DagBag from /home/vscode/.local/lib/python3.10/site-packages/airflow/example_dags/example_latest_only.py
[2025-04-04T14:29:30.314+0000] {processor.py:836} INFO - DAG(s) dict_keys(['latest_only']) retrieved from /home/vscode/.local/lib/python3.10/site-packages/airflow/example_dags/example_latest_only.py
[2025-04-04T14:29:30.327+0000] {logging_mixin.py:150} INFO - [2025-04-04T14:29:30.327+0000] {dag.py:2742} INFO - Sync 1 DAGs
[2025-04-04T14:29:30.341+0000] {logging_mixin.py:150} INFO - [2025-04-04T14:29:30.341+0000] {dag.py:3504} INFO - Setting next_dagrun for latest_only to 2025-04-04T10:29:30.341657+00:00, run_after=2025-04-04T14:29:30.341657+00:00
[2025-04-04T14:29:30.357+0000] {processor.py:179} INFO - Processing /home/vscode/.local/lib/python3.10/site-packages/airflow/example_dags/example_latest_only.py took 0.052 seconds
[2025-04-04T14:30:18.742+0000] {processor.py:157} INFO - Started process (PID=16050) to work on /home/vscode/.local/lib/python3.10/site-packages/airflow/example_dags/example_latest_only.py
[2025-04-04T14:30:18.743+0000] {processor.py:826} INFO - Processing file /home/vscode/.local/lib/python3.10/site-packages/airflow/example_dags/example_latest_only.py for tasks to queue
[2025-04-04T14:30:18.744+0000] {logging_mixin.py:150} INFO - [2025-04-04T14:30:18.743+0000] {dagbag.py:541} INFO - Filling up the DagBag from /home/vscode/.local/lib/python3.10/site-packages/airflow/example_dags/example_latest_only.py
[2025-04-04T14:30:18.749+0000] {processor.py:836} INFO - DAG(s) dict_keys(['latest_only']) retrieved from /home/vscode/.local/lib/python3.10/site-packages/airflow/example_dags/example_latest_only.py
[2025-04-04T14:30:18.761+0000] {logging_mixin.py:150} INFO - [2025-04-04T14:30:18.761+0000] {dag.py:2742} INFO - Sync 1 DAGs
[2025-04-04T14:30:18.775+0000] {logging_mixin.py:150} INFO - [2025-04-04T14:30:18.775+0000] {dag.py:3504} INFO - Setting next_dagrun for latest_only to 2025-04-04T10:30:18.775378+00:00, run_after=2025-04-04T14:30:18.775378+00:00
[2025-04-04T14:30:18.791+0000] {processor.py:179} INFO - Processing /home/vscode/.local/lib/python3.10/site-packages/airflow/example_dags/example_latest_only.py took 0.052 seconds
[2025-04-04T14:47:10.447+0000] {processor.py:157} INFO - Started process (PID=22628) to work on /home/vscode/.local/lib/python3.10/site-packages/airflow/example_dags/example_latest_only.py
[2025-04-04T14:47:10.448+0000] {processor.py:826} INFO - Processing file /home/vscode/.local/lib/python3.10/site-packages/airflow/example_dags/example_latest_only.py for tasks to queue
[2025-04-04T14:47:10.449+0000] {logging_mixin.py:150} INFO - [2025-04-04T14:47:10.448+0000] {dagbag.py:541} INFO - Filling up the DagBag from /home/vscode/.local/lib/python3.10/site-packages/airflow/example_dags/example_latest_only.py
[2025-04-04T14:47:10.454+0000] {processor.py:836} INFO - DAG(s) dict_keys(['latest_only']) retrieved from /home/vscode/.local/lib/python3.10/site-packages/airflow/example_dags/example_latest_only.py
[2025-04-04T14:47:10.466+0000] {logging_mixin.py:150} INFO - [2025-04-04T14:47:10.466+0000] {dag.py:2742} INFO - Sync 1 DAGs
[2025-04-04T14:47:10.483+0000] {logging_mixin.py:150} INFO - [2025-04-04T14:47:10.483+0000] {dag.py:3504} INFO - Setting next_dagrun for latest_only to 2025-04-04T10:47:10.483555+00:00, run_after=2025-04-04T14:47:10.483555+00:00
[2025-04-04T14:47:10.504+0000] {processor.py:179} INFO - Processing /home/vscode/.local/lib/python3.10/site-packages/airflow/example_dags/example_latest_only.py took 0.059 seconds
[2025-04-04T14:47:57.881+0000] {processor.py:157} INFO - Started process (PID=23124) to work on /home/vscode/.local/lib/python3.10/site-packages/airflow/example_dags/example_latest_only.py
[2025-04-04T14:47:57.882+0000] {processor.py:826} INFO - Processing file /home/vscode/.local/lib/python3.10/site-packages/airflow/example_dags/example_latest_only.py for tasks to queue
[2025-04-04T14:47:57.883+0000] {logging_mixin.py:150} INFO - [2025-04-04T14:47:57.883+0000] {dagbag.py:541} INFO - Filling up the DagBag from /home/vscode/.local/lib/python3.10/site-packages/airflow/example_dags/example_latest_only.py
[2025-04-04T14:47:57.888+0000] {processor.py:836} INFO - DAG(s) dict_keys(['latest_only']) retrieved from /home/vscode/.local/lib/python3.10/site-packages/airflow/example_dags/example_latest_only.py
[2025-04-04T14:47:57.900+0000] {logging_mixin.py:150} INFO - [2025-04-04T14:47:57.900+0000] {dag.py:2742} INFO - Sync 1 DAGs
[2025-04-04T14:47:57.915+0000] {logging_mixin.py:150} INFO - [2025-04-04T14:47:57.915+0000] {dag.py:3504} INFO - Setting next_dagrun for latest_only to 2025-04-04T10:47:57.914937+00:00, run_after=2025-04-04T14:47:57.914937+00:00
[2025-04-04T14:47:57.930+0000] {processor.py:179} INFO - Processing /home/vscode/.local/lib/python3.10/site-packages/airflow/example_dags/example_latest_only.py took 0.051 seconds
[2025-04-04T14:48:42.497+0000] {processor.py:157} INFO - Started process (PID=23467) to work on /home/vscode/.local/lib/python3.10/site-packages/airflow/example_dags/example_latest_only.py
[2025-04-04T14:48:42.498+0000] {processor.py:826} INFO - Processing file /home/vscode/.local/lib/python3.10/site-packages/airflow/example_dags/example_latest_only.py for tasks to queue
[2025-04-04T14:48:42.498+0000] {logging_mixin.py:150} INFO - [2025-04-04T14:48:42.498+0000] {dagbag.py:541} INFO - Filling up the DagBag from /home/vscode/.local/lib/python3.10/site-packages/airflow/example_dags/example_latest_only.py
[2025-04-04T14:48:42.504+0000] {processor.py:836} INFO - DAG(s) dict_keys(['latest_only']) retrieved from /home/vscode/.local/lib/python3.10/site-packages/airflow/example_dags/example_latest_only.py
[2025-04-04T14:48:42.516+0000] {logging_mixin.py:150} INFO - [2025-04-04T14:48:42.516+0000] {dag.py:2742} INFO - Sync 1 DAGs
[2025-04-04T14:48:42.530+0000] {logging_mixin.py:150} INFO - [2025-04-04T14:48:42.530+0000] {dag.py:3504} INFO - Setting next_dagrun for latest_only to 2025-04-04T10:48:42.530345+00:00, run_after=2025-04-04T14:48:42.530345+00:00
[2025-04-04T14:48:42.545+0000] {processor.py:179} INFO - Processing /home/vscode/.local/lib/python3.10/site-packages/airflow/example_dags/example_latest_only.py took 0.051 seconds
[2025-04-04T14:49:30.319+0000] {processor.py:157} INFO - Started process (PID=23827) to work on /home/vscode/.local/lib/python3.10/site-packages/airflow/example_dags/example_latest_only.py
[2025-04-04T14:49:30.320+0000] {processor.py:826} INFO - Processing file /home/vscode/.local/lib/python3.10/site-packages/airflow/example_dags/example_latest_only.py for tasks to queue
[2025-04-04T14:49:30.320+0000] {logging_mixin.py:150} INFO - [2025-04-04T14:49:30.320+0000] {dagbag.py:541} INFO - Filling up the DagBag from /home/vscode/.local/lib/python3.10/site-packages/airflow/example_dags/example_latest_only.py
[2025-04-04T14:49:30.325+0000] {processor.py:836} INFO - DAG(s) dict_keys(['latest_only']) retrieved from /home/vscode/.local/lib/python3.10/site-packages/airflow/example_dags/example_latest_only.py
[2025-04-04T14:49:30.337+0000] {logging_mixin.py:150} INFO - [2025-04-04T14:49:30.337+0000] {dag.py:2742} INFO - Sync 1 DAGs
[2025-04-04T14:49:30.352+0000] {logging_mixin.py:150} INFO - [2025-04-04T14:49:30.352+0000] {dag.py:3504} INFO - Setting next_dagrun for latest_only to 2025-04-04T10:49:30.352007+00:00, run_after=2025-04-04T14:49:30.352007+00:00
[2025-04-04T14:49:30.367+0000] {processor.py:179} INFO - Processing /home/vscode/.local/lib/python3.10/site-packages/airflow/example_dags/example_latest_only.py took 0.051 seconds
[2025-04-04T14:50:14.935+0000] {processor.py:157} INFO - Started process (PID=24173) to work on /home/vscode/.local/lib/python3.10/site-packages/airflow/example_dags/example_latest_only.py
[2025-04-04T14:50:14.935+0000] {processor.py:826} INFO - Processing file /home/vscode/.local/lib/python3.10/site-packages/airflow/example_dags/example_latest_only.py for tasks to queue
[2025-04-04T14:50:14.936+0000] {logging_mixin.py:150} INFO - [2025-04-04T14:50:14.936+0000] {dagbag.py:541} INFO - Filling up the DagBag from /home/vscode/.local/lib/python3.10/site-packages/airflow/example_dags/example_latest_only.py
[2025-04-04T14:50:14.941+0000] {processor.py:836} INFO - DAG(s) dict_keys(['latest_only']) retrieved from /home/vscode/.local/lib/python3.10/site-packages/airflow/example_dags/example_latest_only.py
[2025-04-04T14:50:14.954+0000] {logging_mixin.py:150} INFO - [2025-04-04T14:50:14.954+0000] {dag.py:2742} INFO - Sync 1 DAGs
[2025-04-04T14:50:14.968+0000] {logging_mixin.py:150} INFO - [2025-04-04T14:50:14.968+0000] {dag.py:3504} INFO - Setting next_dagrun for latest_only to 2025-04-04T10:50:14.968127+00:00, run_after=2025-04-04T14:50:14.968127+00:00
[2025-04-04T14:50:14.983+0000] {processor.py:179} INFO - Processing /home/vscode/.local/lib/python3.10/site-packages/airflow/example_dags/example_latest_only.py took 0.051 seconds
[2025-04-04T14:50:58.931+0000] {processor.py:157} INFO - Started process (PID=24498) to work on /home/vscode/.local/lib/python3.10/site-packages/airflow/example_dags/example_latest_only.py
[2025-04-04T14:50:58.932+0000] {processor.py:826} INFO - Processing file /home/vscode/.local/lib/python3.10/site-packages/airflow/example_dags/example_latest_only.py for tasks to queue
[2025-04-04T14:50:58.933+0000] {logging_mixin.py:150} INFO - [2025-04-04T14:50:58.932+0000] {dagbag.py:541} INFO - Filling up the DagBag from /home/vscode/.local/lib/python3.10/site-packages/airflow/example_dags/example_latest_only.py
[2025-04-04T14:50:58.938+0000] {processor.py:836} INFO - DAG(s) dict_keys(['latest_only']) retrieved from /home/vscode/.local/lib/python3.10/site-packages/airflow/example_dags/example_latest_only.py
[2025-04-04T14:50:58.950+0000] {logging_mixin.py:150} INFO - [2025-04-04T14:50:58.949+0000] {dag.py:2742} INFO - Sync 1 DAGs
[2025-04-04T14:50:58.964+0000] {logging_mixin.py:150} INFO - [2025-04-04T14:50:58.963+0000] {dag.py:3504} INFO - Setting next_dagrun for latest_only to 2025-04-04T10:50:58.963733+00:00, run_after=2025-04-04T14:50:58.963733+00:00
[2025-04-04T14:50:58.978+0000] {processor.py:179} INFO - Processing /home/vscode/.local/lib/python3.10/site-packages/airflow/example_dags/example_latest_only.py took 0.049 seconds
[2025-04-04T14:51:44.049+0000] {processor.py:157} INFO - Started process (PID=24809) to work on /home/vscode/.local/lib/python3.10/site-packages/airflow/example_dags/example_latest_only.py
[2025-04-04T14:51:44.050+0000] {processor.py:826} INFO - Processing file /home/vscode/.local/lib/python3.10/site-packages/airflow/example_dags/example_latest_only.py for tasks to queue
[2025-04-04T14:51:44.051+0000] {logging_mixin.py:150} INFO - [2025-04-04T14:51:44.050+0000] {dagbag.py:541} INFO - Filling up the DagBag from /home/vscode/.local/lib/python3.10/site-packages/airflow/example_dags/example_latest_only.py
[2025-04-04T14:51:44.056+0000] {processor.py:836} INFO - DAG(s) dict_keys(['latest_only']) retrieved from /home/vscode/.local/lib/python3.10/site-packages/airflow/example_dags/example_latest_only.py
[2025-04-04T14:51:44.068+0000] {logging_mixin.py:150} INFO - [2025-04-04T14:51:44.068+0000] {dag.py:2742} INFO - Sync 1 DAGs
[2025-04-04T14:51:44.082+0000] {logging_mixin.py:150} INFO - [2025-04-04T14:51:44.082+0000] {dag.py:3504} INFO - Setting next_dagrun for latest_only to 2025-04-04T10:51:44.082593+00:00, run_after=2025-04-04T14:51:44.082593+00:00
[2025-04-04T14:51:44.098+0000] {processor.py:179} INFO - Processing /home/vscode/.local/lib/python3.10/site-packages/airflow/example_dags/example_latest_only.py took 0.052 seconds
[2025-04-04T14:52:26.390+0000] {processor.py:157} INFO - Started process (PID=25094) to work on /home/vscode/.local/lib/python3.10/site-packages/airflow/example_dags/example_latest_only.py
[2025-04-04T14:52:26.390+0000] {processor.py:826} INFO - Processing file /home/vscode/.local/lib/python3.10/site-packages/airflow/example_dags/example_latest_only.py for tasks to queue
[2025-04-04T14:52:26.391+0000] {logging_mixin.py:150} INFO - [2025-04-04T14:52:26.391+0000] {dagbag.py:541} INFO - Filling up the DagBag from /home/vscode/.local/lib/python3.10/site-packages/airflow/example_dags/example_latest_only.py
[2025-04-04T14:52:26.396+0000] {processor.py:836} INFO - DAG(s) dict_keys(['latest_only']) retrieved from /home/vscode/.local/lib/python3.10/site-packages/airflow/example_dags/example_latest_only.py
[2025-04-04T14:52:26.409+0000] {logging_mixin.py:150} INFO - [2025-04-04T14:52:26.409+0000] {dag.py:2742} INFO - Sync 1 DAGs
[2025-04-04T14:52:26.423+0000] {logging_mixin.py:150} INFO - [2025-04-04T14:52:26.422+0000] {dag.py:3504} INFO - Setting next_dagrun for latest_only to 2025-04-04T10:52:26.422705+00:00, run_after=2025-04-04T14:52:26.422705+00:00
[2025-04-04T14:52:26.438+0000] {processor.py:179} INFO - Processing /home/vscode/.local/lib/python3.10/site-packages/airflow/example_dags/example_latest_only.py took 0.051 seconds
[2025-04-04T14:53:17.770+0000] {processor.py:157} INFO - Started process (PID=25440) to work on /home/vscode/.local/lib/python3.10/site-packages/airflow/example_dags/example_latest_only.py
[2025-04-04T14:53:17.771+0000] {processor.py:826} INFO - Processing file /home/vscode/.local/lib/python3.10/site-packages/airflow/example_dags/example_latest_only.py for tasks to queue
[2025-04-04T14:53:17.771+0000] {logging_mixin.py:150} INFO - [2025-04-04T14:53:17.771+0000] {dagbag.py:541} INFO - Filling up the DagBag from /home/vscode/.local/lib/python3.10/site-packages/airflow/example_dags/example_latest_only.py
[2025-04-04T14:53:17.776+0000] {processor.py:836} INFO - DAG(s) dict_keys(['latest_only']) retrieved from /home/vscode/.local/lib/python3.10/site-packages/airflow/example_dags/example_latest_only.py
[2025-04-04T14:53:17.789+0000] {logging_mixin.py:150} INFO - [2025-04-04T14:53:17.789+0000] {dag.py:2742} INFO - Sync 1 DAGs
[2025-04-04T14:53:17.816+0000] {logging_mixin.py:150} INFO - [2025-04-04T14:53:17.816+0000] {dag.py:3504} INFO - Setting next_dagrun for latest_only to 2025-04-04T10:53:17.815867+00:00, run_after=2025-04-04T14:53:17.815867+00:00
[2025-04-04T14:53:17.838+0000] {processor.py:179} INFO - Processing /home/vscode/.local/lib/python3.10/site-packages/airflow/example_dags/example_latest_only.py took 0.071 seconds
[2025-04-04T14:54:03.991+0000] {processor.py:157} INFO - Started process (PID=25750) to work on /home/vscode/.local/lib/python3.10/site-packages/airflow/example_dags/example_latest_only.py
[2025-04-04T14:54:03.991+0000] {processor.py:826} INFO - Processing file /home/vscode/.local/lib/python3.10/site-packages/airflow/example_dags/example_latest_only.py for tasks to queue
[2025-04-04T14:54:03.992+0000] {logging_mixin.py:150} INFO - [2025-04-04T14:54:03.992+0000] {dagbag.py:541} INFO - Filling up the DagBag from /home/vscode/.local/lib/python3.10/site-packages/airflow/example_dags/example_latest_only.py
[2025-04-04T14:54:03.997+0000] {processor.py:836} INFO - DAG(s) dict_keys(['latest_only']) retrieved from /home/vscode/.local/lib/python3.10/site-packages/airflow/example_dags/example_latest_only.py
[2025-04-04T14:54:04.009+0000] {logging_mixin.py:150} INFO - [2025-04-04T14:54:04.009+0000] {dag.py:2742} INFO - Sync 1 DAGs
[2025-04-04T14:54:04.024+0000] {logging_mixin.py:150} INFO - [2025-04-04T14:54:04.023+0000] {dag.py:3504} INFO - Setting next_dagrun for latest_only to 2025-04-04T10:54:04.023682+00:00, run_after=2025-04-04T14:54:04.023682+00:00
[2025-04-04T14:54:04.039+0000] {processor.py:179} INFO - Processing /home/vscode/.local/lib/python3.10/site-packages/airflow/example_dags/example_latest_only.py took 0.050 seconds
