[2025-04-04T14:26:44.352+0000] {processor.py:157} INFO - Started process (PID=14457) to work on /home/vscode/.local/lib/python3.10/site-packages/airflow/example_dags/example_short_circuit_operator.py
[2025-04-04T14:26:44.353+0000] {processor.py:826} INFO - Processing file /home/vscode/.local/lib/python3.10/site-packages/airflow/example_dags/example_short_circuit_operator.py for tasks to queue
[2025-04-04T14:26:44.353+0000] {logging_mixin.py:150} INFO - [2025-04-04T14:26:44.353+0000] {dagbag.py:541} INFO - Filling up the DagBag from /home/vscode/.local/lib/python3.10/site-packages/airflow/example_dags/example_short_circuit_operator.py
[2025-04-04T14:26:44.362+0000] {processor.py:836} INFO - DAG(s) dict_keys(['example_short_circuit_operator']) retrieved from /home/vscode/.local/lib/python3.10/site-packages/airflow/example_dags/example_short_circuit_operator.py
[2025-04-04T14:26:44.437+0000] {logging_mixin.py:150} INFO - [2025-04-04T14:26:44.437+0000] {manager.py:504} INFO - Created Permission View: can delete on DAG:example_short_circuit_operator
[2025-04-04T14:26:44.445+0000] {logging_mixin.py:150} INFO - [2025-04-04T14:26:44.445+0000] {manager.py:504} INFO - Created Permission View: can read on DAG:example_short_circuit_operator
[2025-04-04T14:26:44.450+0000] {logging_mixin.py:150} INFO - [2025-04-04T14:26:44.450+0000] {manager.py:504} INFO - Created Permission View: can edit on DAG:example_short_circuit_operator
[2025-04-04T14:26:44.457+0000] {logging_mixin.py:150} INFO - [2025-04-04T14:26:44.457+0000] {dag.py:2742} INFO - Sync 1 DAGs
[2025-04-04T14:26:44.465+0000] {logging_mixin.py:150} INFO - [2025-04-04T14:26:44.465+0000] {dag.py:2763} INFO - Creating ORM DAG for example_short_circuit_operator
[2025-04-04T14:26:44.471+0000] {logging_mixin.py:150} INFO - [2025-04-04T14:26:44.471+0000] {dag.py:3504} INFO - Setting next_dagrun for example_short_circuit_operator to 2025-04-03T14:26:44.471342+00:00, run_after=2025-04-04T14:26:44.471342+00:00
[2025-04-04T14:26:44.486+0000] {processor.py:179} INFO - Processing /home/vscode/.local/lib/python3.10/site-packages/airflow/example_dags/example_short_circuit_operator.py took 0.137 seconds
[2025-04-04T14:27:31.775+0000] {processor.py:157} INFO - Started process (PID=14794) to work on /home/vscode/.local/lib/python3.10/site-packages/airflow/example_dags/example_short_circuit_operator.py
[2025-04-04T14:27:31.776+0000] {processor.py:826} INFO - Processing file /home/vscode/.local/lib/python3.10/site-packages/airflow/example_dags/example_short_circuit_operator.py for tasks to queue
[2025-04-04T14:27:31.776+0000] {logging_mixin.py:150} INFO - [2025-04-04T14:27:31.776+0000] {dagbag.py:541} INFO - Filling up the DagBag from /home/vscode/.local/lib/python3.10/site-packages/airflow/example_dags/example_short_circuit_operator.py
[2025-04-04T14:27:31.783+0000] {processor.py:836} INFO - DAG(s) dict_keys(['example_short_circuit_operator']) retrieved from /home/vscode/.local/lib/python3.10/site-packages/airflow/example_dags/example_short_circuit_operator.py
[2025-04-04T14:27:31.798+0000] {logging_mixin.py:150} INFO - [2025-04-04T14:27:31.798+0000] {dag.py:2742} INFO - Sync 1 DAGs
[2025-04-04T14:27:31.813+0000] {logging_mixin.py:150} INFO - [2025-04-04T14:27:31.813+0000] {dag.py:3504} INFO - Setting next_dagrun for example_short_circuit_operator to 2025-04-03T14:27:31.813354+00:00, run_after=2025-04-04T14:27:31.813354+00:00
[2025-04-04T14:27:31.828+0000] {processor.py:179} INFO - Processing /home/vscode/.local/lib/python3.10/site-packages/airflow/example_dags/example_short_circuit_operator.py took 0.056 seconds
[2025-04-04T14:28:16.199+0000] {processor.py:157} INFO - Started process (PID=15146) to work on /home/vscode/.local/lib/python3.10/site-packages/airflow/example_dags/example_short_circuit_operator.py
[2025-04-04T14:28:16.199+0000] {processor.py:826} INFO - Processing file /home/vscode/.local/lib/python3.10/site-packages/airflow/example_dags/example_short_circuit_operator.py for tasks to queue
[2025-04-04T14:28:16.200+0000] {logging_mixin.py:150} INFO - [2025-04-04T14:28:16.200+0000] {dagbag.py:541} INFO - Filling up the DagBag from /home/vscode/.local/lib/python3.10/site-packages/airflow/example_dags/example_short_circuit_operator.py
[2025-04-04T14:28:16.207+0000] {processor.py:836} INFO - DAG(s) dict_keys(['example_short_circuit_operator']) retrieved from /home/vscode/.local/lib/python3.10/site-packages/airflow/example_dags/example_short_circuit_operator.py
[2025-04-04T14:28:16.222+0000] {logging_mixin.py:150} INFO - [2025-04-04T14:28:16.221+0000] {dag.py:2742} INFO - Sync 1 DAGs
[2025-04-04T14:28:16.238+0000] {logging_mixin.py:150} INFO - [2025-04-04T14:28:16.238+0000] {dag.py:3504} INFO - Setting next_dagrun for example_short_circuit_operator to 2025-04-03T14:28:16.237862+00:00, run_after=2025-04-04T14:28:16.237862+00:00
[2025-04-04T14:28:16.254+0000] {processor.py:179} INFO - Processing /home/vscode/.local/lib/python3.10/site-packages/airflow/example_dags/example_short_circuit_operator.py took 0.058 seconds
[2025-04-04T14:29:00.534+0000] {processor.py:157} INFO - Started process (PID=15469) to work on /home/vscode/.local/lib/python3.10/site-packages/airflow/example_dags/example_short_circuit_operator.py
[2025-04-04T14:29:00.535+0000] {processor.py:826} INFO - Processing file /home/vscode/.local/lib/python3.10/site-packages/airflow/example_dags/example_short_circuit_operator.py for tasks to queue
[2025-04-04T14:29:00.536+0000] {logging_mixin.py:150} INFO - [2025-04-04T14:29:00.535+0000] {dagbag.py:541} INFO - Filling up the DagBag from /home/vscode/.local/lib/python3.10/site-packages/airflow/example_dags/example_short_circuit_operator.py
[2025-04-04T14:29:00.543+0000] {processor.py:836} INFO - DAG(s) dict_keys(['example_short_circuit_operator']) retrieved from /home/vscode/.local/lib/python3.10/site-packages/airflow/example_dags/example_short_circuit_operator.py
[2025-04-04T14:29:00.557+0000] {logging_mixin.py:150} INFO - [2025-04-04T14:29:00.557+0000] {dag.py:2742} INFO - Sync 1 DAGs
[2025-04-04T14:29:00.571+0000] {logging_mixin.py:150} INFO - [2025-04-04T14:29:00.571+0000] {dag.py:3504} INFO - Setting next_dagrun for example_short_circuit_operator to 2025-04-03T14:29:00.571367+00:00, run_after=2025-04-04T14:29:00.571367+00:00
[2025-04-04T14:29:00.587+0000] {processor.py:179} INFO - Processing /home/vscode/.local/lib/python3.10/site-packages/airflow/example_dags/example_short_circuit_operator.py took 0.055 seconds
[2025-04-04T14:29:44.202+0000] {processor.py:157} INFO - Started process (PID=15825) to work on /home/vscode/.local/lib/python3.10/site-packages/airflow/example_dags/example_short_circuit_operator.py
[2025-04-04T14:29:44.202+0000] {processor.py:826} INFO - Processing file /home/vscode/.local/lib/python3.10/site-packages/airflow/example_dags/example_short_circuit_operator.py for tasks to queue
[2025-04-04T14:29:44.203+0000] {logging_mixin.py:150} INFO - [2025-04-04T14:29:44.203+0000] {dagbag.py:541} INFO - Filling up the DagBag from /home/vscode/.local/lib/python3.10/site-packages/airflow/example_dags/example_short_circuit_operator.py
[2025-04-04T14:29:44.210+0000] {processor.py:836} INFO - DAG(s) dict_keys(['example_short_circuit_operator']) retrieved from /home/vscode/.local/lib/python3.10/site-packages/airflow/example_dags/example_short_circuit_operator.py
[2025-04-04T14:29:44.225+0000] {logging_mixin.py:150} INFO - [2025-04-04T14:29:44.224+0000] {dag.py:2742} INFO - Sync 1 DAGs
[2025-04-04T14:29:44.239+0000] {logging_mixin.py:150} INFO - [2025-04-04T14:29:44.239+0000] {dag.py:3504} INFO - Setting next_dagrun for example_short_circuit_operator to 2025-04-03T14:29:44.238920+00:00, run_after=2025-04-04T14:29:44.238920+00:00
[2025-04-04T14:29:44.253+0000] {processor.py:179} INFO - Processing /home/vscode/.local/lib/python3.10/site-packages/airflow/example_dags/example_short_circuit_operator.py took 0.055 seconds
[2025-04-04T14:30:32.051+0000] {processor.py:157} INFO - Started process (PID=16217) to work on /home/vscode/.local/lib/python3.10/site-packages/airflow/example_dags/example_short_circuit_operator.py
[2025-04-04T14:30:32.052+0000] {processor.py:826} INFO - Processing file /home/vscode/.local/lib/python3.10/site-packages/airflow/example_dags/example_short_circuit_operator.py for tasks to queue
[2025-04-04T14:30:32.053+0000] {logging_mixin.py:150} INFO - [2025-04-04T14:30:32.052+0000] {dagbag.py:541} INFO - Filling up the DagBag from /home/vscode/.local/lib/python3.10/site-packages/airflow/example_dags/example_short_circuit_operator.py
[2025-04-04T14:30:32.060+0000] {processor.py:836} INFO - DAG(s) dict_keys(['example_short_circuit_operator']) retrieved from /home/vscode/.local/lib/python3.10/site-packages/airflow/example_dags/example_short_circuit_operator.py
[2025-04-04T14:30:32.076+0000] {logging_mixin.py:150} INFO - [2025-04-04T14:30:32.076+0000] {dag.py:2742} INFO - Sync 1 DAGs
[2025-04-04T14:30:32.091+0000] {logging_mixin.py:150} INFO - [2025-04-04T14:30:32.091+0000] {dag.py:3504} INFO - Setting next_dagrun for example_short_circuit_operator to 2025-04-03T14:30:32.090943+00:00, run_after=2025-04-04T14:30:32.090943+00:00
[2025-04-04T14:30:32.106+0000] {processor.py:179} INFO - Processing /home/vscode/.local/lib/python3.10/site-packages/airflow/example_dags/example_short_circuit_operator.py took 0.058 seconds
[2025-04-04T14:46:44.594+0000] {processor.py:157} INFO - Started process (PID=22438) to work on /home/vscode/.local/lib/python3.10/site-packages/airflow/example_dags/example_short_circuit_operator.py
[2025-04-04T14:46:44.595+0000] {processor.py:826} INFO - Processing file /home/vscode/.local/lib/python3.10/site-packages/airflow/example_dags/example_short_circuit_operator.py for tasks to queue
[2025-04-04T14:46:44.596+0000] {logging_mixin.py:150} INFO - [2025-04-04T14:46:44.596+0000] {dagbag.py:541} INFO - Filling up the DagBag from /home/vscode/.local/lib/python3.10/site-packages/airflow/example_dags/example_short_circuit_operator.py
[2025-04-04T14:46:44.604+0000] {processor.py:836} INFO - DAG(s) dict_keys(['example_short_circuit_operator']) retrieved from /home/vscode/.local/lib/python3.10/site-packages/airflow/example_dags/example_short_circuit_operator.py
[2025-04-04T14:46:44.624+0000] {logging_mixin.py:150} INFO - [2025-04-04T14:46:44.624+0000] {dag.py:2742} INFO - Sync 1 DAGs
[2025-04-04T14:46:44.639+0000] {logging_mixin.py:150} INFO - [2025-04-04T14:46:44.639+0000] {dag.py:3504} INFO - Setting next_dagrun for example_short_circuit_operator to 2025-04-03T14:46:44.639327+00:00, run_after=2025-04-04T14:46:44.639327+00:00
[2025-04-04T14:46:44.654+0000] {processor.py:179} INFO - Processing /home/vscode/.local/lib/python3.10/site-packages/airflow/example_dags/example_short_circuit_operator.py took 0.061 seconds
[2025-04-04T14:47:30.400+0000] {processor.py:157} INFO - Started process (PID=22809) to work on /home/vscode/.local/lib/python3.10/site-packages/airflow/example_dags/example_short_circuit_operator.py
[2025-04-04T14:47:30.400+0000] {processor.py:826} INFO - Processing file /home/vscode/.local/lib/python3.10/site-packages/airflow/example_dags/example_short_circuit_operator.py for tasks to queue
[2025-04-04T14:47:30.401+0000] {logging_mixin.py:150} INFO - [2025-04-04T14:47:30.401+0000] {dagbag.py:541} INFO - Filling up the DagBag from /home/vscode/.local/lib/python3.10/site-packages/airflow/example_dags/example_short_circuit_operator.py
[2025-04-04T14:47:30.408+0000] {processor.py:836} INFO - DAG(s) dict_keys(['example_short_circuit_operator']) retrieved from /home/vscode/.local/lib/python3.10/site-packages/airflow/example_dags/example_short_circuit_operator.py
[2025-04-04T14:47:30.427+0000] {logging_mixin.py:150} INFO - [2025-04-04T14:47:30.426+0000] {dag.py:2742} INFO - Sync 1 DAGs
[2025-04-04T14:47:30.449+0000] {logging_mixin.py:150} INFO - [2025-04-04T14:47:30.448+0000] {dag.py:3504} INFO - Setting next_dagrun for example_short_circuit_operator to 2025-04-03T14:47:30.448706+00:00, run_after=2025-04-04T14:47:30.448706+00:00
[2025-04-04T14:47:30.465+0000] {processor.py:179} INFO - Processing /home/vscode/.local/lib/python3.10/site-packages/airflow/example_dags/example_short_circuit_operator.py took 0.068 seconds
[2025-04-04T14:48:14.429+0000] {processor.py:157} INFO - Started process (PID=23254) to work on /home/vscode/.local/lib/python3.10/site-packages/airflow/example_dags/example_short_circuit_operator.py
[2025-04-04T14:48:14.430+0000] {processor.py:826} INFO - Processing file /home/vscode/.local/lib/python3.10/site-packages/airflow/example_dags/example_short_circuit_operator.py for tasks to queue
[2025-04-04T14:48:14.431+0000] {logging_mixin.py:150} INFO - [2025-04-04T14:48:14.431+0000] {dagbag.py:541} INFO - Filling up the DagBag from /home/vscode/.local/lib/python3.10/site-packages/airflow/example_dags/example_short_circuit_operator.py
[2025-04-04T14:48:14.438+0000] {processor.py:836} INFO - DAG(s) dict_keys(['example_short_circuit_operator']) retrieved from /home/vscode/.local/lib/python3.10/site-packages/airflow/example_dags/example_short_circuit_operator.py
[2025-04-04T14:48:14.452+0000] {logging_mixin.py:150} INFO - [2025-04-04T14:48:14.452+0000] {dag.py:2742} INFO - Sync 1 DAGs
[2025-04-04T14:48:14.466+0000] {logging_mixin.py:150} INFO - [2025-04-04T14:48:14.466+0000] {dag.py:3504} INFO - Setting next_dagrun for example_short_circuit_operator to 2025-04-03T14:48:14.466560+00:00, run_after=2025-04-04T14:48:14.466560+00:00
[2025-04-04T14:48:14.481+0000] {processor.py:179} INFO - Processing /home/vscode/.local/lib/python3.10/site-packages/airflow/example_dags/example_short_circuit_operator.py took 0.054 seconds
[2025-04-04T14:48:58.420+0000] {processor.py:157} INFO - Started process (PID=23589) to work on /home/vscode/.local/lib/python3.10/site-packages/airflow/example_dags/example_short_circuit_operator.py
[2025-04-04T14:48:58.421+0000] {processor.py:826} INFO - Processing file /home/vscode/.local/lib/python3.10/site-packages/airflow/example_dags/example_short_circuit_operator.py for tasks to queue
[2025-04-04T14:48:58.422+0000] {logging_mixin.py:150} INFO - [2025-04-04T14:48:58.421+0000] {dagbag.py:541} INFO - Filling up the DagBag from /home/vscode/.local/lib/python3.10/site-packages/airflow/example_dags/example_short_circuit_operator.py
[2025-04-04T14:48:58.429+0000] {processor.py:836} INFO - DAG(s) dict_keys(['example_short_circuit_operator']) retrieved from /home/vscode/.local/lib/python3.10/site-packages/airflow/example_dags/example_short_circuit_operator.py
[2025-04-04T14:48:58.444+0000] {logging_mixin.py:150} INFO - [2025-04-04T14:48:58.444+0000] {dag.py:2742} INFO - Sync 1 DAGs
[2025-04-04T14:48:58.458+0000] {logging_mixin.py:150} INFO - [2025-04-04T14:48:58.458+0000] {dag.py:3504} INFO - Setting next_dagrun for example_short_circuit_operator to 2025-04-03T14:48:58.457935+00:00, run_after=2025-04-04T14:48:58.457935+00:00
[2025-04-04T14:48:58.472+0000] {processor.py:179} INFO - Processing /home/vscode/.local/lib/python3.10/site-packages/airflow/example_dags/example_short_circuit_operator.py took 0.055 seconds
[2025-04-04T14:49:44.596+0000] {processor.py:157} INFO - Started process (PID=23925) to work on /home/vscode/.local/lib/python3.10/site-packages/airflow/example_dags/example_short_circuit_operator.py
[2025-04-04T14:49:44.597+0000] {processor.py:826} INFO - Processing file /home/vscode/.local/lib/python3.10/site-packages/airflow/example_dags/example_short_circuit_operator.py for tasks to queue
[2025-04-04T14:49:44.598+0000] {logging_mixin.py:150} INFO - [2025-04-04T14:49:44.597+0000] {dagbag.py:541} INFO - Filling up the DagBag from /home/vscode/.local/lib/python3.10/site-packages/airflow/example_dags/example_short_circuit_operator.py
[2025-04-04T14:49:44.604+0000] {processor.py:836} INFO - DAG(s) dict_keys(['example_short_circuit_operator']) retrieved from /home/vscode/.local/lib/python3.10/site-packages/airflow/example_dags/example_short_circuit_operator.py
[2025-04-04T14:49:44.619+0000] {logging_mixin.py:150} INFO - [2025-04-04T14:49:44.618+0000] {dag.py:2742} INFO - Sync 1 DAGs
[2025-04-04T14:49:44.633+0000] {logging_mixin.py:150} INFO - [2025-04-04T14:49:44.633+0000] {dag.py:3504} INFO - Setting next_dagrun for example_short_circuit_operator to 2025-04-03T14:49:44.632748+00:00, run_after=2025-04-04T14:49:44.632748+00:00
[2025-04-04T14:49:44.649+0000] {processor.py:179} INFO - Processing /home/vscode/.local/lib/python3.10/site-packages/airflow/example_dags/example_short_circuit_operator.py took 0.055 seconds
[2025-04-04T14:50:28.577+0000] {processor.py:157} INFO - Started process (PID=24263) to work on /home/vscode/.local/lib/python3.10/site-packages/airflow/example_dags/example_short_circuit_operator.py
[2025-04-04T14:50:28.578+0000] {processor.py:826} INFO - Processing file /home/vscode/.local/lib/python3.10/site-packages/airflow/example_dags/example_short_circuit_operator.py for tasks to queue
[2025-04-04T14:50:28.579+0000] {logging_mixin.py:150} INFO - [2025-04-04T14:50:28.578+0000] {dagbag.py:541} INFO - Filling up the DagBag from /home/vscode/.local/lib/python3.10/site-packages/airflow/example_dags/example_short_circuit_operator.py
[2025-04-04T14:50:28.585+0000] {processor.py:836} INFO - DAG(s) dict_keys(['example_short_circuit_operator']) retrieved from /home/vscode/.local/lib/python3.10/site-packages/airflow/example_dags/example_short_circuit_operator.py
[2025-04-04T14:50:28.599+0000] {logging_mixin.py:150} INFO - [2025-04-04T14:50:28.599+0000] {dag.py:2742} INFO - Sync 1 DAGs
[2025-04-04T14:50:28.613+0000] {logging_mixin.py:150} INFO - [2025-04-04T14:50:28.613+0000] {dag.py:3504} INFO - Setting next_dagrun for example_short_circuit_operator to 2025-04-03T14:50:28.613535+00:00, run_after=2025-04-04T14:50:28.613535+00:00
[2025-04-04T14:50:28.633+0000] {processor.py:179} INFO - Processing /home/vscode/.local/lib/python3.10/site-packages/airflow/example_dags/example_short_circuit_operator.py took 0.058 seconds
[2025-04-04T14:51:11.980+0000] {processor.py:157} INFO - Started process (PID=24590) to work on /home/vscode/.local/lib/python3.10/site-packages/airflow/example_dags/example_short_circuit_operator.py
[2025-04-04T14:51:11.981+0000] {processor.py:826} INFO - Processing file /home/vscode/.local/lib/python3.10/site-packages/airflow/example_dags/example_short_circuit_operator.py for tasks to queue
[2025-04-04T14:51:11.982+0000] {logging_mixin.py:150} INFO - [2025-04-04T14:51:11.982+0000] {dagbag.py:541} INFO - Filling up the DagBag from /home/vscode/.local/lib/python3.10/site-packages/airflow/example_dags/example_short_circuit_operator.py
[2025-04-04T14:51:11.990+0000] {processor.py:836} INFO - DAG(s) dict_keys(['example_short_circuit_operator']) retrieved from /home/vscode/.local/lib/python3.10/site-packages/airflow/example_dags/example_short_circuit_operator.py
[2025-04-04T14:51:12.008+0000] {logging_mixin.py:150} INFO - [2025-04-04T14:51:12.008+0000] {dag.py:2742} INFO - Sync 1 DAGs
[2025-04-04T14:51:12.029+0000] {logging_mixin.py:150} INFO - [2025-04-04T14:51:12.028+0000] {dag.py:3504} INFO - Setting next_dagrun for example_short_circuit_operator to 2025-04-03T14:51:12.028698+00:00, run_after=2025-04-04T14:51:12.028698+00:00
[2025-04-04T14:51:12.047+0000] {processor.py:179} INFO - Processing /home/vscode/.local/lib/python3.10/site-packages/airflow/example_dags/example_short_circuit_operator.py took 0.070 seconds
[2025-04-04T14:51:57.723+0000] {processor.py:157} INFO - Started process (PID=24903) to work on /home/vscode/.local/lib/python3.10/site-packages/airflow/example_dags/example_short_circuit_operator.py
[2025-04-04T14:51:57.724+0000] {processor.py:826} INFO - Processing file /home/vscode/.local/lib/python3.10/site-packages/airflow/example_dags/example_short_circuit_operator.py for tasks to queue
[2025-04-04T14:51:57.725+0000] {logging_mixin.py:150} INFO - [2025-04-04T14:51:57.725+0000] {dagbag.py:541} INFO - Filling up the DagBag from /home/vscode/.local/lib/python3.10/site-packages/airflow/example_dags/example_short_circuit_operator.py
[2025-04-04T14:51:57.732+0000] {processor.py:836} INFO - DAG(s) dict_keys(['example_short_circuit_operator']) retrieved from /home/vscode/.local/lib/python3.10/site-packages/airflow/example_dags/example_short_circuit_operator.py
[2025-04-04T14:51:57.746+0000] {logging_mixin.py:150} INFO - [2025-04-04T14:51:57.746+0000] {dag.py:2742} INFO - Sync 1 DAGs
[2025-04-04T14:51:57.760+0000] {logging_mixin.py:150} INFO - [2025-04-04T14:51:57.760+0000] {dag.py:3504} INFO - Setting next_dagrun for example_short_circuit_operator to 2025-04-03T14:51:57.760218+00:00, run_after=2025-04-04T14:51:57.760218+00:00
[2025-04-04T14:51:57.775+0000] {processor.py:179} INFO - Processing /home/vscode/.local/lib/python3.10/site-packages/airflow/example_dags/example_short_circuit_operator.py took 0.054 seconds
[2025-04-04T14:52:35.997+0000] {processor.py:157} INFO - Started process (PID=25164) to work on /home/vscode/.local/lib/python3.10/site-packages/airflow/example_dags/example_short_circuit_operator.py
[2025-04-04T14:52:35.998+0000] {processor.py:826} INFO - Processing file /home/vscode/.local/lib/python3.10/site-packages/airflow/example_dags/example_short_circuit_operator.py for tasks to queue
[2025-04-04T14:52:35.999+0000] {logging_mixin.py:150} INFO - [2025-04-04T14:52:35.998+0000] {dagbag.py:541} INFO - Filling up the DagBag from /home/vscode/.local/lib/python3.10/site-packages/airflow/example_dags/example_short_circuit_operator.py
[2025-04-04T14:52:36.005+0000] {processor.py:836} INFO - DAG(s) dict_keys(['example_short_circuit_operator']) retrieved from /home/vscode/.local/lib/python3.10/site-packages/airflow/example_dags/example_short_circuit_operator.py
[2025-04-04T14:52:36.020+0000] {logging_mixin.py:150} INFO - [2025-04-04T14:52:36.020+0000] {dag.py:2742} INFO - Sync 1 DAGs
[2025-04-04T14:52:36.034+0000] {logging_mixin.py:150} INFO - [2025-04-04T14:52:36.034+0000] {dag.py:3504} INFO - Setting next_dagrun for example_short_circuit_operator to 2025-04-03T14:52:36.034239+00:00, run_after=2025-04-04T14:52:36.034239+00:00
[2025-04-04T14:52:36.049+0000] {processor.py:179} INFO - Processing /home/vscode/.local/lib/python3.10/site-packages/airflow/example_dags/example_short_circuit_operator.py took 0.054 seconds
[2025-04-04T14:53:13.657+0000] {processor.py:157} INFO - Started process (PID=25414) to work on /home/vscode/.local/lib/python3.10/site-packages/airflow/example_dags/example_short_circuit_operator.py
[2025-04-04T14:53:13.657+0000] {processor.py:826} INFO - Processing file /home/vscode/.local/lib/python3.10/site-packages/airflow/example_dags/example_short_circuit_operator.py for tasks to queue
[2025-04-04T14:53:13.658+0000] {logging_mixin.py:150} INFO - [2025-04-04T14:53:13.658+0000] {dagbag.py:541} INFO - Filling up the DagBag from /home/vscode/.local/lib/python3.10/site-packages/airflow/example_dags/example_short_circuit_operator.py
[2025-04-04T14:53:13.665+0000] {processor.py:836} INFO - DAG(s) dict_keys(['example_short_circuit_operator']) retrieved from /home/vscode/.local/lib/python3.10/site-packages/airflow/example_dags/example_short_circuit_operator.py
[2025-04-04T14:53:13.679+0000] {logging_mixin.py:150} INFO - [2025-04-04T14:53:13.679+0000] {dag.py:2742} INFO - Sync 1 DAGs
[2025-04-04T14:53:13.693+0000] {logging_mixin.py:150} INFO - [2025-04-04T14:53:13.693+0000] {dag.py:3504} INFO - Setting next_dagrun for example_short_circuit_operator to 2025-04-03T14:53:13.693300+00:00, run_after=2025-04-04T14:53:13.693300+00:00
[2025-04-04T14:53:13.708+0000] {processor.py:179} INFO - Processing /home/vscode/.local/lib/python3.10/site-packages/airflow/example_dags/example_short_circuit_operator.py took 0.054 seconds
[2025-04-04T14:53:58.753+0000] {processor.py:157} INFO - Started process (PID=25709) to work on /home/vscode/.local/lib/python3.10/site-packages/airflow/example_dags/example_short_circuit_operator.py
[2025-04-04T14:53:58.754+0000] {processor.py:826} INFO - Processing file /home/vscode/.local/lib/python3.10/site-packages/airflow/example_dags/example_short_circuit_operator.py for tasks to queue
[2025-04-04T14:53:58.754+0000] {logging_mixin.py:150} INFO - [2025-04-04T14:53:58.754+0000] {dagbag.py:541} INFO - Filling up the DagBag from /home/vscode/.local/lib/python3.10/site-packages/airflow/example_dags/example_short_circuit_operator.py
[2025-04-04T14:53:58.761+0000] {processor.py:836} INFO - DAG(s) dict_keys(['example_short_circuit_operator']) retrieved from /home/vscode/.local/lib/python3.10/site-packages/airflow/example_dags/example_short_circuit_operator.py
[2025-04-04T14:53:58.775+0000] {logging_mixin.py:150} INFO - [2025-04-04T14:53:58.775+0000] {dag.py:2742} INFO - Sync 1 DAGs
[2025-04-04T14:53:58.789+0000] {logging_mixin.py:150} INFO - [2025-04-04T14:53:58.789+0000] {dag.py:3504} INFO - Setting next_dagrun for example_short_circuit_operator to 2025-04-03T14:53:58.789634+00:00, run_after=2025-04-04T14:53:58.789634+00:00
[2025-04-04T14:53:58.804+0000] {processor.py:179} INFO - Processing /home/vscode/.local/lib/python3.10/site-packages/airflow/example_dags/example_short_circuit_operator.py took 0.054 seconds
[2025-04-04T14:54:41.773+0000] {processor.py:157} INFO - Started process (PID=26079) to work on /home/vscode/.local/lib/python3.10/site-packages/airflow/example_dags/example_short_circuit_operator.py
[2025-04-04T14:54:41.773+0000] {processor.py:826} INFO - Processing file /home/vscode/.local/lib/python3.10/site-packages/airflow/example_dags/example_short_circuit_operator.py for tasks to queue
[2025-04-04T14:54:41.774+0000] {logging_mixin.py:150} INFO - [2025-04-04T14:54:41.774+0000] {dagbag.py:541} INFO - Filling up the DagBag from /home/vscode/.local/lib/python3.10/site-packages/airflow/example_dags/example_short_circuit_operator.py
[2025-04-04T14:54:41.781+0000] {processor.py:836} INFO - DAG(s) dict_keys(['example_short_circuit_operator']) retrieved from /home/vscode/.local/lib/python3.10/site-packages/airflow/example_dags/example_short_circuit_operator.py
[2025-04-04T14:54:41.794+0000] {logging_mixin.py:150} INFO - [2025-04-04T14:54:41.794+0000] {dag.py:2742} INFO - Sync 1 DAGs
[2025-04-04T14:54:41.809+0000] {logging_mixin.py:150} INFO - [2025-04-04T14:54:41.809+0000] {dag.py:3504} INFO - Setting next_dagrun for example_short_circuit_operator to 2025-04-03T14:54:41.808855+00:00, run_after=2025-04-04T14:54:41.808855+00:00
[2025-04-04T14:54:41.823+0000] {processor.py:179} INFO - Processing /home/vscode/.local/lib/python3.10/site-packages/airflow/example_dags/example_short_circuit_operator.py took 0.053 seconds
