[2025-04-04T14:26:59.876+0000] {processor.py:157} INFO - Started process (PID=14563) to work on /home/vscode/.local/lib/python3.10/site-packages/airflow/example_dags/example_params_trigger_ui.py
[2025-04-04T14:26:59.877+0000] {processor.py:826} INFO - Processing file /home/vscode/.local/lib/python3.10/site-packages/airflow/example_dags/example_params_trigger_ui.py for tasks to queue
[2025-04-04T14:26:59.878+0000] {logging_mixin.py:150} INFO - [2025-04-04T14:26:59.878+0000] {dagbag.py:541} INFO - Filling up the DagBag from /home/vscode/.local/lib/python3.10/site-packages/airflow/example_dags/example_params_trigger_ui.py
[2025-04-04T14:26:59.891+0000] {processor.py:836} INFO - DAG(s) dict_keys(['example_params_trigger_ui']) retrieved from /home/vscode/.local/lib/python3.10/site-packages/airflow/example_dags/example_params_trigger_ui.py
[2025-04-04T14:26:59.995+0000] {logging_mixin.py:150} INFO - [2025-04-04T14:26:59.995+0000] {manager.py:504} INFO - Created Permission View: can delete on DAG:example_params_trigger_ui
[2025-04-04T14:27:00.005+0000] {logging_mixin.py:150} INFO - [2025-04-04T14:27:00.005+0000] {manager.py:504} INFO - Created Permission View: can read on DAG:example_params_trigger_ui
[2025-04-04T14:27:00.011+0000] {logging_mixin.py:150} INFO - [2025-04-04T14:27:00.011+0000] {manager.py:504} INFO - Created Permission View: can edit on DAG:example_params_trigger_ui
[2025-04-04T14:27:00.020+0000] {logging_mixin.py:150} INFO - [2025-04-04T14:27:00.020+0000] {dag.py:2742} INFO - Sync 1 DAGs
[2025-04-04T14:27:00.027+0000] {logging_mixin.py:150} INFO - [2025-04-04T14:27:00.027+0000] {dag.py:2763} INFO - Creating ORM DAG for example_params_trigger_ui
[2025-04-04T14:27:00.034+0000] {logging_mixin.py:150} INFO - [2025-04-04T14:27:00.034+0000] {dag.py:3504} INFO - Setting next_dagrun for example_params_trigger_ui to None, run_after=None
[2025-04-04T14:27:00.050+0000] {processor.py:179} INFO - Processing /home/vscode/.local/lib/python3.10/site-packages/airflow/example_dags/example_params_trigger_ui.py took 0.176 seconds
[2025-04-04T14:27:45.263+0000] {processor.py:157} INFO - Started process (PID=14880) to work on /home/vscode/.local/lib/python3.10/site-packages/airflow/example_dags/example_params_trigger_ui.py
[2025-04-04T14:27:45.264+0000] {processor.py:826} INFO - Processing file /home/vscode/.local/lib/python3.10/site-packages/airflow/example_dags/example_params_trigger_ui.py for tasks to queue
[2025-04-04T14:27:45.265+0000] {logging_mixin.py:150} INFO - [2025-04-04T14:27:45.264+0000] {dagbag.py:541} INFO - Filling up the DagBag from /home/vscode/.local/lib/python3.10/site-packages/airflow/example_dags/example_params_trigger_ui.py
[2025-04-04T14:27:45.278+0000] {processor.py:836} INFO - DAG(s) dict_keys(['example_params_trigger_ui']) retrieved from /home/vscode/.local/lib/python3.10/site-packages/airflow/example_dags/example_params_trigger_ui.py
[2025-04-04T14:27:45.308+0000] {logging_mixin.py:150} INFO - [2025-04-04T14:27:45.308+0000] {dag.py:2742} INFO - Sync 1 DAGs
[2025-04-04T14:27:45.324+0000] {logging_mixin.py:150} INFO - [2025-04-04T14:27:45.323+0000] {dag.py:3504} INFO - Setting next_dagrun for example_params_trigger_ui to None, run_after=None
[2025-04-04T14:27:45.338+0000] {processor.py:179} INFO - Processing /home/vscode/.local/lib/python3.10/site-packages/airflow/example_dags/example_params_trigger_ui.py took 0.078 seconds
[2025-04-04T14:28:31.776+0000] {processor.py:157} INFO - Started process (PID=15268) to work on /home/vscode/.local/lib/python3.10/site-packages/airflow/example_dags/example_params_trigger_ui.py
[2025-04-04T14:28:31.777+0000] {processor.py:826} INFO - Processing file /home/vscode/.local/lib/python3.10/site-packages/airflow/example_dags/example_params_trigger_ui.py for tasks to queue
[2025-04-04T14:28:31.777+0000] {logging_mixin.py:150} INFO - [2025-04-04T14:28:31.777+0000] {dagbag.py:541} INFO - Filling up the DagBag from /home/vscode/.local/lib/python3.10/site-packages/airflow/example_dags/example_params_trigger_ui.py
[2025-04-04T14:28:31.791+0000] {processor.py:836} INFO - DAG(s) dict_keys(['example_params_trigger_ui']) retrieved from /home/vscode/.local/lib/python3.10/site-packages/airflow/example_dags/example_params_trigger_ui.py
[2025-04-04T14:28:31.821+0000] {logging_mixin.py:150} INFO - [2025-04-04T14:28:31.821+0000] {dag.py:2742} INFO - Sync 1 DAGs
[2025-04-04T14:28:31.836+0000] {logging_mixin.py:150} INFO - [2025-04-04T14:28:31.836+0000] {dag.py:3504} INFO - Setting next_dagrun for example_params_trigger_ui to None, run_after=None
[2025-04-04T14:28:31.851+0000] {processor.py:179} INFO - Processing /home/vscode/.local/lib/python3.10/site-packages/airflow/example_dags/example_params_trigger_ui.py took 0.078 seconds
[2025-04-04T14:29:16.056+0000] {processor.py:157} INFO - Started process (PID=15586) to work on /home/vscode/.local/lib/python3.10/site-packages/airflow/example_dags/example_params_trigger_ui.py
[2025-04-04T14:29:16.057+0000] {processor.py:826} INFO - Processing file /home/vscode/.local/lib/python3.10/site-packages/airflow/example_dags/example_params_trigger_ui.py for tasks to queue
[2025-04-04T14:29:16.058+0000] {logging_mixin.py:150} INFO - [2025-04-04T14:29:16.057+0000] {dagbag.py:541} INFO - Filling up the DagBag from /home/vscode/.local/lib/python3.10/site-packages/airflow/example_dags/example_params_trigger_ui.py
[2025-04-04T14:29:16.071+0000] {processor.py:836} INFO - DAG(s) dict_keys(['example_params_trigger_ui']) retrieved from /home/vscode/.local/lib/python3.10/site-packages/airflow/example_dags/example_params_trigger_ui.py
[2025-04-04T14:29:16.102+0000] {logging_mixin.py:150} INFO - [2025-04-04T14:29:16.101+0000] {dag.py:2742} INFO - Sync 1 DAGs
[2025-04-04T14:29:16.117+0000] {logging_mixin.py:150} INFO - [2025-04-04T14:29:16.116+0000] {dag.py:3504} INFO - Setting next_dagrun for example_params_trigger_ui to None, run_after=None
[2025-04-04T14:29:16.132+0000] {processor.py:179} INFO - Processing /home/vscode/.local/lib/python3.10/site-packages/airflow/example_dags/example_params_trigger_ui.py took 0.078 seconds
[2025-04-04T14:30:02.750+0000] {processor.py:157} INFO - Started process (PID=15952) to work on /home/vscode/.local/lib/python3.10/site-packages/airflow/example_dags/example_params_trigger_ui.py
[2025-04-04T14:30:02.751+0000] {processor.py:826} INFO - Processing file /home/vscode/.local/lib/python3.10/site-packages/airflow/example_dags/example_params_trigger_ui.py for tasks to queue
[2025-04-04T14:30:02.751+0000] {logging_mixin.py:150} INFO - [2025-04-04T14:30:02.751+0000] {dagbag.py:541} INFO - Filling up the DagBag from /home/vscode/.local/lib/python3.10/site-packages/airflow/example_dags/example_params_trigger_ui.py
[2025-04-04T14:30:02.765+0000] {processor.py:836} INFO - DAG(s) dict_keys(['example_params_trigger_ui']) retrieved from /home/vscode/.local/lib/python3.10/site-packages/airflow/example_dags/example_params_trigger_ui.py
[2025-04-04T14:30:02.794+0000] {logging_mixin.py:150} INFO - [2025-04-04T14:30:02.794+0000] {dag.py:2742} INFO - Sync 1 DAGs
[2025-04-04T14:30:02.808+0000] {logging_mixin.py:150} INFO - [2025-04-04T14:30:02.808+0000] {dag.py:3504} INFO - Setting next_dagrun for example_params_trigger_ui to None, run_after=None
[2025-04-04T14:30:02.823+0000] {processor.py:179} INFO - Processing /home/vscode/.local/lib/python3.10/site-packages/airflow/example_dags/example_params_trigger_ui.py took 0.076 seconds
[2025-04-04T14:46:58.283+0000] {processor.py:157} INFO - Started process (PID=22551) to work on /home/vscode/.local/lib/python3.10/site-packages/airflow/example_dags/example_params_trigger_ui.py
[2025-04-04T14:46:58.284+0000] {processor.py:826} INFO - Processing file /home/vscode/.local/lib/python3.10/site-packages/airflow/example_dags/example_params_trigger_ui.py for tasks to queue
[2025-04-04T14:46:58.285+0000] {logging_mixin.py:150} INFO - [2025-04-04T14:46:58.285+0000] {dagbag.py:541} INFO - Filling up the DagBag from /home/vscode/.local/lib/python3.10/site-packages/airflow/example_dags/example_params_trigger_ui.py
[2025-04-04T14:46:58.298+0000] {processor.py:836} INFO - DAG(s) dict_keys(['example_params_trigger_ui']) retrieved from /home/vscode/.local/lib/python3.10/site-packages/airflow/example_dags/example_params_trigger_ui.py
[2025-04-04T14:46:58.328+0000] {logging_mixin.py:150} INFO - [2025-04-04T14:46:58.328+0000] {dag.py:2742} INFO - Sync 1 DAGs
[2025-04-04T14:46:58.343+0000] {logging_mixin.py:150} INFO - [2025-04-04T14:46:58.343+0000] {dag.py:3504} INFO - Setting next_dagrun for example_params_trigger_ui to None, run_after=None
[2025-04-04T14:46:58.357+0000] {processor.py:179} INFO - Processing /home/vscode/.local/lib/python3.10/site-packages/airflow/example_dags/example_params_trigger_ui.py took 0.076 seconds
[2025-04-04T14:47:44.691+0000] {processor.py:157} INFO - Started process (PID=22982) to work on /home/vscode/.local/lib/python3.10/site-packages/airflow/example_dags/example_params_trigger_ui.py
[2025-04-04T14:47:44.691+0000] {processor.py:826} INFO - Processing file /home/vscode/.local/lib/python3.10/site-packages/airflow/example_dags/example_params_trigger_ui.py for tasks to queue
[2025-04-04T14:47:44.692+0000] {logging_mixin.py:150} INFO - [2025-04-04T14:47:44.692+0000] {dagbag.py:541} INFO - Filling up the DagBag from /home/vscode/.local/lib/python3.10/site-packages/airflow/example_dags/example_params_trigger_ui.py
[2025-04-04T14:47:44.705+0000] {processor.py:836} INFO - DAG(s) dict_keys(['example_params_trigger_ui']) retrieved from /home/vscode/.local/lib/python3.10/site-packages/airflow/example_dags/example_params_trigger_ui.py
[2025-04-04T14:47:44.735+0000] {logging_mixin.py:150} INFO - [2025-04-04T14:47:44.735+0000] {dag.py:2742} INFO - Sync 1 DAGs
[2025-04-04T14:47:44.750+0000] {logging_mixin.py:150} INFO - [2025-04-04T14:47:44.750+0000] {dag.py:3504} INFO - Setting next_dagrun for example_params_trigger_ui to None, run_after=None
[2025-04-04T14:47:44.764+0000] {processor.py:179} INFO - Processing /home/vscode/.local/lib/python3.10/site-packages/airflow/example_dags/example_params_trigger_ui.py took 0.076 seconds
[2025-04-04T14:48:29.850+0000] {processor.py:157} INFO - Started process (PID=23369) to work on /home/vscode/.local/lib/python3.10/site-packages/airflow/example_dags/example_params_trigger_ui.py
[2025-04-04T14:48:29.851+0000] {processor.py:826} INFO - Processing file /home/vscode/.local/lib/python3.10/site-packages/airflow/example_dags/example_params_trigger_ui.py for tasks to queue
[2025-04-04T14:48:29.852+0000] {logging_mixin.py:150} INFO - [2025-04-04T14:48:29.851+0000] {dagbag.py:541} INFO - Filling up the DagBag from /home/vscode/.local/lib/python3.10/site-packages/airflow/example_dags/example_params_trigger_ui.py
[2025-04-04T14:48:29.865+0000] {processor.py:836} INFO - DAG(s) dict_keys(['example_params_trigger_ui']) retrieved from /home/vscode/.local/lib/python3.10/site-packages/airflow/example_dags/example_params_trigger_ui.py
[2025-04-04T14:48:29.901+0000] {logging_mixin.py:150} INFO - [2025-04-04T14:48:29.901+0000] {dag.py:2742} INFO - Sync 1 DAGs
[2025-04-04T14:48:29.915+0000] {logging_mixin.py:150} INFO - [2025-04-04T14:48:29.915+0000] {dag.py:3504} INFO - Setting next_dagrun for example_params_trigger_ui to None, run_after=None
[2025-04-04T14:48:29.930+0000] {processor.py:179} INFO - Processing /home/vscode/.local/lib/python3.10/site-packages/airflow/example_dags/example_params_trigger_ui.py took 0.083 seconds
[2025-04-04T14:49:16.065+0000] {processor.py:157} INFO - Started process (PID=23713) to work on /home/vscode/.local/lib/python3.10/site-packages/airflow/example_dags/example_params_trigger_ui.py
[2025-04-04T14:49:16.066+0000] {processor.py:826} INFO - Processing file /home/vscode/.local/lib/python3.10/site-packages/airflow/example_dags/example_params_trigger_ui.py for tasks to queue
[2025-04-04T14:49:16.066+0000] {logging_mixin.py:150} INFO - [2025-04-04T14:49:16.066+0000] {dagbag.py:541} INFO - Filling up the DagBag from /home/vscode/.local/lib/python3.10/site-packages/airflow/example_dags/example_params_trigger_ui.py
[2025-04-04T14:49:16.079+0000] {processor.py:836} INFO - DAG(s) dict_keys(['example_params_trigger_ui']) retrieved from /home/vscode/.local/lib/python3.10/site-packages/airflow/example_dags/example_params_trigger_ui.py
[2025-04-04T14:49:16.110+0000] {logging_mixin.py:150} INFO - [2025-04-04T14:49:16.109+0000] {dag.py:2742} INFO - Sync 1 DAGs
[2025-04-04T14:49:16.124+0000] {logging_mixin.py:150} INFO - [2025-04-04T14:49:16.124+0000] {dag.py:3504} INFO - Setting next_dagrun for example_params_trigger_ui to None, run_after=None
[2025-04-04T14:49:16.139+0000] {processor.py:179} INFO - Processing /home/vscode/.local/lib/python3.10/site-packages/airflow/example_dags/example_params_trigger_ui.py took 0.077 seconds
[2025-04-04T14:49:59.308+0000] {processor.py:157} INFO - Started process (PID=24035) to work on /home/vscode/.local/lib/python3.10/site-packages/airflow/example_dags/example_params_trigger_ui.py
[2025-04-04T14:49:59.309+0000] {processor.py:826} INFO - Processing file /home/vscode/.local/lib/python3.10/site-packages/airflow/example_dags/example_params_trigger_ui.py for tasks to queue
[2025-04-04T14:49:59.309+0000] {logging_mixin.py:150} INFO - [2025-04-04T14:49:59.309+0000] {dagbag.py:541} INFO - Filling up the DagBag from /home/vscode/.local/lib/python3.10/site-packages/airflow/example_dags/example_params_trigger_ui.py
[2025-04-04T14:49:59.322+0000] {processor.py:836} INFO - DAG(s) dict_keys(['example_params_trigger_ui']) retrieved from /home/vscode/.local/lib/python3.10/site-packages/airflow/example_dags/example_params_trigger_ui.py
[2025-04-04T14:49:59.352+0000] {logging_mixin.py:150} INFO - [2025-04-04T14:49:59.352+0000] {dag.py:2742} INFO - Sync 1 DAGs
[2025-04-04T14:49:59.366+0000] {logging_mixin.py:150} INFO - [2025-04-04T14:49:59.366+0000] {dag.py:3504} INFO - Setting next_dagrun for example_params_trigger_ui to None, run_after=None
[2025-04-04T14:49:59.381+0000] {processor.py:179} INFO - Processing /home/vscode/.local/lib/python3.10/site-packages/airflow/example_dags/example_params_trigger_ui.py took 0.075 seconds
[2025-04-04T14:50:45.664+0000] {processor.py:157} INFO - Started process (PID=24393) to work on /home/vscode/.local/lib/python3.10/site-packages/airflow/example_dags/example_params_trigger_ui.py
[2025-04-04T14:50:45.665+0000] {processor.py:826} INFO - Processing file /home/vscode/.local/lib/python3.10/site-packages/airflow/example_dags/example_params_trigger_ui.py for tasks to queue
[2025-04-04T14:50:45.666+0000] {logging_mixin.py:150} INFO - [2025-04-04T14:50:45.666+0000] {dagbag.py:541} INFO - Filling up the DagBag from /home/vscode/.local/lib/python3.10/site-packages/airflow/example_dags/example_params_trigger_ui.py
[2025-04-04T14:50:45.679+0000] {processor.py:836} INFO - DAG(s) dict_keys(['example_params_trigger_ui']) retrieved from /home/vscode/.local/lib/python3.10/site-packages/airflow/example_dags/example_params_trigger_ui.py
[2025-04-04T14:50:45.708+0000] {logging_mixin.py:150} INFO - [2025-04-04T14:50:45.708+0000] {dag.py:2742} INFO - Sync 1 DAGs
[2025-04-04T14:50:45.723+0000] {logging_mixin.py:150} INFO - [2025-04-04T14:50:45.722+0000] {dag.py:3504} INFO - Setting next_dagrun for example_params_trigger_ui to None, run_after=None
[2025-04-04T14:50:45.737+0000] {processor.py:179} INFO - Processing /home/vscode/.local/lib/python3.10/site-packages/airflow/example_dags/example_params_trigger_ui.py took 0.076 seconds
[2025-04-04T14:51:28.206+0000] {processor.py:157} INFO - Started process (PID=24699) to work on /home/vscode/.local/lib/python3.10/site-packages/airflow/example_dags/example_params_trigger_ui.py
[2025-04-04T14:51:28.206+0000] {processor.py:826} INFO - Processing file /home/vscode/.local/lib/python3.10/site-packages/airflow/example_dags/example_params_trigger_ui.py for tasks to queue
[2025-04-04T14:51:28.207+0000] {logging_mixin.py:150} INFO - [2025-04-04T14:51:28.207+0000] {dagbag.py:541} INFO - Filling up the DagBag from /home/vscode/.local/lib/python3.10/site-packages/airflow/example_dags/example_params_trigger_ui.py
[2025-04-04T14:51:28.220+0000] {processor.py:836} INFO - DAG(s) dict_keys(['example_params_trigger_ui']) retrieved from /home/vscode/.local/lib/python3.10/site-packages/airflow/example_dags/example_params_trigger_ui.py
[2025-04-04T14:51:28.249+0000] {logging_mixin.py:150} INFO - [2025-04-04T14:51:28.249+0000] {dag.py:2742} INFO - Sync 1 DAGs
[2025-04-04T14:51:28.263+0000] {logging_mixin.py:150} INFO - [2025-04-04T14:51:28.263+0000] {dag.py:3504} INFO - Setting next_dagrun for example_params_trigger_ui to None, run_after=None
[2025-04-04T14:51:28.278+0000] {processor.py:179} INFO - Processing /home/vscode/.local/lib/python3.10/site-packages/airflow/example_dags/example_params_trigger_ui.py took 0.075 seconds
[2025-04-04T14:52:12.010+0000] {processor.py:157} INFO - Started process (PID=24999) to work on /home/vscode/.local/lib/python3.10/site-packages/airflow/example_dags/example_params_trigger_ui.py
[2025-04-04T14:52:12.010+0000] {processor.py:826} INFO - Processing file /home/vscode/.local/lib/python3.10/site-packages/airflow/example_dags/example_params_trigger_ui.py for tasks to queue
[2025-04-04T14:52:12.011+0000] {logging_mixin.py:150} INFO - [2025-04-04T14:52:12.011+0000] {dagbag.py:541} INFO - Filling up the DagBag from /home/vscode/.local/lib/python3.10/site-packages/airflow/example_dags/example_params_trigger_ui.py
[2025-04-04T14:52:12.024+0000] {processor.py:836} INFO - DAG(s) dict_keys(['example_params_trigger_ui']) retrieved from /home/vscode/.local/lib/python3.10/site-packages/airflow/example_dags/example_params_trigger_ui.py
[2025-04-04T14:52:12.055+0000] {logging_mixin.py:150} INFO - [2025-04-04T14:52:12.055+0000] {dag.py:2742} INFO - Sync 1 DAGs
[2025-04-04T14:52:12.069+0000] {logging_mixin.py:150} INFO - [2025-04-04T14:52:12.069+0000] {dag.py:3504} INFO - Setting next_dagrun for example_params_trigger_ui to None, run_after=None
[2025-04-04T14:52:12.083+0000] {processor.py:179} INFO - Processing /home/vscode/.local/lib/python3.10/site-packages/airflow/example_dags/example_params_trigger_ui.py took 0.076 seconds
[2025-04-04T14:52:57.103+0000] {processor.py:157} INFO - Started process (PID=25302) to work on /home/vscode/.local/lib/python3.10/site-packages/airflow/example_dags/example_params_trigger_ui.py
[2025-04-04T14:52:57.103+0000] {processor.py:826} INFO - Processing file /home/vscode/.local/lib/python3.10/site-packages/airflow/example_dags/example_params_trigger_ui.py for tasks to queue
[2025-04-04T14:52:57.104+0000] {logging_mixin.py:150} INFO - [2025-04-04T14:52:57.104+0000] {dagbag.py:541} INFO - Filling up the DagBag from /home/vscode/.local/lib/python3.10/site-packages/airflow/example_dags/example_params_trigger_ui.py
[2025-04-04T14:52:57.117+0000] {processor.py:836} INFO - DAG(s) dict_keys(['example_params_trigger_ui']) retrieved from /home/vscode/.local/lib/python3.10/site-packages/airflow/example_dags/example_params_trigger_ui.py
[2025-04-04T14:52:57.147+0000] {logging_mixin.py:150} INFO - [2025-04-04T14:52:57.147+0000] {dag.py:2742} INFO - Sync 1 DAGs
[2025-04-04T14:52:57.162+0000] {logging_mixin.py:150} INFO - [2025-04-04T14:52:57.162+0000] {dag.py:3504} INFO - Setting next_dagrun for example_params_trigger_ui to None, run_after=None
[2025-04-04T14:52:57.176+0000] {processor.py:179} INFO - Processing /home/vscode/.local/lib/python3.10/site-packages/airflow/example_dags/example_params_trigger_ui.py took 0.076 seconds
[2025-04-04T14:53:44.485+0000] {processor.py:157} INFO - Started process (PID=25613) to work on /home/vscode/.local/lib/python3.10/site-packages/airflow/example_dags/example_params_trigger_ui.py
[2025-04-04T14:53:44.486+0000] {processor.py:826} INFO - Processing file /home/vscode/.local/lib/python3.10/site-packages/airflow/example_dags/example_params_trigger_ui.py for tasks to queue
[2025-04-04T14:53:44.487+0000] {logging_mixin.py:150} INFO - [2025-04-04T14:53:44.486+0000] {dagbag.py:541} INFO - Filling up the DagBag from /home/vscode/.local/lib/python3.10/site-packages/airflow/example_dags/example_params_trigger_ui.py
[2025-04-04T14:53:44.505+0000] {processor.py:836} INFO - DAG(s) dict_keys(['example_params_trigger_ui']) retrieved from /home/vscode/.local/lib/python3.10/site-packages/airflow/example_dags/example_params_trigger_ui.py
[2025-04-04T14:53:44.557+0000] {logging_mixin.py:150} INFO - [2025-04-04T14:53:44.557+0000] {dag.py:2742} INFO - Sync 1 DAGs
[2025-04-04T14:53:44.573+0000] {logging_mixin.py:150} INFO - [2025-04-04T14:53:44.572+0000] {dag.py:3504} INFO - Setting next_dagrun for example_params_trigger_ui to None, run_after=None
[2025-04-04T14:53:44.587+0000] {processor.py:179} INFO - Processing /home/vscode/.local/lib/python3.10/site-packages/airflow/example_dags/example_params_trigger_ui.py took 0.105 seconds
[2025-04-04T14:54:28.462+0000] {processor.py:157} INFO - Started process (PID=25944) to work on /home/vscode/.local/lib/python3.10/site-packages/airflow/example_dags/example_params_trigger_ui.py
[2025-04-04T14:54:28.463+0000] {processor.py:826} INFO - Processing file /home/vscode/.local/lib/python3.10/site-packages/airflow/example_dags/example_params_trigger_ui.py for tasks to queue
[2025-04-04T14:54:28.464+0000] {logging_mixin.py:150} INFO - [2025-04-04T14:54:28.463+0000] {dagbag.py:541} INFO - Filling up the DagBag from /home/vscode/.local/lib/python3.10/site-packages/airflow/example_dags/example_params_trigger_ui.py
[2025-04-04T14:54:28.477+0000] {processor.py:836} INFO - DAG(s) dict_keys(['example_params_trigger_ui']) retrieved from /home/vscode/.local/lib/python3.10/site-packages/airflow/example_dags/example_params_trigger_ui.py
[2025-04-04T14:54:28.509+0000] {logging_mixin.py:150} INFO - [2025-04-04T14:54:28.509+0000] {dag.py:2742} INFO - Sync 1 DAGs
[2025-04-04T14:54:28.523+0000] {logging_mixin.py:150} INFO - [2025-04-04T14:54:28.523+0000] {dag.py:3504} INFO - Setting next_dagrun for example_params_trigger_ui to None, run_after=None
[2025-04-04T14:54:28.537+0000] {processor.py:179} INFO - Processing /home/vscode/.local/lib/python3.10/site-packages/airflow/example_dags/example_params_trigger_ui.py took 0.078 seconds
