[2025-04-04T14:26:41.587+0000] {processor.py:157} INFO - Started process (PID=14445) to work on /home/vscode/.local/lib/python3.10/site-packages/airflow/example_dags/tutorial_taskflow_api_virtualenv.py
[2025-04-04T14:26:41.588+0000] {processor.py:826} INFO - Processing file /home/vscode/.local/lib/python3.10/site-packages/airflow/example_dags/tutorial_taskflow_api_virtualenv.py for tasks to queue
[2025-04-04T14:26:41.589+0000] {logging_mixin.py:150} INFO - [2025-04-04T14:26:41.588+0000] {dagbag.py:541} INFO - Filling up the DagBag from /home/vscode/.local/lib/python3.10/site-packages/airflow/example_dags/tutorial_taskflow_api_virtualenv.py
[2025-04-04T14:26:41.596+0000] {processor.py:836} INFO - DAG(s) dict_keys(['tutorial_taskflow_api_virtualenv']) retrieved from /home/vscode/.local/lib/python3.10/site-packages/airflow/example_dags/tutorial_taskflow_api_virtualenv.py
[2025-04-04T14:26:41.675+0000] {logging_mixin.py:150} INFO - [2025-04-04T14:26:41.675+0000] {manager.py:504} INFO - Created Permission View: can delete on DAG:tutorial_taskflow_api_virtualenv
[2025-04-04T14:26:41.683+0000] {logging_mixin.py:150} INFO - [2025-04-04T14:26:41.683+0000] {manager.py:504} INFO - Created Permission View: can read on DAG:tutorial_taskflow_api_virtualenv
[2025-04-04T14:26:41.688+0000] {logging_mixin.py:150} INFO - [2025-04-04T14:26:41.688+0000] {manager.py:504} INFO - Created Permission View: can edit on DAG:tutorial_taskflow_api_virtualenv
[2025-04-04T14:26:41.698+0000] {logging_mixin.py:150} INFO - [2025-04-04T14:26:41.698+0000] {dag.py:2742} INFO - Sync 1 DAGs
[2025-04-04T14:26:41.711+0000] {logging_mixin.py:150} INFO - [2025-04-04T14:26:41.711+0000] {dag.py:2763} INFO - Creating ORM DAG for tutorial_taskflow_api_virtualenv
[2025-04-04T14:26:41.721+0000] {logging_mixin.py:150} INFO - [2025-04-04T14:26:41.721+0000] {dag.py:3504} INFO - Setting next_dagrun for tutorial_taskflow_api_virtualenv to None, run_after=None
[2025-04-04T14:26:41.736+0000] {processor.py:179} INFO - Processing /home/vscode/.local/lib/python3.10/site-packages/airflow/example_dags/tutorial_taskflow_api_virtualenv.py took 0.152 seconds
[2025-04-04T14:27:28.706+0000] {processor.py:157} INFO - Started process (PID=14760) to work on /home/vscode/.local/lib/python3.10/site-packages/airflow/example_dags/tutorial_taskflow_api_virtualenv.py
[2025-04-04T14:27:28.707+0000] {processor.py:826} INFO - Processing file /home/vscode/.local/lib/python3.10/site-packages/airflow/example_dags/tutorial_taskflow_api_virtualenv.py for tasks to queue
[2025-04-04T14:27:28.708+0000] {logging_mixin.py:150} INFO - [2025-04-04T14:27:28.707+0000] {dagbag.py:541} INFO - Filling up the DagBag from /home/vscode/.local/lib/python3.10/site-packages/airflow/example_dags/tutorial_taskflow_api_virtualenv.py
[2025-04-04T14:27:28.714+0000] {processor.py:836} INFO - DAG(s) dict_keys(['tutorial_taskflow_api_virtualenv']) retrieved from /home/vscode/.local/lib/python3.10/site-packages/airflow/example_dags/tutorial_taskflow_api_virtualenv.py
[2025-04-04T14:27:28.728+0000] {logging_mixin.py:150} INFO - [2025-04-04T14:27:28.727+0000] {dag.py:2742} INFO - Sync 1 DAGs
[2025-04-04T14:27:28.742+0000] {logging_mixin.py:150} INFO - [2025-04-04T14:27:28.742+0000] {dag.py:3504} INFO - Setting next_dagrun for tutorial_taskflow_api_virtualenv to None, run_after=None
[2025-04-04T14:27:28.757+0000] {processor.py:179} INFO - Processing /home/vscode/.local/lib/python3.10/site-packages/airflow/example_dags/tutorial_taskflow_api_virtualenv.py took 0.053 seconds
[2025-04-04T14:28:12.940+0000] {processor.py:157} INFO - Started process (PID=15124) to work on /home/vscode/.local/lib/python3.10/site-packages/airflow/example_dags/tutorial_taskflow_api_virtualenv.py
[2025-04-04T14:28:12.941+0000] {processor.py:826} INFO - Processing file /home/vscode/.local/lib/python3.10/site-packages/airflow/example_dags/tutorial_taskflow_api_virtualenv.py for tasks to queue
[2025-04-04T14:28:12.941+0000] {logging_mixin.py:150} INFO - [2025-04-04T14:28:12.941+0000] {dagbag.py:541} INFO - Filling up the DagBag from /home/vscode/.local/lib/python3.10/site-packages/airflow/example_dags/tutorial_taskflow_api_virtualenv.py
[2025-04-04T14:28:12.947+0000] {processor.py:836} INFO - DAG(s) dict_keys(['tutorial_taskflow_api_virtualenv']) retrieved from /home/vscode/.local/lib/python3.10/site-packages/airflow/example_dags/tutorial_taskflow_api_virtualenv.py
[2025-04-04T14:28:12.960+0000] {logging_mixin.py:150} INFO - [2025-04-04T14:28:12.960+0000] {dag.py:2742} INFO - Sync 1 DAGs
[2025-04-04T14:28:12.975+0000] {logging_mixin.py:150} INFO - [2025-04-04T14:28:12.975+0000] {dag.py:3504} INFO - Setting next_dagrun for tutorial_taskflow_api_virtualenv to None, run_after=None
[2025-04-04T14:28:12.990+0000] {processor.py:179} INFO - Processing /home/vscode/.local/lib/python3.10/site-packages/airflow/example_dags/tutorial_taskflow_api_virtualenv.py took 0.053 seconds
[2025-04-04T14:28:57.134+0000] {processor.py:157} INFO - Started process (PID=15450) to work on /home/vscode/.local/lib/python3.10/site-packages/airflow/example_dags/tutorial_taskflow_api_virtualenv.py
[2025-04-04T14:28:57.135+0000] {processor.py:826} INFO - Processing file /home/vscode/.local/lib/python3.10/site-packages/airflow/example_dags/tutorial_taskflow_api_virtualenv.py for tasks to queue
[2025-04-04T14:28:57.136+0000] {logging_mixin.py:150} INFO - [2025-04-04T14:28:57.135+0000] {dagbag.py:541} INFO - Filling up the DagBag from /home/vscode/.local/lib/python3.10/site-packages/airflow/example_dags/tutorial_taskflow_api_virtualenv.py
[2025-04-04T14:28:57.141+0000] {processor.py:836} INFO - DAG(s) dict_keys(['tutorial_taskflow_api_virtualenv']) retrieved from /home/vscode/.local/lib/python3.10/site-packages/airflow/example_dags/tutorial_taskflow_api_virtualenv.py
[2025-04-04T14:28:57.154+0000] {logging_mixin.py:150} INFO - [2025-04-04T14:28:57.154+0000] {dag.py:2742} INFO - Sync 1 DAGs
[2025-04-04T14:28:57.168+0000] {logging_mixin.py:150} INFO - [2025-04-04T14:28:57.168+0000] {dag.py:3504} INFO - Setting next_dagrun for tutorial_taskflow_api_virtualenv to None, run_after=None
[2025-04-04T14:28:57.185+0000] {processor.py:179} INFO - Processing /home/vscode/.local/lib/python3.10/site-packages/airflow/example_dags/tutorial_taskflow_api_virtualenv.py took 0.053 seconds
[2025-04-04T14:29:41.591+0000] {processor.py:157} INFO - Started process (PID=15801) to work on /home/vscode/.local/lib/python3.10/site-packages/airflow/example_dags/tutorial_taskflow_api_virtualenv.py
[2025-04-04T14:29:41.592+0000] {processor.py:826} INFO - Processing file /home/vscode/.local/lib/python3.10/site-packages/airflow/example_dags/tutorial_taskflow_api_virtualenv.py for tasks to queue
[2025-04-04T14:29:41.592+0000] {logging_mixin.py:150} INFO - [2025-04-04T14:29:41.592+0000] {dagbag.py:541} INFO - Filling up the DagBag from /home/vscode/.local/lib/python3.10/site-packages/airflow/example_dags/tutorial_taskflow_api_virtualenv.py
[2025-04-04T14:29:41.598+0000] {processor.py:836} INFO - DAG(s) dict_keys(['tutorial_taskflow_api_virtualenv']) retrieved from /home/vscode/.local/lib/python3.10/site-packages/airflow/example_dags/tutorial_taskflow_api_virtualenv.py
[2025-04-04T14:29:41.611+0000] {logging_mixin.py:150} INFO - [2025-04-04T14:29:41.611+0000] {dag.py:2742} INFO - Sync 1 DAGs
[2025-04-04T14:29:41.626+0000] {logging_mixin.py:150} INFO - [2025-04-04T14:29:41.626+0000] {dag.py:3504} INFO - Setting next_dagrun for tutorial_taskflow_api_virtualenv to None, run_after=None
[2025-04-04T14:29:41.640+0000] {processor.py:179} INFO - Processing /home/vscode/.local/lib/python3.10/site-packages/airflow/example_dags/tutorial_taskflow_api_virtualenv.py took 0.052 seconds
[2025-04-04T14:30:29.543+0000] {processor.py:157} INFO - Started process (PID=16178) to work on /home/vscode/.local/lib/python3.10/site-packages/airflow/example_dags/tutorial_taskflow_api_virtualenv.py
[2025-04-04T14:30:29.544+0000] {processor.py:826} INFO - Processing file /home/vscode/.local/lib/python3.10/site-packages/airflow/example_dags/tutorial_taskflow_api_virtualenv.py for tasks to queue
[2025-04-04T14:30:29.544+0000] {logging_mixin.py:150} INFO - [2025-04-04T14:30:29.544+0000] {dagbag.py:541} INFO - Filling up the DagBag from /home/vscode/.local/lib/python3.10/site-packages/airflow/example_dags/tutorial_taskflow_api_virtualenv.py
[2025-04-04T14:30:29.550+0000] {processor.py:836} INFO - DAG(s) dict_keys(['tutorial_taskflow_api_virtualenv']) retrieved from /home/vscode/.local/lib/python3.10/site-packages/airflow/example_dags/tutorial_taskflow_api_virtualenv.py
[2025-04-04T14:30:29.563+0000] {logging_mixin.py:150} INFO - [2025-04-04T14:30:29.563+0000] {dag.py:2742} INFO - Sync 1 DAGs
[2025-04-04T14:30:29.578+0000] {logging_mixin.py:150} INFO - [2025-04-04T14:30:29.578+0000] {dag.py:3504} INFO - Setting next_dagrun for tutorial_taskflow_api_virtualenv to None, run_after=None
[2025-04-04T14:30:29.593+0000] {processor.py:179} INFO - Processing /home/vscode/.local/lib/python3.10/site-packages/airflow/example_dags/tutorial_taskflow_api_virtualenv.py took 0.053 seconds
[2025-04-04T14:46:42.867+0000] {processor.py:157} INFO - Started process (PID=22433) to work on /home/vscode/.local/lib/python3.10/site-packages/airflow/example_dags/tutorial_taskflow_api_virtualenv.py
[2025-04-04T14:46:42.868+0000] {processor.py:826} INFO - Processing file /home/vscode/.local/lib/python3.10/site-packages/airflow/example_dags/tutorial_taskflow_api_virtualenv.py for tasks to queue
[2025-04-04T14:46:42.869+0000] {logging_mixin.py:150} INFO - [2025-04-04T14:46:42.869+0000] {dagbag.py:541} INFO - Filling up the DagBag from /home/vscode/.local/lib/python3.10/site-packages/airflow/example_dags/tutorial_taskflow_api_virtualenv.py
[2025-04-04T14:46:42.877+0000] {processor.py:836} INFO - DAG(s) dict_keys(['tutorial_taskflow_api_virtualenv']) retrieved from /home/vscode/.local/lib/python3.10/site-packages/airflow/example_dags/tutorial_taskflow_api_virtualenv.py
[2025-04-04T14:46:42.895+0000] {logging_mixin.py:150} INFO - [2025-04-04T14:46:42.895+0000] {dag.py:2742} INFO - Sync 1 DAGs
[2025-04-04T14:46:42.910+0000] {logging_mixin.py:150} INFO - [2025-04-04T14:46:42.910+0000] {dag.py:3504} INFO - Setting next_dagrun for tutorial_taskflow_api_virtualenv to None, run_after=None
[2025-04-04T14:46:42.925+0000] {processor.py:179} INFO - Processing /home/vscode/.local/lib/python3.10/site-packages/airflow/example_dags/tutorial_taskflow_api_virtualenv.py took 0.060 seconds
[2025-04-04T14:47:27.001+0000] {processor.py:157} INFO - Started process (PID=22756) to work on /home/vscode/.local/lib/python3.10/site-packages/airflow/example_dags/tutorial_taskflow_api_virtualenv.py
[2025-04-04T14:47:27.002+0000] {processor.py:826} INFO - Processing file /home/vscode/.local/lib/python3.10/site-packages/airflow/example_dags/tutorial_taskflow_api_virtualenv.py for tasks to queue
[2025-04-04T14:47:27.003+0000] {logging_mixin.py:150} INFO - [2025-04-04T14:47:27.002+0000] {dagbag.py:541} INFO - Filling up the DagBag from /home/vscode/.local/lib/python3.10/site-packages/airflow/example_dags/tutorial_taskflow_api_virtualenv.py
[2025-04-04T14:47:27.009+0000] {processor.py:836} INFO - DAG(s) dict_keys(['tutorial_taskflow_api_virtualenv']) retrieved from /home/vscode/.local/lib/python3.10/site-packages/airflow/example_dags/tutorial_taskflow_api_virtualenv.py
[2025-04-04T14:47:27.022+0000] {logging_mixin.py:150} INFO - [2025-04-04T14:47:27.022+0000] {dag.py:2742} INFO - Sync 1 DAGs
[2025-04-04T14:47:27.036+0000] {logging_mixin.py:150} INFO - [2025-04-04T14:47:27.036+0000] {dag.py:3504} INFO - Setting next_dagrun for tutorial_taskflow_api_virtualenv to None, run_after=None
[2025-04-04T14:47:27.052+0000] {processor.py:179} INFO - Processing /home/vscode/.local/lib/python3.10/site-packages/airflow/example_dags/tutorial_taskflow_api_virtualenv.py took 0.054 seconds
[2025-04-04T14:48:11.561+0000] {processor.py:157} INFO - Started process (PID=23232) to work on /home/vscode/.local/lib/python3.10/site-packages/airflow/example_dags/tutorial_taskflow_api_virtualenv.py
[2025-04-04T14:48:11.562+0000] {processor.py:826} INFO - Processing file /home/vscode/.local/lib/python3.10/site-packages/airflow/example_dags/tutorial_taskflow_api_virtualenv.py for tasks to queue
[2025-04-04T14:48:11.563+0000] {logging_mixin.py:150} INFO - [2025-04-04T14:48:11.563+0000] {dagbag.py:541} INFO - Filling up the DagBag from /home/vscode/.local/lib/python3.10/site-packages/airflow/example_dags/tutorial_taskflow_api_virtualenv.py
[2025-04-04T14:48:11.568+0000] {processor.py:836} INFO - DAG(s) dict_keys(['tutorial_taskflow_api_virtualenv']) retrieved from /home/vscode/.local/lib/python3.10/site-packages/airflow/example_dags/tutorial_taskflow_api_virtualenv.py
[2025-04-04T14:48:11.581+0000] {logging_mixin.py:150} INFO - [2025-04-04T14:48:11.581+0000] {dag.py:2742} INFO - Sync 1 DAGs
[2025-04-04T14:48:11.595+0000] {logging_mixin.py:150} INFO - [2025-04-04T14:48:11.595+0000] {dag.py:3504} INFO - Setting next_dagrun for tutorial_taskflow_api_virtualenv to None, run_after=None
[2025-04-04T14:48:11.611+0000] {processor.py:179} INFO - Processing /home/vscode/.local/lib/python3.10/site-packages/airflow/example_dags/tutorial_taskflow_api_virtualenv.py took 0.052 seconds
[2025-04-04T14:48:55.553+0000] {processor.py:157} INFO - Started process (PID=23562) to work on /home/vscode/.local/lib/python3.10/site-packages/airflow/example_dags/tutorial_taskflow_api_virtualenv.py
[2025-04-04T14:48:55.554+0000] {processor.py:826} INFO - Processing file /home/vscode/.local/lib/python3.10/site-packages/airflow/example_dags/tutorial_taskflow_api_virtualenv.py for tasks to queue
[2025-04-04T14:48:55.554+0000] {logging_mixin.py:150} INFO - [2025-04-04T14:48:55.554+0000] {dagbag.py:541} INFO - Filling up the DagBag from /home/vscode/.local/lib/python3.10/site-packages/airflow/example_dags/tutorial_taskflow_api_virtualenv.py
[2025-04-04T14:48:55.560+0000] {processor.py:836} INFO - DAG(s) dict_keys(['tutorial_taskflow_api_virtualenv']) retrieved from /home/vscode/.local/lib/python3.10/site-packages/airflow/example_dags/tutorial_taskflow_api_virtualenv.py
[2025-04-04T14:48:55.574+0000] {logging_mixin.py:150} INFO - [2025-04-04T14:48:55.574+0000] {dag.py:2742} INFO - Sync 1 DAGs
[2025-04-04T14:48:55.588+0000] {logging_mixin.py:150} INFO - [2025-04-04T14:48:55.587+0000] {dag.py:3504} INFO - Setting next_dagrun for tutorial_taskflow_api_virtualenv to None, run_after=None
[2025-04-04T14:48:55.602+0000] {processor.py:179} INFO - Processing /home/vscode/.local/lib/python3.10/site-packages/airflow/example_dags/tutorial_taskflow_api_virtualenv.py took 0.052 seconds
[2025-04-04T14:49:41.848+0000] {processor.py:157} INFO - Started process (PID=23907) to work on /home/vscode/.local/lib/python3.10/site-packages/airflow/example_dags/tutorial_taskflow_api_virtualenv.py
[2025-04-04T14:49:41.849+0000] {processor.py:826} INFO - Processing file /home/vscode/.local/lib/python3.10/site-packages/airflow/example_dags/tutorial_taskflow_api_virtualenv.py for tasks to queue
[2025-04-04T14:49:41.850+0000] {logging_mixin.py:150} INFO - [2025-04-04T14:49:41.849+0000] {dagbag.py:541} INFO - Filling up the DagBag from /home/vscode/.local/lib/python3.10/site-packages/airflow/example_dags/tutorial_taskflow_api_virtualenv.py
[2025-04-04T14:49:41.855+0000] {processor.py:836} INFO - DAG(s) dict_keys(['tutorial_taskflow_api_virtualenv']) retrieved from /home/vscode/.local/lib/python3.10/site-packages/airflow/example_dags/tutorial_taskflow_api_virtualenv.py
[2025-04-04T14:49:41.868+0000] {logging_mixin.py:150} INFO - [2025-04-04T14:49:41.868+0000] {dag.py:2742} INFO - Sync 1 DAGs
[2025-04-04T14:49:41.882+0000] {logging_mixin.py:150} INFO - [2025-04-04T14:49:41.882+0000] {dag.py:3504} INFO - Setting next_dagrun for tutorial_taskflow_api_virtualenv to None, run_after=None
[2025-04-04T14:49:41.896+0000] {processor.py:179} INFO - Processing /home/vscode/.local/lib/python3.10/site-packages/airflow/example_dags/tutorial_taskflow_api_virtualenv.py took 0.050 seconds
[2025-04-04T14:50:25.711+0000] {processor.py:157} INFO - Started process (PID=24247) to work on /home/vscode/.local/lib/python3.10/site-packages/airflow/example_dags/tutorial_taskflow_api_virtualenv.py
[2025-04-04T14:50:25.712+0000] {processor.py:826} INFO - Processing file /home/vscode/.local/lib/python3.10/site-packages/airflow/example_dags/tutorial_taskflow_api_virtualenv.py for tasks to queue
[2025-04-04T14:50:25.713+0000] {logging_mixin.py:150} INFO - [2025-04-04T14:50:25.713+0000] {dagbag.py:541} INFO - Filling up the DagBag from /home/vscode/.local/lib/python3.10/site-packages/airflow/example_dags/tutorial_taskflow_api_virtualenv.py
[2025-04-04T14:50:25.719+0000] {processor.py:836} INFO - DAG(s) dict_keys(['tutorial_taskflow_api_virtualenv']) retrieved from /home/vscode/.local/lib/python3.10/site-packages/airflow/example_dags/tutorial_taskflow_api_virtualenv.py
[2025-04-04T14:50:25.732+0000] {logging_mixin.py:150} INFO - [2025-04-04T14:50:25.732+0000] {dag.py:2742} INFO - Sync 1 DAGs
[2025-04-04T14:50:25.746+0000] {logging_mixin.py:150} INFO - [2025-04-04T14:50:25.746+0000] {dag.py:3504} INFO - Setting next_dagrun for tutorial_taskflow_api_virtualenv to None, run_after=None
[2025-04-04T14:50:25.761+0000] {processor.py:179} INFO - Processing /home/vscode/.local/lib/python3.10/site-packages/airflow/example_dags/tutorial_taskflow_api_virtualenv.py took 0.053 seconds
[2025-04-04T14:51:09.069+0000] {processor.py:157} INFO - Started process (PID=24574) to work on /home/vscode/.local/lib/python3.10/site-packages/airflow/example_dags/tutorial_taskflow_api_virtualenv.py
[2025-04-04T14:51:09.070+0000] {processor.py:826} INFO - Processing file /home/vscode/.local/lib/python3.10/site-packages/airflow/example_dags/tutorial_taskflow_api_virtualenv.py for tasks to queue
[2025-04-04T14:51:09.070+0000] {logging_mixin.py:150} INFO - [2025-04-04T14:51:09.070+0000] {dagbag.py:541} INFO - Filling up the DagBag from /home/vscode/.local/lib/python3.10/site-packages/airflow/example_dags/tutorial_taskflow_api_virtualenv.py
[2025-04-04T14:51:09.076+0000] {processor.py:836} INFO - DAG(s) dict_keys(['tutorial_taskflow_api_virtualenv']) retrieved from /home/vscode/.local/lib/python3.10/site-packages/airflow/example_dags/tutorial_taskflow_api_virtualenv.py
[2025-04-04T14:51:09.089+0000] {logging_mixin.py:150} INFO - [2025-04-04T14:51:09.089+0000] {dag.py:2742} INFO - Sync 1 DAGs
[2025-04-04T14:51:09.103+0000] {logging_mixin.py:150} INFO - [2025-04-04T14:51:09.103+0000] {dag.py:3504} INFO - Setting next_dagrun for tutorial_taskflow_api_virtualenv to None, run_after=None
[2025-04-04T14:51:09.117+0000] {processor.py:179} INFO - Processing /home/vscode/.local/lib/python3.10/site-packages/airflow/example_dags/tutorial_taskflow_api_virtualenv.py took 0.051 seconds
[2025-04-04T14:51:54.328+0000] {processor.py:157} INFO - Started process (PID=24878) to work on /home/vscode/.local/lib/python3.10/site-packages/airflow/example_dags/tutorial_taskflow_api_virtualenv.py
[2025-04-04T14:51:54.328+0000] {processor.py:826} INFO - Processing file /home/vscode/.local/lib/python3.10/site-packages/airflow/example_dags/tutorial_taskflow_api_virtualenv.py for tasks to queue
[2025-04-04T14:51:54.329+0000] {logging_mixin.py:150} INFO - [2025-04-04T14:51:54.329+0000] {dagbag.py:541} INFO - Filling up the DagBag from /home/vscode/.local/lib/python3.10/site-packages/airflow/example_dags/tutorial_taskflow_api_virtualenv.py
[2025-04-04T14:51:54.335+0000] {processor.py:836} INFO - DAG(s) dict_keys(['tutorial_taskflow_api_virtualenv']) retrieved from /home/vscode/.local/lib/python3.10/site-packages/airflow/example_dags/tutorial_taskflow_api_virtualenv.py
[2025-04-04T14:51:54.348+0000] {logging_mixin.py:150} INFO - [2025-04-04T14:51:54.347+0000] {dag.py:2742} INFO - Sync 1 DAGs
[2025-04-04T14:51:54.362+0000] {logging_mixin.py:150} INFO - [2025-04-04T14:51:54.362+0000] {dag.py:3504} INFO - Setting next_dagrun for tutorial_taskflow_api_virtualenv to None, run_after=None
[2025-04-04T14:51:54.377+0000] {processor.py:179} INFO - Processing /home/vscode/.local/lib/python3.10/site-packages/airflow/example_dags/tutorial_taskflow_api_virtualenv.py took 0.052 seconds
[2025-04-04T14:52:34.295+0000] {processor.py:157} INFO - Started process (PID=25153) to work on /home/vscode/.local/lib/python3.10/site-packages/airflow/example_dags/tutorial_taskflow_api_virtualenv.py
[2025-04-04T14:52:34.296+0000] {processor.py:826} INFO - Processing file /home/vscode/.local/lib/python3.10/site-packages/airflow/example_dags/tutorial_taskflow_api_virtualenv.py for tasks to queue
[2025-04-04T14:52:34.297+0000] {logging_mixin.py:150} INFO - [2025-04-04T14:52:34.296+0000] {dagbag.py:541} INFO - Filling up the DagBag from /home/vscode/.local/lib/python3.10/site-packages/airflow/example_dags/tutorial_taskflow_api_virtualenv.py
[2025-04-04T14:52:34.302+0000] {processor.py:836} INFO - DAG(s) dict_keys(['tutorial_taskflow_api_virtualenv']) retrieved from /home/vscode/.local/lib/python3.10/site-packages/airflow/example_dags/tutorial_taskflow_api_virtualenv.py
[2025-04-04T14:52:34.315+0000] {logging_mixin.py:150} INFO - [2025-04-04T14:52:34.315+0000] {dag.py:2742} INFO - Sync 1 DAGs
[2025-04-04T14:52:34.329+0000] {logging_mixin.py:150} INFO - [2025-04-04T14:52:34.328+0000] {dag.py:3504} INFO - Setting next_dagrun for tutorial_taskflow_api_virtualenv to None, run_after=None
[2025-04-04T14:52:34.344+0000] {processor.py:179} INFO - Processing /home/vscode/.local/lib/python3.10/site-packages/airflow/example_dags/tutorial_taskflow_api_virtualenv.py took 0.052 seconds
[2025-04-04T14:53:10.255+0000] {processor.py:157} INFO - Started process (PID=25389) to work on /home/vscode/.local/lib/python3.10/site-packages/airflow/example_dags/tutorial_taskflow_api_virtualenv.py
[2025-04-04T14:53:10.255+0000] {processor.py:826} INFO - Processing file /home/vscode/.local/lib/python3.10/site-packages/airflow/example_dags/tutorial_taskflow_api_virtualenv.py for tasks to queue
[2025-04-04T14:53:10.256+0000] {logging_mixin.py:150} INFO - [2025-04-04T14:53:10.256+0000] {dagbag.py:541} INFO - Filling up the DagBag from /home/vscode/.local/lib/python3.10/site-packages/airflow/example_dags/tutorial_taskflow_api_virtualenv.py
[2025-04-04T14:53:10.263+0000] {processor.py:836} INFO - DAG(s) dict_keys(['tutorial_taskflow_api_virtualenv']) retrieved from /home/vscode/.local/lib/python3.10/site-packages/airflow/example_dags/tutorial_taskflow_api_virtualenv.py
[2025-04-04T14:53:10.280+0000] {logging_mixin.py:150} INFO - [2025-04-04T14:53:10.280+0000] {dag.py:2742} INFO - Sync 1 DAGs
[2025-04-04T14:53:10.301+0000] {logging_mixin.py:150} INFO - [2025-04-04T14:53:10.301+0000] {dag.py:3504} INFO - Setting next_dagrun for tutorial_taskflow_api_virtualenv to None, run_after=None
[2025-04-04T14:53:10.318+0000] {processor.py:179} INFO - Processing /home/vscode/.local/lib/python3.10/site-packages/airflow/example_dags/tutorial_taskflow_api_virtualenv.py took 0.066 seconds
[2025-04-04T14:53:55.352+0000] {processor.py:157} INFO - Started process (PID=25690) to work on /home/vscode/.local/lib/python3.10/site-packages/airflow/example_dags/tutorial_taskflow_api_virtualenv.py
[2025-04-04T14:53:55.353+0000] {processor.py:826} INFO - Processing file /home/vscode/.local/lib/python3.10/site-packages/airflow/example_dags/tutorial_taskflow_api_virtualenv.py for tasks to queue
[2025-04-04T14:53:55.354+0000] {logging_mixin.py:150} INFO - [2025-04-04T14:53:55.354+0000] {dagbag.py:541} INFO - Filling up the DagBag from /home/vscode/.local/lib/python3.10/site-packages/airflow/example_dags/tutorial_taskflow_api_virtualenv.py
[2025-04-04T14:53:55.362+0000] {processor.py:836} INFO - DAG(s) dict_keys(['tutorial_taskflow_api_virtualenv']) retrieved from /home/vscode/.local/lib/python3.10/site-packages/airflow/example_dags/tutorial_taskflow_api_virtualenv.py
[2025-04-04T14:53:55.380+0000] {logging_mixin.py:150} INFO - [2025-04-04T14:53:55.380+0000] {dag.py:2742} INFO - Sync 1 DAGs
[2025-04-04T14:53:55.401+0000] {logging_mixin.py:150} INFO - [2025-04-04T14:53:55.400+0000] {dag.py:3504} INFO - Setting next_dagrun for tutorial_taskflow_api_virtualenv to None, run_after=None
[2025-04-04T14:53:55.421+0000] {processor.py:179} INFO - Processing /home/vscode/.local/lib/python3.10/site-packages/airflow/example_dags/tutorial_taskflow_api_virtualenv.py took 0.073 seconds
[2025-04-04T14:54:38.458+0000] {processor.py:157} INFO - Started process (PID=26054) to work on /home/vscode/.local/lib/python3.10/site-packages/airflow/example_dags/tutorial_taskflow_api_virtualenv.py
[2025-04-04T14:54:38.459+0000] {processor.py:826} INFO - Processing file /home/vscode/.local/lib/python3.10/site-packages/airflow/example_dags/tutorial_taskflow_api_virtualenv.py for tasks to queue
[2025-04-04T14:54:38.460+0000] {logging_mixin.py:150} INFO - [2025-04-04T14:54:38.459+0000] {dagbag.py:541} INFO - Filling up the DagBag from /home/vscode/.local/lib/python3.10/site-packages/airflow/example_dags/tutorial_taskflow_api_virtualenv.py
[2025-04-04T14:54:38.465+0000] {processor.py:836} INFO - DAG(s) dict_keys(['tutorial_taskflow_api_virtualenv']) retrieved from /home/vscode/.local/lib/python3.10/site-packages/airflow/example_dags/tutorial_taskflow_api_virtualenv.py
[2025-04-04T14:54:38.480+0000] {logging_mixin.py:150} INFO - [2025-04-04T14:54:38.480+0000] {dag.py:2742} INFO - Sync 1 DAGs
[2025-04-04T14:54:38.495+0000] {logging_mixin.py:150} INFO - [2025-04-04T14:54:38.495+0000] {dag.py:3504} INFO - Setting next_dagrun for tutorial_taskflow_api_virtualenv to None, run_after=None
[2025-04-04T14:54:38.510+0000] {processor.py:179} INFO - Processing /home/vscode/.local/lib/python3.10/site-packages/airflow/example_dags/tutorial_taskflow_api_virtualenv.py took 0.055 seconds
