[2025-04-04T14:26:36.641+0000] {processor.py:157} INFO - Started process (PID=14408) to work on /home/vscode/.local/lib/python3.10/site-packages/airflow/example_dags/tutorial_dag.py
[2025-04-04T14:26:36.642+0000] {processor.py:826} INFO - Processing file /home/vscode/.local/lib/python3.10/site-packages/airflow/example_dags/tutorial_dag.py for tasks to queue
[2025-04-04T14:26:36.642+0000] {logging_mixin.py:150} INFO - [2025-04-04T14:26:36.642+0000] {dagbag.py:541} INFO - Filling up the DagBag from /home/vscode/.local/lib/python3.10/site-packages/airflow/example_dags/tutorial_dag.py
[2025-04-04T14:26:36.650+0000] {processor.py:836} INFO - DAG(s) dict_keys(['tutorial_dag']) retrieved from /home/vscode/.local/lib/python3.10/site-packages/airflow/example_dags/tutorial_dag.py
[2025-04-04T14:26:36.725+0000] {logging_mixin.py:150} INFO - [2025-04-04T14:26:36.724+0000] {manager.py:504} INFO - Created Permission View: can delete on DAG:tutorial_dag
[2025-04-04T14:26:36.732+0000] {logging_mixin.py:150} INFO - [2025-04-04T14:26:36.732+0000] {manager.py:504} INFO - Created Permission View: can read on DAG:tutorial_dag
[2025-04-04T14:26:36.738+0000] {logging_mixin.py:150} INFO - [2025-04-04T14:26:36.738+0000] {manager.py:504} INFO - Created Permission View: can edit on DAG:tutorial_dag
[2025-04-04T14:26:36.745+0000] {logging_mixin.py:150} INFO - [2025-04-04T14:26:36.745+0000] {dag.py:2742} INFO - Sync 1 DAGs
[2025-04-04T14:26:36.751+0000] {logging_mixin.py:150} INFO - [2025-04-04T14:26:36.751+0000] {dag.py:2763} INFO - Creating ORM DAG for tutorial_dag
[2025-04-04T14:26:36.758+0000] {logging_mixin.py:150} INFO - [2025-04-04T14:26:36.758+0000] {dag.py:3504} INFO - Setting next_dagrun for tutorial_dag to None, run_after=None
[2025-04-04T14:26:36.772+0000] {processor.py:179} INFO - Processing /home/vscode/.local/lib/python3.10/site-packages/airflow/example_dags/tutorial_dag.py took 0.133 seconds
[2025-04-04T14:27:24.707+0000] {processor.py:157} INFO - Started process (PID=14730) to work on /home/vscode/.local/lib/python3.10/site-packages/airflow/example_dags/tutorial_dag.py
[2025-04-04T14:27:24.708+0000] {processor.py:826} INFO - Processing file /home/vscode/.local/lib/python3.10/site-packages/airflow/example_dags/tutorial_dag.py for tasks to queue
[2025-04-04T14:27:24.708+0000] {logging_mixin.py:150} INFO - [2025-04-04T14:27:24.708+0000] {dagbag.py:541} INFO - Filling up the DagBag from /home/vscode/.local/lib/python3.10/site-packages/airflow/example_dags/tutorial_dag.py
[2025-04-04T14:27:24.713+0000] {processor.py:836} INFO - DAG(s) dict_keys(['tutorial_dag']) retrieved from /home/vscode/.local/lib/python3.10/site-packages/airflow/example_dags/tutorial_dag.py
[2025-04-04T14:27:24.726+0000] {logging_mixin.py:150} INFO - [2025-04-04T14:27:24.726+0000] {dag.py:2742} INFO - Sync 1 DAGs
[2025-04-04T14:27:24.740+0000] {logging_mixin.py:150} INFO - [2025-04-04T14:27:24.740+0000] {dag.py:3504} INFO - Setting next_dagrun for tutorial_dag to None, run_after=None
[2025-04-04T14:27:24.754+0000] {processor.py:179} INFO - Processing /home/vscode/.local/lib/python3.10/site-packages/airflow/example_dags/tutorial_dag.py took 0.050 seconds
[2025-04-04T14:28:09.333+0000] {processor.py:157} INFO - Started process (PID=15098) to work on /home/vscode/.local/lib/python3.10/site-packages/airflow/example_dags/tutorial_dag.py
[2025-04-04T14:28:09.334+0000] {processor.py:826} INFO - Processing file /home/vscode/.local/lib/python3.10/site-packages/airflow/example_dags/tutorial_dag.py for tasks to queue
[2025-04-04T14:28:09.335+0000] {logging_mixin.py:150} INFO - [2025-04-04T14:28:09.334+0000] {dagbag.py:541} INFO - Filling up the DagBag from /home/vscode/.local/lib/python3.10/site-packages/airflow/example_dags/tutorial_dag.py
[2025-04-04T14:28:09.340+0000] {processor.py:836} INFO - DAG(s) dict_keys(['tutorial_dag']) retrieved from /home/vscode/.local/lib/python3.10/site-packages/airflow/example_dags/tutorial_dag.py
[2025-04-04T14:28:09.352+0000] {logging_mixin.py:150} INFO - [2025-04-04T14:28:09.352+0000] {dag.py:2742} INFO - Sync 1 DAGs
[2025-04-04T14:28:09.368+0000] {logging_mixin.py:150} INFO - [2025-04-04T14:28:09.368+0000] {dag.py:3504} INFO - Setting next_dagrun for tutorial_dag to None, run_after=None
[2025-04-04T14:28:09.383+0000] {processor.py:179} INFO - Processing /home/vscode/.local/lib/python3.10/site-packages/airflow/example_dags/tutorial_dag.py took 0.052 seconds
[2025-04-04T14:28:53.581+0000] {processor.py:157} INFO - Started process (PID=15431) to work on /home/vscode/.local/lib/python3.10/site-packages/airflow/example_dags/tutorial_dag.py
[2025-04-04T14:28:53.582+0000] {processor.py:826} INFO - Processing file /home/vscode/.local/lib/python3.10/site-packages/airflow/example_dags/tutorial_dag.py for tasks to queue
[2025-04-04T14:28:53.582+0000] {logging_mixin.py:150} INFO - [2025-04-04T14:28:53.582+0000] {dagbag.py:541} INFO - Filling up the DagBag from /home/vscode/.local/lib/python3.10/site-packages/airflow/example_dags/tutorial_dag.py
[2025-04-04T14:28:53.587+0000] {processor.py:836} INFO - DAG(s) dict_keys(['tutorial_dag']) retrieved from /home/vscode/.local/lib/python3.10/site-packages/airflow/example_dags/tutorial_dag.py
[2025-04-04T14:28:53.600+0000] {logging_mixin.py:150} INFO - [2025-04-04T14:28:53.600+0000] {dag.py:2742} INFO - Sync 1 DAGs
[2025-04-04T14:28:53.615+0000] {logging_mixin.py:150} INFO - [2025-04-04T14:28:53.614+0000] {dag.py:3504} INFO - Setting next_dagrun for tutorial_dag to None, run_after=None
[2025-04-04T14:28:53.629+0000] {processor.py:179} INFO - Processing /home/vscode/.local/lib/python3.10/site-packages/airflow/example_dags/tutorial_dag.py took 0.051 seconds
[2025-04-04T14:29:37.053+0000] {processor.py:157} INFO - Started process (PID=15728) to work on /home/vscode/.local/lib/python3.10/site-packages/airflow/example_dags/tutorial_dag.py
[2025-04-04T14:29:37.054+0000] {processor.py:826} INFO - Processing file /home/vscode/.local/lib/python3.10/site-packages/airflow/example_dags/tutorial_dag.py for tasks to queue
[2025-04-04T14:29:37.054+0000] {logging_mixin.py:150} INFO - [2025-04-04T14:29:37.054+0000] {dagbag.py:541} INFO - Filling up the DagBag from /home/vscode/.local/lib/python3.10/site-packages/airflow/example_dags/tutorial_dag.py
[2025-04-04T14:29:37.059+0000] {processor.py:836} INFO - DAG(s) dict_keys(['tutorial_dag']) retrieved from /home/vscode/.local/lib/python3.10/site-packages/airflow/example_dags/tutorial_dag.py
[2025-04-04T14:29:37.073+0000] {logging_mixin.py:150} INFO - [2025-04-04T14:29:37.073+0000] {dag.py:2742} INFO - Sync 1 DAGs
[2025-04-04T14:29:37.087+0000] {logging_mixin.py:150} INFO - [2025-04-04T14:29:37.087+0000] {dag.py:3504} INFO - Setting next_dagrun for tutorial_dag to None, run_after=None
[2025-04-04T14:29:37.102+0000] {processor.py:179} INFO - Processing /home/vscode/.local/lib/python3.10/site-packages/airflow/example_dags/tutorial_dag.py took 0.052 seconds
[2025-04-04T14:30:11.282+0000] {processor.py:157} INFO - Started process (PID=15998) to work on /home/vscode/.local/lib/python3.10/site-packages/airflow/example_dags/tutorial_dag.py
[2025-04-04T14:30:11.283+0000] {processor.py:826} INFO - Processing file /home/vscode/.local/lib/python3.10/site-packages/airflow/example_dags/tutorial_dag.py for tasks to queue
[2025-04-04T14:30:11.284+0000] {logging_mixin.py:150} INFO - [2025-04-04T14:30:11.283+0000] {dagbag.py:541} INFO - Filling up the DagBag from /home/vscode/.local/lib/python3.10/site-packages/airflow/example_dags/tutorial_dag.py
[2025-04-04T14:30:11.288+0000] {processor.py:836} INFO - DAG(s) dict_keys(['tutorial_dag']) retrieved from /home/vscode/.local/lib/python3.10/site-packages/airflow/example_dags/tutorial_dag.py
[2025-04-04T14:30:11.302+0000] {logging_mixin.py:150} INFO - [2025-04-04T14:30:11.301+0000] {dag.py:2742} INFO - Sync 1 DAGs
[2025-04-04T14:30:11.315+0000] {logging_mixin.py:150} INFO - [2025-04-04T14:30:11.315+0000] {dag.py:3504} INFO - Setting next_dagrun for tutorial_dag to None, run_after=None
[2025-04-04T14:30:11.331+0000] {processor.py:179} INFO - Processing /home/vscode/.local/lib/python3.10/site-packages/airflow/example_dags/tutorial_dag.py took 0.051 seconds
[2025-04-04T14:46:39.215+0000] {processor.py:157} INFO - Started process (PID=22401) to work on /home/vscode/.local/lib/python3.10/site-packages/airflow/example_dags/tutorial_dag.py
[2025-04-04T14:46:39.216+0000] {processor.py:826} INFO - Processing file /home/vscode/.local/lib/python3.10/site-packages/airflow/example_dags/tutorial_dag.py for tasks to queue
[2025-04-04T14:46:39.217+0000] {logging_mixin.py:150} INFO - [2025-04-04T14:46:39.217+0000] {dagbag.py:541} INFO - Filling up the DagBag from /home/vscode/.local/lib/python3.10/site-packages/airflow/example_dags/tutorial_dag.py
[2025-04-04T14:46:39.224+0000] {processor.py:836} INFO - DAG(s) dict_keys(['tutorial_dag']) retrieved from /home/vscode/.local/lib/python3.10/site-packages/airflow/example_dags/tutorial_dag.py
[2025-04-04T14:46:39.242+0000] {logging_mixin.py:150} INFO - [2025-04-04T14:46:39.242+0000] {dag.py:2742} INFO - Sync 1 DAGs
[2025-04-04T14:46:39.255+0000] {logging_mixin.py:150} INFO - [2025-04-04T14:46:39.255+0000] {dag.py:3504} INFO - Setting next_dagrun for tutorial_dag to None, run_after=None
[2025-04-04T14:46:39.271+0000] {processor.py:179} INFO - Processing /home/vscode/.local/lib/python3.10/site-packages/airflow/example_dags/tutorial_dag.py took 0.058 seconds
[2025-04-04T14:47:23.006+0000] {processor.py:157} INFO - Started process (PID=22714) to work on /home/vscode/.local/lib/python3.10/site-packages/airflow/example_dags/tutorial_dag.py
[2025-04-04T14:47:23.007+0000] {processor.py:826} INFO - Processing file /home/vscode/.local/lib/python3.10/site-packages/airflow/example_dags/tutorial_dag.py for tasks to queue
[2025-04-04T14:47:23.007+0000] {logging_mixin.py:150} INFO - [2025-04-04T14:47:23.007+0000] {dagbag.py:541} INFO - Filling up the DagBag from /home/vscode/.local/lib/python3.10/site-packages/airflow/example_dags/tutorial_dag.py
[2025-04-04T14:47:23.014+0000] {processor.py:836} INFO - DAG(s) dict_keys(['tutorial_dag']) retrieved from /home/vscode/.local/lib/python3.10/site-packages/airflow/example_dags/tutorial_dag.py
[2025-04-04T14:47:23.028+0000] {logging_mixin.py:150} INFO - [2025-04-04T14:47:23.028+0000] {dag.py:2742} INFO - Sync 1 DAGs
[2025-04-04T14:47:23.042+0000] {logging_mixin.py:150} INFO - [2025-04-04T14:47:23.042+0000] {dag.py:3504} INFO - Setting next_dagrun for tutorial_dag to None, run_after=None
[2025-04-04T14:47:23.057+0000] {processor.py:179} INFO - Processing /home/vscode/.local/lib/python3.10/site-packages/airflow/example_dags/tutorial_dag.py took 0.055 seconds
[2025-04-04T14:48:07.019+0000] {processor.py:157} INFO - Started process (PID=23199) to work on /home/vscode/.local/lib/python3.10/site-packages/airflow/example_dags/tutorial_dag.py
[2025-04-04T14:48:07.020+0000] {processor.py:826} INFO - Processing file /home/vscode/.local/lib/python3.10/site-packages/airflow/example_dags/tutorial_dag.py for tasks to queue
[2025-04-04T14:48:07.021+0000] {logging_mixin.py:150} INFO - [2025-04-04T14:48:07.020+0000] {dagbag.py:541} INFO - Filling up the DagBag from /home/vscode/.local/lib/python3.10/site-packages/airflow/example_dags/tutorial_dag.py
[2025-04-04T14:48:07.025+0000] {processor.py:836} INFO - DAG(s) dict_keys(['tutorial_dag']) retrieved from /home/vscode/.local/lib/python3.10/site-packages/airflow/example_dags/tutorial_dag.py
[2025-04-04T14:48:07.038+0000] {logging_mixin.py:150} INFO - [2025-04-04T14:48:07.038+0000] {dag.py:2742} INFO - Sync 1 DAGs
[2025-04-04T14:48:07.052+0000] {logging_mixin.py:150} INFO - [2025-04-04T14:48:07.052+0000] {dag.py:3504} INFO - Setting next_dagrun for tutorial_dag to None, run_after=None
[2025-04-04T14:48:07.070+0000] {processor.py:179} INFO - Processing /home/vscode/.local/lib/python3.10/site-packages/airflow/example_dags/tutorial_dag.py took 0.053 seconds
[2025-04-04T14:48:51.834+0000] {processor.py:157} INFO - Started process (PID=23532) to work on /home/vscode/.local/lib/python3.10/site-packages/airflow/example_dags/tutorial_dag.py
[2025-04-04T14:48:51.835+0000] {processor.py:826} INFO - Processing file /home/vscode/.local/lib/python3.10/site-packages/airflow/example_dags/tutorial_dag.py for tasks to queue
[2025-04-04T14:48:51.836+0000] {logging_mixin.py:150} INFO - [2025-04-04T14:48:51.836+0000] {dagbag.py:541} INFO - Filling up the DagBag from /home/vscode/.local/lib/python3.10/site-packages/airflow/example_dags/tutorial_dag.py
[2025-04-04T14:48:51.842+0000] {processor.py:836} INFO - DAG(s) dict_keys(['tutorial_dag']) retrieved from /home/vscode/.local/lib/python3.10/site-packages/airflow/example_dags/tutorial_dag.py
[2025-04-04T14:48:51.864+0000] {logging_mixin.py:150} INFO - [2025-04-04T14:48:51.864+0000] {dag.py:2742} INFO - Sync 1 DAGs
[2025-04-04T14:48:51.884+0000] {logging_mixin.py:150} INFO - [2025-04-04T14:48:51.884+0000] {dag.py:3504} INFO - Setting next_dagrun for tutorial_dag to None, run_after=None
[2025-04-04T14:48:51.900+0000] {processor.py:179} INFO - Processing /home/vscode/.local/lib/python3.10/site-packages/airflow/example_dags/tutorial_dag.py took 0.069 seconds
[2025-04-04T14:49:23.935+0000] {processor.py:157} INFO - Started process (PID=23773) to work on /home/vscode/.local/lib/python3.10/site-packages/airflow/example_dags/tutorial_dag.py
[2025-04-04T14:49:23.936+0000] {processor.py:826} INFO - Processing file /home/vscode/.local/lib/python3.10/site-packages/airflow/example_dags/tutorial_dag.py for tasks to queue
[2025-04-04T14:49:23.937+0000] {logging_mixin.py:150} INFO - [2025-04-04T14:49:23.937+0000] {dagbag.py:541} INFO - Filling up the DagBag from /home/vscode/.local/lib/python3.10/site-packages/airflow/example_dags/tutorial_dag.py
[2025-04-04T14:49:23.941+0000] {processor.py:836} INFO - DAG(s) dict_keys(['tutorial_dag']) retrieved from /home/vscode/.local/lib/python3.10/site-packages/airflow/example_dags/tutorial_dag.py
[2025-04-04T14:49:23.954+0000] {logging_mixin.py:150} INFO - [2025-04-04T14:49:23.954+0000] {dag.py:2742} INFO - Sync 1 DAGs
[2025-04-04T14:49:23.969+0000] {logging_mixin.py:150} INFO - [2025-04-04T14:49:23.969+0000] {dag.py:3504} INFO - Setting next_dagrun for tutorial_dag to None, run_after=None
[2025-04-04T14:49:23.984+0000] {processor.py:179} INFO - Processing /home/vscode/.local/lib/python3.10/site-packages/airflow/example_dags/tutorial_dag.py took 0.052 seconds
[2025-04-04T14:50:07.175+0000] {processor.py:157} INFO - Started process (PID=24096) to work on /home/vscode/.local/lib/python3.10/site-packages/airflow/example_dags/tutorial_dag.py
[2025-04-04T14:50:07.176+0000] {processor.py:826} INFO - Processing file /home/vscode/.local/lib/python3.10/site-packages/airflow/example_dags/tutorial_dag.py for tasks to queue
[2025-04-04T14:50:07.177+0000] {logging_mixin.py:150} INFO - [2025-04-04T14:50:07.176+0000] {dagbag.py:541} INFO - Filling up the DagBag from /home/vscode/.local/lib/python3.10/site-packages/airflow/example_dags/tutorial_dag.py
[2025-04-04T14:50:07.181+0000] {processor.py:836} INFO - DAG(s) dict_keys(['tutorial_dag']) retrieved from /home/vscode/.local/lib/python3.10/site-packages/airflow/example_dags/tutorial_dag.py
[2025-04-04T14:50:07.194+0000] {logging_mixin.py:150} INFO - [2025-04-04T14:50:07.194+0000] {dag.py:2742} INFO - Sync 1 DAGs
[2025-04-04T14:50:07.208+0000] {logging_mixin.py:150} INFO - [2025-04-04T14:50:07.208+0000] {dag.py:3504} INFO - Setting next_dagrun for tutorial_dag to None, run_after=None
[2025-04-04T14:50:07.223+0000] {processor.py:179} INFO - Processing /home/vscode/.local/lib/python3.10/site-packages/airflow/example_dags/tutorial_dag.py took 0.050 seconds
[2025-04-04T14:50:51.707+0000] {processor.py:157} INFO - Started process (PID=24451) to work on /home/vscode/.local/lib/python3.10/site-packages/airflow/example_dags/tutorial_dag.py
[2025-04-04T14:50:51.708+0000] {processor.py:826} INFO - Processing file /home/vscode/.local/lib/python3.10/site-packages/airflow/example_dags/tutorial_dag.py for tasks to queue
[2025-04-04T14:50:51.709+0000] {logging_mixin.py:150} INFO - [2025-04-04T14:50:51.709+0000] {dagbag.py:541} INFO - Filling up the DagBag from /home/vscode/.local/lib/python3.10/site-packages/airflow/example_dags/tutorial_dag.py
[2025-04-04T14:50:51.713+0000] {processor.py:836} INFO - DAG(s) dict_keys(['tutorial_dag']) retrieved from /home/vscode/.local/lib/python3.10/site-packages/airflow/example_dags/tutorial_dag.py
[2025-04-04T14:50:51.727+0000] {logging_mixin.py:150} INFO - [2025-04-04T14:50:51.727+0000] {dag.py:2742} INFO - Sync 1 DAGs
[2025-04-04T14:50:51.741+0000] {logging_mixin.py:150} INFO - [2025-04-04T14:50:51.741+0000] {dag.py:3504} INFO - Setting next_dagrun for tutorial_dag to None, run_after=None
[2025-04-04T14:50:51.755+0000] {processor.py:179} INFO - Processing /home/vscode/.local/lib/python3.10/site-packages/airflow/example_dags/tutorial_dag.py took 0.050 seconds
[2025-04-04T14:51:35.865+0000] {processor.py:157} INFO - Started process (PID=24757) to work on /home/vscode/.local/lib/python3.10/site-packages/airflow/example_dags/tutorial_dag.py
[2025-04-04T14:51:35.866+0000] {processor.py:826} INFO - Processing file /home/vscode/.local/lib/python3.10/site-packages/airflow/example_dags/tutorial_dag.py for tasks to queue
[2025-04-04T14:51:35.867+0000] {logging_mixin.py:150} INFO - [2025-04-04T14:51:35.867+0000] {dagbag.py:541} INFO - Filling up the DagBag from /home/vscode/.local/lib/python3.10/site-packages/airflow/example_dags/tutorial_dag.py
[2025-04-04T14:51:35.871+0000] {processor.py:836} INFO - DAG(s) dict_keys(['tutorial_dag']) retrieved from /home/vscode/.local/lib/python3.10/site-packages/airflow/example_dags/tutorial_dag.py
[2025-04-04T14:51:35.884+0000] {logging_mixin.py:150} INFO - [2025-04-04T14:51:35.884+0000] {dag.py:2742} INFO - Sync 1 DAGs
[2025-04-04T14:51:35.898+0000] {logging_mixin.py:150} INFO - [2025-04-04T14:51:35.897+0000] {dag.py:3504} INFO - Setting next_dagrun for tutorial_dag to None, run_after=None
[2025-04-04T14:51:35.912+0000] {processor.py:179} INFO - Processing /home/vscode/.local/lib/python3.10/site-packages/airflow/example_dags/tutorial_dag.py took 0.050 seconds
[2025-04-04T14:52:18.744+0000] {processor.py:157} INFO - Started process (PID=25043) to work on /home/vscode/.local/lib/python3.10/site-packages/airflow/example_dags/tutorial_dag.py
[2025-04-04T14:52:18.744+0000] {processor.py:826} INFO - Processing file /home/vscode/.local/lib/python3.10/site-packages/airflow/example_dags/tutorial_dag.py for tasks to queue
[2025-04-04T14:52:18.745+0000] {logging_mixin.py:150} INFO - [2025-04-04T14:52:18.745+0000] {dagbag.py:541} INFO - Filling up the DagBag from /home/vscode/.local/lib/python3.10/site-packages/airflow/example_dags/tutorial_dag.py
[2025-04-04T14:52:18.749+0000] {processor.py:836} INFO - DAG(s) dict_keys(['tutorial_dag']) retrieved from /home/vscode/.local/lib/python3.10/site-packages/airflow/example_dags/tutorial_dag.py
[2025-04-04T14:52:18.762+0000] {logging_mixin.py:150} INFO - [2025-04-04T14:52:18.762+0000] {dag.py:2742} INFO - Sync 1 DAGs
[2025-04-04T14:52:18.776+0000] {logging_mixin.py:150} INFO - [2025-04-04T14:52:18.776+0000] {dag.py:3504} INFO - Setting next_dagrun for tutorial_dag to None, run_after=None
[2025-04-04T14:52:18.791+0000] {processor.py:179} INFO - Processing /home/vscode/.local/lib/python3.10/site-packages/airflow/example_dags/tutorial_dag.py took 0.050 seconds
[2025-04-04T14:52:54.831+0000] {processor.py:157} INFO - Started process (PID=25286) to work on /home/vscode/.local/lib/python3.10/site-packages/airflow/example_dags/tutorial_dag.py
[2025-04-04T14:52:54.832+0000] {processor.py:826} INFO - Processing file /home/vscode/.local/lib/python3.10/site-packages/airflow/example_dags/tutorial_dag.py for tasks to queue
[2025-04-04T14:52:54.833+0000] {logging_mixin.py:150} INFO - [2025-04-04T14:52:54.832+0000] {dagbag.py:541} INFO - Filling up the DagBag from /home/vscode/.local/lib/python3.10/site-packages/airflow/example_dags/tutorial_dag.py
[2025-04-04T14:52:54.837+0000] {processor.py:836} INFO - DAG(s) dict_keys(['tutorial_dag']) retrieved from /home/vscode/.local/lib/python3.10/site-packages/airflow/example_dags/tutorial_dag.py
[2025-04-04T14:52:54.850+0000] {logging_mixin.py:150} INFO - [2025-04-04T14:52:54.850+0000] {dag.py:2742} INFO - Sync 1 DAGs
[2025-04-04T14:52:54.864+0000] {logging_mixin.py:150} INFO - [2025-04-04T14:52:54.864+0000] {dag.py:3504} INFO - Setting next_dagrun for tutorial_dag to None, run_after=None
[2025-04-04T14:52:54.880+0000] {processor.py:179} INFO - Processing /home/vscode/.local/lib/python3.10/site-packages/airflow/example_dags/tutorial_dag.py took 0.051 seconds
[2025-04-04T14:53:41.079+0000] {processor.py:157} INFO - Started process (PID=25601) to work on /home/vscode/.local/lib/python3.10/site-packages/airflow/example_dags/tutorial_dag.py
[2025-04-04T14:53:41.079+0000] {processor.py:826} INFO - Processing file /home/vscode/.local/lib/python3.10/site-packages/airflow/example_dags/tutorial_dag.py for tasks to queue
[2025-04-04T14:53:41.080+0000] {logging_mixin.py:150} INFO - [2025-04-04T14:53:41.080+0000] {dagbag.py:541} INFO - Filling up the DagBag from /home/vscode/.local/lib/python3.10/site-packages/airflow/example_dags/tutorial_dag.py
[2025-04-04T14:53:41.084+0000] {processor.py:836} INFO - DAG(s) dict_keys(['tutorial_dag']) retrieved from /home/vscode/.local/lib/python3.10/site-packages/airflow/example_dags/tutorial_dag.py
[2025-04-04T14:53:41.098+0000] {logging_mixin.py:150} INFO - [2025-04-04T14:53:41.098+0000] {dag.py:2742} INFO - Sync 1 DAGs
[2025-04-04T14:53:41.112+0000] {logging_mixin.py:150} INFO - [2025-04-04T14:53:41.112+0000] {dag.py:3504} INFO - Setting next_dagrun for tutorial_dag to None, run_after=None
[2025-04-04T14:53:41.127+0000] {processor.py:179} INFO - Processing /home/vscode/.local/lib/python3.10/site-packages/airflow/example_dags/tutorial_dag.py took 0.052 seconds
[2025-04-04T14:54:25.593+0000] {processor.py:157} INFO - Started process (PID=25908) to work on /home/vscode/.local/lib/python3.10/site-packages/airflow/example_dags/tutorial_dag.py
[2025-04-04T14:54:25.594+0000] {processor.py:826} INFO - Processing file /home/vscode/.local/lib/python3.10/site-packages/airflow/example_dags/tutorial_dag.py for tasks to queue
[2025-04-04T14:54:25.595+0000] {logging_mixin.py:150} INFO - [2025-04-04T14:54:25.594+0000] {dagbag.py:541} INFO - Filling up the DagBag from /home/vscode/.local/lib/python3.10/site-packages/airflow/example_dags/tutorial_dag.py
[2025-04-04T14:54:25.599+0000] {processor.py:836} INFO - DAG(s) dict_keys(['tutorial_dag']) retrieved from /home/vscode/.local/lib/python3.10/site-packages/airflow/example_dags/tutorial_dag.py
[2025-04-04T14:54:25.613+0000] {logging_mixin.py:150} INFO - [2025-04-04T14:54:25.612+0000] {dag.py:2742} INFO - Sync 1 DAGs
[2025-04-04T14:54:25.626+0000] {logging_mixin.py:150} INFO - [2025-04-04T14:54:25.626+0000] {dag.py:3504} INFO - Setting next_dagrun for tutorial_dag to None, run_after=None
[2025-04-04T14:54:25.642+0000] {processor.py:179} INFO - Processing /home/vscode/.local/lib/python3.10/site-packages/airflow/example_dags/tutorial_dag.py took 0.051 seconds
