[2025-04-04T14:26:39.121+0000] {processor.py:157} INFO - Started process (PID=14422) to work on /home/vscode/.local/lib/python3.10/site-packages/airflow/example_dags/tutorial.py
[2025-04-04T14:26:39.121+0000] {processor.py:826} INFO - Processing file /home/vscode/.local/lib/python3.10/site-packages/airflow/example_dags/tutorial.py for tasks to queue
[2025-04-04T14:26:39.122+0000] {logging_mixin.py:150} INFO - [2025-04-04T14:26:39.122+0000] {dagbag.py:541} INFO - Filling up the DagBag from /home/vscode/.local/lib/python3.10/site-packages/airflow/example_dags/tutorial.py
[2025-04-04T14:26:39.131+0000] {processor.py:836} INFO - DAG(s) dict_keys(['tutorial']) retrieved from /home/vscode/.local/lib/python3.10/site-packages/airflow/example_dags/tutorial.py
[2025-04-04T14:26:39.205+0000] {logging_mixin.py:150} INFO - [2025-04-04T14:26:39.205+0000] {manager.py:504} INFO - Created Permission View: can delete on DAG:tutorial
[2025-04-04T14:26:39.213+0000] {logging_mixin.py:150} INFO - [2025-04-04T14:26:39.212+0000] {manager.py:504} INFO - Created Permission View: can read on DAG:tutorial
[2025-04-04T14:26:39.218+0000] {logging_mixin.py:150} INFO - [2025-04-04T14:26:39.218+0000] {manager.py:504} INFO - Created Permission View: can edit on DAG:tutorial
[2025-04-04T14:26:39.225+0000] {logging_mixin.py:150} INFO - [2025-04-04T14:26:39.225+0000] {dag.py:2742} INFO - Sync 1 DAGs
[2025-04-04T14:26:39.233+0000] {logging_mixin.py:150} INFO - [2025-04-04T14:26:39.233+0000] {dag.py:2763} INFO - Creating ORM DAG for tutorial
[2025-04-04T14:26:39.239+0000] {logging_mixin.py:150} INFO - [2025-04-04T14:26:39.239+0000] {dag.py:3504} INFO - Setting next_dagrun for tutorial to 2025-04-03T14:26:39.239069+00:00, run_after=2025-04-04T14:26:39.239069+00:00
[2025-04-04T14:26:39.259+0000] {processor.py:179} INFO - Processing /home/vscode/.local/lib/python3.10/site-packages/airflow/example_dags/tutorial.py took 0.141 seconds
[2025-04-04T14:27:26.975+0000] {processor.py:157} INFO - Started process (PID=14750) to work on /home/vscode/.local/lib/python3.10/site-packages/airflow/example_dags/tutorial.py
[2025-04-04T14:27:26.976+0000] {processor.py:826} INFO - Processing file /home/vscode/.local/lib/python3.10/site-packages/airflow/example_dags/tutorial.py for tasks to queue
[2025-04-04T14:27:26.977+0000] {logging_mixin.py:150} INFO - [2025-04-04T14:27:26.977+0000] {dagbag.py:541} INFO - Filling up the DagBag from /home/vscode/.local/lib/python3.10/site-packages/airflow/example_dags/tutorial.py
[2025-04-04T14:27:26.983+0000] {processor.py:836} INFO - DAG(s) dict_keys(['tutorial']) retrieved from /home/vscode/.local/lib/python3.10/site-packages/airflow/example_dags/tutorial.py
[2025-04-04T14:27:26.995+0000] {logging_mixin.py:150} INFO - [2025-04-04T14:27:26.995+0000] {dag.py:2742} INFO - Sync 1 DAGs
[2025-04-04T14:27:27.009+0000] {logging_mixin.py:150} INFO - [2025-04-04T14:27:27.009+0000] {dag.py:3504} INFO - Setting next_dagrun for tutorial to 2025-04-03T14:27:27.009481+00:00, run_after=2025-04-04T14:27:27.009481+00:00
[2025-04-04T14:27:27.025+0000] {processor.py:179} INFO - Processing /home/vscode/.local/lib/python3.10/site-packages/airflow/example_dags/tutorial.py took 0.052 seconds
[2025-04-04T14:28:11.059+0000] {processor.py:157} INFO - Started process (PID=15114) to work on /home/vscode/.local/lib/python3.10/site-packages/airflow/example_dags/tutorial.py
[2025-04-04T14:28:11.060+0000] {processor.py:826} INFO - Processing file /home/vscode/.local/lib/python3.10/site-packages/airflow/example_dags/tutorial.py for tasks to queue
[2025-04-04T14:28:11.061+0000] {logging_mixin.py:150} INFO - [2025-04-04T14:28:11.061+0000] {dagbag.py:541} INFO - Filling up the DagBag from /home/vscode/.local/lib/python3.10/site-packages/airflow/example_dags/tutorial.py
[2025-04-04T14:28:11.067+0000] {processor.py:836} INFO - DAG(s) dict_keys(['tutorial']) retrieved from /home/vscode/.local/lib/python3.10/site-packages/airflow/example_dags/tutorial.py
[2025-04-04T14:28:11.080+0000] {logging_mixin.py:150} INFO - [2025-04-04T14:28:11.080+0000] {dag.py:2742} INFO - Sync 1 DAGs
[2025-04-04T14:28:11.095+0000] {logging_mixin.py:150} INFO - [2025-04-04T14:28:11.095+0000] {dag.py:3504} INFO - Setting next_dagrun for tutorial to 2025-04-03T14:28:11.095229+00:00, run_after=2025-04-04T14:28:11.095229+00:00
[2025-04-04T14:28:11.112+0000] {processor.py:179} INFO - Processing /home/vscode/.local/lib/python3.10/site-packages/airflow/example_dags/tutorial.py took 0.055 seconds
[2025-04-04T14:28:55.847+0000] {processor.py:157} INFO - Started process (PID=15441) to work on /home/vscode/.local/lib/python3.10/site-packages/airflow/example_dags/tutorial.py
[2025-04-04T14:28:55.847+0000] {processor.py:826} INFO - Processing file /home/vscode/.local/lib/python3.10/site-packages/airflow/example_dags/tutorial.py for tasks to queue
[2025-04-04T14:28:55.848+0000] {logging_mixin.py:150} INFO - [2025-04-04T14:28:55.848+0000] {dagbag.py:541} INFO - Filling up the DagBag from /home/vscode/.local/lib/python3.10/site-packages/airflow/example_dags/tutorial.py
[2025-04-04T14:28:55.854+0000] {processor.py:836} INFO - DAG(s) dict_keys(['tutorial']) retrieved from /home/vscode/.local/lib/python3.10/site-packages/airflow/example_dags/tutorial.py
[2025-04-04T14:28:55.867+0000] {logging_mixin.py:150} INFO - [2025-04-04T14:28:55.867+0000] {dag.py:2742} INFO - Sync 1 DAGs
[2025-04-04T14:28:55.881+0000] {logging_mixin.py:150} INFO - [2025-04-04T14:28:55.881+0000] {dag.py:3504} INFO - Setting next_dagrun for tutorial to 2025-04-03T14:28:55.881287+00:00, run_after=2025-04-04T14:28:55.881287+00:00
[2025-04-04T14:28:55.897+0000] {processor.py:179} INFO - Processing /home/vscode/.local/lib/python3.10/site-packages/airflow/example_dags/tutorial.py took 0.053 seconds
[2025-04-04T14:29:39.326+0000] {processor.py:157} INFO - Started process (PID=15769) to work on /home/vscode/.local/lib/python3.10/site-packages/airflow/example_dags/tutorial.py
[2025-04-04T14:29:39.327+0000] {processor.py:826} INFO - Processing file /home/vscode/.local/lib/python3.10/site-packages/airflow/example_dags/tutorial.py for tasks to queue
[2025-04-04T14:29:39.327+0000] {logging_mixin.py:150} INFO - [2025-04-04T14:29:39.327+0000] {dagbag.py:541} INFO - Filling up the DagBag from /home/vscode/.local/lib/python3.10/site-packages/airflow/example_dags/tutorial.py
[2025-04-04T14:29:39.333+0000] {processor.py:836} INFO - DAG(s) dict_keys(['tutorial']) retrieved from /home/vscode/.local/lib/python3.10/site-packages/airflow/example_dags/tutorial.py
[2025-04-04T14:29:39.346+0000] {logging_mixin.py:150} INFO - [2025-04-04T14:29:39.346+0000] {dag.py:2742} INFO - Sync 1 DAGs
[2025-04-04T14:29:39.360+0000] {logging_mixin.py:150} INFO - [2025-04-04T14:29:39.360+0000] {dag.py:3504} INFO - Setting next_dagrun for tutorial to 2025-04-03T14:29:39.360653+00:00, run_after=2025-04-04T14:29:39.360653+00:00
[2025-04-04T14:29:39.376+0000] {processor.py:179} INFO - Processing /home/vscode/.local/lib/python3.10/site-packages/airflow/example_dags/tutorial.py took 0.052 seconds
[2025-04-04T14:30:28.146+0000] {processor.py:157} INFO - Started process (PID=16159) to work on /home/vscode/.local/lib/python3.10/site-packages/airflow/example_dags/tutorial.py
[2025-04-04T14:30:28.147+0000] {processor.py:826} INFO - Processing file /home/vscode/.local/lib/python3.10/site-packages/airflow/example_dags/tutorial.py for tasks to queue
[2025-04-04T14:30:28.148+0000] {logging_mixin.py:150} INFO - [2025-04-04T14:30:28.147+0000] {dagbag.py:541} INFO - Filling up the DagBag from /home/vscode/.local/lib/python3.10/site-packages/airflow/example_dags/tutorial.py
[2025-04-04T14:30:28.154+0000] {processor.py:836} INFO - DAG(s) dict_keys(['tutorial']) retrieved from /home/vscode/.local/lib/python3.10/site-packages/airflow/example_dags/tutorial.py
[2025-04-04T14:30:28.167+0000] {logging_mixin.py:150} INFO - [2025-04-04T14:30:28.167+0000] {dag.py:2742} INFO - Sync 1 DAGs
[2025-04-04T14:30:28.182+0000] {logging_mixin.py:150} INFO - [2025-04-04T14:30:28.182+0000] {dag.py:3504} INFO - Setting next_dagrun for tutorial to 2025-04-03T14:30:28.182114+00:00, run_after=2025-04-04T14:30:28.182114+00:00
[2025-04-04T14:30:28.198+0000] {processor.py:179} INFO - Processing /home/vscode/.local/lib/python3.10/site-packages/airflow/example_dags/tutorial.py took 0.054 seconds
[2025-04-04T14:46:40.596+0000] {processor.py:157} INFO - Started process (PID=22407) to work on /home/vscode/.local/lib/python3.10/site-packages/airflow/example_dags/tutorial.py
[2025-04-04T14:46:40.597+0000] {processor.py:826} INFO - Processing file /home/vscode/.local/lib/python3.10/site-packages/airflow/example_dags/tutorial.py for tasks to queue
[2025-04-04T14:46:40.597+0000] {logging_mixin.py:150} INFO - [2025-04-04T14:46:40.597+0000] {dagbag.py:541} INFO - Filling up the DagBag from /home/vscode/.local/lib/python3.10/site-packages/airflow/example_dags/tutorial.py
[2025-04-04T14:46:40.604+0000] {processor.py:836} INFO - DAG(s) dict_keys(['tutorial']) retrieved from /home/vscode/.local/lib/python3.10/site-packages/airflow/example_dags/tutorial.py
[2025-04-04T14:46:40.622+0000] {logging_mixin.py:150} INFO - [2025-04-04T14:46:40.622+0000] {dag.py:2742} INFO - Sync 1 DAGs
[2025-04-04T14:46:40.636+0000] {logging_mixin.py:150} INFO - [2025-04-04T14:46:40.636+0000] {dag.py:3504} INFO - Setting next_dagrun for tutorial to 2025-04-03T14:46:40.636276+00:00, run_after=2025-04-04T14:46:40.636276+00:00
[2025-04-04T14:46:40.651+0000] {processor.py:179} INFO - Processing /home/vscode/.local/lib/python3.10/site-packages/airflow/example_dags/tutorial.py took 0.057 seconds
[2025-04-04T14:47:25.102+0000] {processor.py:157} INFO - Started process (PID=22741) to work on /home/vscode/.local/lib/python3.10/site-packages/airflow/example_dags/tutorial.py
[2025-04-04T14:47:25.103+0000] {processor.py:826} INFO - Processing file /home/vscode/.local/lib/python3.10/site-packages/airflow/example_dags/tutorial.py for tasks to queue
[2025-04-04T14:47:25.104+0000] {logging_mixin.py:150} INFO - [2025-04-04T14:47:25.103+0000] {dagbag.py:541} INFO - Filling up the DagBag from /home/vscode/.local/lib/python3.10/site-packages/airflow/example_dags/tutorial.py
[2025-04-04T14:47:25.110+0000] {processor.py:836} INFO - DAG(s) dict_keys(['tutorial']) retrieved from /home/vscode/.local/lib/python3.10/site-packages/airflow/example_dags/tutorial.py
[2025-04-04T14:47:25.125+0000] {logging_mixin.py:150} INFO - [2025-04-04T14:47:25.125+0000] {dag.py:2742} INFO - Sync 1 DAGs
[2025-04-04T14:47:25.148+0000] {logging_mixin.py:150} INFO - [2025-04-04T14:47:25.148+0000] {dag.py:3504} INFO - Setting next_dagrun for tutorial to 2025-04-03T14:47:25.148389+00:00, run_after=2025-04-04T14:47:25.148389+00:00
[2025-04-04T14:47:25.170+0000] {processor.py:179} INFO - Processing /home/vscode/.local/lib/python3.10/site-packages/airflow/example_dags/tutorial.py took 0.070 seconds
[2025-04-04T14:48:09.290+0000] {processor.py:157} INFO - Started process (PID=23222) to work on /home/vscode/.local/lib/python3.10/site-packages/airflow/example_dags/tutorial.py
[2025-04-04T14:48:09.291+0000] {processor.py:826} INFO - Processing file /home/vscode/.local/lib/python3.10/site-packages/airflow/example_dags/tutorial.py for tasks to queue
[2025-04-04T14:48:09.292+0000] {logging_mixin.py:150} INFO - [2025-04-04T14:48:09.292+0000] {dagbag.py:541} INFO - Filling up the DagBag from /home/vscode/.local/lib/python3.10/site-packages/airflow/example_dags/tutorial.py
[2025-04-04T14:48:09.298+0000] {processor.py:836} INFO - DAG(s) dict_keys(['tutorial']) retrieved from /home/vscode/.local/lib/python3.10/site-packages/airflow/example_dags/tutorial.py
[2025-04-04T14:48:09.310+0000] {logging_mixin.py:150} INFO - [2025-04-04T14:48:09.309+0000] {dag.py:2742} INFO - Sync 1 DAGs
[2025-04-04T14:48:09.324+0000] {logging_mixin.py:150} INFO - [2025-04-04T14:48:09.324+0000] {dag.py:3504} INFO - Setting next_dagrun for tutorial to 2025-04-03T14:48:09.323959+00:00, run_after=2025-04-04T14:48:09.323959+00:00
[2025-04-04T14:48:09.338+0000] {processor.py:179} INFO - Processing /home/vscode/.local/lib/python3.10/site-packages/airflow/example_dags/tutorial.py took 0.050 seconds
[2025-04-04T14:48:53.281+0000] {processor.py:157} INFO - Started process (PID=23546) to work on /home/vscode/.local/lib/python3.10/site-packages/airflow/example_dags/tutorial.py
[2025-04-04T14:48:53.282+0000] {processor.py:826} INFO - Processing file /home/vscode/.local/lib/python3.10/site-packages/airflow/example_dags/tutorial.py for tasks to queue
[2025-04-04T14:48:53.283+0000] {logging_mixin.py:150} INFO - [2025-04-04T14:48:53.282+0000] {dagbag.py:541} INFO - Filling up the DagBag from /home/vscode/.local/lib/python3.10/site-packages/airflow/example_dags/tutorial.py
[2025-04-04T14:48:53.290+0000] {processor.py:836} INFO - DAG(s) dict_keys(['tutorial']) retrieved from /home/vscode/.local/lib/python3.10/site-packages/airflow/example_dags/tutorial.py
[2025-04-04T14:48:53.307+0000] {logging_mixin.py:150} INFO - [2025-04-04T14:48:53.306+0000] {dag.py:2742} INFO - Sync 1 DAGs
[2025-04-04T14:48:53.327+0000] {logging_mixin.py:150} INFO - [2025-04-04T14:48:53.327+0000] {dag.py:3504} INFO - Setting next_dagrun for tutorial to 2025-04-03T14:48:53.327314+00:00, run_after=2025-04-04T14:48:53.327314+00:00
[2025-04-04T14:48:53.345+0000] {processor.py:179} INFO - Processing /home/vscode/.local/lib/python3.10/site-packages/airflow/example_dags/tutorial.py took 0.067 seconds
[2025-04-04T14:49:39.457+0000] {processor.py:157} INFO - Started process (PID=23891) to work on /home/vscode/.local/lib/python3.10/site-packages/airflow/example_dags/tutorial.py
[2025-04-04T14:49:39.458+0000] {processor.py:826} INFO - Processing file /home/vscode/.local/lib/python3.10/site-packages/airflow/example_dags/tutorial.py for tasks to queue
[2025-04-04T14:49:39.458+0000] {logging_mixin.py:150} INFO - [2025-04-04T14:49:39.458+0000] {dagbag.py:541} INFO - Filling up the DagBag from /home/vscode/.local/lib/python3.10/site-packages/airflow/example_dags/tutorial.py
[2025-04-04T14:49:39.464+0000] {processor.py:836} INFO - DAG(s) dict_keys(['tutorial']) retrieved from /home/vscode/.local/lib/python3.10/site-packages/airflow/example_dags/tutorial.py
[2025-04-04T14:49:39.477+0000] {logging_mixin.py:150} INFO - [2025-04-04T14:49:39.476+0000] {dag.py:2742} INFO - Sync 1 DAGs
[2025-04-04T14:49:39.491+0000] {logging_mixin.py:150} INFO - [2025-04-04T14:49:39.491+0000] {dag.py:3504} INFO - Setting next_dagrun for tutorial to 2025-04-03T14:49:39.491518+00:00, run_after=2025-04-04T14:49:39.491518+00:00
[2025-04-04T14:49:39.506+0000] {processor.py:179} INFO - Processing /home/vscode/.local/lib/python3.10/site-packages/airflow/example_dags/tutorial.py took 0.052 seconds
[2025-04-04T14:50:23.702+0000] {processor.py:157} INFO - Started process (PID=24231) to work on /home/vscode/.local/lib/python3.10/site-packages/airflow/example_dags/tutorial.py
[2025-04-04T14:50:23.703+0000] {processor.py:826} INFO - Processing file /home/vscode/.local/lib/python3.10/site-packages/airflow/example_dags/tutorial.py for tasks to queue
[2025-04-04T14:50:23.704+0000] {logging_mixin.py:150} INFO - [2025-04-04T14:50:23.703+0000] {dagbag.py:541} INFO - Filling up the DagBag from /home/vscode/.local/lib/python3.10/site-packages/airflow/example_dags/tutorial.py
[2025-04-04T14:50:23.710+0000] {processor.py:836} INFO - DAG(s) dict_keys(['tutorial']) retrieved from /home/vscode/.local/lib/python3.10/site-packages/airflow/example_dags/tutorial.py
[2025-04-04T14:50:23.723+0000] {logging_mixin.py:150} INFO - [2025-04-04T14:50:23.723+0000] {dag.py:2742} INFO - Sync 1 DAGs
[2025-04-04T14:50:23.737+0000] {logging_mixin.py:150} INFO - [2025-04-04T14:50:23.737+0000] {dag.py:3504} INFO - Setting next_dagrun for tutorial to 2025-04-03T14:50:23.737068+00:00, run_after=2025-04-04T14:50:23.737068+00:00
[2025-04-04T14:50:23.753+0000] {processor.py:179} INFO - Processing /home/vscode/.local/lib/python3.10/site-packages/airflow/example_dags/tutorial.py took 0.053 seconds
[2025-04-04T14:51:06.835+0000] {processor.py:157} INFO - Started process (PID=24552) to work on /home/vscode/.local/lib/python3.10/site-packages/airflow/example_dags/tutorial.py
[2025-04-04T14:51:06.836+0000] {processor.py:826} INFO - Processing file /home/vscode/.local/lib/python3.10/site-packages/airflow/example_dags/tutorial.py for tasks to queue
[2025-04-04T14:51:06.837+0000] {logging_mixin.py:150} INFO - [2025-04-04T14:51:06.836+0000] {dagbag.py:541} INFO - Filling up the DagBag from /home/vscode/.local/lib/python3.10/site-packages/airflow/example_dags/tutorial.py
[2025-04-04T14:51:06.842+0000] {processor.py:836} INFO - DAG(s) dict_keys(['tutorial']) retrieved from /home/vscode/.local/lib/python3.10/site-packages/airflow/example_dags/tutorial.py
[2025-04-04T14:51:06.856+0000] {logging_mixin.py:150} INFO - [2025-04-04T14:51:06.855+0000] {dag.py:2742} INFO - Sync 1 DAGs
[2025-04-04T14:51:06.870+0000] {logging_mixin.py:150} INFO - [2025-04-04T14:51:06.869+0000] {dag.py:3504} INFO - Setting next_dagrun for tutorial to 2025-04-03T14:51:06.869815+00:00, run_after=2025-04-04T14:51:06.869815+00:00
[2025-04-04T14:51:06.885+0000] {processor.py:179} INFO - Processing /home/vscode/.local/lib/python3.10/site-packages/airflow/example_dags/tutorial.py took 0.052 seconds
[2025-04-04T14:51:52.132+0000] {processor.py:157} INFO - Started process (PID=24868) to work on /home/vscode/.local/lib/python3.10/site-packages/airflow/example_dags/tutorial.py
[2025-04-04T14:51:52.133+0000] {processor.py:826} INFO - Processing file /home/vscode/.local/lib/python3.10/site-packages/airflow/example_dags/tutorial.py for tasks to queue
[2025-04-04T14:51:52.134+0000] {logging_mixin.py:150} INFO - [2025-04-04T14:51:52.134+0000] {dagbag.py:541} INFO - Filling up the DagBag from /home/vscode/.local/lib/python3.10/site-packages/airflow/example_dags/tutorial.py
[2025-04-04T14:51:52.140+0000] {processor.py:836} INFO - DAG(s) dict_keys(['tutorial']) retrieved from /home/vscode/.local/lib/python3.10/site-packages/airflow/example_dags/tutorial.py
[2025-04-04T14:51:52.152+0000] {logging_mixin.py:150} INFO - [2025-04-04T14:51:52.152+0000] {dag.py:2742} INFO - Sync 1 DAGs
[2025-04-04T14:51:52.166+0000] {logging_mixin.py:150} INFO - [2025-04-04T14:51:52.166+0000] {dag.py:3504} INFO - Setting next_dagrun for tutorial to 2025-04-03T14:51:52.166223+00:00, run_after=2025-04-04T14:51:52.166223+00:00
[2025-04-04T14:51:52.180+0000] {processor.py:179} INFO - Processing /home/vscode/.local/lib/python3.10/site-packages/airflow/example_dags/tutorial.py took 0.050 seconds
[2025-04-04T14:52:32.564+0000] {processor.py:157} INFO - Started process (PID=25138) to work on /home/vscode/.local/lib/python3.10/site-packages/airflow/example_dags/tutorial.py
[2025-04-04T14:52:32.565+0000] {processor.py:826} INFO - Processing file /home/vscode/.local/lib/python3.10/site-packages/airflow/example_dags/tutorial.py for tasks to queue
[2025-04-04T14:52:32.566+0000] {logging_mixin.py:150} INFO - [2025-04-04T14:52:32.566+0000] {dagbag.py:541} INFO - Filling up the DagBag from /home/vscode/.local/lib/python3.10/site-packages/airflow/example_dags/tutorial.py
[2025-04-04T14:52:32.572+0000] {processor.py:836} INFO - DAG(s) dict_keys(['tutorial']) retrieved from /home/vscode/.local/lib/python3.10/site-packages/airflow/example_dags/tutorial.py
[2025-04-04T14:52:32.584+0000] {logging_mixin.py:150} INFO - [2025-04-04T14:52:32.584+0000] {dag.py:2742} INFO - Sync 1 DAGs
[2025-04-04T14:52:32.598+0000] {logging_mixin.py:150} INFO - [2025-04-04T14:52:32.598+0000] {dag.py:3504} INFO - Setting next_dagrun for tutorial to 2025-04-03T14:52:32.597968+00:00, run_after=2025-04-04T14:52:32.597968+00:00
[2025-04-04T14:52:32.612+0000] {processor.py:179} INFO - Processing /home/vscode/.local/lib/python3.10/site-packages/airflow/example_dags/tutorial.py took 0.051 seconds
[2025-04-04T14:53:08.837+0000] {processor.py:157} INFO - Started process (PID=25380) to work on /home/vscode/.local/lib/python3.10/site-packages/airflow/example_dags/tutorial.py
[2025-04-04T14:53:08.838+0000] {processor.py:826} INFO - Processing file /home/vscode/.local/lib/python3.10/site-packages/airflow/example_dags/tutorial.py for tasks to queue
[2025-04-04T14:53:08.839+0000] {logging_mixin.py:150} INFO - [2025-04-04T14:53:08.839+0000] {dagbag.py:541} INFO - Filling up the DagBag from /home/vscode/.local/lib/python3.10/site-packages/airflow/example_dags/tutorial.py
[2025-04-04T14:53:08.845+0000] {processor.py:836} INFO - DAG(s) dict_keys(['tutorial']) retrieved from /home/vscode/.local/lib/python3.10/site-packages/airflow/example_dags/tutorial.py
[2025-04-04T14:53:08.857+0000] {logging_mixin.py:150} INFO - [2025-04-04T14:53:08.857+0000] {dag.py:2742} INFO - Sync 1 DAGs
[2025-04-04T14:53:08.872+0000] {logging_mixin.py:150} INFO - [2025-04-04T14:53:08.872+0000] {dag.py:3504} INFO - Setting next_dagrun for tutorial to 2025-04-03T14:53:08.872055+00:00, run_after=2025-04-04T14:53:08.872055+00:00
[2025-04-04T14:53:08.886+0000] {processor.py:179} INFO - Processing /home/vscode/.local/lib/python3.10/site-packages/airflow/example_dags/tutorial.py took 0.051 seconds
[2025-04-04T14:53:53.087+0000] {processor.py:157} INFO - Started process (PID=25678) to work on /home/vscode/.local/lib/python3.10/site-packages/airflow/example_dags/tutorial.py
[2025-04-04T14:53:53.088+0000] {processor.py:826} INFO - Processing file /home/vscode/.local/lib/python3.10/site-packages/airflow/example_dags/tutorial.py for tasks to queue
[2025-04-04T14:53:53.089+0000] {logging_mixin.py:150} INFO - [2025-04-04T14:53:53.088+0000] {dagbag.py:541} INFO - Filling up the DagBag from /home/vscode/.local/lib/python3.10/site-packages/airflow/example_dags/tutorial.py
[2025-04-04T14:53:53.095+0000] {processor.py:836} INFO - DAG(s) dict_keys(['tutorial']) retrieved from /home/vscode/.local/lib/python3.10/site-packages/airflow/example_dags/tutorial.py
[2025-04-04T14:53:53.107+0000] {logging_mixin.py:150} INFO - [2025-04-04T14:53:53.107+0000] {dag.py:2742} INFO - Sync 1 DAGs
[2025-04-04T14:53:53.121+0000] {logging_mixin.py:150} INFO - [2025-04-04T14:53:53.121+0000] {dag.py:3504} INFO - Setting next_dagrun for tutorial to 2025-04-03T14:53:53.121584+00:00, run_after=2025-04-04T14:53:53.121584+00:00
[2025-04-04T14:53:53.138+0000] {processor.py:179} INFO - Processing /home/vscode/.local/lib/python3.10/site-packages/airflow/example_dags/tutorial.py took 0.055 seconds
[2025-04-04T14:54:37.398+0000] {processor.py:157} INFO - Started process (PID=26045) to work on /home/vscode/.local/lib/python3.10/site-packages/airflow/example_dags/tutorial.py
[2025-04-04T14:54:37.398+0000] {processor.py:826} INFO - Processing file /home/vscode/.local/lib/python3.10/site-packages/airflow/example_dags/tutorial.py for tasks to queue
[2025-04-04T14:54:37.399+0000] {logging_mixin.py:150} INFO - [2025-04-04T14:54:37.399+0000] {dagbag.py:541} INFO - Filling up the DagBag from /home/vscode/.local/lib/python3.10/site-packages/airflow/example_dags/tutorial.py
[2025-04-04T14:54:37.405+0000] {processor.py:836} INFO - DAG(s) dict_keys(['tutorial']) retrieved from /home/vscode/.local/lib/python3.10/site-packages/airflow/example_dags/tutorial.py
[2025-04-04T14:54:37.417+0000] {logging_mixin.py:150} INFO - [2025-04-04T14:54:37.417+0000] {dag.py:2742} INFO - Sync 1 DAGs
[2025-04-04T14:54:37.431+0000] {logging_mixin.py:150} INFO - [2025-04-04T14:54:37.431+0000] {dag.py:3504} INFO - Setting next_dagrun for tutorial to 2025-04-03T14:54:37.431570+00:00, run_after=2025-04-04T14:54:37.431570+00:00
[2025-04-04T14:54:37.447+0000] {processor.py:179} INFO - Processing /home/vscode/.local/lib/python3.10/site-packages/airflow/example_dags/tutorial.py took 0.052 seconds
