[[34m2025-04-04T14:56:18.558+0000[0m] {[34mscheduler_job_runner.py:[0m788} INFO[0m - Starting the scheduler[0m
[[34m2025-04-04T14:56:18.559+0000[0m] {[34mscheduler_job_runner.py:[0m795} INFO[0m - Processing each file at most -1 times[0m
[[34m2025-04-04T14:56:18.563+0000[0m] {[34mmanager.py:[0m165} INFO[0m - Launched DagFileProcessorManager with pid: 26926[0m
[[34m2025-04-04T14:56:18.565+0000[0m] {[34mscheduler_job_runner.py:[0m1553} INFO[0m - Resetting orphaned tasks for active dag runs[0m
[[34m2025-04-04T14:56:18.568+0000[0m] {[34msettings.py:[0m60} INFO[0m - Configured default timezone Timezone('UTC')[0m
[2025-04-04T14:56:18.589+0000] {manager.py:411} WARNING - Because we cannot use more than 1 thread (parsing_processes = 2) when using sqlite. So we set parallelism to 1.
[[34m2025-04-04T15:01:18.635+0000[0m] {[34mscheduler_job_runner.py:[0m1553} INFO[0m - Resetting orphaned tasks for active dag runs[0m
[[34m2025-04-04T15:06:18.677+0000[0m] {[34mscheduler_job_runner.py:[0m1553} INFO[0m - Resetting orphaned tasks for active dag runs[0m
[[34m2025-04-04T15:11:18.886+0000[0m] {[34mscheduler_job_runner.py:[0m1553} INFO[0m - Resetting orphaned tasks for active dag runs[0m
[[34m2025-04-04T15:12:09.495+0000[0m] {[34mscheduler_job_runner.py:[0m411} INFO[0m - 1 tasks up for execution:
	<TaskInstance: one_task_dag.one_task manual__2025-04-04T15:12:08.655753+00:00 [scheduled]>[0m
[[34m2025-04-04T15:12:09.496+0000[0m] {[34mscheduler_job_runner.py:[0m476} INFO[0m - DAG one_task_dag has 0/16 running and queued tasks[0m
[[34m2025-04-04T15:12:09.496+0000[0m] {[34mscheduler_job_runner.py:[0m587} INFO[0m - Setting the following tasks to queued state:
	<TaskInstance: one_task_dag.one_task manual__2025-04-04T15:12:08.655753+00:00 [scheduled]>[0m
[[34m2025-04-04T15:12:09.498+0000[0m] {[34mscheduler_job_runner.py:[0m625} INFO[0m - Sending TaskInstanceKey(dag_id='one_task_dag', task_id='one_task', run_id='manual__2025-04-04T15:12:08.655753+00:00', try_number=1, map_index=-1) to executor with priority 1 and queue default[0m
[[34m2025-04-04T15:12:09.498+0000[0m] {[34mbase_executor.py:[0m147} INFO[0m - Adding to queue: ['airflow', 'tasks', 'run', 'one_task_dag', 'one_task', 'manual__2025-04-04T15:12:08.655753+00:00', '--local', '--subdir', 'DAGS_FOLDER/one_task_dag.py'][0m
[[34m2025-04-04T15:12:09.501+0000[0m] {[34msequential_executor.py:[0m74} INFO[0m - Executing command: ['airflow', 'tasks', 'run', 'one_task_dag', 'one_task', 'manual__2025-04-04T15:12:08.655753+00:00', '--local', '--subdir', 'DAGS_FOLDER/one_task_dag.py'][0m
[[34m2025-04-04T15:12:10.180+0000[0m] {[34mdagbag.py:[0m541} INFO[0m - Filling up the DagBag from /workspaces/hands-on-introduction-data-engineering-4395021/airflow/dags/one_task_dag.py[0m
[[34m2025-04-04T15:12:10.599+0000[0m] {[34mtask_command.py:[0m410} INFO[0m - Running <TaskInstance: one_task_dag.one_task manual__2025-04-04T15:12:08.655753+00:00 [queued]> on host codespaces-9d0692[0m
[[34m2025-04-04T15:12:10.971+0000[0m] {[34mscheduler_job_runner.py:[0m677} INFO[0m - Received executor event with state success for task instance TaskInstanceKey(dag_id='one_task_dag', task_id='one_task', run_id='manual__2025-04-04T15:12:08.655753+00:00', try_number=1, map_index=-1)[0m
[[34m2025-04-04T15:12:10.976+0000[0m] {[34mscheduler_job_runner.py:[0m713} INFO[0m - TaskInstance Finished: dag_id=one_task_dag, task_id=one_task, run_id=manual__2025-04-04T15:12:08.655753+00:00, map_index=-1, run_start_date=2025-04-04 15:12:10.635950+00:00, run_end_date=2025-04-04 15:12:10.735436+00:00, run_duration=0.099486, state=failed, executor_state=success, try_number=1, max_tries=0, job_id=4, pool=default_pool, queue=default, priority_weight=1, operator=BashOperator, queued_dttm=2025-04-04 15:12:09.496903+00:00, queued_by_job_id=3, pid=32866[0m
[[34m2025-04-04T15:12:11.005+0000[0m] {[34mdagrun.py:[0m609} ERROR[0m - Marking run <DagRun one_task_dag @ 2025-04-04 15:12:08.655753+00:00: manual__2025-04-04T15:12:08.655753+00:00, state:running, queued_at: 2025-04-04 15:12:08.677571+00:00. externally triggered: True> failed[0m
[[34m2025-04-04T15:12:11.006+0000[0m] {[34mdagrun.py:[0m681} INFO[0m - DagRun Finished: dag_id=one_task_dag, execution_date=2025-04-04 15:12:08.655753+00:00, run_id=manual__2025-04-04T15:12:08.655753+00:00, run_start_date=2025-04-04 15:12:09.471146+00:00, run_end_date=2025-04-04 15:12:11.006057+00:00, run_duration=1.534911, state=failed, external_trigger=True, run_type=manual, data_interval_start=2025-04-04 15:12:08.655753+00:00, data_interval_end=2025-04-04 15:12:08.655753+00:00, dag_hash=426b1852d66b5eaf66bb7749a4a71184[0m
[[34m2025-04-04T15:12:41.188+0000[0m] {[34mscheduler_job_runner.py:[0m411} INFO[0m - 1 tasks up for execution:
	<TaskInstance: one_task_dag.one_task manual__2025-04-04T15:12:40.061253+00:00 [scheduled]>[0m
[[34m2025-04-04T15:12:41.189+0000[0m] {[34mscheduler_job_runner.py:[0m476} INFO[0m - DAG one_task_dag has 0/16 running and queued tasks[0m
[[34m2025-04-04T15:12:41.189+0000[0m] {[34mscheduler_job_runner.py:[0m587} INFO[0m - Setting the following tasks to queued state:
	<TaskInstance: one_task_dag.one_task manual__2025-04-04T15:12:40.061253+00:00 [scheduled]>[0m
[[34m2025-04-04T15:12:41.191+0000[0m] {[34mscheduler_job_runner.py:[0m625} INFO[0m - Sending TaskInstanceKey(dag_id='one_task_dag', task_id='one_task', run_id='manual__2025-04-04T15:12:40.061253+00:00', try_number=1, map_index=-1) to executor with priority 1 and queue default[0m
[[34m2025-04-04T15:12:41.192+0000[0m] {[34mbase_executor.py:[0m147} INFO[0m - Adding to queue: ['airflow', 'tasks', 'run', 'one_task_dag', 'one_task', 'manual__2025-04-04T15:12:40.061253+00:00', '--local', '--subdir', 'DAGS_FOLDER/one_task_dag.py'][0m
[[34m2025-04-04T15:12:41.194+0000[0m] {[34msequential_executor.py:[0m74} INFO[0m - Executing command: ['airflow', 'tasks', 'run', 'one_task_dag', 'one_task', 'manual__2025-04-04T15:12:40.061253+00:00', '--local', '--subdir', 'DAGS_FOLDER/one_task_dag.py'][0m
[[34m2025-04-04T15:12:41.855+0000[0m] {[34mdagbag.py:[0m541} INFO[0m - Filling up the DagBag from /workspaces/hands-on-introduction-data-engineering-4395021/airflow/dags/one_task_dag.py[0m
[[34m2025-04-04T15:12:42.263+0000[0m] {[34mtask_command.py:[0m410} INFO[0m - Running <TaskInstance: one_task_dag.one_task manual__2025-04-04T15:12:40.061253+00:00 [queued]> on host codespaces-9d0692[0m
[[34m2025-04-04T15:12:42.668+0000[0m] {[34mscheduler_job_runner.py:[0m677} INFO[0m - Received executor event with state success for task instance TaskInstanceKey(dag_id='one_task_dag', task_id='one_task', run_id='manual__2025-04-04T15:12:40.061253+00:00', try_number=1, map_index=-1)[0m
[[34m2025-04-04T15:12:42.671+0000[0m] {[34mscheduler_job_runner.py:[0m713} INFO[0m - TaskInstance Finished: dag_id=one_task_dag, task_id=one_task, run_id=manual__2025-04-04T15:12:40.061253+00:00, map_index=-1, run_start_date=2025-04-04 15:12:42.294839+00:00, run_end_date=2025-04-04 15:12:42.394149+00:00, run_duration=0.09931, state=failed, executor_state=success, try_number=1, max_tries=0, job_id=5, pool=default_pool, queue=default, priority_weight=1, operator=BashOperator, queued_dttm=2025-04-04 15:12:41.190373+00:00, queued_by_job_id=3, pid=33046[0m
[[34m2025-04-04T15:12:42.704+0000[0m] {[34mdagrun.py:[0m609} ERROR[0m - Marking run <DagRun one_task_dag @ 2025-04-04 15:12:40.061253+00:00: manual__2025-04-04T15:12:40.061253+00:00, state:running, queued_at: 2025-04-04 15:12:40.070976+00:00. externally triggered: True> failed[0m
[[34m2025-04-04T15:12:42.704+0000[0m] {[34mdagrun.py:[0m681} INFO[0m - DagRun Finished: dag_id=one_task_dag, execution_date=2025-04-04 15:12:40.061253+00:00, run_id=manual__2025-04-04T15:12:40.061253+00:00, run_start_date=2025-04-04 15:12:41.165388+00:00, run_end_date=2025-04-04 15:12:42.704562+00:00, run_duration=1.539174, state=failed, external_trigger=True, run_type=manual, data_interval_start=2025-04-04 15:12:40.061253+00:00, data_interval_end=2025-04-04 15:12:40.061253+00:00, dag_hash=426b1852d66b5eaf66bb7749a4a71184[0m
[[34m2025-04-04T15:16:18.913+0000[0m] {[34mscheduler_job_runner.py:[0m1553} INFO[0m - Resetting orphaned tasks for active dag runs[0m
[[34m2025-04-04T15:17:56.970+0000[0m] {[34mscheduler_job_runner.py:[0m411} INFO[0m - 1 tasks up for execution:
	<TaskInstance: one_task_dag.one_task manual__2025-04-04T15:17:55.178142+00:00 [scheduled]>[0m
[[34m2025-04-04T15:17:56.971+0000[0m] {[34mscheduler_job_runner.py:[0m476} INFO[0m - DAG one_task_dag has 0/16 running and queued tasks[0m
[[34m2025-04-04T15:17:56.971+0000[0m] {[34mscheduler_job_runner.py:[0m587} INFO[0m - Setting the following tasks to queued state:
	<TaskInstance: one_task_dag.one_task manual__2025-04-04T15:17:55.178142+00:00 [scheduled]>[0m
[[34m2025-04-04T15:17:56.972+0000[0m] {[34mscheduler_job_runner.py:[0m625} INFO[0m - Sending TaskInstanceKey(dag_id='one_task_dag', task_id='one_task', run_id='manual__2025-04-04T15:17:55.178142+00:00', try_number=1, map_index=-1) to executor with priority 1 and queue default[0m
[[34m2025-04-04T15:17:56.972+0000[0m] {[34mbase_executor.py:[0m147} INFO[0m - Adding to queue: ['airflow', 'tasks', 'run', 'one_task_dag', 'one_task', 'manual__2025-04-04T15:17:55.178142+00:00', '--local', '--subdir', 'DAGS_FOLDER/one_task_dag.py'][0m
[[34m2025-04-04T15:17:56.975+0000[0m] {[34msequential_executor.py:[0m74} INFO[0m - Executing command: ['airflow', 'tasks', 'run', 'one_task_dag', 'one_task', 'manual__2025-04-04T15:17:55.178142+00:00', '--local', '--subdir', 'DAGS_FOLDER/one_task_dag.py'][0m
[[34m2025-04-04T15:17:57.612+0000[0m] {[34mdagbag.py:[0m541} INFO[0m - Filling up the DagBag from /workspaces/hands-on-introduction-data-engineering-4395021/airflow/dags/one_task_dag.py[0m
[[34m2025-04-04T15:17:58.020+0000[0m] {[34mtask_command.py:[0m410} INFO[0m - Running <TaskInstance: one_task_dag.one_task manual__2025-04-04T15:17:55.178142+00:00 [queued]> on host codespaces-9d0692[0m
[[34m2025-04-04T15:17:58.432+0000[0m] {[34mscheduler_job_runner.py:[0m677} INFO[0m - Received executor event with state success for task instance TaskInstanceKey(dag_id='one_task_dag', task_id='one_task', run_id='manual__2025-04-04T15:17:55.178142+00:00', try_number=1, map_index=-1)[0m
[[34m2025-04-04T15:17:58.435+0000[0m] {[34mscheduler_job_runner.py:[0m713} INFO[0m - TaskInstance Finished: dag_id=one_task_dag, task_id=one_task, run_id=manual__2025-04-04T15:17:55.178142+00:00, map_index=-1, run_start_date=2025-04-04 15:17:58.052244+00:00, run_end_date=2025-04-04 15:17:58.155774+00:00, run_duration=0.10353, state=failed, executor_state=success, try_number=1, max_tries=0, job_id=6, pool=default_pool, queue=default, priority_weight=1, operator=BashOperator, queued_dttm=2025-04-04 15:17:56.971619+00:00, queued_by_job_id=3, pid=35076[0m
[[34m2025-04-04T15:17:58.459+0000[0m] {[34mdagrun.py:[0m609} ERROR[0m - Marking run <DagRun one_task_dag @ 2025-04-04 15:17:55.178142+00:00: manual__2025-04-04T15:17:55.178142+00:00, state:running, queued_at: 2025-04-04 15:17:55.190006+00:00. externally triggered: True> failed[0m
[[34m2025-04-04T15:17:58.459+0000[0m] {[34mdagrun.py:[0m681} INFO[0m - DagRun Finished: dag_id=one_task_dag, execution_date=2025-04-04 15:17:55.178142+00:00, run_id=manual__2025-04-04T15:17:55.178142+00:00, run_start_date=2025-04-04 15:17:56.954500+00:00, run_end_date=2025-04-04 15:17:58.459530+00:00, run_duration=1.50503, state=failed, external_trigger=True, run_type=manual, data_interval_start=2025-04-04 15:17:55.178142+00:00, data_interval_end=2025-04-04 15:17:55.178142+00:00, dag_hash=426b1852d66b5eaf66bb7749a4a71184[0m
[[34m2025-04-04T15:20:57.447+0000[0m] {[34mscheduler_job_runner.py:[0m411} INFO[0m - 1 tasks up for execution:
	<TaskInstance: one_task_dag.one_task manual__2025-04-04T15:20:56.681230+00:00 [scheduled]>[0m
[[34m2025-04-04T15:20:57.449+0000[0m] {[34mscheduler_job_runner.py:[0m476} INFO[0m - DAG one_task_dag has 0/16 running and queued tasks[0m
[[34m2025-04-04T15:20:57.449+0000[0m] {[34mscheduler_job_runner.py:[0m587} INFO[0m - Setting the following tasks to queued state:
	<TaskInstance: one_task_dag.one_task manual__2025-04-04T15:20:56.681230+00:00 [scheduled]>[0m
[[34m2025-04-04T15:20:57.453+0000[0m] {[34mscheduler_job_runner.py:[0m625} INFO[0m - Sending TaskInstanceKey(dag_id='one_task_dag', task_id='one_task', run_id='manual__2025-04-04T15:20:56.681230+00:00', try_number=1, map_index=-1) to executor with priority 1 and queue default[0m
[[34m2025-04-04T15:20:57.453+0000[0m] {[34mbase_executor.py:[0m147} INFO[0m - Adding to queue: ['airflow', 'tasks', 'run', 'one_task_dag', 'one_task', 'manual__2025-04-04T15:20:56.681230+00:00', '--local', '--subdir', 'DAGS_FOLDER/one_task_dag.py'][0m
[[34m2025-04-04T15:20:57.458+0000[0m] {[34msequential_executor.py:[0m74} INFO[0m - Executing command: ['airflow', 'tasks', 'run', 'one_task_dag', 'one_task', 'manual__2025-04-04T15:20:56.681230+00:00', '--local', '--subdir', 'DAGS_FOLDER/one_task_dag.py'][0m
[[34m2025-04-04T15:20:58.144+0000[0m] {[34mdagbag.py:[0m541} INFO[0m - Filling up the DagBag from /workspaces/hands-on-introduction-data-engineering-4395021/airflow/dags/one_task_dag.py[0m
[[34m2025-04-04T15:20:58.543+0000[0m] {[34mtask_command.py:[0m410} INFO[0m - Running <TaskInstance: one_task_dag.one_task manual__2025-04-04T15:20:56.681230+00:00 [queued]> on host codespaces-9d0692[0m
[[34m2025-04-04T15:20:58.956+0000[0m] {[34mscheduler_job_runner.py:[0m677} INFO[0m - Received executor event with state success for task instance TaskInstanceKey(dag_id='one_task_dag', task_id='one_task', run_id='manual__2025-04-04T15:20:56.681230+00:00', try_number=1, map_index=-1)[0m
[[34m2025-04-04T15:20:58.960+0000[0m] {[34mscheduler_job_runner.py:[0m713} INFO[0m - TaskInstance Finished: dag_id=one_task_dag, task_id=one_task, run_id=manual__2025-04-04T15:20:56.681230+00:00, map_index=-1, run_start_date=2025-04-04 15:20:58.588948+00:00, run_end_date=2025-04-04 15:20:58.703908+00:00, run_duration=0.11496, state=failed, executor_state=success, try_number=1, max_tries=0, job_id=7, pool=default_pool, queue=default, priority_weight=1, operator=BashOperator, queued_dttm=2025-04-04 15:20:57.449927+00:00, queued_by_job_id=3, pid=36365[0m
[[34m2025-04-04T15:20:59.090+0000[0m] {[34mdagrun.py:[0m609} ERROR[0m - Marking run <DagRun one_task_dag @ 2025-04-04 15:20:56.681230+00:00: manual__2025-04-04T15:20:56.681230+00:00, state:running, queued_at: 2025-04-04 15:20:56.686665+00:00. externally triggered: True> failed[0m
[[34m2025-04-04T15:20:59.091+0000[0m] {[34mdagrun.py:[0m681} INFO[0m - DagRun Finished: dag_id=one_task_dag, execution_date=2025-04-04 15:20:56.681230+00:00, run_id=manual__2025-04-04T15:20:56.681230+00:00, run_start_date=2025-04-04 15:20:57.408938+00:00, run_end_date=2025-04-04 15:20:59.091273+00:00, run_duration=1.682335, state=failed, external_trigger=True, run_type=manual, data_interval_start=2025-04-04 15:20:56.681230+00:00, data_interval_end=2025-04-04 15:20:56.681230+00:00, dag_hash=426b1852d66b5eaf66bb7749a4a71184[0m
[[34m2025-04-04T15:21:18.951+0000[0m] {[34mscheduler_job_runner.py:[0m1553} INFO[0m - Resetting orphaned tasks for active dag runs[0m
[[34m2025-04-04T15:24:48.098+0000[0m] {[34mscheduler_job_runner.py:[0m411} INFO[0m - 1 tasks up for execution:
	<TaskInstance: one_task_dag.one_task manual__2025-04-04T15:24:47.306159+00:00 [scheduled]>[0m
[[34m2025-04-04T15:24:48.098+0000[0m] {[34mscheduler_job_runner.py:[0m476} INFO[0m - DAG one_task_dag has 0/16 running and queued tasks[0m
[[34m2025-04-04T15:24:48.098+0000[0m] {[34mscheduler_job_runner.py:[0m587} INFO[0m - Setting the following tasks to queued state:
	<TaskInstance: one_task_dag.one_task manual__2025-04-04T15:24:47.306159+00:00 [scheduled]>[0m
[[34m2025-04-04T15:24:48.099+0000[0m] {[34mscheduler_job_runner.py:[0m625} INFO[0m - Sending TaskInstanceKey(dag_id='one_task_dag', task_id='one_task', run_id='manual__2025-04-04T15:24:47.306159+00:00', try_number=1, map_index=-1) to executor with priority 1 and queue default[0m
[[34m2025-04-04T15:24:48.100+0000[0m] {[34mbase_executor.py:[0m147} INFO[0m - Adding to queue: ['airflow', 'tasks', 'run', 'one_task_dag', 'one_task', 'manual__2025-04-04T15:24:47.306159+00:00', '--local', '--subdir', 'DAGS_FOLDER/one_task_dag.py'][0m
[[34m2025-04-04T15:24:48.102+0000[0m] {[34msequential_executor.py:[0m74} INFO[0m - Executing command: ['airflow', 'tasks', 'run', 'one_task_dag', 'one_task', 'manual__2025-04-04T15:24:47.306159+00:00', '--local', '--subdir', 'DAGS_FOLDER/one_task_dag.py'][0m
[[34m2025-04-04T15:24:48.786+0000[0m] {[34mdagbag.py:[0m541} INFO[0m - Filling up the DagBag from /workspaces/hands-on-introduction-data-engineering-4395021/airflow/dags/one_task_dag.py[0m
[[34m2025-04-04T15:24:49.189+0000[0m] {[34mtask_command.py:[0m410} INFO[0m - Running <TaskInstance: one_task_dag.one_task manual__2025-04-04T15:24:47.306159+00:00 [queued]> on host codespaces-9d0692[0m
[[34m2025-04-04T15:24:49.600+0000[0m] {[34mscheduler_job_runner.py:[0m677} INFO[0m - Received executor event with state success for task instance TaskInstanceKey(dag_id='one_task_dag', task_id='one_task', run_id='manual__2025-04-04T15:24:47.306159+00:00', try_number=1, map_index=-1)[0m
[[34m2025-04-04T15:24:49.604+0000[0m] {[34mscheduler_job_runner.py:[0m713} INFO[0m - TaskInstance Finished: dag_id=one_task_dag, task_id=one_task, run_id=manual__2025-04-04T15:24:47.306159+00:00, map_index=-1, run_start_date=2025-04-04 15:24:49.222634+00:00, run_end_date=2025-04-04 15:24:49.324032+00:00, run_duration=0.101398, state=failed, executor_state=success, try_number=1, max_tries=0, job_id=8, pool=default_pool, queue=default, priority_weight=1, operator=BashOperator, queued_dttm=2025-04-04 15:24:48.099117+00:00, queued_by_job_id=3, pid=38060[0m
[[34m2025-04-04T15:24:49.739+0000[0m] {[34mdagrun.py:[0m609} ERROR[0m - Marking run <DagRun one_task_dag @ 2025-04-04 15:24:47.306159+00:00: manual__2025-04-04T15:24:47.306159+00:00, state:running, queued_at: 2025-04-04 15:24:47.316928+00:00. externally triggered: True> failed[0m
[[34m2025-04-04T15:24:49.739+0000[0m] {[34mdagrun.py:[0m681} INFO[0m - DagRun Finished: dag_id=one_task_dag, execution_date=2025-04-04 15:24:47.306159+00:00, run_id=manual__2025-04-04T15:24:47.306159+00:00, run_start_date=2025-04-04 15:24:48.064418+00:00, run_end_date=2025-04-04 15:24:49.739893+00:00, run_duration=1.675475, state=failed, external_trigger=True, run_type=manual, data_interval_start=2025-04-04 15:24:47.306159+00:00, data_interval_end=2025-04-04 15:24:47.306159+00:00, dag_hash=426b1852d66b5eaf66bb7749a4a71184[0m
[[34m2025-04-04T15:25:03.915+0000[0m] {[34mscheduler_job_runner.py:[0m411} INFO[0m - 1 tasks up for execution:
	<TaskInstance: one_task_dag.one_task manual__2025-04-04T15:25:02.333248+00:00 [scheduled]>[0m
[[34m2025-04-04T15:25:03.915+0000[0m] {[34mscheduler_job_runner.py:[0m476} INFO[0m - DAG one_task_dag has 0/16 running and queued tasks[0m
[[34m2025-04-04T15:25:03.915+0000[0m] {[34mscheduler_job_runner.py:[0m587} INFO[0m - Setting the following tasks to queued state:
	<TaskInstance: one_task_dag.one_task manual__2025-04-04T15:25:02.333248+00:00 [scheduled]>[0m
[[34m2025-04-04T15:25:03.917+0000[0m] {[34mscheduler_job_runner.py:[0m625} INFO[0m - Sending TaskInstanceKey(dag_id='one_task_dag', task_id='one_task', run_id='manual__2025-04-04T15:25:02.333248+00:00', try_number=1, map_index=-1) to executor with priority 1 and queue default[0m
[[34m2025-04-04T15:25:03.917+0000[0m] {[34mbase_executor.py:[0m147} INFO[0m - Adding to queue: ['airflow', 'tasks', 'run', 'one_task_dag', 'one_task', 'manual__2025-04-04T15:25:02.333248+00:00', '--local', '--subdir', 'DAGS_FOLDER/one_task_dag.py'][0m
[[34m2025-04-04T15:25:03.920+0000[0m] {[34msequential_executor.py:[0m74} INFO[0m - Executing command: ['airflow', 'tasks', 'run', 'one_task_dag', 'one_task', 'manual__2025-04-04T15:25:02.333248+00:00', '--local', '--subdir', 'DAGS_FOLDER/one_task_dag.py'][0m
[[34m2025-04-04T15:25:04.547+0000[0m] {[34mdagbag.py:[0m541} INFO[0m - Filling up the DagBag from /workspaces/hands-on-introduction-data-engineering-4395021/airflow/dags/one_task_dag.py[0m
[[34m2025-04-04T15:25:04.961+0000[0m] {[34mtask_command.py:[0m410} INFO[0m - Running <TaskInstance: one_task_dag.one_task manual__2025-04-04T15:25:02.333248+00:00 [queued]> on host codespaces-9d0692[0m
[[34m2025-04-04T15:25:05.320+0000[0m] {[34mscheduler_job_runner.py:[0m677} INFO[0m - Received executor event with state success for task instance TaskInstanceKey(dag_id='one_task_dag', task_id='one_task', run_id='manual__2025-04-04T15:25:02.333248+00:00', try_number=1, map_index=-1)[0m
[[34m2025-04-04T15:25:05.323+0000[0m] {[34mscheduler_job_runner.py:[0m713} INFO[0m - TaskInstance Finished: dag_id=one_task_dag, task_id=one_task, run_id=manual__2025-04-04T15:25:02.333248+00:00, map_index=-1, run_start_date=2025-04-04 15:25:04.993749+00:00, run_end_date=2025-04-04 15:25:05.089788+00:00, run_duration=0.096039, state=failed, executor_state=success, try_number=1, max_tries=0, job_id=9, pool=default_pool, queue=default, priority_weight=1, operator=BashOperator, queued_dttm=2025-04-04 15:25:03.916279+00:00, queued_by_job_id=3, pid=38158[0m
[[34m2025-04-04T15:25:05.354+0000[0m] {[34mdagrun.py:[0m609} ERROR[0m - Marking run <DagRun one_task_dag @ 2025-04-04 15:25:02.333248+00:00: manual__2025-04-04T15:25:02.333248+00:00, state:running, queued_at: 2025-04-04 15:25:02.338308+00:00. externally triggered: True> failed[0m
[[34m2025-04-04T15:25:05.354+0000[0m] {[34mdagrun.py:[0m681} INFO[0m - DagRun Finished: dag_id=one_task_dag, execution_date=2025-04-04 15:25:02.333248+00:00, run_id=manual__2025-04-04T15:25:02.333248+00:00, run_start_date=2025-04-04 15:25:03.896506+00:00, run_end_date=2025-04-04 15:25:05.354734+00:00, run_duration=1.458228, state=failed, external_trigger=True, run_type=manual, data_interval_start=2025-04-04 15:25:02.333248+00:00, data_interval_end=2025-04-04 15:25:02.333248+00:00, dag_hash=426b1852d66b5eaf66bb7749a4a71184[0m
[[34m2025-04-04T15:26:17.917+0000[0m] {[34mscheduler_job_runner.py:[0m411} INFO[0m - 1 tasks up for execution:
	<TaskInstance: one_task_dag.one_task manual__2025-04-04T15:26:16.761449+00:00 [scheduled]>[0m
[[34m2025-04-04T15:26:17.918+0000[0m] {[34mscheduler_job_runner.py:[0m476} INFO[0m - DAG one_task_dag has 0/16 running and queued tasks[0m
[[34m2025-04-04T15:26:17.918+0000[0m] {[34mscheduler_job_runner.py:[0m587} INFO[0m - Setting the following tasks to queued state:
	<TaskInstance: one_task_dag.one_task manual__2025-04-04T15:26:16.761449+00:00 [scheduled]>[0m
[[34m2025-04-04T15:26:17.919+0000[0m] {[34mscheduler_job_runner.py:[0m625} INFO[0m - Sending TaskInstanceKey(dag_id='one_task_dag', task_id='one_task', run_id='manual__2025-04-04T15:26:16.761449+00:00', try_number=1, map_index=-1) to executor with priority 1 and queue default[0m
[[34m2025-04-04T15:26:17.919+0000[0m] {[34mbase_executor.py:[0m147} INFO[0m - Adding to queue: ['airflow', 'tasks', 'run', 'one_task_dag', 'one_task', 'manual__2025-04-04T15:26:16.761449+00:00', '--local', '--subdir', 'DAGS_FOLDER/one_task_dag.py'][0m
[[34m2025-04-04T15:26:17.922+0000[0m] {[34msequential_executor.py:[0m74} INFO[0m - Executing command: ['airflow', 'tasks', 'run', 'one_task_dag', 'one_task', 'manual__2025-04-04T15:26:16.761449+00:00', '--local', '--subdir', 'DAGS_FOLDER/one_task_dag.py'][0m
[[34m2025-04-04T15:26:18.548+0000[0m] {[34mdagbag.py:[0m541} INFO[0m - Filling up the DagBag from /workspaces/hands-on-introduction-data-engineering-4395021/airflow/dags/one_task_dag.py[0m
[[34m2025-04-04T15:26:18.978+0000[0m] {[34mtask_command.py:[0m410} INFO[0m - Running <TaskInstance: one_task_dag.one_task manual__2025-04-04T15:26:16.761449+00:00 [queued]> on host codespaces-9d0692[0m
[[34m2025-04-04T15:26:19.438+0000[0m] {[34mscheduler_job_runner.py:[0m677} INFO[0m - Received executor event with state success for task instance TaskInstanceKey(dag_id='one_task_dag', task_id='one_task', run_id='manual__2025-04-04T15:26:16.761449+00:00', try_number=1, map_index=-1)[0m
[[34m2025-04-04T15:26:19.443+0000[0m] {[34mscheduler_job_runner.py:[0m713} INFO[0m - TaskInstance Finished: dag_id=one_task_dag, task_id=one_task, run_id=manual__2025-04-04T15:26:16.761449+00:00, map_index=-1, run_start_date=2025-04-04 15:26:19.013750+00:00, run_end_date=2025-04-04 15:26:19.129718+00:00, run_duration=0.115968, state=failed, executor_state=success, try_number=1, max_tries=0, job_id=10, pool=default_pool, queue=default, priority_weight=1, operator=BashOperator, queued_dttm=2025-04-04 15:26:17.918701+00:00, queued_by_job_id=3, pid=38677[0m
[[34m2025-04-04T15:26:19.455+0000[0m] {[34mscheduler_job_runner.py:[0m1553} INFO[0m - Resetting orphaned tasks for active dag runs[0m
[[34m2025-04-04T15:26:19.485+0000[0m] {[34mdagrun.py:[0m609} ERROR[0m - Marking run <DagRun one_task_dag @ 2025-04-04 15:26:16.761449+00:00: manual__2025-04-04T15:26:16.761449+00:00, state:running, queued_at: 2025-04-04 15:26:16.766549+00:00. externally triggered: True> failed[0m
[[34m2025-04-04T15:26:19.485+0000[0m] {[34mdagrun.py:[0m681} INFO[0m - DagRun Finished: dag_id=one_task_dag, execution_date=2025-04-04 15:26:16.761449+00:00, run_id=manual__2025-04-04T15:26:16.761449+00:00, run_start_date=2025-04-04 15:26:17.901556+00:00, run_end_date=2025-04-04 15:26:19.485672+00:00, run_duration=1.584116, state=failed, external_trigger=True, run_type=manual, data_interval_start=2025-04-04 15:26:16.761449+00:00, data_interval_end=2025-04-04 15:26:16.761449+00:00, dag_hash=426b1852d66b5eaf66bb7749a4a71184[0m
[[34m2025-04-04T15:31:19.483+0000[0m] {[34mscheduler_job_runner.py:[0m1553} INFO[0m - Resetting orphaned tasks for active dag runs[0m
[[34m2025-04-04T15:36:19.510+0000[0m] {[34mscheduler_job_runner.py:[0m1553} INFO[0m - Resetting orphaned tasks for active dag runs[0m
[[34m2025-04-04T15:41:19.537+0000[0m] {[34mscheduler_job_runner.py:[0m1553} INFO[0m - Resetting orphaned tasks for active dag runs[0m
[2025-04-04T15:42:27.114+0000] {manager.py:542} INFO - DAG one_task_dag is missing and will be deactivated.
[2025-04-04T15:42:27.117+0000] {manager.py:552} INFO - Deactivated 1 DAGs which are no longer present in file.
[2025-04-04T15:42:27.121+0000] {manager.py:556} INFO - Deleted DAG one_task_dag in serialized_dag table
[[34m2025-04-04T15:46:19.566+0000[0m] {[34mscheduler_job_runner.py:[0m1553} INFO[0m - Resetting orphaned tasks for active dag runs[0m
[[34m2025-04-04T15:51:19.593+0000[0m] {[34mscheduler_job_runner.py:[0m1553} INFO[0m - Resetting orphaned tasks for active dag runs[0m
[[34m2025-04-04T15:51:46.588+0000[0m] {[34mscheduler_job_runner.py:[0m411} INFO[0m - 1 tasks up for execution:
	<TaskInstance: two_task_dag.bash_task_0 manual__2025-04-04T15:51:45.718554+00:00 [scheduled]>[0m
[[34m2025-04-04T15:51:46.589+0000[0m] {[34mscheduler_job_runner.py:[0m476} INFO[0m - DAG two_task_dag has 0/16 running and queued tasks[0m
[[34m2025-04-04T15:51:46.589+0000[0m] {[34mscheduler_job_runner.py:[0m587} INFO[0m - Setting the following tasks to queued state:
	<TaskInstance: two_task_dag.bash_task_0 manual__2025-04-04T15:51:45.718554+00:00 [scheduled]>[0m
[[34m2025-04-04T15:51:46.614+0000[0m] {[34mscheduler_job_runner.py:[0m625} INFO[0m - Sending TaskInstanceKey(dag_id='two_task_dag', task_id='bash_task_0', run_id='manual__2025-04-04T15:51:45.718554+00:00', try_number=1, map_index=-1) to executor with priority 2 and queue default[0m
[[34m2025-04-04T15:51:46.615+0000[0m] {[34mbase_executor.py:[0m147} INFO[0m - Adding to queue: ['airflow', 'tasks', 'run', 'two_task_dag', 'bash_task_0', 'manual__2025-04-04T15:51:45.718554+00:00', '--local', '--subdir', 'DAGS_FOLDER/two_task_dag.py'][0m
[[34m2025-04-04T15:51:46.627+0000[0m] {[34msequential_executor.py:[0m74} INFO[0m - Executing command: ['airflow', 'tasks', 'run', 'two_task_dag', 'bash_task_0', 'manual__2025-04-04T15:51:45.718554+00:00', '--local', '--subdir', 'DAGS_FOLDER/two_task_dag.py'][0m
[[34m2025-04-04T15:51:47.415+0000[0m] {[34mdagbag.py:[0m541} INFO[0m - Filling up the DagBag from /workspaces/hands-on-introduction-data-engineering-4395021/airflow/dags/two_task_dag.py[0m
[[34m2025-04-04T15:51:47.874+0000[0m] {[34mtask_command.py:[0m410} INFO[0m - Running <TaskInstance: two_task_dag.bash_task_0 manual__2025-04-04T15:51:45.718554+00:00 [queued]> on host codespaces-9d0692[0m
[[34m2025-04-04T15:51:48.284+0000[0m] {[34mscheduler_job_runner.py:[0m677} INFO[0m - Received executor event with state success for task instance TaskInstanceKey(dag_id='two_task_dag', task_id='bash_task_0', run_id='manual__2025-04-04T15:51:45.718554+00:00', try_number=1, map_index=-1)[0m
[[34m2025-04-04T15:51:48.287+0000[0m] {[34mscheduler_job_runner.py:[0m713} INFO[0m - TaskInstance Finished: dag_id=two_task_dag, task_id=bash_task_0, run_id=manual__2025-04-04T15:51:45.718554+00:00, map_index=-1, run_start_date=2025-04-04 15:51:47.907300+00:00, run_end_date=2025-04-04 15:51:48.014302+00:00, run_duration=0.107002, state=success, executor_state=success, try_number=1, max_tries=0, job_id=11, pool=default_pool, queue=default, priority_weight=2, operator=BashOperator, queued_dttm=2025-04-04 15:51:46.591026+00:00, queued_by_job_id=3, pid=48525[0m
[[34m2025-04-04T15:51:48.326+0000[0m] {[34mscheduler_job_runner.py:[0m411} INFO[0m - 1 tasks up for execution:
	<TaskInstance: two_task_dag.bash_task_1 manual__2025-04-04T15:51:45.718554+00:00 [scheduled]>[0m
[[34m2025-04-04T15:51:48.327+0000[0m] {[34mscheduler_job_runner.py:[0m476} INFO[0m - DAG two_task_dag has 0/16 running and queued tasks[0m
[[34m2025-04-04T15:51:48.327+0000[0m] {[34mscheduler_job_runner.py:[0m587} INFO[0m - Setting the following tasks to queued state:
	<TaskInstance: two_task_dag.bash_task_1 manual__2025-04-04T15:51:45.718554+00:00 [scheduled]>[0m
[[34m2025-04-04T15:51:48.328+0000[0m] {[34mscheduler_job_runner.py:[0m625} INFO[0m - Sending TaskInstanceKey(dag_id='two_task_dag', task_id='bash_task_1', run_id='manual__2025-04-04T15:51:45.718554+00:00', try_number=1, map_index=-1) to executor with priority 1 and queue default[0m
[[34m2025-04-04T15:51:48.328+0000[0m] {[34mbase_executor.py:[0m147} INFO[0m - Adding to queue: ['airflow', 'tasks', 'run', 'two_task_dag', 'bash_task_1', 'manual__2025-04-04T15:51:45.718554+00:00', '--local', '--subdir', 'DAGS_FOLDER/two_task_dag.py'][0m
[[34m2025-04-04T15:51:48.331+0000[0m] {[34msequential_executor.py:[0m74} INFO[0m - Executing command: ['airflow', 'tasks', 'run', 'two_task_dag', 'bash_task_1', 'manual__2025-04-04T15:51:45.718554+00:00', '--local', '--subdir', 'DAGS_FOLDER/two_task_dag.py'][0m
[[34m2025-04-04T15:51:48.979+0000[0m] {[34mdagbag.py:[0m541} INFO[0m - Filling up the DagBag from /workspaces/hands-on-introduction-data-engineering-4395021/airflow/dags/two_task_dag.py[0m
[[34m2025-04-04T15:51:49.395+0000[0m] {[34mtask_command.py:[0m410} INFO[0m - Running <TaskInstance: two_task_dag.bash_task_1 manual__2025-04-04T15:51:45.718554+00:00 [queued]> on host codespaces-9d0692[0m
[[34m2025-04-04T15:51:54.824+0000[0m] {[34mscheduler_job_runner.py:[0m677} INFO[0m - Received executor event with state success for task instance TaskInstanceKey(dag_id='two_task_dag', task_id='bash_task_1', run_id='manual__2025-04-04T15:51:45.718554+00:00', try_number=1, map_index=-1)[0m
[[34m2025-04-04T15:51:54.827+0000[0m] {[34mscheduler_job_runner.py:[0m713} INFO[0m - TaskInstance Finished: dag_id=two_task_dag, task_id=bash_task_1, run_id=manual__2025-04-04T15:51:45.718554+00:00, map_index=-1, run_start_date=2025-04-04 15:51:49.428365+00:00, run_end_date=2025-04-04 15:51:54.533473+00:00, run_duration=5.105108, state=success, executor_state=success, try_number=1, max_tries=0, job_id=12, pool=default_pool, queue=default, priority_weight=1, operator=BashOperator, queued_dttm=2025-04-04 15:51:48.327814+00:00, queued_by_job_id=3, pid=48536[0m
[[34m2025-04-04T15:51:54.962+0000[0m] {[34mdagrun.py:[0m630} INFO[0m - Marking run <DagRun two_task_dag @ 2025-04-04 15:51:45.718554+00:00: manual__2025-04-04T15:51:45.718554+00:00, state:running, queued_at: 2025-04-04 15:51:45.733762+00:00. externally triggered: True> successful[0m
[[34m2025-04-04T15:51:54.963+0000[0m] {[34mdagrun.py:[0m681} INFO[0m - DagRun Finished: dag_id=two_task_dag, execution_date=2025-04-04 15:51:45.718554+00:00, run_id=manual__2025-04-04T15:51:45.718554+00:00, run_start_date=2025-04-04 15:51:46.516982+00:00, run_end_date=2025-04-04 15:51:54.963226+00:00, run_duration=8.446244, state=success, external_trigger=True, run_type=manual, data_interval_start=2025-04-04 15:51:45.718554+00:00, data_interval_end=2025-04-04 15:51:45.718554+00:00, dag_hash=a09d6de304709dd5ea129fc4a5b66bc1[0m
[[34m2025-04-04T15:52:45.255+0000[0m] {[34mscheduler_job_runner.py:[0m411} INFO[0m - 1 tasks up for execution:
	<TaskInstance: two_task_dag.bash_task_0 manual__2025-04-04T15:52:44.763242+00:00 [scheduled]>[0m
[[34m2025-04-04T15:52:45.255+0000[0m] {[34mscheduler_job_runner.py:[0m476} INFO[0m - DAG two_task_dag has 0/16 running and queued tasks[0m
[[34m2025-04-04T15:52:45.256+0000[0m] {[34mscheduler_job_runner.py:[0m587} INFO[0m - Setting the following tasks to queued state:
	<TaskInstance: two_task_dag.bash_task_0 manual__2025-04-04T15:52:44.763242+00:00 [scheduled]>[0m
[[34m2025-04-04T15:52:45.257+0000[0m] {[34mscheduler_job_runner.py:[0m625} INFO[0m - Sending TaskInstanceKey(dag_id='two_task_dag', task_id='bash_task_0', run_id='manual__2025-04-04T15:52:44.763242+00:00', try_number=1, map_index=-1) to executor with priority 2 and queue default[0m
[[34m2025-04-04T15:52:45.257+0000[0m] {[34mbase_executor.py:[0m147} INFO[0m - Adding to queue: ['airflow', 'tasks', 'run', 'two_task_dag', 'bash_task_0', 'manual__2025-04-04T15:52:44.763242+00:00', '--local', '--subdir', 'DAGS_FOLDER/two_task_dag.py'][0m
[[34m2025-04-04T15:52:45.260+0000[0m] {[34msequential_executor.py:[0m74} INFO[0m - Executing command: ['airflow', 'tasks', 'run', 'two_task_dag', 'bash_task_0', 'manual__2025-04-04T15:52:44.763242+00:00', '--local', '--subdir', 'DAGS_FOLDER/two_task_dag.py'][0m
[[34m2025-04-04T15:52:45.932+0000[0m] {[34mdagbag.py:[0m541} INFO[0m - Filling up the DagBag from /workspaces/hands-on-introduction-data-engineering-4395021/airflow/dags/two_task_dag.py[0m
[[34m2025-04-04T15:52:46.358+0000[0m] {[34mtask_command.py:[0m410} INFO[0m - Running <TaskInstance: two_task_dag.bash_task_0 manual__2025-04-04T15:52:44.763242+00:00 [queued]> on host codespaces-9d0692[0m
[[34m2025-04-04T15:52:46.757+0000[0m] {[34mscheduler_job_runner.py:[0m677} INFO[0m - Received executor event with state success for task instance TaskInstanceKey(dag_id='two_task_dag', task_id='bash_task_0', run_id='manual__2025-04-04T15:52:44.763242+00:00', try_number=1, map_index=-1)[0m
[[34m2025-04-04T15:52:46.761+0000[0m] {[34mscheduler_job_runner.py:[0m713} INFO[0m - TaskInstance Finished: dag_id=two_task_dag, task_id=bash_task_0, run_id=manual__2025-04-04T15:52:44.763242+00:00, map_index=-1, run_start_date=2025-04-04 15:52:46.393079+00:00, run_end_date=2025-04-04 15:52:46.496886+00:00, run_duration=0.103807, state=success, executor_state=success, try_number=1, max_tries=0, job_id=13, pool=default_pool, queue=default, priority_weight=2, operator=BashOperator, queued_dttm=2025-04-04 15:52:45.256472+00:00, queued_by_job_id=3, pid=48871[0m
[[34m2025-04-04T15:52:46.797+0000[0m] {[34mscheduler_job_runner.py:[0m411} INFO[0m - 1 tasks up for execution:
	<TaskInstance: two_task_dag.bash_task_1 manual__2025-04-04T15:52:44.763242+00:00 [scheduled]>[0m
[[34m2025-04-04T15:52:46.797+0000[0m] {[34mscheduler_job_runner.py:[0m476} INFO[0m - DAG two_task_dag has 0/16 running and queued tasks[0m
[[34m2025-04-04T15:52:46.797+0000[0m] {[34mscheduler_job_runner.py:[0m587} INFO[0m - Setting the following tasks to queued state:
	<TaskInstance: two_task_dag.bash_task_1 manual__2025-04-04T15:52:44.763242+00:00 [scheduled]>[0m
[[34m2025-04-04T15:52:46.799+0000[0m] {[34mscheduler_job_runner.py:[0m625} INFO[0m - Sending TaskInstanceKey(dag_id='two_task_dag', task_id='bash_task_1', run_id='manual__2025-04-04T15:52:44.763242+00:00', try_number=1, map_index=-1) to executor with priority 1 and queue default[0m
[[34m2025-04-04T15:52:46.799+0000[0m] {[34mbase_executor.py:[0m147} INFO[0m - Adding to queue: ['airflow', 'tasks', 'run', 'two_task_dag', 'bash_task_1', 'manual__2025-04-04T15:52:44.763242+00:00', '--local', '--subdir', 'DAGS_FOLDER/two_task_dag.py'][0m
[[34m2025-04-04T15:52:46.802+0000[0m] {[34msequential_executor.py:[0m74} INFO[0m - Executing command: ['airflow', 'tasks', 'run', 'two_task_dag', 'bash_task_1', 'manual__2025-04-04T15:52:44.763242+00:00', '--local', '--subdir', 'DAGS_FOLDER/two_task_dag.py'][0m
[[34m2025-04-04T15:52:47.438+0000[0m] {[34mdagbag.py:[0m541} INFO[0m - Filling up the DagBag from /workspaces/hands-on-introduction-data-engineering-4395021/airflow/dags/two_task_dag.py[0m
[[34m2025-04-04T15:52:47.861+0000[0m] {[34mtask_command.py:[0m410} INFO[0m - Running <TaskInstance: two_task_dag.bash_task_1 manual__2025-04-04T15:52:44.763242+00:00 [queued]> on host codespaces-9d0692[0m
[[34m2025-04-04T15:52:53.307+0000[0m] {[34mscheduler_job_runner.py:[0m677} INFO[0m - Received executor event with state success for task instance TaskInstanceKey(dag_id='two_task_dag', task_id='bash_task_1', run_id='manual__2025-04-04T15:52:44.763242+00:00', try_number=1, map_index=-1)[0m
[[34m2025-04-04T15:52:53.313+0000[0m] {[34mscheduler_job_runner.py:[0m713} INFO[0m - TaskInstance Finished: dag_id=two_task_dag, task_id=bash_task_1, run_id=manual__2025-04-04T15:52:44.763242+00:00, map_index=-1, run_start_date=2025-04-04 15:52:47.896797+00:00, run_end_date=2025-04-04 15:52:53.016517+00:00, run_duration=5.11972, state=success, executor_state=success, try_number=1, max_tries=0, job_id=14, pool=default_pool, queue=default, priority_weight=1, operator=BashOperator, queued_dttm=2025-04-04 15:52:46.798268+00:00, queued_by_job_id=3, pid=48882[0m
[[34m2025-04-04T15:52:53.350+0000[0m] {[34mdagrun.py:[0m630} INFO[0m - Marking run <DagRun two_task_dag @ 2025-04-04 15:52:44.763242+00:00: manual__2025-04-04T15:52:44.763242+00:00, state:running, queued_at: 2025-04-04 15:52:44.768702+00:00. externally triggered: True> successful[0m
[[34m2025-04-04T15:52:53.351+0000[0m] {[34mdagrun.py:[0m681} INFO[0m - DagRun Finished: dag_id=two_task_dag, execution_date=2025-04-04 15:52:44.763242+00:00, run_id=manual__2025-04-04T15:52:44.763242+00:00, run_start_date=2025-04-04 15:52:45.238307+00:00, run_end_date=2025-04-04 15:52:53.351477+00:00, run_duration=8.11317, state=success, external_trigger=True, run_type=manual, data_interval_start=2025-04-04 15:52:44.763242+00:00, data_interval_end=2025-04-04 15:52:44.763242+00:00, dag_hash=a09d6de304709dd5ea129fc4a5b66bc1[0m
[[34m2025-04-04T15:56:19.628+0000[0m] {[34mscheduler_job_runner.py:[0m1553} INFO[0m - Resetting orphaned tasks for active dag runs[0m
[[34m2025-04-04T16:01:19.654+0000[0m] {[34mscheduler_job_runner.py:[0m1553} INFO[0m - Resetting orphaned tasks for active dag runs[0m
[[34m2025-04-04T16:06:19.682+0000[0m] {[34mscheduler_job_runner.py:[0m1553} INFO[0m - Resetting orphaned tasks for active dag runs[0m
[[34m2025-04-04T16:11:19.711+0000[0m] {[34mscheduler_job_runner.py:[0m1553} INFO[0m - Resetting orphaned tasks for active dag runs[0m
[[34m2025-04-04T16:16:19.738+0000[0m] {[34mscheduler_job_runner.py:[0m1553} INFO[0m - Resetting orphaned tasks for active dag runs[0m
[[34m2025-04-04T16:21:19.765+0000[0m] {[34mscheduler_job_runner.py:[0m1553} INFO[0m - Resetting orphaned tasks for active dag runs[0m
